  console.log
    NODE_ENV: test

      at Object.<anonymous> (tests/setup/jest.setup.ts:9:9)

  console.log
    NODE_ENV: test

      at Object.<anonymous> (tests/setup/jest.setup.ts:9:9)

  console.log
    Test setup initialized

      at Object.<anonymous> (tests/setup/jest.setup.ts:45:11)

  console.log
    NODE_ENV: test

      at Object.<anonymous> (tests/setup/jest.setup.ts:9:9)

  console.log
    Test setup initialized

      at Object.<anonymous> (tests/setup/jest.setup.ts:45:11)

  console.log
    NODE_ENV: test

      at Object.<anonymous> (tests/setup/jest.setup.ts:9:9)

  console.log
    Test setup initialized

      at Object.<anonymous> (tests/setup/jest.setup.ts:45:11)

  console.log
    Test setup initialized

      at Object.<anonymous> (tests/setup/jest.setup.ts:45:11)

  console.warn
    Unknown cooking method: seasoning

      250 |
      251 |     if (!modifiers) {
    > 252 |       console.warn(`Unknown cooking method: ${methodName}`);
          |               ^
      253 |       continue;
      254 |     }
      255 |

      at applyCookingMethodTransforms (src/utils/hierarchicalRecipeCalculations.ts:252:15)
      at computeRecipeProperties (src/utils/hierarchicalRecipeCalculations.ts:324:7)
      at Object.<anonymous> (__tests__/recipeComputationPipeline.test.ts:113:45)

  console.warn
    Unknown cooking method: seasoning

      250 |
      251 |     if (!modifiers) {
    > 252 |       console.warn(`Unknown cooking method: ${methodName}`);
          |               ^
      253 |       continue;
      254 |     }
      255 |

      at applyCookingMethodTransforms (src/utils/hierarchicalRecipeCalculations.ts:252:15)
      at computeRecipeProperties (src/utils/hierarchicalRecipeCalculations.ts:324:7)
      at computeRecipePropertiesSimple (src/utils/hierarchicalRecipeCalculations.ts:508:10)
      at Object.<anonymous> (__tests__/recipeComputationPipeline.test.ts:129:51)

  console.warn
    [WARN] Planetary position validation warnings:  [
      'Astronomical Sanity Fail: Mercury (gemini) is 2 signs from Sun (aries). Max allowed is 1.',
      'Astronomical Sanity Fail: Venus (cancer) is 3 signs from Sun (aries). Max allowed is 2.'
    ]

      122 |       const options = this.extractOptions(args);
      123 |       const component = options.component ? `[${options.component}]` : "";
    > 124 |       console.warn(`[WARN]${component} ${message}`, ...options.rest);
          |               ^
      125 |     }
      126 |   }
      127 |

      at Logger.warn (src/utils/logger.ts:124:15)
      at validatePlanetaryPositions (src/utils/astrology/astrologicalValidation.ts:194:14)
      at Object.<anonymous> (src/utils/astrology/astrologicalRules.test.ts:45:48)

  console.warn
    [WARN] Planetary position validation warnings:  [
      'Astronomical Sanity Fail: Mercury (gemini) is 2 signs from Sun (aries). Max allowed is 1.',
      'Astronomical Sanity Fail: Venus (cancer) is 3 signs from Sun (aries). Max allowed is 2.'
    ]

      122 |       const options = this.extractOptions(args);
      123 |       const component = options.component ? `[${options.component}]` : "";
    > 124 |       console.warn(`[WARN]${component} ${message}`, ...options.rest);
          |               ^
      125 |     }
      126 |   }
      127 |

      at Logger.warn (src/utils/logger.ts:124:15)
      at validatePlanetaryPositions (src/utils/astrology/astrologicalValidation.ts:194:14)
      at Object.<anonymous> (src/utils/astrology/astrologicalRules.test.ts:65:48)

  console.log
    Test cleanup completed

      at Object.<anonymous> (tests/setup/jest.setup.ts:53:11)

PASS src/services/__tests__/AlertingSystem.test.ts
  AlertingSystem
    Alert Rule Management
      ✓ should add new alert rule (4 ms)
      ✓ should update existing alert rule
      ✓ should delete alert rule (1 ms)
    Alert Generation
      ✓ should create alert when threshold is exceeded (1 ms)
      ✓ should not create alert when threshold is not exceeded (1 ms)
      ✓ should respect cooldown period
    Alert Management
      ✓ should acknowledge alert (1 ms)
      ✓ should resolve alert (1 ms)
    Alert Filtering
      ✓ should filter alerts by type (3 ms)
      ✓ should filter alerts by severity (1 ms)
      ✓ should limit number of alerts returned (1 ms)
    Alert Summary
      ✓ should provide accurate alert summary (1 ms)
    Test Alert Functionality
      ✓ should create test alert
      ✓ should return false for non-existent rule

  console.warn
    [WARN] Planetary position validation warnings:  [
      'sun degree 35 must be between 0 and 30',
      'sun longitude 370 must be between 0 and 360',
      'Astronomical Sanity Fail: Mercury (gemini) is 2 signs from Sun (aries). Max allowed is 1.',
      'Astronomical Sanity Fail: Venus (cancer) is 3 signs from Sun (aries). Max allowed is 2.'
    ]

      122 |       const options = this.extractOptions(args);
      123 |       const component = options.component ? `[${options.component}]` : "";
    > 124 |       console.warn(`[WARN]${component} ${message}`, ...options.rest);
          |               ^
      125 |     }
      126 |   }
      127 |

      at Logger.warn (src/utils/logger.ts:124:15)
      at validatePlanetaryPositions (src/utils/astrology/astrologicalValidation.ts:194:14)
      at Object.<anonymous> (src/utils/astrology/astrologicalRules.test.ts:87:48)

  console.warn
    [WARN] Missing required element: Air

      122 |       const options = this.extractOptions(args);
      123 |       const component = options.component ? `[${options.component}]` : "";
    > 124 |       console.warn(`[WARN]${component} ${message}`, ...options.rest);
          |               ^
      125 |     }
      126 |   }
      127 |

      at Logger.warn (src/utils/logger.ts:124:15)
      at validateElementalProperties (src/utils/astrology/elementalValidation.ts:43:14)
      at Object.<anonymous> (src/utils/astrology/astrologicalRules.test.ts:109:41)

  console.warn
    Unknown cooking method: unknown_method

      250 |
      251 |     if (!modifiers) {
    > 252 |       console.warn(`Unknown cooking method: ${methodName}`);
          |               ^
      253 |       continue;
      254 |     }
      255 |

      at applyCookingMethodTransforms (src/utils/hierarchicalRecipeCalculations.ts:252:15)
      at Object.<anonymous> (__tests__/recipeComputationPipeline.test.ts:272:50)

  console.warn
    [WARN] Element Fire value 1.5 must be between 0 and 1

      122 |       const options = this.extractOptions(args);
      123 |       const component = options.component ? `[${options.component}]` : "";
    > 124 |       console.warn(`[WARN]${component} ${message}`, ...options.rest);
          |               ^
      125 |     }
      126 |   }
      127 |

      at Logger.warn (src/utils/logger.ts:124:15)
      at validateElementalProperties (src/utils/astrology/elementalValidation.ts:54:14)
      at Object.<anonymous> (src/utils/astrology/astrologicalRules.test.ts:114:41)

  console.warn
    Unknown cooking method: seasoning

      250 |
      251 |     if (!modifiers) {
    > 252 |       console.warn(`Unknown cooking method: ${methodName}`);
          |               ^
      253 |       continue;
      254 |     }
      255 |

      at applyCookingMethodTransforms (src/utils/hierarchicalRecipeCalculations.ts:252:15)
      at computeRecipeProperties (src/utils/hierarchicalRecipeCalculations.ts:324:7)
      at computeRecipePropertiesSimple (src/utils/hierarchicalRecipeCalculations.ts:508:10)
      at Object.<anonymous> (__tests__/recipeComputationPipeline.test.ts:304:52)

  console.warn
    Unknown cooking method: seasoning

      250 |
      251 |     if (!modifiers) {
    > 252 |       console.warn(`Unknown cooking method: ${methodName}`);
          |               ^
      253 |       continue;
      254 |     }
      255 |

      at applyCookingMethodTransforms (src/utils/hierarchicalRecipeCalculations.ts:252:15)
      at computeRecipeProperties (src/utils/hierarchicalRecipeCalculations.ts:324:7)
      at computeRecipePropertiesSimple (src/utils/hierarchicalRecipeCalculations.ts:508:10)
      at Object.<anonymous> (__tests__/recipeComputationPipeline.test.ts:310:52)

  console.warn
    Unknown cooking method: seasoning

      250 |
      251 |     if (!modifiers) {
    > 252 |       console.warn(`Unknown cooking method: ${methodName}`);
          |               ^
      253 |       continue;
      254 |     }
      255 |

      at applyCookingMethodTransforms (src/utils/hierarchicalRecipeCalculations.ts:252:15)
      at computeRecipeProperties (src/utils/hierarchicalRecipeCalculations.ts:324:7)
      at computeRecipePropertiesSimple (src/utils/hierarchicalRecipeCalculations.ts:508:10)
      at Object.<anonymous> (__tests__/recipeComputationPipeline.test.ts:331:52)

  console.log
    Test cleanup completed

      at Object.<anonymous> (tests/setup/jest.setup.ts:53:11)

  console.warn
    [WARN] Dominant element Fire strength 0.25 is too low for self-reinforcement

      122 |       const options = this.extractOptions(args);
      123 |       const component = options.component ? `[${options.component}]` : "";
    > 124 |       console.warn(`[WARN]${component} ${message}`, ...options.rest);
          |               ^
      125 |     }
      126 |   }
      127 |

      at Logger.warn (src/utils/logger.ts:124:15)
      at validateSelfReinforcement (src/utils/astrology/elementalValidation.ts:292:12)
      at Object.<anonymous> (src/utils/astrology/astrologicalRules.test.ts:152:39)

  console.warn
    Unknown cooking method: seasoning

      250 |
      251 |     if (!modifiers) {
    > 252 |       console.warn(`Unknown cooking method: ${methodName}`);
          |               ^
      253 |       continue;
      254 |     }
      255 |

      at applyCookingMethodTransforms (src/utils/hierarchicalRecipeCalculations.ts:252:15)
      at computeRecipeProperties (src/utils/hierarchicalRecipeCalculations.ts:324:7)
      at computeRecipePropertiesSimple (src/utils/hierarchicalRecipeCalculations.ts:508:10)
      at Object.<anonymous> (__tests__/recipeComputationPipeline.test.ts:336:52)

  console.warn
    Unknown cooking method: seasoning

      250 |
      251 |     if (!modifiers) {
    > 252 |       console.warn(`Unknown cooking method: ${methodName}`);
          |               ^
      253 |       continue;
      254 |     }
      255 |

      at applyCookingMethodTransforms (src/utils/hierarchicalRecipeCalculations.ts:252:15)
      at computeRecipeProperties (src/utils/hierarchicalRecipeCalculations.ts:324:7)
      at computeRecipePropertiesSimple (src/utils/hierarchicalRecipeCalculations.ts:508:10)
      at Object.<anonymous> (__tests__/recipeComputationPipeline.test.ts:354:56)

  console.log
    [DEBUG] Date 2024-06-01 is outside transit period for mars in aries (2024-03-20 to 2024-04-19)

      at Logger.debug (src/utils/logger.ts:102:15)

  console.warn
    Unknown cooking method: seasoning

      250 |
      251 |     if (!modifiers) {
    > 252 |       console.warn(`Unknown cooking method: ${methodName}`);
          |               ^
      253 |       continue;
      254 |     }
      255 |

      at applyCookingMethodTransforms (src/utils/hierarchicalRecipeCalculations.ts:252:15)
      at computeRecipeProperties (src/utils/hierarchicalRecipeCalculations.ts:324:7)
      at computeRecipePropertiesSimple (src/utils/hierarchicalRecipeCalculations.ts:508:10)
      at Object.<anonymous> (__tests__/recipeComputationPipeline.test.ts:373:38)

  console.warn
    Unknown cooking method: seasoning

      250 |
      251 |     if (!modifiers) {
    > 252 |       console.warn(`Unknown cooking method: ${methodName}`);
          |               ^
      253 |       continue;
      254 |     }
      255 |

      at applyCookingMethodTransforms (src/utils/hierarchicalRecipeCalculations.ts:252:15)
      at computeRecipeProperties (src/utils/hierarchicalRecipeCalculations.ts:324:7)
      at computeRecipePropertiesSimple (src/utils/hierarchicalRecipeCalculations.ts:508:10)
      at Object.<anonymous> (__tests__/recipeComputationPipeline.test.ts:373:38)

  console.log
    [DEBUG] Date 2024-05-01 is outside transit period for mars in aries (2024-03-20 to 2024-04-19)

      at Logger.debug (src/utils/logger.ts:102:15)

  console.warn
    Unknown cooking method: seasoning

      250 |
      251 |     if (!modifiers) {
    > 252 |       console.warn(`Unknown cooking method: ${methodName}`);
          |               ^
      253 |       continue;
      254 |     }
      255 |

      at applyCookingMethodTransforms (src/utils/hierarchicalRecipeCalculations.ts:252:15)
      at computeRecipeProperties (src/utils/hierarchicalRecipeCalculations.ts:324:7)
      at computeRecipePropertiesSimple (src/utils/hierarchicalRecipeCalculations.ts:508:10)
      at Object.<anonymous> (__tests__/recipeComputationPipeline.test.ts:373:38)

  console.warn
    Unknown cooking method: seasoning

      250 |
      251 |     if (!modifiers) {
    > 252 |       console.warn(`Unknown cooking method: ${methodName}`);
          |               ^
      253 |       continue;
      254 |     }
      255 |

      at applyCookingMethodTransforms (src/utils/hierarchicalRecipeCalculations.ts:252:15)
      at computeRecipeProperties (src/utils/hierarchicalRecipeCalculations.ts:324:7)
      at computeRecipePropertiesSimple (src/utils/hierarchicalRecipeCalculations.ts:508:10)
      at Object.<anonymous> (__tests__/recipeComputationPipeline.test.ts:373:38)

  console.warn
    Unknown cooking method: seasoning

      250 |
      251 |     if (!modifiers) {
    > 252 |       console.warn(`Unknown cooking method: ${methodName}`);
          |               ^
      253 |       continue;
      254 |     }
      255 |

      at applyCookingMethodTransforms (src/utils/hierarchicalRecipeCalculations.ts:252:15)
      at computeRecipeProperties (src/utils/hierarchicalRecipeCalculations.ts:324:7)
      at computeRecipePropertiesSimple (src/utils/hierarchicalRecipeCalculations.ts:508:10)
      at Object.<anonymous> (__tests__/recipeComputationPipeline.test.ts:373:38)

  console.warn
    Unknown cooking method: seasoning

      250 |
      251 |     if (!modifiers) {
    > 252 |       console.warn(`Unknown cooking method: ${methodName}`);
          |               ^
      253 |       continue;
      254 |     }
      255 |

      at applyCookingMethodTransforms (src/utils/hierarchicalRecipeCalculations.ts:252:15)
      at computeRecipeProperties (src/utils/hierarchicalRecipeCalculations.ts:324:7)
      at computeRecipePropertiesSimple (src/utils/hierarchicalRecipeCalculations.ts:508:10)
      at Object.<anonymous> (__tests__/recipeComputationPipeline.test.ts:373:38)

  console.warn
    Unknown cooking method: seasoning

      250 |
      251 |     if (!modifiers) {
    > 252 |       console.warn(`Unknown cooking method: ${methodName}`);
          |               ^
      253 |       continue;
      254 |     }
      255 |

      at applyCookingMethodTransforms (src/utils/hierarchicalRecipeCalculations.ts:252:15)
      at computeRecipeProperties (src/utils/hierarchicalRecipeCalculations.ts:324:7)
      at computeRecipePropertiesSimple (src/utils/hierarchicalRecipeCalculations.ts:508:10)
      at Object.<anonymous> (__tests__/recipeComputationPipeline.test.ts:373:38)

  console.warn
    Unknown cooking method: seasoning

      250 |
      251 |     if (!modifiers) {
    > 252 |       console.warn(`Unknown cooking method: ${methodName}`);
          |               ^
      253 |       continue;
      254 |     }
      255 |

      at applyCookingMethodTransforms (src/utils/hierarchicalRecipeCalculations.ts:252:15)
      at computeRecipeProperties (src/utils/hierarchicalRecipeCalculations.ts:324:7)
      at computeRecipePropertiesSimple (src/utils/hierarchicalRecipeCalculations.ts:508:10)
      at Object.<anonymous> (__tests__/recipeComputationPipeline.test.ts:373:38)

PASS src/__tests__/utils/planetaryAlchemyMapping.test.ts
  PLANETARY_ALCHEMY constant
    ✓ contains all 10 planets (9 ms)
    ✓ matches the authoritative values from CLAUDE.md spec (4 ms)
  ZODIAC_ELEMENTS constant
    ✓ maps all 12 zodiac signs to correct elements (1 ms)
    ✓ has exactly 3 Fire, 3 Water, 3 Earth, 3 Air signs (1 ms)
  calculateAlchemicalFromPlanets
    ✓ returns non-negative ESMS values for valid positions (6 ms)
    ✓ returns zeroes for an empty positions object
    ✓ skips unknown planet names without crashing (1 ms)
    ✓ produces higher Spirit from Sun-heavy charts
    ✓ accumulates contributions from multiple planets (1 ms)
  aggregateZodiacElementals
    ✓ returns normalized values that sum to 1.0
    ✓ returns balanced 0.25 each for empty positions (1 ms)
    ✓ all-Fire positions give Fire > 0.5
    ✓ warns and skips unknown zodiac signs
  getDominantAlchemicalProperty
    ✓ returns the property with the highest value (10 ms)
  getDominantElement
    ✓ returns the element with the highest value (1 ms)
  isSectDiurnal
    ✓ returns true for daytime hours (06-17 UTC)
    ✓ returns false for nighttime hours (18-05 UTC)
  getPlanetarySectElement
    ✓ returns correct diurnal elements (2 ms)
    ✓ returns correct nocturnal elements
    ✓ returns Air fallback for unknown planet
  getZodiacQuality
    ✓ returns Cardinal for Cardinal signs (1 ms)
    ✓ returns Fixed for Fixed signs
    ✓ returns Mutable for Mutable signs
    ✓ normalizes casing correctly (1 ms)
    ✓ returns Mutable for completely unknown sign
  getCurrentPlanetaryContribution
    ✓ returns ESMS values for known planet (2 ms)
    ✓ returns null signElement when no sign provided
    ✓ returns zeroed ESMS for unknown planet
  validatePlanetaryPositions
    ✓ returns true for valid positions (1 ms)
    ✓ returns false for null/undefined/non-object
    ✓ returns false when values are not strings
    ✓ returns true for empty object (1 ms)

  console.warn
    Unknown cooking method: seasoning

      250 |
      251 |     if (!modifiers) {
    > 252 |       console.warn(`Unknown cooking method: ${methodName}`);
          |               ^
      253 |       continue;
      254 |     }
      255 |

      at applyCookingMethodTransforms (src/utils/hierarchicalRecipeCalculations.ts:252:15)
      at computeRecipeProperties (src/utils/hierarchicalRecipeCalculations.ts:324:7)
      at computeRecipePropertiesSimple (src/utils/hierarchicalRecipeCalculations.ts:508:10)
      at Object.<anonymous> (__tests__/recipeComputationPipeline.test.ts:373:38)

  console.warn
    Unknown cooking method: seasoning

      250 |
      251 |     if (!modifiers) {
    > 252 |       console.warn(`Unknown cooking method: ${methodName}`);
          |               ^
      253 |       continue;
      254 |     }
      255 |

      at applyCookingMethodTransforms (src/utils/hierarchicalRecipeCalculations.ts:252:15)
      at computeRecipeProperties (src/utils/hierarchicalRecipeCalculations.ts:324:7)
      at computeRecipePropertiesSimple (src/utils/hierarchicalRecipeCalculations.ts:508:10)
      at Object.<anonymous> (__tests__/recipeComputationPipeline.test.ts:373:38)

  console.log
    Test cleanup completed

      at Object.<anonymous> (tests/setup/jest.setup.ts:53:11)

  console.warn
    [WARN] Planetary position validation warnings:  [
      'Astronomical Sanity Fail: Mercury (gemini) is 2 signs from Sun (aries). Max allowed is 1.',
      'Astronomical Sanity Fail: Venus (cancer) is 3 signs from Sun (aries). Max allowed is 2.'
    ]

      122 |       const options = this.extractOptions(args);
      123 |       const component = options.component ? `[${options.component}]` : "";
    > 124 |       console.warn(`[WARN]${component} ${message}`, ...options.rest);
          |               ^
      125 |     }
      126 |   }
      127 |

      at Logger.warn (src/utils/logger.ts:124:15)
      at validatePlanetaryPositions (src/utils/astrology/astrologicalValidation.ts:194:14)
      at validateAstrologicalCalculation (src/utils/astrology/astrologicalValidation.ts:500:34)
      at Object.<anonymous> (src/utils/astrology/astrologicalRules.test.ts:301:59)

  console.warn
    [WARN] Element Fire value 1.5 must be between 0 and 1

      122 |       const options = this.extractOptions(args);
      123 |       const component = options.component ? `[${options.component}]` : "";
    > 124 |       console.warn(`[WARN]${component} ${message}`, ...options.rest);
          |               ^
      125 |     }
      126 |   }
      127 |

      at Logger.warn (src/utils/logger.ts:124:15)
      at validateElementalProperties (src/utils/astrology/elementalValidation.ts:54:14)
      at validateAstrologicalElementalProperties (src/utils/astrology/astrologicalValidation.ts:378:37)
      at validateAstrologicalCalculation (src/utils/astrology/astrologicalValidation.ts:536:35)
      at Object.<anonymous> (src/utils/astrology/astrologicalRules.test.ts:320:59)

  console.warn
    [WARN] Planetary position validation warnings:  [
      'Astronomical Sanity Fail: Mercury (gemini) is 2 signs from Sun (aries). Max allowed is 1.',
      'Astronomical Sanity Fail: Venus (cancer) is 3 signs from Sun (aries). Max allowed is 2.'
    ]

      122 |       const options = this.extractOptions(args);
      123 |       const component = options.component ? `[${options.component}]` : "";
    > 124 |       console.warn(`[WARN]${component} ${message}`, ...options.rest);
          |               ^
      125 |     }
      126 |   }
      127 |

      at Logger.warn (src/utils/logger.ts:124:15)
      at validatePlanetaryPositions (src/utils/astrology/astrologicalValidation.ts:194:14)
      at quickValidate (src/utils/astrology/astrologicalValidation.ts:582:16)
      at Object.<anonymous> (src/utils/astrology/astrologicalRules.test.ts:332:27)

PASS __tests__/recipeComputationPipeline.test.ts
  Recipe Computation Pipeline
    Core Computation Functions
      ✓ computeRecipeProperties returns complete computed properties (33 ms)
      ✓ computeRecipePropertiesSimple provides default options (6 ms)
      ✓ throws error when planetary positions are missing (24 ms)
    Kinetic Properties Calculation
      ✓ calculateRecipeKinetics generates P=IV circuit properties (1 ms)
      ✓ kinetic properties reflect recipe composition (2 ms)
    Ingredient Processing
      ✓ aggregateIngredientElementals combines ingredient properties (1 ms)
      ✓ scaleIngredientByQuantity applies logarithmic scaling
      ✓ handles empty ingredient list gracefully
    Cooking Method Transformations
      ✓ applyCookingMethodTransforms modifies elemental properties (1 ms)
      ✓ handles unknown cooking methods gracefully (2 ms)
      ✓ applies multiple cooking methods sequentially
    Integration Tests
      ✓ complete pipeline produces consistent results (5 ms)
      ✓ different planetary positions produce different results (4 ms)
      ✓ cooking methods affect final elemental balance (3 ms)
    Performance Tests
      ✓ computation completes within performance targets (12 ms)

  console.warn
    [WARN] Elemental properties must be an object

      122 |       const options = this.extractOptions(args);
      123 |       const component = options.component ? `[${options.component}]` : "";
    > 124 |       console.warn(`[WARN]${component} ${message}`, ...options.rest);
          |               ^
      125 |     }
      126 |   }
      127 |

      at Logger.warn (src/utils/logger.ts:124:15)
      at validateElementalProperties (src/utils/astrology/elementalValidation.ts:33:12)
      at Object.<anonymous> (src/utils/astrology/astrologicalRules.test.ts:353:41)

  console.warn
    [WARN] Element Fire must be a number, got string

      122 |       const options = this.extractOptions(args);
      123 |       const component = options.component ? `[${options.component}]` : "";
    > 124 |       console.warn(`[WARN]${component} ${message}`, ...options.rest);
          |               ^
      125 |     }
      126 |   }
      127 |

      at Logger.warn (src/utils/logger.ts:124:15)
      at validateElementalProperties (src/utils/astrology/elementalValidation.ts:49:14)
      at Object.<anonymous> (src/utils/astrology/astrologicalRules.test.ts:359:41)

  console.warn
    [WARN] Planetary position validation warnings:  [ 'Unknown planets found: self' ]

      122 |       const options = this.extractOptions(args);
      123 |       const component = options.component ? `[${options.component}]` : "";
    > 124 |       console.warn(`[WARN]${component} ${message}`, ...options.rest);
          |               ^
      125 |     }
      126 |   }
      127 |

      at Logger.warn (src/utils/logger.ts:124:15)
      at validatePlanetaryPositions (src/utils/astrology/astrologicalValidation.ts:194:14)
      at src/utils/astrology/astrologicalRules.test.ts:366:46
      at Object.<anonymous> (node_modules/expect/build/toThrowMatchers.js:74:11)
      at Object.throwingMatcher [as toThrow] (node_modules/expect/build/index.js:320:21)
      at Object.<anonymous> (src/utils/astrology/astrologicalRules.test.ts:366:62)

  console.warn
    [WARN] Planetary position validation warnings:  [
      'Unknown planets found: planet0, planet1, planet2, planet3, planet4, planet5, planet6, planet7, planet8, planet9, planet10, planet11, planet12, planet13, planet14, planet15, planet16, planet17, planet18, planet19, planet20, planet21, planet22, planet23, planet24, planet25, planet26, planet27, planet28, planet29, planet30, planet31, planet32, planet33, planet34, planet35, planet36, planet37, planet38, planet39, planet40, planet41, planet42, planet43, planet44, planet45, planet46, planet47, planet48, planet49, planet50, planet51, planet52, planet53, planet54, planet55, planet56, planet57, planet58, planet59, planet60, planet61, planet62, planet63, planet64, planet65, planet66, planet67, planet68, planet69, planet70, planet71, planet72, planet73, planet74, planet75, planet76, planet77, planet78, planet79, planet80, planet81, planet82, planet83, planet84, planet85, planet86, planet87, planet88, planet89, planet90, planet91, planet92, planet93, planet94, planet95, planet96, planet97, planet98, planet99, planet100, planet101, planet102, planet103, planet104, planet105, planet106, planet107, planet108, planet109, planet110, planet111, planet112, planet113, planet114, planet115, planet116, planet117, planet118, planet119, planet120, planet121, planet122, planet123, planet124, planet125, planet126, planet127, planet128, planet129, planet130, planet131, planet132, planet133, planet134, planet135, planet136, planet137, planet138, planet139, planet140, planet141, planet142, planet143, planet144, planet145, planet146, planet147, planet148, planet149, planet150, planet151, planet152, planet153, planet154, planet155, planet156, planet157, planet158, planet159, planet160, planet161, planet162, planet163, planet164, planet165, planet166, planet167, planet168, planet169, planet170, planet171, planet172, planet173, planet174, planet175, planet176, planet177, planet178, planet179, planet180, planet181, planet182, planet183, planet184, planet185, planet186, planet187, planet188, planet189, planet190, planet191, planet192, planet193, planet194, planet195, planet196, planet197, planet198, planet199, planet200, planet201, planet202, planet203, planet204, planet205, planet206, planet207, planet208, planet209, planet210, planet211, planet212, planet213, planet214, planet215, planet216, planet217, planet218, planet219, planet220, planet221, planet222, planet223, planet224, planet225, planet226, planet227, planet228, planet229, planet230, planet231, planet232, planet233, planet234, planet235, planet236, planet237, planet238, planet239, planet240, planet241, planet242, planet243, planet244, planet245, planet246, planet247, planet248, planet249, planet250, planet251, planet252, planet253, planet254, planet255, planet256, planet257, planet258, planet259, planet260, planet261, planet262, planet263, planet264, planet265, planet266, planet267, planet268, planet269, planet270, planet271, planet272, planet273, planet274, planet275, planet276, planet277, planet278, planet279, planet280, planet281, planet282, planet283, planet284, planet285, planet286, planet287, planet288, planet289, planet290, planet291, planet292, planet293, planet294, planet295, planet296, planet297, planet298, planet299, planet300, planet301, planet302, planet303, planet304, planet305, planet306, planet307, planet308, planet309, planet310, planet311, planet312, planet313, planet314, planet315, planet316, planet317, planet318, planet319, planet320, planet321, planet322, planet323, planet324, planet325, planet326, planet327, planet328, planet329, planet330, planet331, planet332, planet333, planet334, planet335, planet336, planet337, planet338, planet339, planet340, planet341, planet342, planet343, planet344, planet345, planet346, planet347, planet348, planet349, planet350, planet351, planet352, planet353, planet354, planet355, planet356, planet357, planet358, planet359, planet360, planet361, planet362, planet363, planet364, planet365, planet366, planet367, planet368, planet369, planet370, planet371, planet372, planet373, planet374, planet375, planet376, planet377, planet378, planet379, planet380, planet381, planet382, planet383, planet384, planet385, planet386, planet387, planet388, planet389, planet390, planet391, planet392, planet393, planet394, planet395, planet396, planet397, planet398, planet399, planet400, planet401, planet402, planet403, planet404, planet405, planet406, planet407, planet408, planet409, planet410, planet411, planet412, planet413, planet414, planet415, planet416, planet417, planet418, planet419, planet420, planet421, planet422, planet423, planet424, planet425, planet426, planet427, planet428, planet429, planet430, planet431, planet432, planet433, planet434, planet435, planet436, planet437, planet438, planet439, planet440, planet441, planet442, planet443, planet444, planet445, planet446, planet447, planet448, planet449, planet450, planet451, planet452, planet453, planet454, planet455, planet456, planet457, planet458, planet459, planet460, planet461, planet462, planet463, planet464, planet465, planet466, planet467, planet468, planet469, planet470, planet471, planet472, planet473, planet474, planet475, planet476, planet477, planet478, planet479, planet480, planet481, planet482, planet483, planet484, planet485, planet486, planet487, planet488, planet489, planet490, planet491, planet492, planet493, planet494, planet495, planet496, planet497, planet498, planet499'
    ]

      122 |       const options = this.extractOptions(args);
      123 |       const component = options.component ? `[${options.component}]` : "";
    > 124 |       console.warn(`[WARN]${component} ${message}`, ...options.rest);
          |               ^
      125 |     }
      126 |   }
      127 |

      at Logger.warn (src/utils/logger.ts:124:15)
      at validatePlanetaryPositions (src/utils/astrology/astrologicalValidation.ts:194:14)
      at Object.<anonymous> (src/utils/astrology/astrologicalRules.test.ts:376:33)

  console.log
    Test cleanup completed

      at Object.<anonymous> (tests/setup/jest.setup.ts:53:11)

  console.log
    NODE_ENV: test

      at Object.<anonymous> (tests/setup/jest.setup.ts:9:9)

PASS src/utils/astrology/astrologicalRules.test.ts
  Astrological Validation Utilities
    Planetary Position Validation
      ✓ should validate complete planetary positions object (20 ms)
      ✓ should detect missing required planets (1 ms)
      ✓ should detect invalid planetary position structure (13 ms)
      ✓ should validate degree ranges (5 ms)
      ✓ should auto-correct invalid values when requested (2 ms)
    Elemental Properties Validation
      ✓ should validate complete elemental properties (3 ms)
      ✓ should reject missing elements (6 ms)
      ✓ should reject invalid element values (4 ms)
      ✓ should normalize elemental properties
      ✓ should calculate elemental harmony correctly (3 ms)
      ✓ should identify dominant element (1 ms)
      ✓ should enhance dominant element (1 ms)
      ✓ should validate self-reinforcement patterns (1 ms)
    Transit Date Validation
      ✓ should validate transit dates correctly (5 ms)
      ✓ should get current transit sign (3 ms)
      ✓ should validate retrograde phases (1 ms)
      ✓ should validate all transit dates for consistency
    Mathematical Constants Validation
      ✓ should validate expected constants (1 ms)
      ✓ should warn about unexpected constant values
      ✓ should error on invalid constant values
    Comprehensive Astrological Calculation Validation
      ✓ should validate complete astrological calculation input (8 ms)
      ✓ should collect all validation errors and warnings (7 ms)
    Quick Validation Functions
      ✓ should provide quick validation for different data types (2 ms)
    Validation Constants
      ✓ should export all necessary validation constants
      ✓ should have consistent constants across modules (1 ms)
    Error Handling and Edge Cases
      ✓ should handle null and undefined inputs gracefully (2 ms)
      ✓ should handle malformed data structures (2 ms)
      ✓ should handle circular references safely (1 ms)
      ✓ should validate performance with large datasets (2 ms)

  console.log
    NODE_ENV: test

      at Object.<anonymous> (tests/setup/jest.setup.ts:9:9)

  console.log
    NODE_ENV: test

      at Object.<anonymous> (tests/setup/jest.setup.ts:9:9)

  console.log
    NODE_ENV: test

      at Object.<anonymous> (tests/setup/jest.setup.ts:9:9)

  console.log
    Test setup initialized

      at Object.<anonymous> (tests/setup/jest.setup.ts:45:11)

  console.warn
    [WARN] Element Fire value 1.5 must be between 0 and 1

      122 |       const options = this.extractOptions(args);
      123 |       const component = options.component ? `[${options.component}]` : "";
    > 124 |       console.warn(`[WARN]${component} ${message}`, ...options.rest);
          |               ^
      125 |     }
      126 |   }
      127 |

      at Logger.warn (src/utils/logger.ts:124:15)
      at validateElementalProperties (src/utils/astrology/elementalValidation.ts:54:14)
      at Object.<anonymous> (src/utils/astrology/__tests__/astrologicalRules.test.ts:32:41)

  console.warn
    [WARN] Planetary position validation warnings:  [
      'Astronomical Sanity Fail: Mercury (gemini) is 2 signs from Sun (aries). Max allowed is 1.',
      'Astronomical Sanity Fail: Venus (cancer) is 3 signs from Sun (aries). Max allowed is 2.'
    ]

      122 |       const options = this.extractOptions(args);
      123 |       const component = options.component ? `[${options.component}]` : "";
    > 124 |       console.warn(`[WARN]${component} ${message}`, ...options.rest);
          |               ^
      125 |     }
      126 |   }
      127 |

      at Logger.warn (src/utils/logger.ts:124:15)
      at validatePlanetaryPositions (src/utils/astrology/astrologicalValidation.ts:194:14)
      at Object.<anonymous> (src/utils/astrology/__tests__/astrologicalRules.test.ts:61:48)

  console.log
    Strict mode result: {
      isValid: false,
      errors: [
        'sun degree 35 must be between 0 and 30',
        'moon degree -5 must be between 0 and 30',
        'Astronomical Sanity Fail: Mercury (gemini) is 2 signs from Sun (aries). Max allowed is 1.',
        'Astronomical Sanity Fail: Venus (cancer) is 3 signs from Sun (aries). Max allowed is 2.'
      ],
      warnings: [],
      correctedData: undefined
    }

      at Object.<anonymous> (src/utils/astrology/__tests__/astrologicalRules.test.ts:93:15)

  console.warn
    [WARN] Planetary position validation warnings:  [
      'sun degree 35 must be between 0 and 30',
      'moon degree -5 must be between 0 and 30',
      'Astronomical Sanity Fail: Mercury (gemini) is 2 signs from Sun (aries). Max allowed is 1.',
      'Astronomical Sanity Fail: Venus (cancer) is 3 signs from Sun (aries). Max allowed is 2.'
    ]

      122 |       const options = this.extractOptions(args);
      123 |       const component = options.component ? `[${options.component}]` : "";
    > 124 |       console.warn(`[WARN]${component} ${message}`, ...options.rest);
          |               ^
      125 |     }
      126 |   }
      127 |

      at Logger.warn (src/utils/logger.ts:124:15)
      at validatePlanetaryPositions (src/utils/astrology/astrologicalValidation.ts:194:14)
      at Object.<anonymous> (src/utils/astrology/__tests__/astrologicalRules.test.ts:100:57)

  console.log
    Non-strict mode result: {
      isValid: true,
      errors: [],
      warnings: [
        'sun degree 35 must be between 0 and 30',
        'moon degree -5 must be between 0 and 30',
        'Astronomical Sanity Fail: Mercury (gemini) is 2 signs from Sun (aries). Max allowed is 1.',
        'Astronomical Sanity Fail: Venus (cancer) is 3 signs from Sun (aries). Max allowed is 2.'
      ],
      correctedData: undefined
    }

      at Object.<anonymous> (src/utils/astrology/__tests__/astrologicalRules.test.ts:101:15)

  console.warn
    [WARN] Planetary position validation warnings:  [
      'Astronomical Sanity Fail: Mercury (gemini) is 2 signs from Sun (aries). Max allowed is 1.',
      'Astronomical Sanity Fail: Venus (cancer) is 3 signs from Sun (aries). Max allowed is 2.'
    ]

      122 |       const options = this.extractOptions(args);
      123 |       const component = options.component ? `[${options.component}]` : "";
    > 124 |       console.warn(`[WARN]${component} ${message}`, ...options.rest);
          |               ^
      125 |     }
      126 |   }
      127 |

      at Logger.warn (src/utils/logger.ts:124:15)
      at validatePlanetaryPositions (src/utils/astrology/astrologicalValidation.ts:194:14)
      at quickValidate (src/utils/astrology/astrologicalValidation.ts:582:16)
      at Object.<anonymous> (src/utils/astrology/__tests__/astrologicalRules.test.ts:118:35)

  console.log
    Test cleanup completed

      at Object.<anonymous> (tests/setup/jest.setup.ts:53:11)

PASS src/utils/astrology/__tests__/astrologicalRules.test.ts
  Astrological ESLint Rules Integration
    Elemental Properties Validation
      ✓ validates correct elemental properties structure (1 ms)
      ✓ rejects invalid elemental properties (12 ms)
      ✓ normalizes partial elemental properties (2 ms)
    Planetary Position Validation
      ✓ validates correct planetary positions structure (1 ms)
      ✓ detects missing required properties
      ✓ validates degree ranges (3 ms)
    Quick Validation Functions
      ✓ quick validate planetary positions (1 ms)
      ✓ quick validate elemental properties (1 ms)
      ✓ quick validate mathematical constants
    Mathematical Constants Preservation
      ✓ mathematical constants maintain correct values
      ✓ fallback positions structure is preserved
    Domain-Specific Variable Patterns
      ✓ preserves astrological variable naming patterns (1 ms)
      ✓ preserves fallback and reliability patterns

  console.log
    Test setup initialized

      at Object.<anonymous> (tests/setup/jest.setup.ts:45:11)

  console.log
    Test cleanup completed

      at Object.<anonymous> (tests/setup/jest.setup.ts:53:11)

PASS __tests__/elementalNormalization.test.ts
  Elemental Normalization Utilities
    normalizeForDisplay
      ✓ normalizes raw values to percentages summing to 1.0 (1 ms)
      ✓ preserves relative proportions
      ✓ returns default values for zero input (1 ms)
      ✓ works with already normalized values
      ✓ handles high-intensity raw values
    getTotalIntensity
      ✓ sums all element values
      ✓ returns 1.0 for normalized properties (1 ms)
      ✓ returns 0 for zero properties
    getDominantElementByIntensity
      ✓ returns element with highest value
      ✓ works with high-intensity values (1 ms)
      ✓ returns first element for equal values
    isNormalized
      ✓ returns true for normalized properties (sum = 1.0)
      ✓ returns false for raw properties (sum > 1.0) (1 ms)
      ✓ handles edge cases near 1.0
      ✓ returns true for sum of 1.05 (within tolerance)
    convertNormalizedToRaw
      ✓ scales normalized values to reference intensity
      ✓ uses default reference intensity of 4.0 (1 ms)
      ✓ returns raw values unchanged when already raw
    getRelativeStrengths
      ✓ calculates element strength relative to average
      ✓ returns all 1.0 for zero properties
      ✓ balanced properties have strength of 1.0 (1 ms)
    formatAsPercentages
      ✓ formats raw values as percentage strings
      ✓ respects decimal places parameter
      ✓ works with already normalized values (1 ms)
    compareIntensities
      ✓ calculates differences between two property sets
      ✓ returns zeros for identical properties (1 ms)
    Integration Tests
      ✓ round-trip: normalize -> convert back preserves proportions (1 ms)
      ✓ dominant element is consistent across normalization
      ✓ relative strengths remain consistent after normalization (1 ms)

  console.log
    Test setup initialized

      at Object.<anonymous> (tests/setup/jest.setup.ts:45:11)

  console.log
    Test setup initialized

      at Object.<anonymous> (tests/setup/jest.setup.ts:45:11)

  console.log
    NODE_ENV: test

      at Object.<anonymous> (tests/setup/jest.setup.ts:9:9)

  console.log
    Test cleanup completed

      at Object.<anonymous> (tests/setup/jest.setup.ts:53:11)

PASS src/__tests__/recipe/recipeAutoFixer.test.ts
  Recipe Auto-Fixer
    fixRecipe
      ✓ generates ID if missing (3 ms)
      ✓ does not modify existing ID (1 ms)
      ✓ normalizes time format (1 ms)
      ✓ adds default elemental properties
      ✓ normalizes existing elemental properties (1 ms)
      ✓ adds default serving size
      ✓ uses numberOfServings for serving size (1 ms)
      ✓ normalizes season values
      ✓ adds default season if missing
      ✓ normalizes meal type values (1 ms)
      ✓ adds default meal type if missing
      ✓ normalizes spice level
      ✓ clamps numeric spice level
      ✓ normalizes ingredient amounts (1 ms)
      ✓ copies instructions from preparationSteps
      ✓ converts string arrays (1 ms)
      ✓ tracks all fixes applied
      ✓ returns remaining issues
    fixAllRecipes
      ✓ fixes multiple recipes (1 ms)
      ✓ tracks total fixes by type
      ✓ reports unfixed recipes
    extractFixedRecipes
      ✓ extracts fixed recipe objects (1 ms)
    Fix Options
      ✓ respects disabled options

  console.log
    Test cleanup completed

      at Object.<anonymous> (tests/setup/jest.setup.ts:53:11)

PASS src/__tests__/recipe/recipeSchemaValidator.test.ts
  Recipe Schema Validator
    generateRecipeId
      ✓ generates ID from name only (1 ms)
      ✓ generates ID with cuisine prefix (1 ms)
      ✓ handles special characters
      ✓ handles multiple spaces
    isValidTimeFormat
      ✓ accepts number values (1 ms)
      ✓ accepts minutes format
      ✓ accepts hours format (2 ms)
      ✓ rejects invalid formats
    normalizeTimeToMinutes
      ✓ converts minutes strings (1 ms)
      ✓ converts hours strings (1 ms)
      ✓ passes through numbers (1 ms)
      ✓ returns null for invalid input (1 ms)
    validateElementalProperties
      ✓ validates correct properties (2 ms)
      ✓ detects missing properties
      ✓ detects sum not equal to 1
      ✓ normalizes properties (1 ms)
    validateIngredient
      ✓ validates correct ingredient
      ✓ detects missing name (1 ms)
      ✓ detects missing amount
      ✓ detects missing unit
    validateRecipe
      ✓ validates a complete recipe
      ✓ detects missing name (1 ms)
      ✓ detects missing ingredients
      ✓ detects missing instructions
      ✓ warns about missing ID (1 ms)
      ✓ calculates quality score
      ✓ calculates field coverage
    validateAllRecipes
      ✓ validates multiple recipes
      ✓ calculates aggregate statistics (1 ms)
      ✓ counts issues by severity
    detectDuplicates
      ✓ detects recipes with similar names (2 ms)
      ✓ does not flag different recipes (1 ms)
      ✓ considers ingredient overlap (1 ms)
      ✓ suggests which recipe to keep

  console.log
    Test setup initialized

      at Object.<anonymous> (tests/setup/jest.setup.ts:45:11)

  console.log
    NODE_ENV: test

      at Object.<anonymous> (tests/setup/jest.setup.ts:9:9)

  console.log
    Test cleanup completed

      at Object.<anonymous> (tests/setup/jest.setup.ts:53:11)

PASS src/__tests__/data/planets.test.ts
  PLANET_WEIGHTS
    ✓ contains all 11 celestial bodies (9 ms)
    ✓ all weights are positive numbers (9 ms)
    ✓ Sun is the heaviest body (1 ms)
    ✓ Pluto is the lightest body (1 ms)
    ✓ Earth is exactly 1.0 (reference mass) (1 ms)
    ✓ maintains correct mass ordering
  normalizePlanetWeight
    ✓ normalizes Sun to approximately 1.0 (1 ms)
    ✓ normalizes Pluto to approximately 0.0
    ✓ returns values in [0, 1] for all planets (1 ms)
    ✓ is monotonically increasing (heavier → higher normalized)
    ✓ handles very small values gracefully (1 ms)
  planetaryData
    ✓ contains data for major planets
    ✓ each planet has element, foodCorrespondences, cookingMethods, and governs (9 ms)
    ✓ physicalWeight matches PLANET_WEIGHTS (1 ms)

  console.log
    NODE_ENV: test

      at Object.<anonymous> (tests/setup/jest.setup.ts:9:9)

  console.log
    NODE_ENV: test

      at Object.<anonymous> (tests/setup/jest.setup.ts:9:9)

  console.log
    Test setup initialized

      at Object.<anonymous> (tests/setup/jest.setup.ts:45:11)

  console.log
    Test cleanup completed

      at Object.<anonymous> (tests/setup/jest.setup.ts:53:11)

PASS src/__tests__/utils/elementalCompatibility.test.ts
  Food Recommendation Engine
    ✓ should calculate compatibility correctly for identical elemental profiles (1 ms)
    ✓ should calculate high compatibility for different elements (1 ms)
    ✓ should generate appropriate recommendations based on compatibility (1 ms)
    ✓ should handle edge case with extremely imbalanced elements (15 ms)
    ✓ should calculate balance score correctly (8 ms)
    ✓ should handle missing or zero elemental properties gracefully

  console.log
    NODE_ENV: test

      at Object.<anonymous> (tests/setup/jest.setup.ts:9:9)

  console.log
    Test setup initialized

      at Object.<anonymous> (tests/setup/jest.setup.ts:45:11)

  console.error
    [ERROR] Error generating cultural analytics:  TypeError: Cannot read properties of undefined (reading 'principles')
        at Function.generateCulturalAnalytics (/Users/GregCastro/Desktop/WhatToEatNext/src/services/CulturalAnalyticsService.ts:470:55)
        at Object.<anonymous> (/Users/GregCastro/Desktop/WhatToEatNext/src/services/__tests__/CulturalAnalyticsService.test.ts:70:47)
        at Promise.then.completed (/Users/GregCastro/Desktop/WhatToEatNext/node_modules/jest-circus/build/utils.js:298:28)
        at new Promise (<anonymous>)
        at callAsyncCircusFn (/Users/GregCastro/Desktop/WhatToEatNext/node_modules/jest-circus/build/utils.js:231:10)
        at _callCircusTest (/Users/GregCastro/Desktop/WhatToEatNext/node_modules/jest-circus/build/run.js:316:40)
        at processTicksAndRejections (node:internal/process/task_queues:95:5)
        at _runTest (/Users/GregCastro/Desktop/WhatToEatNext/node_modules/jest-circus/build/run.js:252:3)
        at _runTestsForDescribeBlock (/Users/GregCastro/Desktop/WhatToEatNext/node_modules/jest-circus/build/run.js:126:9)
        at _runTestsForDescribeBlock (/Users/GregCastro/Desktop/WhatToEatNext/node_modules/jest-circus/build/run.js:121:9)
        at _runTestsForDescribeBlock (/Users/GregCastro/Desktop/WhatToEatNext/node_modules/jest-circus/build/run.js:121:9)
        at run (/Users/GregCastro/Desktop/WhatToEatNext/node_modules/jest-circus/build/run.js:71:3)
        at runAndTransformResultsToJestFormat (/Users/GregCastro/Desktop/WhatToEatNext/node_modules/jest-circus/build/legacy-code-todo-rewrite/jestAdapterInit.js:122:21)
        at jestAdapter (/Users/GregCastro/Desktop/WhatToEatNext/node_modules/jest-circus/build/legacy-code-todo-rewrite/jestAdapter.js:79:19)
        at runTestInternal (/Users/GregCastro/Desktop/WhatToEatNext/node_modules/jest-runner/build/runTest.js:367:16)
        at runTest (/Users/GregCastro/Desktop/WhatToEatNext/node_modules/jest-runner/build/runTest.js:444:34)
        at Object.worker (/Users/GregCastro/Desktop/WhatToEatNext/node_modules/jest-runner/build/testWorker.js:106:12)

      133 |       const options = this.extractOptions(args);
      134 |       const component = options.component ? `[${options.component}]` : "";
    > 135 |       console.error(`[ERROR]${component} ${message}`, ...options.rest);
          |               ^
      136 |
      137 |       // Store error for summary
      138 |       this.storeError(message, options.component);

      at Logger.error (src/utils/logger.ts:135:15)
      at Function.generateCulturalAnalytics (src/services/CulturalAnalyticsService.ts:489:14)
      at Object.<anonymous> (src/services/__tests__/CulturalAnalyticsService.test.ts:70:47)

  console.log
    Test cleanup completed

      at Object.<anonymous> (tests/setup/jest.setup.ts:53:11)

PASS src/services/__tests__/CulturalAnalyticsService.test.ts
  CulturalAnalyticsService
    calculateCulturalSynergy
      ✓ should calculate cultural synergy for a single cuisine (1 ms)
      ✓ should provide proximity bonus for same cultural group cuisines
      ✓ should provide diversity bonus for different cultural groups (1 ms)
    generateCulturalAnalytics
      ✓ should generate comprehensive cultural analytics
      ✓ should handle unknown cuisines gracefully (33 ms)
    generateFusionRecommendations
      ✓ should generate fusion recommendations (1 ms)
      ✓ should return empty array for poor fusion potential

  console.log
    Test setup initialized

      at Object.<anonymous> (tests/setup/jest.setup.ts:45:11)

  console.log
    NODE_ENV: test

      at Object.<anonymous> (tests/setup/jest.setup.ts:9:9)

  console.log
    Test setup initialized

      at Object.<anonymous> (tests/setup/jest.setup.ts:45:11)

  console.log
    Test cleanup completed

      at Object.<anonymous> (tests/setup/jest.setup.ts:53:11)

PASS src/__tests__/utils/ElementalCalculator.test.ts
  calculateMatchScore
    ✓ returns a number between 0 and 1 for valid inputs (2 ms)
    ✓ returns a high score for identical elemental profiles
    ✓ returns a lower score for opposing profiles
    ✓ handles null/undefined elementalProperties by defaulting to balanced (1 ms)
    ✓ handles undefined elementalState by defaulting to balanced
    ✓ handles NaN values in properties by replacing with 0.25
    ✓ handles empty elementalState object by defaulting
    with options
      ✓ applies seasonal weight adjustments (1 ms)
      ✓ applies meal type adjustments
      ✓ contrast mode inverts scoring for differing profiles

  console.log
    NODE_ENV: test

      at Object.<anonymous> (tests/setup/jest.setup.ts:9:9)

  console.log
    Test setup initialized

      at Object.<anonymous> (tests/setup/jest.setup.ts:45:11)

  console.log
    Test cleanup completed

      at Object.<anonymous> (tests/setup/jest.setup.ts:53:11)

PASS src/__tests__/alchemicalPillars.test.ts
  Alchemical Pillars
    ✓ All 14 pillars are defined
    ✓ Each pillar has effects on Spirit, Essence, Matter, and Substance (9 ms)
    ✓ Cooking methods are mapped to pillars
    ✓ getCookingMethodPillar returns correct pillar for a cooking method (1 ms)
    ✓ calculateCookingMethodCompatibility returns a score between 0 and 1
    ✓ Compatible cooking methods have higher scores (1 ms)
    ✓ applyPillarTransformation transforms an item based on cooking method
    ✓ getRecommendedCookingMethods returns cooking methods sorted by compatibility

  console.log
    NODE_ENV: test

      at Object.<anonymous> (tests/setup/jest.setup.ts:9:9)

  console.log
    NODE_ENV: test

      at Object.<anonymous> (tests/setup/jest.setup.ts:9:9)

  console.log
    Test cleanup completed

      at Object.<anonymous> (tests/setup/jest.setup.ts:53:11)

PASS src/__tests__/utils/apiCircuitBreaker.test.ts
  CircuitBreaker
    CLOSED state (default)
      ✓ starts in CLOSED state (2 ms)
      ✓ passes through successful calls (1 ms)
      ✓ propagates errors when no fallback (15 ms)
      ✓ uses fallback on failure when provided
    CLOSED → OPEN transition
      ✓ opens after reaching failure threshold
      ✓ stays closed below threshold (1 ms)
    OPEN state
      ✓ rejects calls immediately when open (no fallback)
      ✓ uses fallback when open
    OPEN → HALF_OPEN transition
      ✓ transitions to HALF_OPEN after resetTimeout (158 ms)
    reset()
      ✓ resets state to CLOSED

  console.log
    NODE_ENV: test

      at Object.<anonymous> (tests/setup/jest.setup.ts:9:9)

  console.log
    Test setup initialized

      at Object.<anonymous> (tests/setup/jest.setup.ts:45:11)

  console.log
    Test setup initialized

      at Object.<anonymous> (tests/setup/jest.setup.ts:45:11)

  console.log
    [AlchemicalProvider] AlchemicalProvider rendered with state: {
      season: 'spring',
      timeOfDay: 'morning',
      dominantElement: 'Fire',
      harmony: 0.9133974596215562
    }

      at Object.debug (src/contexts/AlchemicalContext/provider.tsx:23:15)

  console.log
    Test setup initialized

      at Object.<anonymous> (tests/setup/jest.setup.ts:45:11)

  console.info
    [AlchemicalProvider] Fetching live planetary positions from /api/astrologize...

      at Object.info (src/contexts/AlchemicalContext/provider.tsx:28:15)

  console.log
    [AlchemicalProvider] AlchemicalProvider rendered with state: {
      season: 'spring',
      timeOfDay: 'morning',
      dominantElement: 'Fire',
      harmony: 0.9133974596215562
    }

      at Object.debug (src/contexts/AlchemicalContext/provider.tsx:23:15)

  console.info
    [AlchemicalProvider] Fetching live planetary positions from /api/astrologize...

      at Object.info (src/contexts/AlchemicalContext/provider.tsx:28:15)

  console.log
    [AlchemicalProvider] AlchemicalProvider rendered with state: {
      season: 'spring',
      timeOfDay: 'morning',
      dominantElement: 'Fire',
      harmony: 0.9133974596215562
    }

      at Object.debug (src/contexts/AlchemicalContext/provider.tsx:23:15)

  console.warn
    [AlchemicalProvider] Failed to fetch live planetary positions, using AstrologicalService fallback: ReferenceError: fetch is not defined
        at fetchLivePlanetaryPositions (/Users/GregCastro/Desktop/WhatToEatNext/src/contexts/AlchemicalContext/provider.tsx:229:26)
        at /Users/GregCastro/Desktop/WhatToEatNext/src/contexts/AlchemicalContext/provider.tsx:290:10
        at Object.react_stack_bottom_frame (/Users/GregCastro/Desktop/WhatToEatNext/node_modules/react-dom/cjs/react-dom-client.development.js:25989:20)
        at runWithFiberInDEV (/Users/GregCastro/Desktop/WhatToEatNext/node_modules/react-dom/cjs/react-dom-client.development.js:874:13)
        at commitHookEffectListMount (/Users/GregCastro/Desktop/WhatToEatNext/node_modules/react-dom/cjs/react-dom-client.development.js:13249:29)
        at commitHookPassiveMountEffects (/Users/GregCastro/Desktop/WhatToEatNext/node_modules/react-dom/cjs/react-dom-client.development.js:13336:11)
        at commitPassiveMountOnFiber (/Users/GregCastro/Desktop/WhatToEatNext/node_modules/react-dom/cjs/react-dom-client.development.js:15484:13)
        at recursivelyTraversePassiveMountEffects (/Users/GregCastro/Desktop/WhatToEatNext/node_modules/react-dom/cjs/react-dom-client.development.js:15439:11)
        at commitPassiveMountOnFiber (/Users/GregCastro/Desktop/WhatToEatNext/node_modules/react-dom/cjs/react-dom-client.development.js:15519:11)
        at flushPassiveEffects (/Users/GregCastro/Desktop/WhatToEatNext/node_modules/react-dom/cjs/react-dom-client.development.js:18432:9)
        at /Users/GregCastro/Desktop/WhatToEatNext/node_modules/react-dom/cjs/react-dom-client.development.js:17923:15
        at flushActQueue (/Users/GregCastro/Desktop/WhatToEatNext/node_modules/react/cjs/react.development.js:590:34)
        at Object.<anonymous>.process.env.NODE_ENV.exports.act (/Users/GregCastro/Desktop/WhatToEatNext/node_modules/react/cjs/react.development.js:884:10)
        at /Users/GregCastro/Desktop/WhatToEatNext/node_modules/@testing-library/react/dist/act-compat.js:46:25
        at renderRoot (/Users/GregCastro/Desktop/WhatToEatNext/node_modules/@testing-library/react/dist/pure.js:189:26)
        at render (/Users/GregCastro/Desktop/WhatToEatNext/node_modules/@testing-library/react/dist/pure.js:291:10)
        at Object.<anonymous> (/Users/GregCastro/Desktop/WhatToEatNext/src/__tests__/providers/Providers.test.tsx:13:33)
        at Promise.then.completed (/Users/GregCastro/Desktop/WhatToEatNext/node_modules/jest-circus/build/utils.js:298:28)
        at new Promise (<anonymous>)
        at callAsyncCircusFn (/Users/GregCastro/Desktop/WhatToEatNext/node_modules/jest-circus/build/utils.js:231:10)
        at _callCircusTest (/Users/GregCastro/Desktop/WhatToEatNext/node_modules/jest-circus/build/run.js:316:40)
        at processTicksAndRejections (node:internal/process/task_queues:95:5)
        at _runTest (/Users/GregCastro/Desktop/WhatToEatNext/node_modules/jest-circus/build/run.js:252:3)
        at _runTestsForDescribeBlock (/Users/GregCastro/Desktop/WhatToEatNext/node_modules/jest-circus/build/run.js:126:9)
        at _runTestsForDescribeBlock (/Users/GregCastro/Desktop/WhatToEatNext/node_modules/jest-circus/build/run.js:121:9)
        at run (/Users/GregCastro/Desktop/WhatToEatNext/node_modules/jest-circus/build/run.js:71:3)
        at runAndTransformResultsToJestFormat (/Users/GregCastro/Desktop/WhatToEatNext/node_modules/jest-circus/build/legacy-code-todo-rewrite/jestAdapterInit.js:122:21)
        at jestAdapter (/Users/GregCastro/Desktop/WhatToEatNext/node_modules/jest-circus/build/legacy-code-todo-rewrite/jestAdapter.js:79:19)
        at runTestInternal (/Users/GregCastro/Desktop/WhatToEatNext/node_modules/jest-runner/build/runTest.js:367:16)
        at runTest (/Users/GregCastro/Desktop/WhatToEatNext/node_modules/jest-runner/build/runTest.js:444:34)
        at Object.worker (/Users/GregCastro/Desktop/WhatToEatNext/node_modules/jest-runner/build/testWorker.js:106:12)

      30 |   },
      31 |   warn: (message: string, ...args: any[]) =>
    > 32 |     console.warn(`[AlchemicalProvider] ${message}`, ...args),
         |             ^
      33 |   error: (message: string, ...args: any[]) =>
      34 |     console.error(`[AlchemicalProvider] ${message}`, ...args),
      35 | };

      at Object.warn (src/contexts/AlchemicalContext/provider.tsx:32:13)
      at fetchLivePlanetaryPositions (src/contexts/AlchemicalContext/provider.tsx:266:16)
      at src/contexts/AlchemicalContext/provider.tsx:290:10
      at Object.react_stack_bottom_frame (node_modules/react-dom/cjs/react-dom-client.development.js:25989:20)
      at runWithFiberInDEV (node_modules/react-dom/cjs/react-dom-client.development.js:874:13)
      at commitHookEffectListMount (node_modules/react-dom/cjs/react-dom-client.development.js:13249:29)
      at commitHookPassiveMountEffects (node_modules/react-dom/cjs/react-dom-client.development.js:13336:11)
      at commitPassiveMountOnFiber (node_modules/react-dom/cjs/react-dom-client.development.js:15484:13)
      at recursivelyTraversePassiveMountEffects (node_modules/react-dom/cjs/react-dom-client.development.js:15439:11)
      at commitPassiveMountOnFiber (node_modules/react-dom/cjs/react-dom-client.development.js:15519:11)
      at flushPassiveEffects (node_modules/react-dom/cjs/react-dom-client.development.js:18432:9)
      at node_modules/react-dom/cjs/react-dom-client.development.js:17923:15
      at flushActQueue (node_modules/react/cjs/react.development.js:590:34)
      at Object.<anonymous>.process.env.NODE_ENV.exports.act (node_modules/react/cjs/react.development.js:884:10)
      at node_modules/@testing-library/react/dist/act-compat.js:46:25
      at renderRoot (node_modules/@testing-library/react/dist/pure.js:189:26)
      at render (node_modules/@testing-library/react/dist/pure.js:291:10)
      at Object.<anonymous> (src/__tests__/providers/Providers.test.tsx:13:33)

  console.log
    [AlchemicalProvider] AlchemicalProvider rendered with state: {
      season: 'spring',
      timeOfDay: 'night',
      dominantElement: 'Fire',
      harmony: 0.9133974596215562
    }

      at Object.debug (src/contexts/AlchemicalContext/provider.tsx:23:15)

  console.warn
    [AlchemicalProvider] Failed to fetch live planetary positions, using AstrologicalService fallback: ReferenceError: fetch is not defined
        at fetchLivePlanetaryPositions (/Users/GregCastro/Desktop/WhatToEatNext/src/contexts/AlchemicalContext/provider.tsx:229:26)
        at /Users/GregCastro/Desktop/WhatToEatNext/src/contexts/AlchemicalContext/provider.tsx:290:10
        at Object.react_stack_bottom_frame (/Users/GregCastro/Desktop/WhatToEatNext/node_modules/react-dom/cjs/react-dom-client.development.js:25989:20)
        at runWithFiberInDEV (/Users/GregCastro/Desktop/WhatToEatNext/node_modules/react-dom/cjs/react-dom-client.development.js:874:13)
        at commitHookEffectListMount (/Users/GregCastro/Desktop/WhatToEatNext/node_modules/react-dom/cjs/react-dom-client.development.js:13249:29)
        at commitHookPassiveMountEffects (/Users/GregCastro/Desktop/WhatToEatNext/node_modules/react-dom/cjs/react-dom-client.development.js:13336:11)
        at commitPassiveMountOnFiber (/Users/GregCastro/Desktop/WhatToEatNext/node_modules/react-dom/cjs/react-dom-client.development.js:15484:13)
        at recursivelyTraversePassiveMountEffects (/Users/GregCastro/Desktop/WhatToEatNext/node_modules/react-dom/cjs/react-dom-client.development.js:15439:11)
        at commitPassiveMountOnFiber (/Users/GregCastro/Desktop/WhatToEatNext/node_modules/react-dom/cjs/react-dom-client.development.js:15476:11)
        at recursivelyTraversePassiveMountEffects (/Users/GregCastro/Desktop/WhatToEatNext/node_modules/react-dom/cjs/react-dom-client.development.js:15439:11)
        at commitPassiveMountOnFiber (/Users/GregCastro/Desktop/WhatToEatNext/node_modules/react-dom/cjs/react-dom-client.development.js:15519:11)
        at flushPassiveEffects (/Users/GregCastro/Desktop/WhatToEatNext/node_modules/react-dom/cjs/react-dom-client.development.js:18432:9)
        at /Users/GregCastro/Desktop/WhatToEatNext/node_modules/react-dom/cjs/react-dom-client.development.js:17923:15
        at flushActQueue (/Users/GregCastro/Desktop/WhatToEatNext/node_modules/react/cjs/react.development.js:590:34)
        at Object.<anonymous>.process.env.NODE_ENV.exports.act (/Users/GregCastro/Desktop/WhatToEatNext/node_modules/react/cjs/react.development.js:884:10)
        at /Users/GregCastro/Desktop/WhatToEatNext/node_modules/@testing-library/react/dist/act-compat.js:46:25
        at renderRoot (/Users/GregCastro/Desktop/WhatToEatNext/node_modules/@testing-library/react/dist/pure.js:189:26)
        at render (/Users/GregCastro/Desktop/WhatToEatNext/node_modules/@testing-library/react/dist/pure.js:291:10)
        at renderHook (/Users/GregCastro/Desktop/WhatToEatNext/node_modules/@testing-library/react/dist/pure.js:339:7)
        at Object.<anonymous> (/Users/GregCastro/Desktop/WhatToEatNext/src/__tests__/hooks/useAlchemical.test.tsx:16:34)
        at Promise.then.completed (/Users/GregCastro/Desktop/WhatToEatNext/node_modules/jest-circus/build/utils.js:298:28)
        at new Promise (<anonymous>)
        at callAsyncCircusFn (/Users/GregCastro/Desktop/WhatToEatNext/node_modules/jest-circus/build/utils.js:231:10)
        at _callCircusTest (/Users/GregCastro/Desktop/WhatToEatNext/node_modules/jest-circus/build/run.js:316:40)
        at processTicksAndRejections (node:internal/process/task_queues:95:5)
        at _runTest (/Users/GregCastro/Desktop/WhatToEatNext/node_modules/jest-circus/build/run.js:252:3)
        at _runTestsForDescribeBlock (/Users/GregCastro/Desktop/WhatToEatNext/node_modules/jest-circus/build/run.js:126:9)
        at _runTestsForDescribeBlock (/Users/GregCastro/Desktop/WhatToEatNext/node_modules/jest-circus/build/run.js:121:9)
        at run (/Users/GregCastro/Desktop/WhatToEatNext/node_modules/jest-circus/build/run.js:71:3)
        at runAndTransformResultsToJestFormat (/Users/GregCastro/Desktop/WhatToEatNext/node_modules/jest-circus/build/legacy-code-todo-rewrite/jestAdapterInit.js:122:21)
        at jestAdapter (/Users/GregCastro/Desktop/WhatToEatNext/node_modules/jest-circus/build/legacy-code-todo-rewrite/jestAdapter.js:79:19)
        at runTestInternal (/Users/GregCastro/Desktop/WhatToEatNext/node_modules/jest-runner/build/runTest.js:367:16)
        at runTest (/Users/GregCastro/Desktop/WhatToEatNext/node_modules/jest-runner/build/runTest.js:444:34)
        at Object.worker (/Users/GregCastro/Desktop/WhatToEatNext/node_modules/jest-runner/build/testWorker.js:106:12)

      30 |   },
      31 |   warn: (message: string, ...args: any[]) =>
    > 32 |     console.warn(`[AlchemicalProvider] ${message}`, ...args),
         |             ^
      33 |   error: (message: string, ...args: any[]) =>
      34 |     console.error(`[AlchemicalProvider] ${message}`, ...args),
      35 | };

      at Object.warn (src/contexts/AlchemicalContext/provider.tsx:32:13)
      at fetchLivePlanetaryPositions (src/contexts/AlchemicalContext/provider.tsx:266:16)
      at src/contexts/AlchemicalContext/provider.tsx:290:10
      at Object.react_stack_bottom_frame (node_modules/react-dom/cjs/react-dom-client.development.js:25989:20)
      at runWithFiberInDEV (node_modules/react-dom/cjs/react-dom-client.development.js:874:13)
      at commitHookEffectListMount (node_modules/react-dom/cjs/react-dom-client.development.js:13249:29)
      at commitHookPassiveMountEffects (node_modules/react-dom/cjs/react-dom-client.development.js:13336:11)
      at commitPassiveMountOnFiber (node_modules/react-dom/cjs/react-dom-client.development.js:15484:13)
      at recursivelyTraversePassiveMountEffects (node_modules/react-dom/cjs/react-dom-client.development.js:15439:11)
      at commitPassiveMountOnFiber (node_modules/react-dom/cjs/react-dom-client.development.js:15476:11)
      at recursivelyTraversePassiveMountEffects (node_modules/react-dom/cjs/react-dom-client.development.js:15439:11)
      at commitPassiveMountOnFiber (node_modules/react-dom/cjs/react-dom-client.development.js:15519:11)
      at flushPassiveEffects (node_modules/react-dom/cjs/react-dom-client.development.js:18432:9)
      at node_modules/react-dom/cjs/react-dom-client.development.js:17923:15
      at flushActQueue (node_modules/react/cjs/react.development.js:590:34)
      at Object.<anonymous>.process.env.NODE_ENV.exports.act (node_modules/react/cjs/react.development.js:884:10)
      at node_modules/@testing-library/react/dist/act-compat.js:46:25
      at renderRoot (node_modules/@testing-library/react/dist/pure.js:189:26)
      at render (node_modules/@testing-library/react/dist/pure.js:291:10)
      at renderHook (node_modules/@testing-library/react/dist/pure.js:339:7)
      at Object.<anonymous> (src/__tests__/hooks/useAlchemical.test.tsx:16:34)

  console.log
    [AlchemicalProvider] AlchemicalProvider rendered with state: {
      season: 'spring',
      timeOfDay: 'night',
      dominantElement: 'Fire',
      harmony: 0.9133974596215562
    }

      at Object.debug (src/contexts/AlchemicalContext/provider.tsx:23:15)

  console.info
    [AlchemicalProvider] Fetching live planetary positions from /api/astrologize...

      at Object.info (src/contexts/AlchemicalContext/provider.tsx:28:15)

  console.log
    [AlchemicalProvider] AlchemicalProvider rendered with state: {
      season: 'spring',
      timeOfDay: 'morning',
      dominantElement: 'Fire',
      harmony: 0.9133974596215562
    }

      at Object.debug (src/contexts/AlchemicalContext/provider.tsx:23:15)

  console.log
    [AlchemicalProvider] AlchemicalProvider rendered with state: {
      season: 'spring',
      timeOfDay: 'morning',
      dominantElement: 'Fire',
      harmony: 0.9133974596215562
    }

      at Object.debug (src/contexts/AlchemicalContext/provider.tsx:23:15)

  console.info
    [AlchemicalProvider] Fetching live planetary positions from /api/astrologize...

      at Object.info (src/contexts/AlchemicalContext/provider.tsx:28:15)

  console.info
    [AlchemicalProvider] Fetching live planetary positions from /api/astrologize...

      at Object.info (src/contexts/AlchemicalContext/provider.tsx:28:15)

  console.warn
    [AlchemicalProvider] Failed to fetch live planetary positions, using AstrologicalService fallback: ReferenceError: fetch is not defined
        at fetchLivePlanetaryPositions (/Users/GregCastro/Desktop/WhatToEatNext/src/contexts/AlchemicalContext/provider.tsx:229:26)
        at /Users/GregCastro/Desktop/WhatToEatNext/src/contexts/AlchemicalContext/provider.tsx:290:10
        at Object.react_stack_bottom_frame (/Users/GregCastro/Desktop/WhatToEatNext/node_modules/react-dom/cjs/react-dom-client.development.js:25989:20)
        at runWithFiberInDEV (/Users/GregCastro/Desktop/WhatToEatNext/node_modules/react-dom/cjs/react-dom-client.development.js:874:13)
        at commitHookEffectListMount (/Users/GregCastro/Desktop/WhatToEatNext/node_modules/react-dom/cjs/react-dom-client.development.js:13249:29)
        at commitHookPassiveMountEffects (/Users/GregCastro/Desktop/WhatToEatNext/node_modules/react-dom/cjs/react-dom-client.development.js:13336:11)
        at commitPassiveMountOnFiber (/Users/GregCastro/Desktop/WhatToEatNext/node_modules/react-dom/cjs/react-dom-client.development.js:15484:13)
        at recursivelyTraversePassiveMountEffects (/Users/GregCastro/Desktop/WhatToEatNext/node_modules/react-dom/cjs/react-dom-client.development.js:15439:11)
        at commitPassiveMountOnFiber (/Users/GregCastro/Desktop/WhatToEatNext/node_modules/react-dom/cjs/react-dom-client.development.js:15476:11)
        at recursivelyTraversePassiveMountEffects (/Users/GregCastro/Desktop/WhatToEatNext/node_modules/react-dom/cjs/react-dom-client.development.js:15439:11)
        at commitPassiveMountOnFiber (/Users/GregCastro/Desktop/WhatToEatNext/node_modules/react-dom/cjs/react-dom-client.development.js:15519:11)
        at flushPassiveEffects (/Users/GregCastro/Desktop/WhatToEatNext/node_modules/react-dom/cjs/react-dom-client.development.js:18432:9)
        at /Users/GregCastro/Desktop/WhatToEatNext/node_modules/react-dom/cjs/react-dom-client.development.js:17923:15
        at flushActQueue (/Users/GregCastro/Desktop/WhatToEatNext/node_modules/react/cjs/react.development.js:590:34)
        at Object.<anonymous>.process.env.NODE_ENV.exports.act (/Users/GregCastro/Desktop/WhatToEatNext/node_modules/react/cjs/react.development.js:884:10)
        at /Users/GregCastro/Desktop/WhatToEatNext/node_modules/@testing-library/react/dist/act-compat.js:46:25
        at renderRoot (/Users/GregCastro/Desktop/WhatToEatNext/node_modules/@testing-library/react/dist/pure.js:189:26)
        at render (/Users/GregCastro/Desktop/WhatToEatNext/node_modules/@testing-library/react/dist/pure.js:291:10)
        at renderHook (/Users/GregCastro/Desktop/WhatToEatNext/node_modules/@testing-library/react/dist/pure.js:339:7)
        at Object.<anonymous> (/Users/GregCastro/Desktop/WhatToEatNext/src/__tests__/hooks/useAlchemical.test.tsx:69:34)
        at Promise.then.completed (/Users/GregCastro/Desktop/WhatToEatNext/node_modules/jest-circus/build/utils.js:298:28)
        at new Promise (<anonymous>)
        at callAsyncCircusFn (/Users/GregCastro/Desktop/WhatToEatNext/node_modules/jest-circus/build/utils.js:231:10)
        at _callCircusTest (/Users/GregCastro/Desktop/WhatToEatNext/node_modules/jest-circus/build/run.js:316:40)
        at processTicksAndRejections (node:internal/process/task_queues:95:5)
        at _runTest (/Users/GregCastro/Desktop/WhatToEatNext/node_modules/jest-circus/build/run.js:252:3)
        at _runTestsForDescribeBlock (/Users/GregCastro/Desktop/WhatToEatNext/node_modules/jest-circus/build/run.js:126:9)
        at _runTestsForDescribeBlock (/Users/GregCastro/Desktop/WhatToEatNext/node_modules/jest-circus/build/run.js:121:9)
        at run (/Users/GregCastro/Desktop/WhatToEatNext/node_modules/jest-circus/build/run.js:71:3)
        at runAndTransformResultsToJestFormat (/Users/GregCastro/Desktop/WhatToEatNext/node_modules/jest-circus/build/legacy-code-todo-rewrite/jestAdapterInit.js:122:21)
        at jestAdapter (/Users/GregCastro/Desktop/WhatToEatNext/node_modules/jest-circus/build/legacy-code-todo-rewrite/jestAdapter.js:79:19)
        at runTestInternal (/Users/GregCastro/Desktop/WhatToEatNext/node_modules/jest-runner/build/runTest.js:367:16)
        at runTest (/Users/GregCastro/Desktop/WhatToEatNext/node_modules/jest-runner/build/runTest.js:444:34)
        at Object.worker (/Users/GregCastro/Desktop/WhatToEatNext/node_modules/jest-runner/build/testWorker.js:106:12)

      30 |   },
      31 |   warn: (message: string, ...args: any[]) =>
    > 32 |     console.warn(`[AlchemicalProvider] ${message}`, ...args),
         |             ^
      33 |   error: (message: string, ...args: any[]) =>
      34 |     console.error(`[AlchemicalProvider] ${message}`, ...args),
      35 | };

      at Object.warn (src/contexts/AlchemicalContext/provider.tsx:32:13)
      at fetchLivePlanetaryPositions (src/contexts/AlchemicalContext/provider.tsx:266:16)
      at src/contexts/AlchemicalContext/provider.tsx:290:10
      at Object.react_stack_bottom_frame (node_modules/react-dom/cjs/react-dom-client.development.js:25989:20)
      at runWithFiberInDEV (node_modules/react-dom/cjs/react-dom-client.development.js:874:13)
      at commitHookEffectListMount (node_modules/react-dom/cjs/react-dom-client.development.js:13249:29)
      at commitHookPassiveMountEffects (node_modules/react-dom/cjs/react-dom-client.development.js:13336:11)
      at commitPassiveMountOnFiber (node_modules/react-dom/cjs/react-dom-client.development.js:15484:13)
      at recursivelyTraversePassiveMountEffects (node_modules/react-dom/cjs/react-dom-client.development.js:15439:11)
      at commitPassiveMountOnFiber (node_modules/react-dom/cjs/react-dom-client.development.js:15476:11)
      at recursivelyTraversePassiveMountEffects (node_modules/react-dom/cjs/react-dom-client.development.js:15439:11)
      at commitPassiveMountOnFiber (node_modules/react-dom/cjs/react-dom-client.development.js:15519:11)
      at flushPassiveEffects (node_modules/react-dom/cjs/react-dom-client.development.js:18432:9)
      at node_modules/react-dom/cjs/react-dom-client.development.js:17923:15
      at flushActQueue (node_modules/react/cjs/react.development.js:590:34)
      at Object.<anonymous>.process.env.NODE_ENV.exports.act (node_modules/react/cjs/react.development.js:884:10)
      at node_modules/@testing-library/react/dist/act-compat.js:46:25
      at renderRoot (node_modules/@testing-library/react/dist/pure.js:189:26)
      at render (node_modules/@testing-library/react/dist/pure.js:291:10)
      at renderHook (node_modules/@testing-library/react/dist/pure.js:339:7)
      at Object.<anonymous> (src/__tests__/hooks/useAlchemical.test.tsx:69:34)

  console.warn
    [AlchemicalProvider] Failed to fetch live planetary positions, using AstrologicalService fallback: ReferenceError: fetch is not defined
        at fetchLivePlanetaryPositions (/Users/GregCastro/Desktop/WhatToEatNext/src/contexts/AlchemicalContext/provider.tsx:229:26)
        at /Users/GregCastro/Desktop/WhatToEatNext/src/contexts/AlchemicalContext/provider.tsx:290:10
        at Object.react_stack_bottom_frame (/Users/GregCastro/Desktop/WhatToEatNext/node_modules/react-dom/cjs/react-dom-client.development.js:25989:20)
        at runWithFiberInDEV (/Users/GregCastro/Desktop/WhatToEatNext/node_modules/react-dom/cjs/react-dom-client.development.js:874:13)
        at commitHookEffectListMount (/Users/GregCastro/Desktop/WhatToEatNext/node_modules/react-dom/cjs/react-dom-client.development.js:13249:29)
        at commitHookPassiveMountEffects (/Users/GregCastro/Desktop/WhatToEatNext/node_modules/react-dom/cjs/react-dom-client.development.js:13336:11)
        at commitPassiveMountOnFiber (/Users/GregCastro/Desktop/WhatToEatNext/node_modules/react-dom/cjs/react-dom-client.development.js:15484:13)
        at recursivelyTraversePassiveMountEffects (/Users/GregCastro/Desktop/WhatToEatNext/node_modules/react-dom/cjs/react-dom-client.development.js:15439:11)
        at commitPassiveMountOnFiber (/Users/GregCastro/Desktop/WhatToEatNext/node_modules/react-dom/cjs/react-dom-client.development.js:15519:11)
        at flushPassiveEffects (/Users/GregCastro/Desktop/WhatToEatNext/node_modules/react-dom/cjs/react-dom-client.development.js:18432:9)
        at /Users/GregCastro/Desktop/WhatToEatNext/node_modules/react-dom/cjs/react-dom-client.development.js:17923:15
        at flushActQueue (/Users/GregCastro/Desktop/WhatToEatNext/node_modules/react/cjs/react.development.js:590:34)
        at Object.<anonymous>.process.env.NODE_ENV.exports.act (/Users/GregCastro/Desktop/WhatToEatNext/node_modules/react/cjs/react.development.js:884:10)
        at /Users/GregCastro/Desktop/WhatToEatNext/node_modules/@testing-library/react/dist/act-compat.js:46:25
        at renderRoot (/Users/GregCastro/Desktop/WhatToEatNext/node_modules/@testing-library/react/dist/pure.js:189:26)
        at render (/Users/GregCastro/Desktop/WhatToEatNext/node_modules/@testing-library/react/dist/pure.js:291:10)
        at Object.<anonymous> (/Users/GregCastro/Desktop/WhatToEatNext/src/__tests__/providers/Providers.test.tsx:35:11)
        at Promise.then.completed (/Users/GregCastro/Desktop/WhatToEatNext/node_modules/jest-circus/build/utils.js:298:28)
        at new Promise (<anonymous>)
        at callAsyncCircusFn (/Users/GregCastro/Desktop/WhatToEatNext/node_modules/jest-circus/build/utils.js:231:10)
        at _callCircusTest (/Users/GregCastro/Desktop/WhatToEatNext/node_modules/jest-circus/build/run.js:316:40)
        at processTicksAndRejections (node:internal/process/task_queues:95:5)
        at _runTest (/Users/GregCastro/Desktop/WhatToEatNext/node_modules/jest-circus/build/run.js:252:3)
        at _runTestsForDescribeBlock (/Users/GregCastro/Desktop/WhatToEatNext/node_modules/jest-circus/build/run.js:126:9)
        at _runTestsForDescribeBlock (/Users/GregCastro/Desktop/WhatToEatNext/node_modules/jest-circus/build/run.js:121:9)
        at run (/Users/GregCastro/Desktop/WhatToEatNext/node_modules/jest-circus/build/run.js:71:3)
        at runAndTransformResultsToJestFormat (/Users/GregCastro/Desktop/WhatToEatNext/node_modules/jest-circus/build/legacy-code-todo-rewrite/jestAdapterInit.js:122:21)
        at jestAdapter (/Users/GregCastro/Desktop/WhatToEatNext/node_modules/jest-circus/build/legacy-code-todo-rewrite/jestAdapter.js:79:19)
        at runTestInternal (/Users/GregCastro/Desktop/WhatToEatNext/node_modules/jest-runner/build/runTest.js:367:16)
        at runTest (/Users/GregCastro/Desktop/WhatToEatNext/node_modules/jest-runner/build/runTest.js:444:34)
        at Object.worker (/Users/GregCastro/Desktop/WhatToEatNext/node_modules/jest-runner/build/testWorker.js:106:12)

      30 |   },
      31 |   warn: (message: string, ...args: any[]) =>
    > 32 |     console.warn(`[AlchemicalProvider] ${message}`, ...args),
         |             ^
      33 |   error: (message: string, ...args: any[]) =>
      34 |     console.error(`[AlchemicalProvider] ${message}`, ...args),
      35 | };

      at Object.warn (src/contexts/AlchemicalContext/provider.tsx:32:13)
      at fetchLivePlanetaryPositions (src/contexts/AlchemicalContext/provider.tsx:266:16)
      at src/contexts/AlchemicalContext/provider.tsx:290:10
      at Object.react_stack_bottom_frame (node_modules/react-dom/cjs/react-dom-client.development.js:25989:20)
      at runWithFiberInDEV (node_modules/react-dom/cjs/react-dom-client.development.js:874:13)
      at commitHookEffectListMount (node_modules/react-dom/cjs/react-dom-client.development.js:13249:29)
      at commitHookPassiveMountEffects (node_modules/react-dom/cjs/react-dom-client.development.js:13336:11)
      at commitPassiveMountOnFiber (node_modules/react-dom/cjs/react-dom-client.development.js:15484:13)
      at recursivelyTraversePassiveMountEffects (node_modules/react-dom/cjs/react-dom-client.development.js:15439:11)
      at commitPassiveMountOnFiber (node_modules/react-dom/cjs/react-dom-client.development.js:15519:11)
      at flushPassiveEffects (node_modules/react-dom/cjs/react-dom-client.development.js:18432:9)
      at node_modules/react-dom/cjs/react-dom-client.development.js:17923:15
      at flushActQueue (node_modules/react/cjs/react.development.js:590:34)
      at Object.<anonymous>.process.env.NODE_ENV.exports.act (node_modules/react/cjs/react.development.js:884:10)
      at node_modules/@testing-library/react/dist/act-compat.js:46:25
      at renderRoot (node_modules/@testing-library/react/dist/pure.js:189:26)
      at render (node_modules/@testing-library/react/dist/pure.js:291:10)
      at Object.<anonymous> (src/__tests__/providers/Providers.test.tsx:35:11)

  console.log
    [AlchemicalProvider] AlchemicalProvider rendered with state: {
      season: 'spring',
      timeOfDay: 'night',
      dominantElement: 'Fire',
      harmony: 0.9133974596215562
    }

      at Object.debug (src/contexts/AlchemicalContext/provider.tsx:23:15)

  console.warn
    [AlchemicalProvider] Failed to fetch live planetary positions, using AstrologicalService fallback: ReferenceError: fetch is not defined
        at fetchLivePlanetaryPositions (/Users/GregCastro/Desktop/WhatToEatNext/src/contexts/AlchemicalContext/provider.tsx:229:26)
        at /Users/GregCastro/Desktop/WhatToEatNext/src/contexts/AlchemicalContext/provider.tsx:290:10
        at Object.react_stack_bottom_frame (/Users/GregCastro/Desktop/WhatToEatNext/node_modules/react-dom/cjs/react-dom-client.development.js:25989:20)
        at runWithFiberInDEV (/Users/GregCastro/Desktop/WhatToEatNext/node_modules/react-dom/cjs/react-dom-client.development.js:874:13)
        at commitHookEffectListMount (/Users/GregCastro/Desktop/WhatToEatNext/node_modules/react-dom/cjs/react-dom-client.development.js:13249:29)
        at commitHookPassiveMountEffects (/Users/GregCastro/Desktop/WhatToEatNext/node_modules/react-dom/cjs/react-dom-client.development.js:13336:11)
        at commitPassiveMountOnFiber (/Users/GregCastro/Desktop/WhatToEatNext/node_modules/react-dom/cjs/react-dom-client.development.js:15484:13)
        at recursivelyTraversePassiveMountEffects (/Users/GregCastro/Desktop/WhatToEatNext/node_modules/react-dom/cjs/react-dom-client.development.js:15439:11)
        at commitPassiveMountOnFiber (/Users/GregCastro/Desktop/WhatToEatNext/node_modules/react-dom/cjs/react-dom-client.development.js:15519:11)
        at flushPassiveEffects (/Users/GregCastro/Desktop/WhatToEatNext/node_modules/react-dom/cjs/react-dom-client.development.js:18432:9)
        at /Users/GregCastro/Desktop/WhatToEatNext/node_modules/react-dom/cjs/react-dom-client.development.js:17923:15
        at flushActQueue (/Users/GregCastro/Desktop/WhatToEatNext/node_modules/react/cjs/react.development.js:590:34)
        at Object.<anonymous>.process.env.NODE_ENV.exports.act (/Users/GregCastro/Desktop/WhatToEatNext/node_modules/react/cjs/react.development.js:884:10)
        at /Users/GregCastro/Desktop/WhatToEatNext/node_modules/@testing-library/react/dist/act-compat.js:46:25
        at renderRoot (/Users/GregCastro/Desktop/WhatToEatNext/node_modules/@testing-library/react/dist/pure.js:189:26)
        at render (/Users/GregCastro/Desktop/WhatToEatNext/node_modules/@testing-library/react/dist/pure.js:291:10)
        at Object.<anonymous> (/Users/GregCastro/Desktop/WhatToEatNext/src/__tests__/components/HooksCompliance.test.tsx:78:33)
        at Promise.then.completed (/Users/GregCastro/Desktop/WhatToEatNext/node_modules/jest-circus/build/utils.js:298:28)
        at new Promise (<anonymous>)
        at callAsyncCircusFn (/Users/GregCastro/Desktop/WhatToEatNext/node_modules/jest-circus/build/utils.js:231:10)
        at _callCircusTest (/Users/GregCastro/Desktop/WhatToEatNext/node_modules/jest-circus/build/run.js:316:40)
        at processTicksAndRejections (node:internal/process/task_queues:95:5)
        at _runTest (/Users/GregCastro/Desktop/WhatToEatNext/node_modules/jest-circus/build/run.js:252:3)
        at _runTestsForDescribeBlock (/Users/GregCastro/Desktop/WhatToEatNext/node_modules/jest-circus/build/run.js:126:9)
        at _runTestsForDescribeBlock (/Users/GregCastro/Desktop/WhatToEatNext/node_modules/jest-circus/build/run.js:121:9)
        at run (/Users/GregCastro/Desktop/WhatToEatNext/node_modules/jest-circus/build/run.js:71:3)
        at runAndTransformResultsToJestFormat (/Users/GregCastro/Desktop/WhatToEatNext/node_modules/jest-circus/build/legacy-code-todo-rewrite/jestAdapterInit.js:122:21)
        at jestAdapter (/Users/GregCastro/Desktop/WhatToEatNext/node_modules/jest-circus/build/legacy-code-todo-rewrite/jestAdapter.js:79:19)
        at runTestInternal (/Users/GregCastro/Desktop/WhatToEatNext/node_modules/jest-runner/build/runTest.js:367:16)
        at runTest (/Users/GregCastro/Desktop/WhatToEatNext/node_modules/jest-runner/build/runTest.js:444:34)
        at Object.worker (/Users/GregCastro/Desktop/WhatToEatNext/node_modules/jest-runner/build/testWorker.js:106:12)

      30 |   },
      31 |   warn: (message: string, ...args: any[]) =>
    > 32 |     console.warn(`[AlchemicalProvider] ${message}`, ...args),
         |             ^
      33 |   error: (message: string, ...args: any[]) =>
      34 |     console.error(`[AlchemicalProvider] ${message}`, ...args),
      35 | };

      at Object.warn (src/contexts/AlchemicalContext/provider.tsx:32:13)
      at fetchLivePlanetaryPositions (src/contexts/AlchemicalContext/provider.tsx:266:16)
      at src/contexts/AlchemicalContext/provider.tsx:290:10
      at Object.react_stack_bottom_frame (node_modules/react-dom/cjs/react-dom-client.development.js:25989:20)
      at runWithFiberInDEV (node_modules/react-dom/cjs/react-dom-client.development.js:874:13)
      at commitHookEffectListMount (node_modules/react-dom/cjs/react-dom-client.development.js:13249:29)
      at commitHookPassiveMountEffects (node_modules/react-dom/cjs/react-dom-client.development.js:13336:11)
      at commitPassiveMountOnFiber (node_modules/react-dom/cjs/react-dom-client.development.js:15484:13)
      at recursivelyTraversePassiveMountEffects (node_modules/react-dom/cjs/react-dom-client.development.js:15439:11)
      at commitPassiveMountOnFiber (node_modules/react-dom/cjs/react-dom-client.development.js:15519:11)
      at flushPassiveEffects (node_modules/react-dom/cjs/react-dom-client.development.js:18432:9)
      at node_modules/react-dom/cjs/react-dom-client.development.js:17923:15
      at flushActQueue (node_modules/react/cjs/react.development.js:590:34)
      at Object.<anonymous>.process.env.NODE_ENV.exports.act (node_modules/react/cjs/react.development.js:884:10)
      at node_modules/@testing-library/react/dist/act-compat.js:46:25
      at renderRoot (node_modules/@testing-library/react/dist/pure.js:189:26)
      at render (node_modules/@testing-library/react/dist/pure.js:291:10)
      at Object.<anonymous> (src/__tests__/components/HooksCompliance.test.tsx:78:33)

  console.log
    [AlchemicalProvider] AlchemicalProvider rendered with state: {
      season: 'spring',
      timeOfDay: 'night',
      dominantElement: 'Fire',
      harmony: 0.9133974596215562
    }

      at Object.debug (src/contexts/AlchemicalContext/provider.tsx:23:15)

  console.log
    [AlchemicalProvider] AlchemicalProvider rendered with state: {
      season: 'spring',
      timeOfDay: 'night',
      dominantElement: 'Fire',
      harmony: 0.9133974596215562
    }

      at Object.debug (src/contexts/AlchemicalContext/provider.tsx:23:15)

  console.log
    [AlchemicalProvider] AlchemicalProvider rendered with state: {
      season: 'spring',
      timeOfDay: 'night',
      dominantElement: 'Fire',
      harmony: 0.9133974596215562
    }

      at Object.debug (src/contexts/AlchemicalContext/provider.tsx:23:15)

  console.log
    Test cleanup completed

      at Object.<anonymous> (tests/setup/jest.setup.ts:53:11)

PASS src/__tests__/hooks/useAlchemical.test.tsx
  useAlchemical hook
    ✓ returns context value when inside AlchemicalProvider (57 ms)
    ✓ does NOT throw when used outside AlchemicalProvider (1 ms)
    ✓ returns default context values when outside provider (3 ms)
    ✓ provides working helper functions from default context (3 ms)
  useAlchemicalSafe hook
    ✓ returns context when inside provider (21 ms)
    ✓ returns null-ish safely when outside provider (1 ms)

PASS src/__tests__/components/HooksCompliance.test.tsx
  CookingMethodPreview — hooks compliance
    ✓ renders without crashing inside AlchemicalProvider (74 ms)
    ✓ does not wrap useAlchemical in try-catch
  EnhancedCookingMethodRecommender — hooks compliance
    ✓ does not wrap useAlchemical in try-catch (1 ms)

  console.log
    Test cleanup completed

      at Object.<anonymous> (tests/setup/jest.setup.ts:53:11)

  console.log
    NODE_ENV: test

      at Object.<anonymous> (tests/setup/jest.setup.ts:9:9)

  console.log
    Test setup initialized

      at Object.<anonymous> (tests/setup/jest.setup.ts:45:11)

  console.log
    Test cleanup completed

      at Object.<anonymous> (tests/setup/jest.setup.ts:53:11)

PASS src/__tests__/ingredientRecommender.test.ts
  getRecommendedIngredients
    ✓ should return ingredients matching the current elemental state (1 ms)

  console.log
    NODE_ENV: test

      at Object.<anonymous> (tests/setup/jest.setup.ts:9:9)

  console.log
    Test cleanup completed

      at Object.<anonymous> (tests/setup/jest.setup.ts:53:11)

PASS src/__tests__/providers/Providers.test.tsx
  AlchemicalProvider
    ✓ renders children without crashing (76 ms)
    ✓ provides default state values to children (17 ms)
  ErrorBoundary
    ✓ renders children when no error (3 ms)
    ✓ catches errors and shows fallback UI (91 ms)
    ✓ displays error details when expanded (23 ms)
    ✓ recovers when Try Again is clicked (33 ms)

  console.log
    Test setup initialized

      at Object.<anonymous> (tests/setup/jest.setup.ts:45:11)

  console.log
    Test cleanup completed

      at Object.<anonymous> (tests/setup/jest.setup.ts:53:11)

PASS src/__tests__/utils/alchemicalPillarUtils.test.ts
  getCookingMethodPillar
    ✓ returns a pillar object for known cooking methods (1 ms)
    ✓ returns undefined/null for unknown cooking methods (1 ms)
  calculateCookingMethodCompatibility
    ✓ returns a number between 0 and 1
    ✓ returns 0.5 for unknown cooking methods
    ✓ returns 0.5 when one method is unknown (1 ms)
    ✓ returns consistent results for the same pair

  console.log
    NODE_ENV: test

      at Object.<anonymous> (tests/setup/jest.setup.ts:9:9)

  console.log
    Test setup initialized

      at Object.<anonymous> (tests/setup/jest.setup.ts:45:11)

  console.log
    Test cleanup completed

      at Object.<anonymous> (tests/setup/jest.setup.ts:53:11)

PASS src/__tests__/setupTests.ts
  ✓ setup is working correctly (1 ms)

  console.log
    NODE_ENV: test

      at Object.<anonymous> (tests/setup/jest.setup.ts:9:9)

  console.log
    NODE_ENV: test

      at Object.<anonymous> (tests/setup/jest.setup.ts:9:9)

  console.log
    Test setup initialized

      at Object.<anonymous> (tests/setup/jest.setup.ts:45:11)

  console.warn
    [WARN] Unexpected value in validateElementalProperties: {
      message: 'Elemental properties do not sum to ~1 (sum=2.0000)',
      sum: 2,
      properties: { Fire: 0.5, Water: 0.5, Air: 0.5, Earth: 0.5 }
    }

      55 |   warn: (message: string, data?: unknown) => {
      56 |     if (process.env.NODE_ENV !== "production") {
    > 57 |       console.warn(`[WARN] ${message}`, data || "");
         |               ^
      58 |     }
      59 |   },
      60 |   error: (message: string, data?: unknown) => {

      at Object.warn (src/lib/logger.ts:57:15)
      at logUnexpectedValue (src/utils/validation.ts:68:11)
      at Object.validateElementalProperties [as validateProperties] (src/utils/elementalUtils.ts:56:23)
      at Object.<anonymous> (src/utils/elementalUtils.test.ts:27:29)

  console.warn
    [WARN] normalizeProperties: sum is 0; returning defaults

      55 |   warn: (message: string, data?: unknown) => {
      56 |     if (process.env.NODE_ENV !== "production") {
    > 57 |       console.warn(`[WARN] ${message}`, data || "");
         |               ^
      58 |     }
      59 |   },
      60 |   error: (message: string, data?: unknown) => {

      at Object.warn (src/lib/logger.ts:57:15)
      at Object.normalizeProperties (src/utils/elementalUtils.ts:88:13)
      at Object.<anonymous> (src/utils/elementalUtils.test.ts:45:41)

  console.log
    Test cleanup completed

      at Object.<anonymous> (tests/setup/jest.setup.ts:53:11)

PASS src/utils/elementalUtils.test.ts
  elementalUtils
    validateProperties
      ✓ should validate correct elemental properties
      ✓ should reject invalid elemental properties (4 ms)
    normalizeProperties
      ✓ should normalize properties to sum to 1
      ✓ should handle empty or zero properties (2 ms)

  console.log
    NODE_ENV: test

      at Object.<anonymous> (tests/setup/jest.setup.ts:9:9)

  console.log
    Test setup initialized

      at Object.<anonymous> (tests/setup/jest.setup.ts:45:11)

  console.log
    Test cleanup completed

      at Object.<anonymous> (tests/setup/jest.setup.ts:53:11)

PASS src/tests/integration.test.ts
  ✓ seasonal calculations work correctly (6 ms)

  console.log
    Test setup initialized

      at Object.<anonymous> (tests/setup/jest.setup.ts:45:11)

  console.log
    Test cleanup completed

      at Object.<anonymous> (tests/setup/jest.setup.ts:53:11)

PASS src/__tests__/utils/clientLogger.test.ts
  clientLogger
    ✓ does not throw on any log level (1 ms)
    ✓ logs warnings to console.warn (1 ms)
    ✓ logs errors to console.error
    ✓ accepts optional data argument without crashing

  console.log
    Test setup initialized

      at Object.<anonymous> (tests/setup/jest.setup.ts:45:11)

  console.log
    Test cleanup completed

      at Object.<anonymous> (tests/setup/jest.setup.ts:53:11)

PASS src/__tests__/culinaryAstrology.test.ts
  CulinaryAstrologer
    ✓ should return recipe recommendations based on astrological state (3 ms)

Test Suites: 24 passed, 24 total
Tests:       277 passed, 277 total
Snapshots:   0 total
Time:        3.127 s
Ran all test suites.
Force exiting Jest: Have you considered using `--detectOpenHandles` to detect async operations that kept running after all tests finished?
