yarn run v1.22.22
$ /Users/GregCastro/Desktop/WhatToEatNext/node_modules/.bin/tsc --noEmit
src/__tests__/astrologize-integration.test.ts(271,116): error TS2345: Argument of type 'string' is not assignable to parameter of type 'Element'.
src/__tests__/culinaryAstrology.test.ts(72,7): error TS2322: Type '{ currentZodiac: "leo"; moonPhase: "full Moon"; currentPlanetaryAlignment: { Sun: { sign: string; degree: number; }; Moon: { sign: string; degree: number; }; }; activePlanets: string[]; planetaryPositions: { ...; }; ... 6 more ...; tarotPlanetaryBoosts: { ...; }; }' is not assignable to type 'AstrologicalState'.
  Object literal may only specify known properties, but 'planetaryHours' does not exist in type 'AstrologicalState'. Did you mean to write 'planetaryHour'?
src/__tests__/culinaryAstrology.test.ts(82,65): error TS2345: Argument of type 'import("/Users/GregCastro/Desktop/WhatToEatNext/src/types/celestial").AstrologicalState' is not assignable to parameter of type 'import("/Users/GregCastro/Desktop/WhatToEatNext/src/types/alchemy").AstrologicalState'.
  Types of property 'elementalProperties' are incompatible.
    Type 'import("/Users/GregCastro/Desktop/WhatToEatNext/src/types/celestial").ElementalProperties' is not assignable to type 'import("/Users/GregCastro/Desktop/WhatToEatNext/src/types/alchemy").ElementalProperties'.
      Index signature for type 'string' is missing in type 'ElementalProperties'.
src/__tests__/ingredientRecommender.test.ts(43,7): error TS2322: Type '{ currentZodiac: "leo"; moonPhase: "full Moon"; currentPlanetaryAlignment: { Sun: { sign: string; degree: number; }; Moon: { sign: string; degree: number; }; }; activePlanets: string[]; planetaryPositions: { ...; }; ... 6 more ...; tarotPlanetaryBoosts: { ...; }; }' is not assignable to type 'AstrologicalState'.
  Object literal may only specify known properties, but 'planetaryHours' does not exist in type 'AstrologicalState'. Did you mean to write 'planetaryHour'?
src/calculations/culinaryAstrology.ts(225,48): error TS2339: Property 'astrologicalPropertiesProfile' does not exist on type 'RecipeElementalMapping'.
src/calculations/culinaryAstrology.ts(233,39): error TS2339: Property 'elementalState' does not exist on type 'RecipeElementalMapping'.
src/calculations/culinaryAstrology.ts(247,37): error TS2339: Property 'astrologicalPropertiesProfile' does not exist on type 'RecipeElementalMapping'.
src/calculations/culinaryAstrology.ts(254,17): error TS2339: Property 'astrologicalPropertiesProfile' does not exist on type 'RecipeElementalMapping'.
src/calculations/culinaryAstrology.ts(258,69): error TS2339: Property 'name' does not exist on type 'string'.
src/calculations/culinaryAstrology.ts(264,14): error TS2352: Conversion of type 'string' to type 'Record<string, any>' may be a mistake because neither type sufficiently overlaps with the other. If this was intentional, convert the expression to 'unknown' first.
src/calculations/culinaryAstrology.ts(274,21): error TS2352: Conversion of type 'string' to type 'Record<string, any>' may be a mistake because neither type sufficiently overlaps with the other. If this was intentional, convert the expression to 'unknown' first.
src/calculations/culinaryAstrology.ts(279,55): error TS2339: Property 'influence' does not exist on type 'string'.
src/calculations/culinaryAstrology.ts(287,17): error TS2339: Property 'astrologicalPropertiesProfile' does not exist on type 'RecipeElementalMapping'.
src/calculations/culinaryAstrology.ts(291,68): error TS2339: Property 'name' does not exist on type 'string'.
src/calculations/culinaryAstrology.ts(297,14): error TS2352: Conversion of type 'string' to type 'Record<string, any>' may be a mistake because neither type sufficiently overlaps with the other. If this was intentional, convert the expression to 'unknown' first.
src/calculations/culinaryAstrology.ts(307,21): error TS2352: Conversion of type 'string' to type 'Record<string, any>' may be a mistake because neither type sufficiently overlaps with the other. If this was intentional, convert the expression to 'unknown' first.
src/calculations/culinaryAstrology.ts(312,53): error TS2339: Property 'influence' does not exist on type 'string'.
src/calculations/culinaryAstrology.ts(320,37): error TS2339: Property 'astrologicalPropertiesProfile' does not exist on type 'RecipeElementalMapping'.
src/calculations/culinaryAstrology.ts(327,44): error TS2339: Property 'astrologicalPropertiesProfile' does not exist on type 'RecipeElementalMapping'.
src/calculations/culinaryAstrology.ts(339,34): error TS2339: Property 'elementalState' does not exist on type 'RecipeElementalMapping'.
src/calculations/elementalcalculations.ts(3,10): error TS2440: Import declaration conflicts with local declaration of 'ElementalProperties'.
src/calculations/elementalcalculations.ts(21,11): error TS2739: Type 'ElementalProperties' is missing the following properties from type 'ElementalProperties': water, earth
src/calculations/elementalcalculations.ts(35,5): error TS2739: Type '{ [key: string]: number; Fire: number; Water: number; Earth: number; Air: number; }' is missing the following properties from type 'ElementalProperties': water, earth
src/calculations/elementalcalculations.ts(57,18): error TS2339: Property 'elementalState' does not exist on type 'unknown'.
src/calculations/elementalcalculations.ts(63,27): error TS2339: Property 'elementalState' does not exist on type 'unknown'.
src/calculations/elementalcalculations.ts(70,16): error TS2339: Property 'currentSeason' does not exist on type 'unknown'.
src/calculations/elementalcalculations.ts(71,44): error TS2339: Property 'currentSeason' does not exist on type 'unknown'.
src/calculations/elementalcalculations.ts(72,18): error TS2339: Property 'currentSeason' does not exist on type 'unknown'.
src/calculations/elementalcalculations.ts(73,19): error TS2339: Property 'currentSeason' does not exist on type 'unknown'.
src/calculations/elementalcalculations.ts(136,5): error TS2739: Type '{ [x: string]: number; Fire: number; Water: number; Earth: number; Air: number; }' is missing the following properties from type 'ElementalProperties': water, earth
src/calculations/elementalcalculations.ts(179,11): error TS2741: Property 'Fire' is missing in type '{ fire: number; water: number; earth: number; Air: number; }' but required in type 'ElementalProperties'.
src/calculations/elementalcalculations.ts(217,63): error TS2322: Type '{ Fire: string[]; water: string[]; earth: string[]; Air: string[]; metal: string[]; wood: string[]; void: string[]; }' is not assignable to type 'Record<ElementType, string[]>'.
  Object literal may only specify known properties, but 'Fire' does not exist in type 'Record<ElementType, string[]>'. Did you mean to write 'fire'?
src/calculations/elementalcalculations.ts(291,18): error TS2551: Property 'Fire' does not exist on type 'Record<ElementType, number>'. Did you mean 'fire'?
src/calculations/enhancedAlchemicalMatching.test.ts(162,62): error TS2345: Argument of type '{ elements: { Fire: number; Water: number; Earth: number; Air: number; }; modalities: { Cardinal: number; Fixed: number; Mutable: number; }; qualities: { Hot: number; Dry: number; Cold: number; Wet: number; }; dominant: { ...; }; }' is not assignable to parameter of type 'AlchemicalResult'.
  Type '{ elements: { Fire: number; Water: number; Earth: number; Air: number; }; modalities: { Cardinal: number; Fixed: number; Mutable: number; }; qualities: { Hot: number; Dry: number; Cold: number; Wet: number; }; dominant: { ...; }; }' is missing the following properties from type 'AlchemicalResult': elementalProperties, thermodynamicProperties, score, dominantElement, recommendations
src/calculations/enhancedAlchemicalMatching.test.ts(163,60): error TS2345: Argument of type '{ elements: { Fire: number; Water: number; Earth: number; Air: number; }; modalities: { Cardinal: number; Fixed: number; Mutable: number; }; qualities: { Hot: number; Dry: number; Cold: number; Wet: number; }; dominant: { ...; }; }' is not assignable to parameter of type 'AlchemicalResult'.
  Type '{ elements: { Fire: number; Water: number; Earth: number; Air: number; }; modalities: { Cardinal: number; Fixed: number; Mutable: number; }; qualities: { Hot: number; Dry: number; Cold: number; Wet: number; }; dominant: { ...; }; }' is missing the following properties from type 'AlchemicalResult': elementalProperties, thermodynamicProperties, score, dominantElement, recommendations
src/calculations/enhancedAlchemicalMatching.test.ts(190,61): error TS2345: Argument of type '{ elements: { Fire: number; Water: number; Earth: number; Air: number; }; modalities: { Cardinal: number; Fixed: number; Mutable: number; }; qualities: { Hot: number; Dry: number; Cold: number; Wet: number; }; dominant: { ...; }; }' is not assignable to parameter of type 'AlchemicalResult'.
  Type '{ elements: { Fire: number; Water: number; Earth: number; Air: number; }; modalities: { Cardinal: number; Fixed: number; Mutable: number; }; qualities: { Hot: number; Dry: number; Cold: number; Wet: number; }; dominant: { ...; }; }' is missing the following properties from type 'AlchemicalResult': elementalProperties, thermodynamicProperties, score, dominantElement, recommendations
src/calculations/enhancedAlchemicalMatching.test.ts(209,67): error TS2345: Argument of type '{ elements: { Fire: number; Water: number; Earth: number; Air: number; }; modalities: { Cardinal: number; Fixed: number; Mutable: number; }; qualities: { Hot: number; Dry: number; Cold: number; Wet: number; }; dominant: { ...; }; }' is not assignable to parameter of type 'AlchemicalResult'.
  Type '{ elements: { Fire: number; Water: number; Earth: number; Air: number; }; modalities: { Cardinal: number; Fixed: number; Mutable: number; }; qualities: { Hot: number; Dry: number; Cold: number; Wet: number; }; dominant: { ...; }; }' is missing the following properties from type 'AlchemicalResult': elementalProperties, thermodynamicProperties, score, dominantElement, recommendations
src/calculations/enhancedAlchemicalMatching.ts(305,54): error TS2345: Argument of type 'string' is not assignable to parameter of type 'Element'.
src/calculations/enhancedAlchemicalMatching.ts(306,54): error TS2345: Argument of type 'string' is not assignable to parameter of type 'Element'.
src/calculations/enhancedAlchemicalMatching.ts(335,61): error TS2345: Argument of type 'string' is not assignable to parameter of type 'Element'.
src/calculations/enhancedAlchemicalMatching.ts(336,61): error TS2345: Argument of type 'string' is not assignable to parameter of type 'Element'.
src/calculations/enhancedAlchemicalMatching.ts(337,58): error TS2345: Argument of type 'string' is not assignable to parameter of type 'Element'.
src/calculations/enhancedAlchemicalMatching.ts(338,58): error TS2345: Argument of type 'string' is not assignable to parameter of type 'Element'.
src/calculations/enhancedAlchemicalMatching.ts(364,61): error TS2345: Argument of type 'string' is not assignable to parameter of type 'Element'.
src/calculations/enhancedAlchemicalMatching.ts(365,61): error TS2345: Argument of type 'string' is not assignable to parameter of type 'Element'.
src/calculations/enhancedAlchemicalMatching.ts(366,60): error TS2345: Argument of type 'string' is not assignable to parameter of type 'Element'.
src/calculations/enhancedAlchemicalMatching.ts(367,60): error TS2345: Argument of type 'string' is not assignable to parameter of type 'Element'.
src/calculations/enhancedAlchemicalMatching.ts(392,58): error TS2345: Argument of type 'string' is not assignable to parameter of type 'Element'.
src/calculations/enhancedAlchemicalMatching.ts(393,58): error TS2345: Argument of type 'string' is not assignable to parameter of type 'Element'.
src/calculations/enhancedAlchemicalMatching.ts(394,60): error TS2345: Argument of type 'string' is not assignable to parameter of type 'Element'.
src/calculations/enhancedAlchemicalMatching.ts(395,60): error TS2345: Argument of type 'string' is not assignable to parameter of type 'Element'.
src/calculations/enhancedAlchemicalMatching.ts(574,39): error TS2339: Property 'dominant' does not exist on type 'AlchemicalResult'.
src/calculations/enhancedAlchemicalMatching.ts(575,40): error TS2339: Property 'dominant' does not exist on type 'AlchemicalResult'.
src/calculations/enhancedAlchemicalMatching.ts(919,7): error TS2322: Type '{ elements: { Fire: number; Water: number; Earth: number; Air: number; }; modalities: { Cardinal: number; Fixed: number; Mutable: number; }; qualities: { Hot: number; Dry: number; Cold: number; Wet: number; }; dominant: { ...; }; }' is not assignable to type 'AlchemicalResult'.
  Object literal may only specify known properties, and 'elements' does not exist in type 'AlchemicalResult'.
src/calculations/enhancedCuisineRecommender.ts(3,15): error TS2300: Duplicate identifier 'AstrologicalState'.
src/calculations/enhancedCuisineRecommender.ts(4,3): error TS2300: Duplicate identifier 'ElementalProperties'.
src/calculations/enhancedCuisineRecommender.ts(10,10): error TS2300: Duplicate identifier 'AstrologicalState'.
src/calculations/enhancedCuisineRecommender.ts(11,10): error TS2300: Duplicate identifier 'ElementalProperties'.
src/calculations/enhancedCuisineRecommender.ts(259,9): error TS2588: Cannot assign to 'allRecipes' because it is a constant.
src/calculations/enhancedCuisineRecommender.ts(268,9): error TS2588: Cannot assign to 'allRecipes' because it is a constant.
src/calculations/enhancedCuisineRecommender.ts(285,17): error TS2339: Property 'currentSeason' does not exist on type 'unknown'.
src/calculations/enhancedCuisineRecommender.ts(285,41): error TS2339: Property 'currentSeason' does not exist on type 'unknown'.
src/calculations/enhancedCuisineRecommender.ts(290,16): error TS2339: Property 'currentSeason' does not exist on type 'unknown'.
src/calculations/enhancedCuisineRecommender.ts(295,16): error TS2339: Property 'currentSeason' does not exist on type 'unknown'.
src/calculations/enhancedCuisineRecommender.ts(316,17): error TS2339: Property 'elementalState' does not exist on type 'unknown'.
src/calculations/enhancedCuisineRecommender.ts(347,37): error TS2339: Property 'elementalState' does not exist on type 'unknown'.
src/calculations/enhancedCuisineRecommender.ts(359,14): error TS2339: Property 'astrologicalPropertiesAffinities' does not exist on type 'unknown'.
src/calculations/enhancedCuisineRecommender.ts(360,15): error TS2339: Property 'astrologicalPropertiesAffinities' does not exist on type 'unknown'.
src/calculations/enhancedCuisineRecommender.ts(383,17): error TS2339: Property 'elementalState' does not exist on type 'unknown'.
src/calculations/enhancedCuisineRecommender.ts(414,37): error TS2339: Property 'elementalState' does not exist on type 'unknown'.
src/calculations/enhancedCuisineRecommender.ts(425,14): error TS2339: Property 'astrologicalPropertiesAffinities' does not exist on type 'unknown'.
src/calculations/enhancedCuisineRecommender.ts(426,15): error TS2339: Property 'astrologicalPropertiesAffinities' does not exist on type 'unknown'.
src/calculations/enhancedCuisineRecommender.ts(444,17): error TS2339: Property 'elementalState' does not exist on type 'unknown'.
src/calculations/enhancedCuisineRecommender.ts(452,34): error TS2339: Property 'elementalState' does not exist on type 'unknown'.
src/calculations/enhancedCuisineRecommender.ts(469,14): error TS2339: Property 'zodiacInfluences' does not exist on type 'unknown'.
src/calculations/enhancedCuisineRecommender.ts(470,14): error TS2339: Property 'zodiacInfluences' does not exist on type 'unknown'.
src/calculations/enhancedCuisineRecommender.ts(471,18): error TS2339: Property 'sign' does not exist on type 'AstrologicalState'.
src/calculations/enhancedCuisineRecommender.ts(473,37): error TS2339: Property 'zodiacInfluences' does not exist on type 'unknown'.
src/calculations/enhancedCuisineRecommender.ts(475,46): error TS2339: Property 'sign' does not exist on type 'AstrologicalState'.
src/calculations/enhancedCuisineRecommender.ts(485,14): error TS2339: Property 'lunarPhaseInfluences' does not exist on type 'unknown'.
src/calculations/enhancedCuisineRecommender.ts(486,14): error TS2339: Property 'lunarPhaseInfluences' does not exist on type 'unknown'.
src/calculations/enhancedCuisineRecommender.ts(489,38): error TS2339: Property 'lunarPhaseInfluences' does not exist on type 'unknown'.
src/calculations/enhancedCuisineRecommender.ts(520,17): error TS2339: Property 'mealType' does not exist on type 'unknown'.
src/calculations/enhancedCuisineRecommender.ts(520,36): error TS2339: Property 'mealType' does not exist on type 'unknown'.
src/calculations/enhancedCuisineRecommender.ts(525,35): error TS2339: Property 'mealType' does not exist on type 'unknown'.
src/calculations/enhancedCuisineRecommender.ts(593,23): error TS2339: Property 'sign' does not exist on type 'AstrologicalState'.
src/calculations/enhancedCuisineRecommender.ts(594,31): error TS2339: Property 'sign' does not exist on type 'AstrologicalState'.
src/calculations/enhancedCuisineRecommender.ts(605,16): error TS2339: Property 'allergens' does not exist on type 'unknown'.
src/calculations/enhancedCuisineRecommender.ts(605,36): error TS2339: Property 'allergens' does not exist on type 'unknown'.
src/calculations/enhancedCuisineRecommender.ts(623,23): error TS2339: Property 'allergens' does not exist on type 'unknown'.
src/calculations/gregsEnergy.ts(2,10): error TS2300: Duplicate identifier 'calculatePlanetaryPositions'.
src/calculations/gregsEnergy.ts(7,10): error TS2300: Duplicate identifier 'calculatePlanetaryPositions'.
src/calculations/gregsEnergy.ts(108,22): error TS2304: Cannot find name '$2'.
src/calculations/gregsEnergy.ts(122,40): error TS2551: Property 'spirit' does not exist on type 'ElementalState'. Did you mean 'Spirit'?
src/calculations/gregsEnergy.ts(123,42): error TS2551: Property 'substance' does not exist on type 'ElementalState'. Did you mean 'Substance'?
src/calculations/gregsEnergy.ts(123,60): error TS2551: Property 'essence' does not exist on type 'ElementalState'. Did you mean 'Essence'?
src/calculations/gregsEnergy.ts(123,76): error TS2551: Property 'matter' does not exist on type 'ElementalState'. Did you mean 'Matter'?
src/calculations/gregsEnergy.ts(140,40): error TS2551: Property 'spirit' does not exist on type 'ElementalState'. Did you mean 'Spirit'?
src/calculations/gregsEnergy.ts(140,68): error TS2551: Property 'substance' does not exist on type 'ElementalState'. Did you mean 'Substance'?
src/calculations/gregsEnergy.ts(142,42): error TS2551: Property 'essence' does not exist on type 'ElementalState'. Did you mean 'Essence'?
src/calculations/gregsEnergy.ts(142,58): error TS2551: Property 'matter' does not exist on type 'ElementalState'. Did you mean 'Matter'?
src/calculations/gregsEnergy.ts(158,40): error TS2551: Property 'spirit' does not exist on type 'ElementalState'. Did you mean 'Spirit'?
src/calculations/gregsEnergy.ts(158,68): error TS2551: Property 'substance' does not exist on type 'ElementalState'. Did you mean 'Substance'?
src/calculations/gregsEnergy.ts(159,41): error TS2551: Property 'essence' does not exist on type 'ElementalState'. Did you mean 'Essence'?
src/calculations/gregsEnergy.ts(161,42): error TS2551: Property 'matter' does not exist on type 'ElementalState'. Did you mean 'Matter'?
src/calculations/gregsEnergy.ts(243,36): error TS2551: Property 'spirit' does not exist on type 'ElementalState'. Did you mean 'Spirit'?
src/calculations/gregsEnergy.ts(244,37): error TS2551: Property 'essence' does not exist on type 'ElementalState'. Did you mean 'Essence'?
src/calculations/gregsEnergy.ts(245,36): error TS2551: Property 'matter' does not exist on type 'ElementalState'. Did you mean 'Matter'?
src/calculations/gregsEnergy.ts(246,39): error TS2551: Property 'substance' does not exist on type 'ElementalState'. Did you mean 'Substance'?
src/calculations/gregsEnergy.ts(256,60): error TS2345: Argument of type '{ spirit: number; essence: number; matter: number; substance: number; fire: number; water: number; Air: number; earth: number; }' is not assignable to parameter of type 'ElementalState'.
  Type '{ spirit: number; essence: number; matter: number; substance: number; fire: number; water: number; Air: number; earth: number; }' is missing the following properties from type 'ElementalState': Fire, Spirit, Essence, Matter, Substance
src/calculations/gregsEnergy.ts(305,9): error TS2322: Type '{ spirit: any; essence: any; matter: any; substance: any; fire: number; water: number; Air: number; earth: number; }' is not assignable to type 'ElementalState'.
  Object literal may only specify known properties, but 'spirit' does not exist in type 'ElementalState'. Did you mean to write 'Spirit'?
src/calculations/gregsEnergy.ts(305,24): error TS2551: Property 'spirit' does not exist on type 'ElementalAlchemicalCounts'. Did you mean 'Spirit'?
src/calculations/gregsEnergy.ts(306,25): error TS2551: Property 'essence' does not exist on type 'ElementalAlchemicalCounts'. Did you mean 'Essence'?
src/calculations/gregsEnergy.ts(307,24): error TS2551: Property 'matter' does not exist on type 'ElementalAlchemicalCounts'. Did you mean 'Matter'?
src/calculations/gregsEnergy.ts(308,27): error TS2551: Property 'substance' does not exist on type 'ElementalAlchemicalCounts'. Did you mean 'Substance'?
src/calculations/gregsEnergy.ts(400,65): error TS2322: Type '{ fire: number; water: number; earth: number; Air: number; }' is not assignable to type 'Record<ElementalCharacter, number>'.
  Object literal may only specify known properties, but 'fire' does not exist in type 'Record<ElementalCharacter, number>'. Did you mean to write 'Fire'?
src/calculations/gregsEnergy.ts(404,5): error TS2322: Type '{ spirit: number; essence: number; matter: number; substance: number; }' is not assignable to type 'Record<AlchemicalProperty, number>'.
  Object literal may only specify known properties, but 'spirit' does not exist in type 'Record<AlchemicalProperty, number>'. Did you mean to write 'Spirit'?
src/calculations/gregsEnergy.ts(411,14): error TS2339: Property 'elementalState' does not exist on type '{ elementalProperties?: Record<ElementalCharacter, number>; alchemicalProperties?: Record<AlchemicalProperty, number>; }'.
src/calculations/gregsEnergy.ts(412,27): error TS2339: Property 'elementalState' does not exist on type '{ elementalProperties?: Record<ElementalCharacter, number>; alchemicalProperties?: Record<AlchemicalProperty, number>; }'.
src/calculations/gregsEnergy.ts(413,9): error TS2365: Operator '+=' cannot be applied to types 'number' and 'unknown'.
src/calculations/gregsEnergy.ts(424,3): error TS2739: Type '{ Spirit: number; Essence: number; Matter: number; Substance: number; Fire: number; Water: number; Earth: number; Air: number; }' is missing the following properties from type 'ElementalAlchemicalCounts': water, earth
src/calculations/gregsEnergy.ts(438,3): error TS2322: Type '{ spirit: number; essence: number; matter: number; substance: number; Fire: number; water: number; Air: number; earth: number; Spirit: number; Essence: number; Matter: number; Substance: number; }' is not assignable to type 'ElementalAlchemicalCounts'.
  Object literal may only specify known properties, but 'spirit' does not exist in type 'ElementalAlchemicalCounts'. Did you mean to write 'Spirit'?
src/calculations/gregsEnergy.ts(438,27): error TS2551: Property 'spirit' does not exist on type 'ElementalAlchemicalCounts'. Did you mean 'Spirit'?
src/calculations/gregsEnergy.ts(439,28): error TS2551: Property 'essence' does not exist on type 'ElementalAlchemicalCounts'. Did you mean 'Essence'?
src/calculations/gregsEnergy.ts(440,27): error TS2551: Property 'matter' does not exist on type 'ElementalAlchemicalCounts'. Did you mean 'Matter'?
src/calculations/gregsEnergy.ts(441,30): error TS2551: Property 'substance' does not exist on type 'ElementalAlchemicalCounts'. Did you mean 'Substance'?
src/calculations/index.ts(14,15): error TS2300: Duplicate identifier 'ElementalProperties'.
src/calculations/index.ts(15,3): error TS2300: Duplicate identifier 'PlanetaryPosition'.
src/calculations/index.ts(22,8): error TS2300: Duplicate identifier 'AlchemicalProperties'.
src/calculations/index.ts(49,10): error TS2300: Duplicate identifier 'AlchemicalProperties'.
src/calculations/index.ts(50,10): error TS2300: Duplicate identifier 'ElementalProperties'.
src/calculations/index.ts(51,10): error TS2300: Duplicate identifier 'PlanetaryPosition'.
src/calculations/index.ts(163,9): error TS2322: Type '{ dominant: keyof ElementalProperties; balance: number; recommendations: string[]; }' is not assignable to type '{ dominant: Element; balance: number; recommendations: string[]; }'.
  Types of property 'dominant' are incompatible.
    Type 'keyof ElementalProperties' is not assignable to type 'Element'.
src/calculations/index.ts(285,45): error TS2339: Property 'dominantPlanets' does not exist on type '{}'.
src/calculations/index.ts(291,16): error TS2339: Property 'element' does not exist on type '{}'.
src/calculations/index.ts(292,27): error TS2339: Property 'strength' does not exist on type '{}'.
src/calculations/index.ts(364,11): error TS2741: Property 'Earth' is missing in type '{ Fire: number; Water: number; Air: number; earth: number; }' but required in type 'ElementalProperties'.
src/calculations/index.ts(374,11): error TS2322: Type '{ spirit: number; essence: number; matter: number; substance: number; }' is not assignable to type 'AlchemicalProperties'.
  Object literal may only specify known properties, but 'spirit' does not exist in type 'AlchemicalProperties'. Did you mean to write 'Spirit'?
src/calculations/index.ts(379,9): error TS2739: Type 'ElementalProperties' is missing the following properties from type 'ElementalValues': water, earth
src/calculations/index.ts(388,9): error TS2820: Type '"fire"' is not assignable to type 'keyof ElementalValues'. Did you mean '"Fire"'?
src/calculations/index.ts(389,9): error TS2820: Type '"essence"' is not assignable to type 'keyof AlchemicalProperties'. Did you mean '"Essence"'?
src/calculations/seasonalCalculations.ts(2,36): error TS2300: Duplicate identifier 'Recipe'.
src/calculations/seasonalCalculations.ts(3,10): error TS2300: Duplicate identifier 'Recipe'.
src/calculations/seasonalCalculations.ts(35,50): error TS2339: Property 'elementalState' does not exist on type 'Recipe'.
src/calculations/seasonalCalculations.ts(40,25): error TS2362: The left-hand side of an arithmetic operation must be of type 'any', 'number', 'bigint' or an enum type.
src/calculations/seasonalCalculations.ts(65,16): error TS2339: Property 'currentSeason' does not exist on type 'Recipe'.
src/calculations/seasonalCalculations.ts(66,52): error TS2339: Property 'currentSeason' does not exist on type 'Recipe'.
src/calculations/seasonalCalculations.ts(66,76): error TS2339: Property 'currentSeason' does not exist on type 'Recipe'.
src/calculations/seasonalCalculations.ts(66,100): error TS2339: Property 'currentSeason' does not exist on type 'Recipe'.
src/calculations/seasonalCalculations.ts(115,25): error TS2304: Cannot find name 'currentZodiacSign'.
src/calculations/seasonalCalculations.ts(121,49): error TS2304: Cannot find name 'currentZodiacSign'.
src/calculations/seasonalCalculations.ts(143,50): error TS2304: Cannot find name 'zodiacSign'.
src/calculations/seasonalCalculations.ts(145,59): error TS2304: Cannot find name 'zodiacSign'.
src/components/AlchemicalRecommendations.tsx(168,75): error TS2365: Operator '+' cannot be applied to types 'unknown' and 'unknown'.
src/components/AlchemicalRecommendations.tsx(169,13): error TS2365: Operator '>' cannot be applied to types 'unknown' and 'number'.
src/components/AlchemicalRecommendations.tsx(171,71): error TS2363: The right-hand side of an arithmetic operation must be of type 'any', 'number', 'bigint' or an enum type.
src/components/AlchemicalRecommendations.tsx(181,26): error TS2339: Property 'name' does not exist on type 'string[] | readonly ["culinary_herb", "spice", "protein", "oil", "grain", "medicinal_herb", "vegetable", "fruit", "vinegar", "seasoning"] | { Fire: number; Water: number; Earth: number; Air: number; } | ... 9 more ... | ((subCategory: string) => Ingredient[])'.
  Property 'name' does not exist on type 'string[]'.
src/components/AlchemicalRecommendations.tsx(232,76): error TS2365: Operator '+' cannot be applied to types 'unknown' and 'unknown'.
src/components/AlchemicalRecommendations.tsx(233,13): error TS2365: Operator '>' cannot be applied to types 'unknown' and 'number'.
src/components/AlchemicalRecommendations.tsx(235,73): error TS2363: The right-hand side of an arithmetic operation must be of type 'any', 'number', 'bigint' or an enum type.
src/components/AlchemicalRecommendations.tsx(298,75): error TS2365: Operator '+' cannot be applied to types 'unknown' and 'unknown'.
src/components/AlchemicalRecommendations.tsx(299,13): error TS2365: Operator '>' cannot be applied to types 'unknown' and 'number'.
src/components/AlchemicalRecommendations.tsx(301,71): error TS2363: The right-hand side of an arithmetic operation must be of type 'any', 'number', 'bigint' or an enum type.
src/components/AlchemicalRecommendations.tsx(409,48): error TS2339: Property 'elementalState' does not exist on type '{ dominantElement: ElementalCharacter; dominantProperty: AlchemicalProperty; elementalBalance: Record<ElementalCharacter, number>; alchemicalProperties: Record<...>; }'.
src/components/AlchemicalRecommendations.tsx(415,56): error TS2362: The left-hand side of an arithmetic operation must be of type 'any', 'number', 'bigint' or an enum type.
src/components/AlchemicalRecommendations.tsx(418,50): error TS2362: The left-hand side of an arithmetic operation must be of type 'any', 'number', 'bigint' or an enum type.
src/components/AlchmKitchen.tsx(41,44): error TS2339: Property 'sign' does not exist on type 'AstrologicalState'.
src/components/AlchmKitchen.tsx(98,32): error TS2304: Cannot find name 'styles'.
src/components/AlchmKitchen.tsx(106,25): error TS2304: Cannot find name 'styles'.
src/components/AlchmKitchen.tsx(111,33): error TS2304: Cannot find name 'styles'.
src/components/AlchmKitchen.tsx(113,33): error TS2304: Cannot find name 'styles'.
src/components/AlchmKitchen.tsx(114,37): error TS2304: Cannot find name 'styles'.
src/components/AlchmKitchen.tsx(116,61): error TS2304: Cannot find name 'styles'.
src/components/AlchmKitchen.tsx(118,49): error TS2304: Cannot find name 'styles'.
src/components/AlchmKitchen.tsx(121,49): error TS2304: Cannot find name 'styles'.
src/components/AlchmKitchen.tsx(124,49): error TS2304: Cannot find name 'styles'.
src/components/AlchmKitchen.tsx(125,87): error TS2551: Property 'astrologicalPropertiesInfluences' does not exist on type 'Recipe'. Did you mean 'astrologicalInfluences'?
src/components/AlchmKitchen.tsx(133,29): error TS2304: Cannot find name 'styles'.
src/components/AstrologicalClock.tsx(7,27): error TS2300: Duplicate identifier 'PlanetaryAlignment'.
src/components/AstrologicalClock.tsx(8,10): error TS2300: Duplicate identifier 'calculatePlanetaryPositions'.
src/components/AstrologicalClock.tsx(13,10): error TS2300: Duplicate identifier 'PlanetaryAlignment'.
src/components/AstrologicalClock.tsx(16,10): error TS2300: Duplicate identifier 'calculatePlanetaryPositions'.
src/components/AstrologicalClock.tsx(30,3): error TS1117: An object literal cannot have multiple properties with the same name.
src/components/AstrologicalClock.tsx(32,3): error TS1117: An object literal cannot have multiple properties with the same name.
src/components/AstrologicalClock.tsx(53,21): error TS2339: Property 'sign' does not exist on type 'unknown'.
src/components/AstrologicalClock.tsx(54,21): error TS2339: Property 'degree' does not exist on type 'unknown'.
src/components/AstrologicalClock.tsx(55,14): error TS2339: Property 'degree' does not exist on type 'unknown'.
src/components/AstrologicalClock.tsx(55,33): error TS2339: Property 'degree' does not exist on type 'unknown'.
src/components/AstrologicalClock.tsx(188,51): error TS2345: Argument of type 'string' is not assignable to parameter of type 'ZodiacSign'.
src/components/AstrologyChart/AstrologyChart.migrated.tsx(23,5): error TS2339: Property 'elementalCalculator' does not exist on type '{ isInitialized: boolean; isLoading: boolean; error: Error; status: InitializationStatus; services: { alchemicalEngine: any; astrologyService: any; ingredientService: any; recipeService: any; recommendationService: any; alchemicalRecommendationService: any; }; ... 6 more ...; alchemicalRecommendationService: any; }'.
src/components/AstrologyChart/AstrologyChart.migrated.tsx(47,13): error TS2322: Type 'unknown' is not assignable to type 'number'.
src/components/AstrologyChart/AstrologyChart.migrated.tsx(167,12): error TS2304: Cannot find name 'currentZodiacSigns'.
src/components/AstrologyChart/AstrologyChart.migrated.tsx(227,21): error TS2304: Cannot find name 'styles'.
src/components/AstrologyChart/AstrologyChart.migrated.tsx(230,23): error TS2304: Cannot find name 'styles'.
src/components/AstrologyChart/AstrologyChart.migrated.tsx(231,25): error TS2304: Cannot find name 'styles'.
src/components/AstrologyChart/AstrologyChart.migrated.tsx(240,14): error TS2304: Cannot find name 'currentZodiacSigns'.
src/components/AstrologyChart/AstrologyChart.migrated.tsx(360,25): error TS2304: Cannot find name 'styles'.
src/components/AstrologyChart/AstrologyChart.migrated.tsx(361,27): error TS2304: Cannot find name 'styles'.
src/components/AstrologyChart/AstrologyChart.migrated.tsx(363,29): error TS2304: Cannot find name 'styles'.
src/components/AstrologyChart/AstrologyChart.migrated.tsx(365,47): error TS2304: Cannot find name 'styles'.
src/components/AstrologyChart/AstrologyChart.migrated.tsx(366,35): error TS2304: Cannot find name 'styles'.
src/components/AstrologyChart/AstrologyChart.migrated.tsx(369,35): error TS2304: Cannot find name 'styles'.
src/components/AstrologyChart/AstrologyChart.migrated.tsx(371,34): error TS2304: Cannot find name 'styles'.
src/components/AstrologyChart/AstrologyChart.migrated.tsx(374,38): error TS2304: Cannot find name 'styles'.
src/components/AstrologyChart/AstrologyChart.migrated.tsx(374,64): error TS2322: Type 'unknown' is not assignable to type 'ReactNode'.
src/components/AstrologyChart/AstrologyChart.migrated.tsx(381,27): error TS2304: Cannot find name 'styles'.
src/components/AstrologyChart/AstrologyChart.migrated.tsx(383,29): error TS2304: Cannot find name 'styles'.
src/components/AstrologyChart/AstrologyChart.migrated.tsx(385,49): error TS2304: Cannot find name 'styles'.
src/components/AstrologyChart/AstrologyChart.migrated.tsx(386,35): error TS2304: Cannot find name 'styles'.
src/components/AstrologyChart/AstrologyChart.migrated.tsx(387,35): error TS2304: Cannot find name 'styles'.
src/components/AstrologyChart/AstrologyChart.migrated.tsx(387,59): error TS2322: Type 'unknown' is not assignable to type 'ReactNode'.
src/components/AstrologyChart/AstrologyChart.migrated.tsx(396,23): error TS2304: Cannot find name 'styles'.
src/components/AstrologyChart/AstrologyChart.migrated.tsx(403,26): error TS2304: Cannot find name 'styles'.
src/components/AstrologyChart/AstrologyChart.migrated.tsx(406,32): error TS2304: Cannot find name 'styles'.
src/components/AstrologyChart/AstrologyChart.migrated.tsx(407,32): error TS2304: Cannot find name 'styles'.
src/components/AstrologyChart/AstrologyChart.migrated.tsx(408,32): error TS2304: Cannot find name 'styles'.
src/components/CelestialDisplay/CelestialDisplay.tsx(3,29): error TS2300: Duplicate identifier 'PlanetaryAlignment'.
src/components/CelestialDisplay/CelestialDisplay.tsx(13,10): error TS2300: Duplicate identifier 'PlanetaryAlignment'.
src/components/CelestialDisplay/CelestialDisplay.tsx(142,25): error TS2551: Property 'NorthNode' does not exist on type '{ Sun: string; moon: string; mercury: string; venus: string; mars: string; jupiter: string; saturn: string; uranus: string; neptune: string; pluto: string; northNode: string; southNode: string; }'. Did you mean 'northNode'?
src/components/CelestialDisplay/CelestialDisplay.tsx(152,25): error TS2551: Property 'SouthNode' does not exist on type '{ Sun: string; moon: string; mercury: string; venus: string; mars: string; jupiter: string; saturn: string; uranus: string; neptune: string; pluto: string; northNode: string; southNode: string; }'. Did you mean 'southNode'?
src/components/CelestialDisplay/CelestialDisplay.tsx(216,58): error TS2551: Property 'Earth' does not exist on type '{ Fire: string; earth: string; Air: string; water: string; }'. Did you mean 'earth'?
src/components/CelestialDisplay/CelestialDisplay.tsx(218,41): error TS2551: Property 'Water' does not exist on type '{ Fire: string; earth: string; Air: string; water: string; }'. Did you mean 'water'?
src/components/ChakraDisplay.migrated.tsx(70,5): error TS2339: Property 'chakraService' does not exist on type '{ isInitialized: boolean; isLoading: boolean; error: Error; status: InitializationStatus; services: { alchemicalEngine: any; astrologyService: any; ingredientService: any; recipeService: any; recommendationService: any; alchemicalRecommendationService: any; }; ... 6 more ...; alchemicalRecommendationService: any; }'.
src/components/ChakraDisplay.tsx(3,16): error TS2304: Cannot find name 'ChakraEnergiesDisplay'.
src/components/ChakraEnergiesDisplay.tsx(168,31): error TS2698: Spread types may only be created from object types.
src/components/ChakraEnergiesDisplay.tsx(207,39): error TS2322: Type 'unknown' is not assignable to type 'object'.
src/components/ChakraEnergiesDisplay.tsx(268,29): error TS2339: Property 'toFixed' does not exist on type 'never'.
src/components/ChromeAPITest.tsx(24,36): error TS2339: Property 'url' does not exist on type 'unknown'.
src/components/ChromeAPITest.tsx(25,62): error TS2339: Property 'url' does not exist on type 'unknown'.
src/components/ChromeAPITest.tsx(27,52): error TS2339: Property 'message' does not exist on type 'unknown'.
src/components/ClientWrapper.tsx(17,20): error TS2322: Type '{ children: Element; FallbackComponent: ({ error, resetErrorBoundary, context }: ErrorFallbackProps) => Element; }' is not assignable to type 'IntrinsicAttributes & IntrinsicClassAttributes<ErrorBoundary> & Pick<Readonly<Props>, "children" | "onError"> & InexactPartial<...> & InexactPartial<...>'.
  Property 'FallbackComponent' does not exist on type 'IntrinsicAttributes & IntrinsicClassAttributes<ErrorBoundary> & Pick<Readonly<Props>, "children" | "onError"> & InexactPartial<...> & InexactPartial<...>'.
src/components/common/DisplayComponents.tsx(49,79): error TS2339: Property 'Spirit' does not exist on type 'AlchemicalProperties | { spirit: number; essence: number; matter: number; substance: number; }'.
  Property 'Spirit' does not exist on type '{ spirit: number; essence: number; matter: number; substance: number; }'.
src/components/common/DisplayComponents.tsx(57,79): error TS2339: Property 'Essence' does not exist on type 'AlchemicalProperties | { spirit: number; essence: number; matter: number; substance: number; }'.
  Property 'Essence' does not exist on type '{ spirit: number; essence: number; matter: number; substance: number; }'.
src/components/common/DisplayComponents.tsx(65,79): error TS2339: Property 'Matter' does not exist on type 'AlchemicalProperties | { spirit: number; essence: number; matter: number; substance: number; }'.
  Property 'Matter' does not exist on type '{ spirit: number; essence: number; matter: number; substance: number; }'.
src/components/common/DisplayComponents.tsx(73,79): error TS2339: Property 'Substance' does not exist on type 'AlchemicalProperties | { spirit: number; essence: number; matter: number; substance: number; }'.
  Property 'Substance' does not exist on type '{ spirit: number; essence: number; matter: number; substance: number; }'.
src/components/common/DisplayComponents.tsx(83,11): error TS2339: Property 'chakraEnergies' does not exist on type 'AlchemicalState | {}'.
src/components/common/DisplayComponents.tsx(152,18): error TS2339: Property 'refreshState' does not exist on type 'AlchemicalContextType'.
src/components/common/DisplayComponents.tsx(166,12): error TS2678: Type 'string' is not comparable to type 'Element'.
src/components/common/DisplayComponents.tsx(167,12): error TS2678: Type 'string' is not comparable to type 'Element'.
src/components/common/DisplayComponents.tsx(168,12): error TS2678: Type 'string' is not comparable to type 'Element'.
src/components/common/DisplayComponents.tsx(169,12): error TS2678: Type 'string' is not comparable to type 'Element'.
src/components/common/DisplayComponents.tsx(176,12): error TS2678: Type 'string' is not comparable to type 'Element'.
src/components/common/DisplayComponents.tsx(177,12): error TS2678: Type 'string' is not comparable to type 'Element'.
src/components/common/DisplayComponents.tsx(178,12): error TS2678: Type 'string' is not comparable to type 'Element'.
src/components/common/DisplayComponents.tsx(179,12): error TS2678: Type 'string' is not comparable to type 'Element'.
src/components/common/DisplayComponents.tsx(199,45): error TS2339: Property 'thermodynamicMetrics' does not exist on type 'AlchemicalState'.
src/components/common/DisplayComponents.tsx(222,85): error TS2345: Argument of type 'string' is not assignable to parameter of type 'Element'.
src/components/common/DisplayComponents.tsx(223,35): error TS2345: Argument of type 'string' is not assignable to parameter of type 'Element'.
src/components/common/Utilities.tsx(174,30): error TS2339: Property 'fontSize' does not exist on type '{} | {} | { fontSize: string; padding: string; }'.
  Property 'fontSize' does not exist on type '{}'.
src/components/common/Utilities.tsx(175,31): error TS2339: Property 'fontSize' does not exist on type '{} | {} | { fontSize: string; padding: string; }'.
  Property 'fontSize' does not exist on type '{}'.
src/components/CookingMethods.tsx(74,34): error TS2339: Property 'planetaryPositions' does not exist on type 'unknown'.
src/components/CookingMethods.tsx(76,33): error TS2339: Property 'planetaryPositions' does not exist on type 'unknown'.
src/components/CookingMethods.tsx(78,11): error TS2779: The left-hand side of an assignment expression may not be an optional property access.
src/components/CookingMethods.tsx(99,29): error TS2339: Property 'heat' does not exist on type 'unknown'.
src/components/CookingMethods.tsx(100,32): error TS2339: Property 'entropy' does not exist on type 'unknown'.
src/components/CookingMethods.tsx(101,35): error TS2339: Property 'reactivity' does not exist on type 'unknown'.
src/components/CookingMethods.tsx(102,31): error TS2339: Property 'energy' does not exist on type 'unknown'.
src/components/CookingMethods.tsx(111,29): error TS2339: Property 'heat' does not exist on type 'unknown'.
src/components/CookingMethods.tsx(112,32): error TS2339: Property 'entropy' does not exist on type 'unknown'.
src/components/CookingMethods.tsx(113,35): error TS2339: Property 'reactivity' does not exist on type 'unknown'.
src/components/CookingMethods.tsx(124,30): error TS2339: Property 'heat' does not exist on type 'unknown'.
src/components/CookingMethods.tsx(125,38): error TS2339: Property 'entropy' does not exist on type 'unknown'.
src/components/CookingMethods.tsx(126,36): error TS2339: Property 'reactivity' does not exist on type 'unknown'.
src/components/CookingMethods.tsx(202,34): error TS2339: Property 'thermodynamicProperties' does not exist on type 'unknown'.
src/components/CookingMethods.tsx(203,36): error TS2339: Property 'thermodynamicProperties' does not exist on type 'unknown'.
src/components/CookingMethods.tsx(452,31): error TS2339: Property 'name' does not exist on type 'unknown'.
src/components/CookingMethods.tsx(455,19): error TS2322: Type 'unknown' is not assignable to type 'object'.
src/components/CookingMethods.tsx(457,9): error TS2322: Type 'unknown' is not assignable to type 'number'.
src/components/CookingMethods.tsx(458,9): error TS2322: Type 'unknown' is not assignable to type 'number'.
src/components/CookingMethods.tsx(459,9): error TS2322: Type 'unknown' is not assignable to type 'number'.
src/components/CookingMethods.tsx(774,33): error TS2339: Property 'benefits' does not exist on type '{ name: string; description: string; chemicalProcess: string; precisionRequirements: string; commonErrors: string[]; advancedEquipment: string[]; texturalOutcomes: string[]; thermodynamicProperties: BasicThermodynamicProperties; }'.
src/components/CookingMethods.tsx(775,40): error TS2339: Property 'chemicalChanges' does not exist on type '{ name: string; description: string; chemicalProcess: string; precisionRequirements: string; commonErrors: string[]; advancedEquipment: string[]; texturalOutcomes: string[]; thermodynamicProperties: BasicThermodynamicProperties; }'.
src/components/CookingMethods.tsx(776,38): error TS2339: Property 'toolsRequired' does not exist on type '{ name: string; description: string; chemicalProcess: string; precisionRequirements: string; commonErrors: string[]; advancedEquipment: string[]; texturalOutcomes: string[]; thermodynamicProperties: BasicThermodynamicProperties; }'.
src/components/CookingMethods.tsx(777,44): error TS2339: Property 'optimalTemperatures' does not exist on type '{ name: string; description: string; chemicalProcess: string; precisionRequirements: string; commonErrors: string[]; advancedEquipment: string[]; texturalOutcomes: string[]; thermodynamicProperties: BasicThermodynamicProperties; }'.
src/components/CookingMethods.tsx(1147,20): error TS2304: Cannot find name 'getIdealIngredients'.
src/components/CookingMethods.tsx(1410,18): error TS2551: Property 'Fire' does not exist on type '{ fire: number; water: number; earth: number; Air: number; }'. Did you mean 'fire'?
src/components/CookingMethods.tsx(1412,18): error TS2551: Property 'Fire' does not exist on type '{ fire: number; water: number; earth: number; Air: number; }'. Did you mean 'fire'?
src/components/CookingMethods.tsx(1419,18): error TS2551: Property 'Fire' does not exist on type '{ fire: number; water: number; earth: number; Air: number; }'. Did you mean 'fire'?
src/components/CookingMethods.tsx(1424,18): error TS2551: Property 'Fire' does not exist on type '{ fire: number; water: number; earth: number; Air: number; }'. Did you mean 'fire'?
src/components/CookingMethods.tsx(1506,22): error TS2339: Property 'elementalProperties' does not exist on type '{ id: string; name: string; gregsEnergy: number; matchReason: string; elementalEffect: { Fire: number; Air: number; Earth: number; Water: number; }; benefits: string[]; astrologicalInfluences: { dominantPlanets: string[]; lunarPhaseEffect: { ...; }; }; alchemicalProperties: { ...; }; thermodynamicProperties: { ...; ...'.
  Property 'elementalProperties' does not exist on type '{ id: string; name: string; gregsEnergy: number; matchReason: string; elementalEffect: { Fire: number; Air: number; Earth: number; Water: number; }; benefits: string[]; astrologicalInfluences: { dominantPlanets: string[]; lunarPhaseEffect: { ...; }; }; alchemicalProperties: { ...; }; thermodynamicProperties: { ...; ...'.
src/components/CookingMethods.tsx(1518,28): error TS2551: Property 'currentZodiacSign' does not exist on type '{ currentZodiac: ZodiacSign; lunarPhase: LunarPhaseWithSpaces; activePlanets: string[]; isDaytime: boolean; currentPlanetaryAlignment: PlanetaryAlignment; }'. Did you mean 'currentZodiac'?
src/components/CookingMethods.tsx(1518,80): error TS2339: Property 'favorableZodiac' does not exist on type '{ dominantPlanets: string[]; lunarPhaseEffect: { full_moon: number; new_moon: number; }; } | { dominantPlanets: string[]; lunarPhaseEffect: { waxing_crescent: number; full_moon: number; }; } | { ...; } | ... 10 more ... | { ...; }'.
  Property 'favorableZodiac' does not exist on type '{ dominantPlanets: string[]; lunarPhaseEffect: { full_moon: number; new_moon: number; }; }'.
src/components/CookingMethods.tsx(1518,117): error TS2551: Property 'currentZodiacSign' does not exist on type '{ currentZodiac: ZodiacSign; lunarPhase: LunarPhaseWithSpaces; activePlanets: string[]; isDaytime: boolean; currentPlanetaryAlignment: PlanetaryAlignment; }'. Did you mean 'currentZodiac'?
src/components/CookingMethods.tsx(1520,35): error TS2551: Property 'currentZodiacSign' does not exist on type '{ currentZodiac: ZodiacSign; lunarPhase: LunarPhaseWithSpaces; activePlanets: string[]; isDaytime: boolean; currentPlanetaryAlignment: PlanetaryAlignment; }'. Did you mean 'currentZodiac'?
src/components/CookingMethods.tsx(1520,87): error TS2339: Property 'unfavorableZodiac' does not exist on type '{ dominantPlanets: string[]; lunarPhaseEffect: { full_moon: number; new_moon: number; }; } | { dominantPlanets: string[]; lunarPhaseEffect: { waxing_crescent: number; full_moon: number; }; } | { ...; } | ... 10 more ... | { ...; }'.
  Property 'unfavorableZodiac' does not exist on type '{ dominantPlanets: string[]; lunarPhaseEffect: { full_moon: number; new_moon: number; }; }'.
src/components/CookingMethods.tsx(1520,126): error TS2551: Property 'currentZodiacSign' does not exist on type '{ currentZodiac: ZodiacSign; lunarPhase: LunarPhaseWithSpaces; activePlanets: string[]; isDaytime: boolean; currentPlanetaryAlignment: PlanetaryAlignment; }'. Did you mean 'currentZodiac'?
src/components/CookingMethods.tsx(1540,33): error TS2304: Cannot find name 'determineMatchReason'.
src/components/CookingMethods.tsx(1540,91): error TS2551: Property 'currentZodiacSign' does not exist on type '{ currentZodiac: ZodiacSign; lunarPhase: LunarPhaseWithSpaces; activePlanets: string[]; isDaytime: boolean; currentPlanetaryAlignment: PlanetaryAlignment; }'. Did you mean 'currentZodiac'?
src/components/CookingMethods.tsx(1570,31): error TS2345: Argument of type '({ alchemicalProperties: any; transformedElementalProperties: any; heat: any; entropy: any; reactivity: any; energy: any; gregsEnergy: number; matchReason: any; thermodynamicProperties: BasicThermodynamicProperties; ... 6 more ...; suitable_for: string[]; } | ... 16 more ... | { ...; })[]' is not assignable to parameter of type 'SetStateAction<ExtendedAlchemicalItem[]>'.
  Type '({ alchemicalProperties: any; transformedElementalProperties: any; heat: any; entropy: any; reactivity: any; energy: any; gregsEnergy: number; matchReason: any; thermodynamicProperties: BasicThermodynamicProperties; ... 6 more ...; suitable_for: string[]; } | ... 16 more ... | { ...; })[]' is not assignable to type 'ExtendedAlchemicalItem[]'.
    Type '{ alchemicalProperties: any; transformedElementalProperties: any; heat: any; entropy: any; reactivity: any; energy: any; gregsEnergy: number; matchReason: any; thermodynamicProperties: BasicThermodynamicProperties; ... 6 more ...; suitable_for: string[]; } | ... 16 more ... | { ...; }' is not assignable to type 'ExtendedAlchemicalItem'.
      Type '{ alchemicalProperties: any; transformedElementalProperties: any; heat: any; entropy: any; reactivity: any; energy: any; gregsEnergy: number; matchReason: any; thermodynamicProperties: BasicThermodynamicProperties; ... 6 more ...; suitable_for: string[]; }' is missing the following properties from type 'ExtendedAlchemicalItem': dominantElement, dominantAlchemicalProperty, planetaryBoost, dominantPlanets, and 2 more.
src/components/CookingMethods.tsx(1574,9): error TS2304: Cannot find name 'planets'.
src/components/CookingMethodsSection.migrated.tsx(67,5): error TS2339: Property 'cookingMethodService' does not exist on type '{ isInitialized: boolean; isLoading: boolean; error: Error; status: InitializationStatus; services: { alchemicalEngine: any; astrologyService: any; ingredientService: any; recipeService: any; recommendationService: any; alchemicalRecommendationService: any; }; ... 6 more ...; alchemicalRecommendationService: any; }'.
src/components/CookingMethodsSection.migrated.tsx(68,5): error TS2339: Property 'elementalCalculator' does not exist on type '{ isInitialized: boolean; isLoading: boolean; error: Error; status: InitializationStatus; services: { alchemicalEngine: any; astrologyService: any; ingredientService: any; recipeService: any; recommendationService: any; alchemicalRecommendationService: any; }; ... 6 more ...; alchemicalRecommendationService: any; }'.
src/components/CuisineRecommender.tsx(88,67): error TS2345: Argument of type 'unknown' is not assignable to parameter of type 'string'.
src/components/CuisineRecommender.tsx(115,62): error TS2339: Property 'elementalState' does not exist on type 'CuisineFlavorProfile'.
src/components/CuisineRecommender.tsx(152,44): error TS2345: Argument of type 'keyof ElementalProperties' is not assignable to parameter of type 'string'.
  Type 'number' is not assignable to type 'string'.
src/components/CuisineRecommender.tsx(200,46): error TS2339: Property 'elementalState' does not exist on type 'AstrologicalState | { currentZodiacSign: string; lunarPhase: "new moon"; }'.
  Property 'elementalState' does not exist on type 'AstrologicalState'.
src/components/CuisineRecommender.tsx(200,70): error TS2339: Property 'elementalState' does not exist on type 'AlchemicalState | { astrologicalState: { currentZodiacSign: string; lunarPhase: "new moon"; }; }'.
  Property 'elementalState' does not exist on type '{ astrologicalState: { currentZodiacSign: string; lunarPhase: "new moon"; }; }'.
src/components/CuisineRecommender.tsx(207,48): error TS2339: Property 'elementalState' does not exist on type 'AstrologicalState | { currentZodiacSign: string; lunarPhase: "new moon"; }'.
  Property 'elementalState' does not exist on type 'AstrologicalState'.
src/components/CuisineRecommender.tsx(207,72): error TS2339: Property 'elementalState' does not exist on type 'AlchemicalState | { astrologicalState: { currentZodiacSign: string; lunarPhase: "new moon"; }; }'.
  Property 'elementalState' does not exist on type '{ astrologicalState: { currentZodiacSign: string; lunarPhase: "new moon"; }; }'.
src/components/CuisineRecommender.tsx(209,65): error TS2339: Property 'elementalState' does not exist on type 'AlchemicalState | { astrologicalState: { currentZodiacSign: string; lunarPhase: "new moon"; }; }'.
  Property 'elementalState' does not exist on type '{ astrologicalState: { currentZodiacSign: string; lunarPhase: "new moon"; }; }'.
src/components/CuisineRecommender.tsx(213,5): error TS2304: Cannot find name 'AlchemicalItem'.
src/components/CuisineRecommender.tsx(233,52): error TS2339: Property 'elementalState' does not exist on type 'AstrologicalState'.
src/components/CuisineRecommender.tsx(243,20): error TS2339: Property 'elementalState' does not exist on type '{}'.
src/components/CuisineRecommender.tsx(245,22): error TS2339: Property 'elementalState' does not exist on type '{}'.
src/components/CuisineRecommender.tsx(258,20): error TS2339: Property 'elementalState' does not exist on type '{}'.
src/components/CuisineRecommender.tsx(261,31): error TS2345: Argument of type 'Promise<any[]>' is not assignable to parameter of type 'SetStateAction<any[]>'.
src/components/CuisineRecommender.tsx(296,11): error TS2322: Type '{ planetaryPositions: Record<string, PlanetPosition>; currentZodiacSign: string; lunarPhase: LunarPhase; elementalState: any; }' is not assignable to type '{ currentZodiacSign: string; lunarPhase: LunarPhase; elementalState: any; }'.
  Object literal may only specify known properties, and 'planetaryPositions' does not exist in type '{ currentZodiacSign: string; lunarPhase: LunarPhase; elementalState: any; }'.
src/components/CuisineRecommender.tsx(358,50): error TS2339: Property 'message' does not exist on type 'unknown'.
src/components/CuisineRecommender.tsx(500,37): error TS2339: Property 'elementalState' does not exist on type 'unknown'.
src/components/CuisineRecommender.tsx(515,19): error TS2339: Property 'flavorProfile' does not exist on type 'unknown'.
src/components/CuisineRecommender.tsx(523,24): error TS2339: Property 'flavorProfile' does not exist on type 'unknown'.
src/components/CuisineRecommender.tsx(525,41): error TS2339: Property 'flavorProfile' does not exist on type 'unknown'.
src/components/CuisineRecommender.tsx(549,11): error TS2698: Spread types may only be created from object types.
src/components/CuisineRecommender.tsx(550,21): error TS2339: Property 'id' does not exist on type 'unknown'.
src/components/CuisineRecommender.tsx(550,33): error TS2339: Property 'name' does not exist on type 'unknown'.
src/components/CuisineRecommender.tsx(850,139): error TS2339: Property 'map' does not exist on type 'any[] | Promise<any[]>'.
  Property 'map' does not exist on type 'Promise<any[]>'.
src/components/CuisineRecommender/index.tsx(54,53): error TS2339: Property 'elementalState' does not exist on type 'CelestialAlignment'.
src/components/CuisineRecommender/index.tsx(116,47): error TS2339: Property 'elementalState' does not exist on type 'CelestialAlignment'.
src/components/CuisineRecommender/index.tsx(122,44): error TS2362: The left-hand side of an arithmetic operation must be of type 'any', 'number', 'bigint' or an enum type.
src/components/CuisineRecommender/index.tsx(125,52): error TS2362: The left-hand side of an arithmetic operation must be of type 'any', 'number', 'bigint' or an enum type.
src/components/CuisineRecommender/index.tsx(206,46): error TS2362: The left-hand side of an arithmetic operation must be of type 'any', 'number', 'bigint' or an enum type.
src/components/CuisineRecommenderSimple.tsx(19,21): error TS2304: Cannot find name 'styles'.
src/components/CuisineRecommenderSimple.tsx(20,22): error TS2304: Cannot find name 'styles'.
src/components/CuisineRecommenderSimple.tsx(21,21): error TS2304: Cannot find name 'styles'.
src/components/CuisineSection.tsx(97,9): error TS2740: Type 'Promise<RecipeData[]>' is missing the following properties from type 'Recipe[]': length, pop, push, concat, and 31 more.
src/components/CuisineSection.tsx(99,11): error TS2322: Type 'string' is not assignable to type 'Season'.
src/components/CuisineSection.tsx(175,50): error TS2339: Property 'all' does not exist on type 'any[] | { all?: any[]; summer?: any[]; winter?: any[]; spring?: any[]; autumn?: any[]; fall?: any[]; } | { all?: any[]; summer?: any[]; winter?: any[]; spring?: any[]; autumn?: any[]; fall?: any[]; } | { all?: any[]; summer?: any[]; winter?: any[]; spring?: any[]; autumn?: any[]; fall?: any[]; } | { ...; }'.
  Property 'all' does not exist on type 'any[]'.
src/components/CuisineSection.tsx(175,86): error TS2339: Property 'all' does not exist on type 'any[] | { all?: any[]; summer?: any[]; winter?: any[]; spring?: any[]; autumn?: any[]; fall?: any[]; } | { all?: any[]; summer?: any[]; winter?: any[]; spring?: any[]; autumn?: any[]; fall?: any[]; } | { all?: any[]; summer?: any[]; winter?: any[]; spring?: any[]; autumn?: any[]; fall?: any[]; } | { ...; }'.
  Property 'all' does not exist on type 'any[]'.
src/components/CuisineSection.tsx(176,54): error TS2339: Property 'all' does not exist on type 'any[] | { all?: any[]; summer?: any[]; winter?: any[]; spring?: any[]; autumn?: any[]; fall?: any[]; } | { all?: any[]; summer?: any[]; winter?: any[]; spring?: any[]; autumn?: any[]; fall?: any[]; } | { all?: any[]; summer?: any[]; winter?: any[]; spring?: any[]; autumn?: any[]; fall?: any[]; } | { ...; }'.
  Property 'all' does not exist on type 'any[]'.
src/components/CuisineSection.tsx(298,23): error TS2304: Cannot find name 'styles'.
src/components/CuisineSection.tsx(334,23): error TS2304: Cannot find name 'styles'.
src/components/CuisineSection/CuisineSection.migrated.tsx(58,5): error TS2339: Property 'cuisineService' does not exist on type '{ isInitialized: boolean; isLoading: boolean; error: Error; status: InitializationStatus; services: { alchemicalEngine: any; astrologyService: any; ingredientService: any; recipeService: any; recommendationService: any; alchemicalRecommendationService: any; }; ... 6 more ...; alchemicalRecommendationService: any; }'.
src/components/CuisineSection/CuisineSection.migrated.tsx(92,15): error TS2698: Spread types may only be created from object types.
src/components/CuisineSection/CuisineSection.migrated.tsx(145,80): error TS2551: Property 'water' does not exist on type '{ Fire: number; Water: number; Earth: number; Air: number; season: string; timeOfDay: string; }'. Did you mean 'Water'?
src/components/CuisineSection/CuisineSection.migrated.tsx(145,109): error TS2551: Property 'earth' does not exist on type '{ Fire: number; Water: number; Earth: number; Air: number; season: string; timeOfDay: string; }'. Did you mean 'Earth'?
src/components/CuisineSection/CuisineSection.migrated.tsx(293,23): error TS2304: Cannot find name 'styles'.
src/components/CuisineSection/CuisineSection.migrated.tsx(329,23): error TS2304: Cannot find name 'styles'.
src/components/CuisineSection/index.tsx(61,15): error TS2698: Spread types may only be created from object types.
src/components/CuisineSection/index.tsx(97,9): error TS2322: Type 'Promise<RecipeData[]>' is not assignable to type 'Recipe[]'.
src/components/CuisineSection/index.tsx(99,11): error TS2322: Type 'string' is not assignable to type 'Season'.
src/components/CuisineSection/index.tsx(175,50): error TS2339: Property 'all' does not exist on type 'unknown'.
src/components/CuisineSection/index.tsx(175,86): error TS2339: Property 'all' does not exist on type 'unknown'.
src/components/CuisineSection/index.tsx(176,54): error TS2339: Property 'all' does not exist on type 'unknown'.
src/components/CuisineSection/index.tsx(298,23): error TS2304: Cannot find name 'styles'.
src/components/CuisineSection/index.tsx(334,23): error TS2304: Cannot find name 'styles'.
src/components/CuisineSelector.migrated.tsx(77,15): error TS2322: Type 'unknown' is not assignable to type 'number'.
src/components/CuisineSelector.migrated.tsx(309,16): error TS2304: Cannot find name 'currentZodiacSigns'.
src/components/CuisineSelector.migrated.tsx(356,14): error TS2304: Cannot find name 'currentZodiacSigns'.
src/components/CuisineSelector.tsx(42,21): error TS2551: Property 'italian' does not exist on type '{ readonly African: Cuisine; readonly American: Cuisine; readonly Chinese: Cuisine; readonly French: Cuisine; readonly Greek: Cuisine; ... 10 more ...; readonly american: Cuisine; }'. Did you mean 'Italian'?
src/components/CuisineSelector.tsx(43,39): error TS2551: Property 'italian' does not exist on type '{ readonly African: Cuisine; readonly American: Cuisine; readonly Chinese: Cuisine; readonly French: Cuisine; readonly Greek: Cuisine; ... 10 more ...; readonly american: Cuisine; }'. Did you mean 'Italian'?
src/components/CuisineSelector.tsx(48,21): error TS2551: Property 'french' does not exist on type '{ readonly African: Cuisine; readonly American: Cuisine; readonly Chinese: Cuisine; readonly French: Cuisine; readonly Greek: Cuisine; ... 10 more ...; readonly american: Cuisine; }'. Did you mean 'French'?
src/components/CuisineSelector.tsx(49,39): error TS2551: Property 'french' does not exist on type '{ readonly African: Cuisine; readonly American: Cuisine; readonly Chinese: Cuisine; readonly French: Cuisine; readonly Greek: Cuisine; ... 10 more ...; readonly american: Cuisine; }'. Did you mean 'French'?
src/components/CuisineSelector.tsx(54,21): error TS2551: Property 'thai' does not exist on type '{ readonly African: Cuisine; readonly American: Cuisine; readonly Chinese: Cuisine; readonly French: Cuisine; readonly Greek: Cuisine; ... 10 more ...; readonly american: Cuisine; }'. Did you mean 'Thai'?
src/components/CuisineSelector.tsx(55,39): error TS2551: Property 'thai' does not exist on type '{ readonly African: Cuisine; readonly American: Cuisine; readonly Chinese: Cuisine; readonly French: Cuisine; readonly Greek: Cuisine; ... 10 more ...; readonly american: Cuisine; }'. Did you mean 'Thai'?
src/components/CuisineSelector.tsx(60,21): error TS2551: Property 'middleEastern' does not exist on type '{ readonly African: Cuisine; readonly American: Cuisine; readonly Chinese: Cuisine; readonly French: Cuisine; readonly Greek: Cuisine; ... 10 more ...; readonly american: Cuisine; }'. Did you mean 'Middle Eastern'?
src/components/CuisineSelector.tsx(61,39): error TS2551: Property 'middleEastern' does not exist on type '{ readonly African: Cuisine; readonly American: Cuisine; readonly Chinese: Cuisine; readonly French: Cuisine; readonly Greek: Cuisine; ... 10 more ...; readonly american: Cuisine; }'. Did you mean 'Middle Eastern'?
src/components/CuisineSelector.tsx(103,17): error TS2339: Property 'modality' does not exist on type 'unknown'.
src/components/CuisineSelector.tsx(103,42): error TS2339: Property 'modality' does not exist on type 'unknown'.
src/components/CuisineSelector.tsx(106,50): error TS2339: Property 'elementalState' does not exist on type 'unknown'.
src/components/CuisineSelector.tsx(106,76): error TS2339: Property 'elementalState' does not exist on type 'unknown'.
src/components/CuisineSelector.tsx(184,14): error TS2304: Cannot find name 'currentZodiacSigns'.
src/components/CuisineSpecificRecommendations.tsx(31,11): error TS2339: Property 'astroState' does not exist on type 'AstrologyHookData'.
src/components/CuisineSpecificRecommendations.tsx(31,46): error TS2339: Property 'error' does not exist on type 'AstrologyHookData'.
src/components/CuisineSpecificRecommendations.tsx(78,16): error TS2339: Property 'planetaryDayScore' does not exist on type 'unknown'.
src/components/CuisineSpecificRecommendations.tsx(79,16): error TS2339: Property 'planetaryDayScore' does not exist on type 'unknown'.
src/components/CuisineSpecificRecommendations.tsx(100,12): error TS2304: Cannot find name 'PlanetaryTimeDisplay'.
src/components/CuisineSpecificRecommendations.tsx(166,33): error TS2339: Property 'name' does not exist on type 'unknown'.
src/components/CuisineSpecificRecommendations.tsx(186,58): error TS2339: Property 'currentSeason' does not exist on type 'TimeFactors'.
src/components/debug/AlchemicalDebug.tsx(26,22): error TS2345: Argument of type '{ ingredient: AlchemicalItem; holisticRecommendations: { method: string; compatibility: number; reason?: string; }[]; standardRecommendations: { method: string; compatibility: number; }[]; }' is not assignable to parameter of type 'SetStateAction<TestResult>'.
  Type '{ ingredient: AlchemicalItem; holisticRecommendations: { method: string; compatibility: number; reason?: string; }[]; standardRecommendations: { method: string; compatibility: number; }[]; }' is not assignable to type 'TestResult'.
    Types of property 'holisticRecommendations' are incompatible.
      Type '{ method: string; compatibility: number; reason?: string; }[]' is not assignable to type '{ method: string; compatibility: number; reason: string; }[]'.
        Type '{ method: string; compatibility: number; reason?: string; }' is not assignable to type '{ method: string; compatibility: number; reason: string; }'.
          Property 'reason' is optional in type '{ method: string; compatibility: number; reason?: string; }' but required in type '{ method: string; compatibility: number; reason: string; }'.
src/components/debug/AlchemicalDebug.tsx(62,75): error TS2339: Property 'name' does not exist on type 'unknown'.
src/components/debug/AlchemicalDebug.tsx(63,49): error TS2339: Property 'element' does not exist on type 'unknown'.
src/components/debug/AlchemicalDebug.tsx(64,61): error TS2339: Property 'elementalPropertiesCharacter' does not exist on type 'unknown'.
src/components/debug/AlchemicalDebugger.tsx(89,8): error TS2304: Cannot find name 'UpdateDebugger'.
src/components/debug/CuisineRecommenderDebug.tsx(4,10): error TS2300: Duplicate identifier 'Recipe'.
src/components/debug/CuisineRecommenderDebug.tsx(18,10): error TS2300: Duplicate identifier 'Recipe'.
src/components/debug/CuisineRecommenderDebug.tsx(18,18): error TS2300: Duplicate identifier 'ElementalProperties'.
src/components/debug/CuisineRecommenderDebug.tsx(24,10): error TS2300: Duplicate identifier 'ElementalProperties'.
src/components/debug/CuisineRecommenderDebug.tsx(146,89): error TS2345: Argument of type '{ fire: number; water: number; earth: number; Air: number; }' is not assignable to parameter of type 'ElementalProperties | (() => ElementalProperties)'.
  Type '{ fire: number; water: number; earth: number; Air: number; }' is missing the following properties from type 'ElementalProperties': Fire, Water, Earth
src/components/debug/CuisineRecommenderDebug.tsx(261,9): error TS2345: Argument of type 'string' is not assignable to parameter of type 'ZodiacSign'.
src/components/debug/CuisineRecommenderDebug.tsx(308,31): error TS2554: Expected 3-5 arguments, but got 1.
src/components/debug/CuisineRecommenderDebug.tsx(393,33): error TS2345: Argument of type 'Promise<any[]>' is not assignable to parameter of type 'SetStateAction<any[]>'.
src/components/debug/CuisineRecommenderDebug.tsx(394,31): error TS2339: Property 'slice' does not exist on type 'Promise<any[]>'.
src/components/debug/StateDebugger.tsx(28,26): error TS2345: Argument of type 'Planet | "Unknown"' is not assignable to parameter of type 'SetStateAction<string>'.
  Type 'Planet' is not assignable to type 'SetStateAction<string>'.
src/components/debug/StateDebugger.tsx(95,32): error TS2339: Property 'alchemicalValues' does not exist on type 'AstrologicalState'.
src/components/debug/StateDebugger.tsx(96,45): error TS2339: Property 'alchemicalValues' does not exist on type 'AstrologicalState'.
src/components/debug/StateDebugger.tsx(97,46): error TS2339: Property 'alchemicalValues' does not exist on type 'AstrologicalState'.
src/components/debug/StateDebugger.tsx(98,45): error TS2339: Property 'alchemicalValues' does not exist on type 'AstrologicalState'.
src/components/debug/StateDebugger.tsx(99,48): error TS2339: Property 'alchemicalValues' does not exist on type 'AstrologicalState'.
src/components/debug/StateDebugger.tsx(111,52): error TS2339: Property 'sign' does not exist on type 'AstrologicalState'.
src/components/debug/UnifiedDebug.tsx(18,3): error TS2300: Duplicate identifier 'mode'.
src/components/debug/UnifiedDebug.tsx(18,3): error TS2687: All declarations of 'mode' must have identical modifiers.
src/components/debug/UnifiedDebug.tsx(19,3): error TS2300: Duplicate identifier 'showTabs'.
src/components/debug/UnifiedDebug.tsx(19,3): error TS2687: All declarations of 'showTabs' must have identical modifiers.
src/components/debug/UnifiedDebug.tsx(21,3): error TS2300: Duplicate identifier 'mode'.
src/components/debug/UnifiedDebug.tsx(21,3): error TS2687: All declarations of 'mode' must have identical modifiers.
src/components/debug/UnifiedDebug.tsx(21,3): error TS2717: Subsequent property declarations must have the same type.  Property 'mode' must be of type '"full" | "compact"', but here has type 'any'.
src/components/debug/UnifiedDebug.tsx(22,3): error TS2300: Duplicate identifier 'showTabs'.
src/components/debug/UnifiedDebug.tsx(22,3): error TS2687: All declarations of 'showTabs' must have identical modifiers.
src/components/debug/UnifiedDebug.tsx(47,26): error TS2345: Argument of type 'Planet | "Unknown"' is not assignable to parameter of type 'SetStateAction<string>'.
src/components/debug/UnifiedDebug.tsx(110,22): error TS2345: Argument of type '{ ingredient: AlchemicalItem; holisticRecommendations: { method: string; compatibility: number; reason?: string; }[]; standardRecommendations: { method: string; compatibility: number; }[]; }' is not assignable to parameter of type 'SetStateAction<TestResult>'.
  Type '{ ingredient: AlchemicalItem; holisticRecommendations: { method: string; compatibility: number; reason?: string; }[]; standardRecommendations: { method: string; compatibility: number; }[]; }' is not assignable to type 'TestResult'.
    Types of property 'holisticRecommendations' are incompatible.
      Type '{ method: string; compatibility: number; reason?: string; }[]' is not assignable to type '{ method: string; compatibility: number; reason: string; }[]'.
        Type '{ method: string; compatibility: number; reason?: string; }' is not assignable to type '{ method: string; compatibility: number; reason: string; }'.
          Property 'reason' is optional in type '{ method: string; compatibility: number; reason?: string; }' but required in type '{ method: string; compatibility: number; reason: string; }'.
src/components/debug/UnifiedDebug.tsx(130,32): error TS2339: Property 'alchemicalValues' does not exist on type 'AstrologicalState'.
src/components/debug/UnifiedDebug.tsx(131,45): error TS2339: Property 'alchemicalValues' does not exist on type 'AstrologicalState'.
src/components/debug/UnifiedDebug.tsx(132,46): error TS2339: Property 'alchemicalValues' does not exist on type 'AstrologicalState'.
src/components/debug/UnifiedDebug.tsx(133,45): error TS2339: Property 'alchemicalValues' does not exist on type 'AstrologicalState'.
src/components/debug/UnifiedDebug.tsx(134,48): error TS2339: Property 'alchemicalValues' does not exist on type 'AstrologicalState'.
src/components/debug/UnifiedDebug.tsx(145,52): error TS2339: Property 'sign' does not exist on type 'AstrologicalState'.
src/components/debug/UnifiedDebug.tsx(193,83): error TS2339: Property 'name' does not exist on type 'unknown'.
src/components/debug/UnifiedDebug.tsx(194,69): error TS2339: Property 'element' does not exist on type 'unknown'.
src/components/ElementalDisplay.tsx(59,8): error TS2304: Cannot find name 'AlchemicalPropertiesDisplay'.
src/components/ElementalDisplay/ElementalEnergyDisplay.migrated.tsx(24,5): error TS2339: Property 'elementalCalculator' does not exist on type '{ isInitialized: boolean; isLoading: boolean; error: Error; status: InitializationStatus; services: { alchemicalEngine: any; astrologyService: any; ingredientService: any; recipeService: any; recommendationService: any; alchemicalRecommendationService: any; }; ... 6 more ...; alchemicalRecommendationService: any; }'.
src/components/ElementalDisplay/ElementalEnergyDisplay.migrated.tsx(169,55): error TS2322: Type '{ Fire: number; Water: number; Earth: number; Air: number; metal: number; wood: number; void: number; }' is not assignable to type 'Record<ElementType, number>'.
  Object literal may only specify known properties, but 'Fire' does not exist in type 'Record<ElementType, number>'. Did you mean to write 'fire'?
src/components/ElementalDisplay/ElementalEnergyDisplay.migrated.tsx(221,18): error TS2551: Property 'Fire' does not exist on type 'Record<ElementType, number>'. Did you mean 'fire'?
src/components/ElementalDisplay/ElementalEnergyDisplay.migrated.tsx(258,63): error TS2322: Type '{ Fire: string[]; Water: string[]; Earth: string[]; Air: string[]; metal: string[]; wood: string[]; void: string[]; }' is not assignable to type 'Record<ElementType, string[]>'.
  Object literal may only specify known properties, but 'Fire' does not exist in type 'Record<ElementType, string[]>'. Did you mean to write 'fire'?
src/components/ElementalDisplay/ElementalEnergyDisplay.migrated.tsx(295,49): error TS2322: Type '{ Fire: string; water: string; Air: string; earth: string; metal: string; wood: string; void: string; }' is not assignable to type 'Record<ElementType, string>'.
  Object literal may only specify known properties, but 'Fire' does not exist in type 'Record<ElementType, string>'. Did you mean to write 'fire'?
src/components/ElementalDisplay/ElementalEnergyDisplay.tsx(139,49): error TS2322: Type '{ Fire: string; water: string; Air: string; earth: string; metal: string; wood: string; void: string; }' is not assignable to type 'Record<ElementType, string>'.
  Object literal may only specify known properties, but 'Fire' does not exist in type 'Record<ElementType, string>'. Did you mean to write 'fire'?
src/components/ElementalEnergyDisplay.tsx(216,42): error TS2339: Property 'Spirit' does not exist on type 'AlchemicalProperties'.
src/components/ElementalEnergyDisplay.tsx(217,43): error TS2339: Property 'Essence' does not exist on type 'AlchemicalProperties'.
src/components/ElementalEnergyDisplay.tsx(218,42): error TS2339: Property 'Matter' does not exist on type 'AlchemicalProperties'.
src/components/ElementalEnergyDisplay.tsx(219,45): error TS2339: Property 'Substance' does not exist on type 'AlchemicalProperties'.
src/components/ElementalEnergyDisplay.tsx(292,58): error TS2739: Type 'AlchemicalProperties' is missing the following properties from type 'AlchemicalProperties': Spirit, Essence, Matter, Substance
src/components/ElementalEnergyDisplay.tsx(306,44): error TS2339: Property 'Spirit' does not exist on type 'AlchemicalProperties'.
src/components/ElementalEnergyDisplay.tsx(307,45): error TS2339: Property 'Essence' does not exist on type 'AlchemicalProperties'.
src/components/ElementalEnergyDisplay.tsx(308,44): error TS2339: Property 'Matter' does not exist on type 'AlchemicalProperties'.
src/components/ElementalEnergyDisplay.tsx(309,47): error TS2339: Property 'Substance' does not exist on type 'AlchemicalProperties'.
src/components/ElementalEnergyDisplay.tsx(428,72): error TS2345: Argument of type 'PlanetaryAlignment' is not assignable to parameter of type '{ [key: string]: CelestialPosition; }'.
  'string' index signatures are incompatible.
    Type 'string | number | string[] | CelestialPosition | PlanetaryAspect[]' is not assignable to type 'CelestialPosition'.
src/components/ElementalEnergyDisplay.tsx(453,46): error TS2339: Property 'Spirit' does not exist on type 'AlchemicalProperties'.
src/components/ElementalEnergyDisplay.tsx(454,47): error TS2339: Property 'Essence' does not exist on type 'AlchemicalProperties'.
src/components/ElementalEnergyDisplay.tsx(455,46): error TS2339: Property 'Matter' does not exist on type 'AlchemicalProperties'.
src/components/ElementalEnergyDisplay.tsx(456,49): error TS2339: Property 'Substance' does not exist on type 'AlchemicalProperties'.
src/components/ElementalRecommendations.migrated.tsx(29,5): error TS2339: Property 'elementalCalculator' does not exist on type '{ isInitialized: boolean; isLoading: boolean; error: Error; status: InitializationStatus; services: { alchemicalEngine: any; astrologyService: any; ingredientService: any; recipeService: any; recommendationService: any; alchemicalRecommendationService: any; }; ... 6 more ...; alchemicalRecommendationService: any; }'.
src/components/ElementalRecommendations.migrated.tsx(77,22): error TS2339: Property 'toLowerCase' does not exist on type 'Element'.
src/components/ElementalRecommendations.migrated.tsx(88,22): error TS2339: Property 'toLowerCase' does not exist on type 'Element'.
src/components/ElementalRecommendations.migrated.tsx(156,51): error TS2345: Argument of type 'string' is not assignable to parameter of type 'Element'.
src/components/ElementalRecommendations.migrated.tsx(157,38): error TS2345: Argument of type 'string' is not assignable to parameter of type 'Element'.
src/components/ElementalRecommendations.migrated.tsx(160,30): error TS2345: Argument of type 'string' is not assignable to parameter of type 'Element'.
src/components/ElementalRecommendations.migrated.tsx(175,52): error TS2345: Argument of type 'string' is not assignable to parameter of type 'Element'.
src/components/ElementalRecommendations.migrated.tsx(186,61): error TS2345: Argument of type 'string' is not assignable to parameter of type 'Element'.
src/components/ElementalRecommendations.migrated.tsx(208,30): error TS2339: Property 'charAt' does not exist on type 'Element'.
src/components/ElementalRecommendations.migrated.tsx(208,70): error TS2339: Property 'slice' does not exist on type 'Element'.
src/components/ElementalVisualizer.migrated.tsx(277,25): error TS2362: The left-hand side of an arithmetic operation must be of type 'any', 'number', 'bigint' or an enum type.
src/components/ElementalVisualizer.migrated.tsx(307,31): error TS2339: Property 'toFixed' does not exist on type 'unknown'.
src/components/ElementalVisualizer.migrated.tsx(326,22): error TS2362: The left-hand side of an arithmetic operation must be of type 'any', 'number', 'bigint' or an enum type.
src/components/ElementalVisualizer.migrated.tsx(393,30): error TS2365: Operator '>' cannot be applied to types 'unknown' and 'number'.
src/components/ElementalVisualizer.migrated.tsx(404,61): error TS2339: Property 'toFixed' does not exist on type 'unknown'.
src/components/ElementalVisualizer.tsx(240,25): error TS2362: The left-hand side of an arithmetic operation must be of type 'any', 'number', 'bigint' or an enum type.
src/components/ElementalVisualizer.tsx(268,31): error TS2345: Argument of type 'unknown' is not assignable to parameter of type 'number'.
src/components/ElementalVisualizer.tsx(298,28): error TS2362: The left-hand side of an arithmetic operation must be of type 'any', 'number', 'bigint' or an enum type.
src/components/ElementalVisualizer.tsx(385,63): error TS2345: Argument of type 'unknown' is not assignable to parameter of type 'number'.
src/components/ElementalVisualizer.tsx(409,22): error TS2362: The left-hand side of an arithmetic operation must be of type 'any', 'number', 'bigint' or an enum type.
src/components/ElementalVisualizer.tsx(466,28): error TS2365: Operator '>' cannot be applied to types 'unknown' and 'number'.
src/components/ElementalVisualizer.tsx(477,37): error TS2365: Operator '>' cannot be applied to types 'unknown' and 'number'.
src/components/ElementalVisualizer.tsx(477,76): error TS2345: Argument of type 'unknown' is not assignable to parameter of type 'number'.
src/components/ElementalVisualizer.tsx(543,43): error TS2349: This expression is not callable.
  Type 'Element' has no call signatures.
src/components/ElementalVisualizer.tsx(634,16): error TS2349: This expression is not callable.
  Type 'Element' has no call signatures.
src/components/ElementalVisualizer.tsx(642,16): error TS2349: This expression is not callable.
  Type 'Element' has no call signatures.
src/components/error-handling/ErrorBoundary.tsx(5,10): error TS2305: Module '"../../utils/errorHandling"' has no exported member 'ErrorHandler'.
src/components/error-handling/ErrorBoundary.tsx(5,24): error TS2305: Module '"../../utils/errorHandling"' has no exported member 'errorType'.
src/components/error-handling/ErrorBoundary.tsx(5,35): error TS2305: Module '"../../utils/errorHandling"' has no exported member 'ErrorSeverity'.
src/components/error-handling/ErrorBoundary.tsx(67,30): error TS2339: Property 'getErrorSummary' does not exist on type '{ debug: (message: string, ...args: any[]) => void; log: (message: string, ...args: any[]) => void; info: (message: string, ...args: any[]) => void; warn: (message: string, ...args: any[]) => void; error: (message: string, ...args: any[]) => void; }'.
src/components/ErrorNotifications/index.tsx(4,33): error TS2307: Cannot find module '../../contexts/ErrorContext' or its corresponding type declarations.
src/components/ErrorNotifications/index.tsx(22,21): error TS2304: Cannot find name 'styles'.
src/components/ErrorNotifications/index.tsx(25,22): error TS2304: Cannot find name 'styles'.
src/components/ErrorNotifications/index.tsx(33,23): error TS2304: Cannot find name 'styles'.
src/components/ErrorNotifications/index.tsx(37,27): error TS2304: Cannot find name 'styles'.
src/components/ErrorNotifications/index.tsx(37,50): error TS2304: Cannot find name 'styles'.
src/components/ErrorNotifications/index.tsx(39,29): error TS2304: Cannot find name 'styles'.
src/components/ErrorNotifications/index.tsx(40,31): error TS2304: Cannot find name 'styles'.
src/components/ErrorNotifications/index.tsx(41,34): error TS2304: Cannot find name 'styles'.
src/components/ErrorNotifications/index.tsx(47,30): error TS2304: Cannot find name 'styles'.
src/components/ErrorNotifications/index.tsx(54,29): error TS2304: Cannot find name 'styles'.
src/components/ErrorNotifications/index.tsx(56,37): error TS2304: Cannot find name 'styles'.
src/components/errors/ErrorBoundary.tsx(43,7): error TS2322: Type 'string' is not assignable to type 'ErrorContext'.
src/components/errors/GlobalErrorBoundary.tsx(49,5): error TS2304: Cannot find name 'ErrorHandler'.
src/components/errors/LoadingError.tsx(13,7): error TS2345: Argument of type '{ context: string; action: string; }' is not assignable to parameter of type 'ErrorOptions'.
  Object literal may only specify known properties, and 'action' does not exist in type 'ErrorOptions'.
src/components/FoodRecommendations.tsx(3,60): error TS2304: Cannot find name 'FoodRecommendationsProps'.
src/components/FoodRecommendations.tsx(4,37): error TS2304: Cannot find name 'useState'.
src/components/FoodRecommender.tsx(101,9): error TS2322: Type '() => { show: () => any; hide: () => any; update: () => any; on: () => { off: () => void; }; }' is not assignable to type '(options?: any) => { show: () => any; hide: () => any; update: () => any; on: (event: string, callback?: any) => { off: () => void; }; trigger: (event: string) => any; }'.
  Property 'trigger' is missing in type '{ show: () => any; hide: () => any; update: () => any; on: () => { off: () => void; }; }' but required in type '{ show: () => any; hide: () => any; update: () => any; on: (event: string, callback?: any) => { off: () => void; }; trigger: (event: string) => any; }'.
src/components/FoodRecommender/components/Cuisinegroup.tsx(9,10): error TS2724: '"@/constants/cuisineTypes"' has no exported member named 'cuisineTypes'. Did you mean 'CUISINE_TYPES'?
src/components/FoodRecommender/components/Cuisinegroup.tsx(299,29): error TS2304: Cannot find name 'styles'.
src/components/FoodRecommender/components/Cuisinegroup.tsx(300,29): error TS2304: Cannot find name 'styles'.
src/components/FoodRecommender/components/Cuisinegroup.tsx(301,29): error TS2304: Cannot find name 'styles'.
src/components/FoodRecommender/components/Cuisinegroup.tsx(302,29): error TS2304: Cannot find name 'styles'.
src/components/FoodRecommender/components/Cuisinegroup.tsx(303,12): error TS2304: Cannot find name 'styles'.
src/components/FoodRecommender/components/Cuisinegroup.tsx(309,27): error TS2304: Cannot find name 'styles'.
src/components/FoodRecommender/components/Cuisinegroup.tsx(338,21): error TS2304: Cannot find name 'styles'.
src/components/FoodRecommender/components/Cuisinegroup.tsx(339,23): error TS2304: Cannot find name 'styles'.
src/components/FoodRecommender/components/Cuisinegroup.tsx(340,25): error TS2304: Cannot find name 'styles'.
src/components/FoodRecommender/components/Cuisinegroup.tsx(357,25): error TS2304: Cannot find name 'styles'.
src/components/FoodRecommender/components/Cuisinegroup.tsx(362,40): error TS2345: Argument of type 'Record<string, any>' is not assignable to parameter of type 'SetStateAction<"time" | "calories" | "elemental">'.
src/components/FoodRecommender/components/Cuisinegroup.tsx(362,40): error TS2352: Conversion of type 'string' to type 'Record<string, any>' may be a mistake because neither type sufficiently overlaps with the other. If this was intentional, convert the expression to 'unknown' first.
src/components/FoodRecommender/components/Cuisinegroup.tsx(371,23): error TS2304: Cannot find name 'styles'.
src/components/FoodRecommender/components/Cuisinegroup.tsx(373,43): error TS2304: Cannot find name 'styles'.
src/components/FoodRecommender/components/Cuisinegroup.tsx(383,22): error TS2304: Cannot find name 'styles'.
src/components/FoodRecommender/components/FilterSection.tsx(9,3): error TS2300: Duplicate identifier 'ElementalProperties'.
src/components/FoodRecommender/components/FilterSection.tsx(25,10): error TS2300: Duplicate identifier 'ElementalProperties'.
src/components/FoodRecommender/components/FilterSection.tsx(47,48): error TS2749: 'AlchemicalEngine' refers to a value, but is being used as a type here. Did you mean 'typeof AlchemicalEngine'?
src/components/FoodRecommender/components/FilterSection.tsx(51,25): error TS2351: This expression is not constructable.
  Type '{ alchemize: (birthInfo: BirthInfo, horoscopeDict: HoroscopeData) => Promise<StandardizedAlchemicalResult>; getCurrentPlanetaryPositions: () => Promise<...>; calculateZodiacEnergies: (positions: { ...; }) => { ...; }; calculateChakraEnergies: (zodiacEnergies: { ...; }) => ChakraEnergies; getCurrentAstrologicalState:...' has no construct signatures.
src/components/FoodRecommender/components/FilterSection.tsx(61,12): error TS2749: 'AlchemicalEngine' refers to a value, but is being used as a type here. Did you mean 'typeof AlchemicalEngine'?
src/components/FoodRecommender/components/FoodBalanceTracker.tsx(17,10): error TS2724: '"@/data/ingredients"' has no exported member named 'ingredients'. Did you mean 'ingredientsMap'?
src/components/FoodRecommender/components/FoodBalanceTracker.tsx(23,23): error TS2307: Cannot find module '@/data / (foodTypes || 1)' or its corresponding type declarations.
src/components/FoodRecommender/components/FoodBalanceTracker.tsx(24,49): error TS2300: Duplicate identifier 'ElementalProperties'.
src/components/FoodRecommender/components/FoodBalanceTracker.tsx(26,10): error TS2300: Duplicate identifier 'ElementalProperties'.
src/components/FoodRecommender/components/FoodBalanceTracker.tsx(28,37): error TS2307: Cannot find module '@/data / (culturalrules || 1)' or its corresponding type declarations.
src/components/FoodRecommender/components/FoodBalanceTracker.tsx(258,14): error TS2339: Property 'elementalState' does not exist on type 'Dish'.
src/components/FoodRecommender/components/FoodBalanceTracker.tsx(262,11): error TS2322: Type 'FoodEntry | { id: string; name: string; timeAdded: Date; mealType: "lunch" | "breakfast" | "snack" | "dinner"; cuisineId: string; dishId: string; nutrition: { [key: string]: number; calories: number; protein: number; carbs: number; fat: number; }; elementalProperties: any; category: string; properties: FoodProperty[...' is not assignable to type 'FoodEntry'.
  Type '{ id: string; name: string; timeAdded: Date; mealType: "lunch" | "breakfast" | "snack" | "dinner"; cuisineId: string; dishId: string; nutrition: { [key: string]: number; calories: number; protein: number; carbs: number; fat: number; }; elementalProperties: any; category: string; properties: FoodProperty[]; portion: ...' is not assignable to type 'FoodEntry'.
    Object literal may only specify known properties, and 'id' does not exist in type 'FoodEntry'.
src/components/FoodRecommender/components/FoodBalanceTracker.tsx(262,11): error TS2322: Type '{ id: string; name: string; timeAdded: Date; mealType: "lunch" | "breakfast" | "snack" | "dinner"; cuisineId: string; dishId: string; nutrition: { [key: string]: number; calories: number; protein: number; carbs: number; fat: number; }; elementalProperties: any; category: string; properties: FoodProperty[]; portion: ...' is not assignable to type 'FoodEntry'.
  Object literal may only specify known properties, and 'id' does not exist in type 'FoodEntry'.
src/components/FoodRecommender/components/FoodBalanceTracker.tsx(319,11): error TS2322: Type 'FoodEntry | { id: string; name: string; timeAdded: Date; mealType: "lunch" | "breakfast" | "snack" | "dinner"; nutrition: { [key: string]: number; calories: number; protein: number; carbs: number; fat: number; fiber?: number; }; elementalProperties: any; category: string; properties: FoodProperty[]; portion: number; }' is not assignable to type 'FoodEntry'.
  Type '{ id: string; name: string; timeAdded: Date; mealType: "lunch" | "breakfast" | "snack" | "dinner"; nutrition: { [key: string]: number; calories: number; protein: number; carbs: number; fat: number; fiber?: number; }; elementalProperties: any; category: string; properties: FoodProperty[]; portion: number; }' is not assignable to type 'FoodEntry'.
    Object literal may only specify known properties, and 'id' does not exist in type 'FoodEntry'.
src/components/FoodRecommender/components/FoodBalanceTracker.tsx(319,11): error TS2322: Type '{ id: string; name: string; timeAdded: Date; mealType: "lunch" | "breakfast" | "snack" | "dinner"; nutrition: { [key: string]: number; calories: number; protein: number; carbs: number; fat: number; fiber?: number; }; elementalProperties: any; category: string; properties: FoodProperty[]; portion: number; }' is not assignable to type 'FoodEntry'.
  Object literal may only specify known properties, and 'id' does not exist in type 'FoodEntry'.
src/components/FoodRecommender/components/FoodBalanceTracker.tsx(324,43): error TS2551: Property 'elementalPropertiesState' does not exist on type 'Ingredient'. Did you mean 'elementalProperties'?
src/components/FoodRecommender/components/FoodBalanceTracker.tsx(389,13): error TS2365: Operator '<' cannot be applied to types 'unknown' and 'number'.
src/components/FoodRecommender/components/FoodBalanceTracker.tsx(411,27): error TS2362: The left-hand side of an arithmetic operation must be of type 'any', 'number', 'bigint' or an enum type.
src/components/FoodRecommender/components/FoodBalanceTracker.tsx(472,42): error TS2345: Argument of type 'Record<string, any>' is not assignable to parameter of type 'SetStateAction<"all" | "lunch" | "breakfast" | "snack" | "dinner">'.
src/components/FoodRecommender/components/FoodBalanceTracker.tsx(472,42): error TS2352: Conversion of type 'string' to type 'Record<string, any>' may be a mistake because neither type sufficiently overlaps with the other. If this was intentional, convert the expression to 'unknown' first.
src/components/FoodRecommender/components/FoodBalanceTracker.tsx(540,25): error TS2339: Property 'elementalState' does not exist on type 'Ingredient | Dish'.
  Property 'elementalState' does not exist on type 'Ingredient'.
src/components/FoodRecommender/components/FoodBalanceTracker.tsx(542,44): error TS2339: Property 'elementalState' does not exist on type 'Ingredient | Dish'.
  Property 'elementalState' does not exist on type 'Ingredient'.
src/components/FoodRecommender/components/FoodBalanceTracker.tsx(544,31): error TS2365: Operator '>' cannot be applied to types 'unknown' and 'number'.
src/components/FoodRecommender/components/FoodBalanceTracker.tsx(555,56): error TS2362: The left-hand side of an arithmetic operation must be of type 'any', 'number', 'bigint' or an enum type.
src/components/FoodRecommender/components/FoodBalanceTracker.tsx(600,30): error TS2339: Property 'name' does not exist on type 'FoodEntry'.
src/components/FoodRecommender/components/FoodBalanceTracker.tsx(602,32): error TS2339: Property 'mealType' does not exist on type 'FoodEntry'.
src/components/FoodRecommender/components/FoodBalanceTracker.tsx(606,33): error TS2339: Property 'timeAdded' does not exist on type 'FoodEntry'.
src/components/FoodRecommender/components/FoodBalanceTracker.tsx(614,28): error TS2339: Property 'elementalState' does not exist on type 'FoodEntry'.
src/components/FoodRecommender/components/FoodBalanceTracker.tsx(615,41): error TS2339: Property 'elementalState' does not exist on type 'FoodEntry'.
src/components/FoodRecommender/components/FoodBalanceTracker.tsx(617,49): error TS2339: Property 'elementalState' does not exist on type 'FoodEntry'.
src/components/FoodRecommender/components/FoodBalanceTracker.tsx(642,28): error TS2339: Property 'properties' does not exist on type 'FoodEntry'.
src/components/FoodRecommender/components/FoodBalanceTracker.tsx(642,48): error TS2339: Property 'properties' does not exist on type 'FoodEntry'.
src/components/FoodRecommender/components/FoodBalanceTracker.tsx(644,33): error TS2339: Property 'properties' does not exist on type 'FoodEntry'.
src/components/FoodRecommender/components/FoodBalanceTracker.tsx(774,19): error TS2365: Operator '<' cannot be applied to types 'unknown' and 'number'.
src/components/FoodRecommender/components/FoodBalanceTracker.tsx(776,23): error TS2365: Operator '<' cannot be applied to types 'unknown' and 'number'.
src/components/FoodRecommender/components/FoodBalanceTracker.tsx(778,23): error TS2365: Operator '<' cannot be applied to types 'unknown' and 'number'.
src/components/FoodRecommender/components/FoodBalanceTracker.tsx(783,19): error TS2365: Operator '<' cannot be applied to types 'unknown' and 'number'.
src/components/FoodRecommender/components/FoodBalanceTracker.tsx(785,23): error TS2365: Operator '<' cannot be applied to types 'unknown' and 'number'.
src/components/FoodRecommender/components/FoodBalanceTracker.tsx(787,23): error TS2365: Operator '<' cannot be applied to types 'unknown' and 'number'.
src/components/FoodRecommender/components/FoodBalanceTracker.tsx(809,46): error TS2362: The left-hand side of an arithmetic operation must be of type 'any', 'number', 'bigint' or an enum type.
src/components/FoodRecommender/components/FoodBalanceTracker.tsx(814,25): error TS2362: The left-hand side of an arithmetic operation must be of type 'any', 'number', 'bigint' or an enum type.
src/components/FoodRecommender/components/FoodBalanceTracker.tsx(906,28): error TS2365: Operator '>' cannot be applied to types 'unknown' and 'number'.
src/components/FoodRecommender/components/FoodBalanceTracker.tsx(963,24): error TS2365: Operator '>' cannot be applied to types 'unknown' and 'number'.
src/components/FoodRecommender/components/IngredientRecommendations.tsx(3,10): error TS2305: Module '"@/utils/foodRecommender"' has no exported member 'analyzeIngredientCompatibility'.
src/components/FoodRecommender/components/IngredientRecommendations.tsx(17,12): error TS2304: Cannot find name 'getTopIngredientMatches'.
src/components/FoodRecommender/components/IngredientRecommendations.tsx(21,28): error TS2304: Cannot find name 'styles'.
src/components/FoodRecommender/components/IngredientRecommendations.tsx(25,21): error TS2304: Cannot find name 'styles'.
src/components/FoodRecommender/components/IngredientRecommendations.tsx(27,22): error TS2304: Cannot find name 'styles'.
src/components/FoodRecommender/components/IngredientRecommendations.tsx(29,48): error TS2304: Cannot find name 'styles'.
src/components/FoodRecommender/components/IngredientRecommendations.tsx(30,29): error TS2304: Cannot find name 'styles'.
src/components/FoodRecommender/components/IngredientRecommendations.tsx(31,29): error TS2304: Cannot find name 'styles'.
src/components/FoodRecommender/components/NutritionDisplay.tsx(8,14): error TS2304: Cannot find name 'Nutrition'.
src/components/FoodRecommender/FoodRecommender.migrated.tsx(28,5): error TS2339: Property 'elementalCalculator' does not exist on type '{ isInitialized: boolean; isLoading: boolean; error: Error; status: InitializationStatus; services: { alchemicalEngine: any; astrologyService: any; ingredientService: any; recipeService: any; recommendationService: any; alchemicalRecommendationService: any; }; ... 6 more ...; alchemicalRecommendationService: any; }'.
src/components/FoodRecommender/FoodRecommender.migrated.tsx(95,8): error TS2304: Cannot find name 'IngredientDisplayMigrated'.
src/components/FoodRecommender/index.tsx(52,31): error TS2339: Property 'elementalProperties' does not exist on type 'AstrologicalState'.
src/components/FoodRecommender/index.tsx(52,52): error TS2339: Property 'activePlanets' does not exist on type 'AstrologicalState'.
src/components/FoodRecommender/index.tsx(52,67): error TS2339: Property 'currentZodiacSign' does not exist on type 'AstrologicalState'.
src/components/FoodRecommender/index.tsx(52,86): error TS2339: Property 'lunarPhase' does not exist on type 'AstrologicalState'.
src/components/FoodRecommender/index.tsx(63,64): error TS2304: Cannot find name 'zodiacSign'.
src/components/FoodRecommender/index.tsx(71,8): error TS2304: Cannot find name 'IngredientDisplay'.
src/components/FoodRecommender/IngredientDisplay.migrated.tsx(30,5): error TS2339: Property 'elementalCalculator' does not exist on type '{ isInitialized: boolean; isLoading: boolean; error: Error; status: InitializationStatus; services: { alchemicalEngine: any; astrologyService: any; ingredientService: any; recipeService: any; recommendationService: any; alchemicalRecommendationService: any; }; ... 6 more ...; alchemicalRecommendationService: any; }'.
src/components/FoodRecommender/IngredientDisplay.tsx(2,10): error TS2724: '"../../contexts"' has no exported member named 'useAstrologicalState'. Did you mean 'AstrologicalState'?
src/components/FoodRecommender/IngredientRecommendations.tsx(21,28): error TS2304: Cannot find name 'styles'.
src/components/FoodRecommender/IngredientRecommendations.tsx(25,21): error TS2304: Cannot find name 'styles'.
src/components/FoodRecommender/IngredientRecommendations.tsx(27,22): error TS2304: Cannot find name 'styles'.
src/components/FoodRecommender/IngredientRecommendations.tsx(29,48): error TS2304: Cannot find name 'styles'.
src/components/FoodRecommender/IngredientRecommendations.tsx(30,29): error TS2304: Cannot find name 'styles'.
src/components/FoodRecommender/IngredientRecommendations.tsx(31,29): error TS2304: Cannot find name 'styles'.
src/components/FoodRecommender/mocks/ingredients.ts(1,49): error TS2300: Duplicate identifier 'ElementalProperties'.
src/components/FoodRecommender/mocks/ingredients.ts(3,10): error TS2300: Duplicate identifier 'ElementalProperties'.
src/components/FoodRecommender/NutritionalRecommender.tsx(5,8): error TS2459: Module '"@/services/IngredientFilterService"' declares 'NutritionalFilter' locally, but it is not exported.
src/components/FoodRecommender/NutritionalRecommender.tsx(436,32): error TS2304: Cannot find name 'IngredientMapping'.
src/components/FoodRecommender/NutritionalRecommender.tsx(580,15): error TS2304: Cannot find name 'IngredientMapping'.
src/components/FoodRecommender/NutritionalRecommender.tsx(651,59): error TS2362: The left-hand side of an arithmetic operation must be of type 'any', 'number', 'bigint' or an enum type.
src/components/FoodRecommender/NutritionalRecommender.tsx(737,29): error TS2339: Property 'nutrition' does not exist on type 'unknown'.
src/components/FoodRecommender/NutritionalRecommender.tsx(737,55): error TS2339: Property 'nutrition' does not exist on type 'unknown'.
src/components/FoodRecommender/NutritionalRecommender.tsx(739,33): error TS2339: Property 'nutrition' does not exist on type 'unknown'.
src/components/FoodRecommender/NutritionalRecommender.tsx(742,42): error TS2339: Property 'name' does not exist on type 'unknown'.
src/components/FoodRecommender/NutritionalRecommender.tsx(743,41): error TS2339: Property 'name' does not exist on type 'unknown'.
src/components/FoodRecommender/NutritionalRecommender.tsx(745,37): error TS2339: Property 'amount' does not exist on type 'unknown'.
src/components/FoodRecommender/NutritionalRecommender.tsx(745,55): error TS2339: Property 'unit' does not exist on type 'unknown'.
src/components/FoodRecommender/NutritionalRecommender.tsx(753,29): error TS2339: Property 'categoryPath' does not exist on type 'unknown'.
src/components/FoodRecommender/NutritionalRecommender.tsx(756,33): error TS2339: Property 'categoryPath' does not exist on type 'unknown'.
src/components/FoodRecommender/NutritionalRecommender.tsx(761,29): error TS2339: Property 'possibleSubstitutes' does not exist on type 'unknown'.
src/components/FoodRecommender/NutritionalRecommender.tsx(764,33): error TS2339: Property 'possibleSubstitutes' does not exist on type 'unknown'.
src/components/FoodRecommender/utils.ts(59,36): error TS2345: Argument of type 'import("/Users/GregCastro/Desktop/WhatToEatNext/src/types/celestial").AstrologicalState' is not assignable to parameter of type 'import("/Users/GregCastro/Desktop/WhatToEatNext/src/types/alchemy").AstrologicalState'.
src/components/FoodRecommender/utils.ts(62,30): error TS2339: Property 'length' does not exist on type 'Promise<EnhancedIngredient[]>'.
src/components/FoodRecommender/utils.ts(73,30): error TS2339: Property 'map' does not exist on type 'Promise<EnhancedIngredient[]>'.
src/components/GlobalPopup.tsx(2,10): error TS2724: '"@/contexts/PopupContext"' has no exported member named 'usePopupContext'. Did you mean 'PopupContext'?
src/components/GlobalPopup.tsx(3,10): error TS2305: Module '"@/constants/elementalConstants"' has no exported member 'ELEMENT_COLORS'.
src/components/GlobalPopup.tsx(4,49): error TS2300: Duplicate identifier 'ElementalProperties'.
src/components/GlobalPopup.tsx(6,10): error TS2300: Duplicate identifier 'ElementalProperties'.
src/components/GlobalPopup.tsx(20,25): error TS2304: Cannot find name 'usePopup'.
src/components/GlobalPopup.tsx(26,24): error TS2304: Cannot find name 'ZODIAC_ELEMENTS'.
src/components/GlobalPopup.tsx(26,66): error TS2304: Cannot find name 'ZodiacSign'.
src/components/GlobalPopup.tsx(27,25): error TS2304: Cannot find name 'ZODIAC_ELEMENTS'.
src/components/GlobalPopup.tsx(27,68): error TS2304: Cannot find name 'ZodiacSign'.
src/components/GlobalPopup.tsx(31,7): error TS2304: Cannot find name 'ELEMENT_AFFINITIES'.
src/components/GlobalPopup.tsx(44,76): error TS2339: Property 'sign' does not exist on type 'PopupOptions'.
src/components/GlobalPopup.tsx(53,76): error TS2339: Property 'sign' does not exist on type 'PopupOptions'.
src/components/GlobalPopup.tsx(62,76): error TS2339: Property 'sign' does not exist on type 'PopupOptions'.
src/components/GlobalPopup.tsx(71,76): error TS2339: Property 'sign' does not exist on type 'PopupOptions'.
src/components/GlobalPopup.tsx(78,56): error TS2339: Property 'sign' does not exist on type 'PopupOptions'.
src/components/GlobalPopup.tsx(99,17): error TS2304: Cannot find name 'usePopup'.
src/components/Header/FoodRecommender/components/Cuisinegroup.tsx(83,56): error TS2339: Property 'currentSeason' does not exist on type '{ Fire: number; Water: number; Earth: number; Air: number; timeOfDay: string; season: string; }'.
src/components/Header/FoodRecommender/components/Cuisinegroup.tsx(162,62): error TS2339: Property 'currentSeason' does not exist on type '{ Fire: number; Water: number; Earth: number; Air: number; timeOfDay: string; season: string; }'.
src/components/Header/FoodRecommender/components/FilterSection.tsx(7,52): error TS2300: Duplicate identifier 'ElementalProperties'.
src/components/Header/FoodRecommender/components/FilterSection.tsx(17,10): error TS2300: Duplicate identifier 'ElementalProperties'.
src/components/Header/FoodRecommender/components/FoodBalanceTracker.tsx(6,92): error TS2698: Spread types may only be created from object types.
src/components/Header/FoodRecommender/components/IngredientRecommendations.tsx(21,28): error TS2304: Cannot find name 'styles'.
src/components/Header/FoodRecommender/components/IngredientRecommendations.tsx(25,21): error TS2304: Cannot find name 'styles'.
src/components/Header/FoodRecommender/components/IngredientRecommendations.tsx(27,22): error TS2304: Cannot find name 'styles'.
src/components/Header/FoodRecommender/components/IngredientRecommendations.tsx(29,48): error TS2304: Cannot find name 'styles'.
src/components/Header/FoodRecommender/components/IngredientRecommendations.tsx(30,29): error TS2304: Cannot find name 'styles'.
src/components/Header/FoodRecommender/components/IngredientRecommendations.tsx(34,31): error TS2304: Cannot find name 'styles'.
src/components/Header/FoodRecommender/components/IngredientRecommendations.tsx(36,53): error TS2362: The left-hand side of an arithmetic operation must be of type 'any', 'number', 'bigint' or an enum type.
src/components/Header/FoodRecommender/components/IngredientRecommendations.tsx(36,57): error TS2363: The right-hand side of an arithmetic operation must be of type 'any', 'number', 'bigint' or an enum type.
src/components/Header/FoodRecommender/components/IngredientRecommendations.tsx(38,51): error TS2304: Cannot find name 'styles'.
src/components/Header/FoodRecommender/components/IngredientRecommendations.tsx(39,40): error TS2304: Cannot find name 'styles'.
src/components/Header/FoodRecommender/components/IngredientRecommendations.tsx(41,36): error TS2304: Cannot find name 'styles'.
src/components/Header/FoodRecommender/components/IngredientRecommendations.tsx(42,55): error TS2362: The left-hand side of an arithmetic operation must be of type 'any', 'number', 'bigint' or an enum type.
src/components/Header/FoodRecommender/components/IngredientRecommendations.tsx(44,40): error TS2304: Cannot find name 'styles'.
src/components/Header/FoodRecommender/components/IngredientRecommendations.tsx(45,37): error TS2362: The left-hand side of an arithmetic operation must be of type 'any', 'number', 'bigint' or an enum type.
src/components/Header/FoodRecommender/components/IngredientRecommendations.tsx(54,31): error TS2304: Cannot find name 'styles'.
src/components/Header/FoodRecommender/components/IngredientRecommendations.tsx(55,33): error TS2304: Cannot find name 'styles'.
src/components/Header/FoodRecommender/components/IngredientRecommendations.tsx(56,36): error TS2304: Cannot find name 'styles'.
src/components/Header/FoodRecommender/components/IngredientRecommendations.tsx(57,36): error TS2304: Cannot find name 'styles'.
src/components/Header/FoodRecommender/components/IngredientRecommendations.tsx(60,35): error TS2304: Cannot find name 'styles'.
src/components/Header/FoodRecommender/components/IngredientRecommendations.tsx(61,38): error TS2304: Cannot find name 'styles'.
src/components/Header/FoodRecommender/components/IngredientRecommendations.tsx(62,38): error TS2304: Cannot find name 'styles'.
src/components/Header/FoodRecommender/components/IngredientRecommendations.tsx(66,35): error TS2304: Cannot find name 'styles'.
src/components/Header/FoodRecommender/components/IngredientRecommendations.tsx(67,38): error TS2304: Cannot find name 'styles'.
src/components/Header/FoodRecommender/components/IngredientRecommendations.tsx(68,38): error TS2304: Cannot find name 'styles'.
src/components/Header/FoodRecommender/components/IngredientRecommendations.tsx(74,29): error TS2304: Cannot find name 'styles'.
src/components/Header/FoodRecommender/index.tsx(14,28): error TS2300: Duplicate identifier 'calculatePlanetaryPositions'.
src/components/Header/FoodRecommender/index.tsx(41,10): error TS2300: Duplicate identifier 'calculatePlanetaryPositions'.
src/components/Header/FoodRecommender/index.tsx(52,5): error TS2820: Type '"full moon"' is not assignable to type 'LunarPhaseWithSpaces'. Did you mean '"full Moon"'?
src/components/Header/FoodRecommender/index.tsx(61,5): error TS2820: Type '"full moon"' is not assignable to type 'LunarPhaseWithSpaces'. Did you mean '"full Moon"'?
src/components/Header/FoodRecommender/index.tsx(70,5): error TS2820: Type '"full moon"' is not assignable to type 'LunarPhaseWithSpaces'. Did you mean '"full Moon"'?
src/components/Header/FoodRecommender/index.tsx(151,40): error TS2339: Property 'id' does not exist on type 'unknown'.
src/components/Header/FoodRecommender/index.tsx(151,57): error TS2339: Property 'name' does not exist on type 'unknown'.
src/components/Header/FoodRecommender/index.tsx(152,42): error TS2339: Property 'name' does not exist on type 'unknown'.
src/components/Header/FoodRecommender/index.tsx(153,82): error TS2345: Argument of type '"fire"' is not assignable to parameter of type 'Element'.
src/components/Header/FoodRecommender/index.tsx(154,64): error TS2345: Argument of type '"water"' is not assignable to parameter of type 'Element'.
src/components/Header/FoodRecommender/index.tsx(155,64): error TS2345: Argument of type '"earth"' is not assignable to parameter of type 'Element'.
src/components/Header/FoodRecommender/index.tsx(158,46): error TS2339: Property 'category' does not exist on type 'unknown'.
src/components/Header/FoodRecommender/index.tsx(159,49): error TS2339: Property 'subCategory' does not exist on type 'unknown'.
src/components/Header/FoodRecommender/index.tsx(160,48): error TS2339: Property 'isInSeason' does not exist on type 'unknown'.
src/components/Header/FoodRecommender/index.tsx(161,55): error TS2339: Property 'temperatureEffect' does not exist on type 'unknown'.
src/components/Header/FoodRecommender/index.tsx(162,57): error TS2339: Property 'medicinalProperties' does not exist on type 'unknown'.
src/components/Header/FoodRecommender/index.tsx(163,47): error TS2339: Property 'qualities' does not exist on type 'unknown'.
src/components/Header/FoodRecommender/index.tsx(164,57): error TS2339: Property 'astrologicalPropertiesProfile' does not exist on type 'unknown'.
src/components/Header/FoodRecommender/index.tsx(174,44): error TS2339: Property 'id' does not exist on type 'unknown'.
src/components/Header/FoodRecommender/index.tsx(174,61): error TS2339: Property 'name' does not exist on type 'unknown'.
src/components/Header/FoodRecommender/index.tsx(175,46): error TS2339: Property 'name' does not exist on type 'unknown'.
src/components/Header/FoodRecommender/index.tsx(176,86): error TS2345: Argument of type '"fire"' is not assignable to parameter of type 'Element'.
src/components/Header/FoodRecommender/index.tsx(177,68): error TS2345: Argument of type '"water"' is not assignable to parameter of type 'Element'.
src/components/Header/FoodRecommender/index.tsx(178,68): error TS2345: Argument of type '"earth"' is not assignable to parameter of type 'Element'.
src/components/Header/FoodRecommender/index.tsx(181,50): error TS2339: Property 'category' does not exist on type 'unknown'.
src/components/Header/FoodRecommender/index.tsx(182,53): error TS2339: Property 'subCategory' does not exist on type 'unknown'.
src/components/Header/FoodRecommender/index.tsx(183,52): error TS2339: Property 'isInSeason' does not exist on type 'unknown'.
src/components/Header/FoodRecommender/index.tsx(184,59): error TS2339: Property 'temperatureEffect' does not exist on type 'unknown'.
src/components/Header/FoodRecommender/index.tsx(185,61): error TS2339: Property 'medicinalProperties' does not exist on type 'unknown'.
src/components/Header/FoodRecommender/index.tsx(186,51): error TS2339: Property 'qualities' does not exist on type 'unknown'.
src/components/Header/FoodRecommender/index.tsx(187,61): error TS2339: Property 'astrologicalPropertiesProfile' does not exist on type 'unknown'.
src/components/Header/FoodRecommender/index.tsx(232,33): error TS2779: The left-hand side of an assignment expression may not be an optional property access.
src/components/Header/FoodRecommender/index.tsx(235,120): error TS2365: Operator '+' cannot be applied to types 'unknown' and 'unknown'.
src/components/Header/FoodRecommender/index.tsx(236,37): error TS2365: Operator '>' cannot be applied to types 'unknown' and 'number'.
src/components/Header/FoodRecommender/index.tsx(239,114): error TS2363: The right-hand side of an arithmetic operation must be of type 'any', 'number', 'bigint' or an enum type.
src/components/Header/FoodRecommender/index.tsx(265,31): error TS2339: Property 'updatePlanetaryData' does not exist on type 'RecommendationAdapter'.
src/components/Header/FoodRecommender/index.tsx(280,64): error TS2339: Property 'message' does not exist on type 'unknown'.
src/components/Header/FoodRecommender/index.tsx(286,39): error TS2339: Property 'message' does not exist on type 'unknown'.
src/components/Header/FoodRecommender/index.tsx(287,32): error TS2339: Property 'stack' does not exist on type 'unknown'.
src/components/Header/FoodRecommender/index.tsx(305,50): error TS2339: Property 'elementalState' does not exist on type 'unknown'.
src/components/Header/FoodRecommender/index.tsx(313,37): error TS2339: Property 'astrologicalProfile' does not exist on type 'unknown'.
src/components/Header/FoodRecommender/index.tsx(399,44): error TS2339: Property 'elementalPropertiesState' does not exist on type 'unknown'.
src/components/Header/FoodRecommender/index.tsx(408,49): error TS2339: Property 'elementalPropertiesState' does not exist on type 'unknown'.
src/components/Header/FoodRecommender/index.tsx(412,67): error TS2345: Argument of type 'Record<string, any>' is not assignable to parameter of type 'Ingredient'.
  Type 'Record<string, any>' is missing the following properties from type 'Ingredient': storage, name, category, elementalProperties, qualities
src/components/Header/FoodRecommender/index.tsx(417,28): error TS2339: Property 'elementalPropertiesState' does not exist on type 'unknown'.
src/components/Header/FoodRecommender/index.tsx(462,25): error TS2304: Cannot find name 'styles'.
src/components/Header/FoodRecommender/index.tsx(590,113): error TS2339: Property 'spirit' does not exist on type 'AlchemicalProperties | { spirit: number; essence: number; matter: number; substance: number; }'.
  Property 'spirit' does not exist on type 'AlchemicalProperties'.
src/components/Header/FoodRecommender/index.tsx(594,113): error TS2339: Property 'essence' does not exist on type 'AlchemicalProperties | { spirit: number; essence: number; matter: number; substance: number; }'.
  Property 'essence' does not exist on type 'AlchemicalProperties'.
src/components/Header/FoodRecommender/index.tsx(598,113): error TS2339: Property 'matter' does not exist on type 'AlchemicalProperties | { spirit: number; essence: number; matter: number; substance: number; }'.
  Property 'matter' does not exist on type 'AlchemicalProperties'.
src/components/Header/FoodRecommender/index.tsx(602,113): error TS2339: Property 'substance' does not exist on type 'AlchemicalProperties | { spirit: number; essence: number; matter: number; substance: number; }'.
  Property 'substance' does not exist on type 'AlchemicalProperties'.
src/components/Header/FoodRecommender/index.tsx(709,81): error TS2345: Argument of type 'string' is not assignable to parameter of type 'Element'.
src/components/Header/FoodRecommender/IngredientRecommendations.tsx(3,41): error TS2307: Cannot find module '@/types/ingredients' or its corresponding type declarations.
src/components/Header/FoodRecommender/IngredientRecommendations.tsx(4,42): error TS2300: Duplicate identifier 'ElementalProperties'.
src/components/Header/FoodRecommender/IngredientRecommendations.tsx(7,10): error TS2300: Duplicate identifier 'ElementalProperties'.
src/components/Header/FoodRecommender/IngredientRecommendations.tsx(30,56): error TS2551: Property 'elementalPropertiesState' does not exist on type 'Ingredient'. Did you mean 'elementalProperties'?
src/components/Header/FoodRecommender/IngredientRecommendations.tsx(36,53): error TS2551: Property 'elementalPropertiesState' does not exist on type 'Ingredient'. Did you mean 'elementalProperties'?
src/components/Header/FoodRecommender/IngredientRecommendations.tsx(40,61): error TS2551: Property 'elementalPropertiesState' does not exist on type 'Ingredient'. Did you mean 'elementalProperties'?
src/components/Header/FoodRecommender/IngredientRecommendations.tsx(44,57): error TS2551: Property 'elementalPropertiesState' does not exist on type 'Ingredient'. Did you mean 'elementalProperties'?
src/components/Header/FoodRecommender/IngredientRecommendations.tsx(45,62): error TS2551: Property 'elementalPropertiesState' does not exist on type 'Ingredient'. Did you mean 'elementalProperties'?
src/components/Header/FoodRecommender/IngredientRecommendations.tsx(50,40): error TS2339: Property 'nutritionalPropertiesProfile' does not exist on type 'Ingredient'.
src/components/Header/FoodRecommender/IngredientRecommendations.tsx(51,58): error TS2339: Property 'nutritionalPropertiesProfile' does not exist on type 'Ingredient'.
src/components/Header/FoodRecommender/IngredientRecommendations.tsx(136,63): error TS2551: Property 'elementalPropertiesState' does not exist on type 'Ingredient'. Did you mean 'elementalProperties'?
src/components/Header/FoodRecommender/IngredientRecommendations.tsx(138,69): error TS2551: Property 'elementalPropertiesState' does not exist on type 'Ingredient'. Did you mean 'elementalProperties'?
src/components/Header/FoodRecommender/IngredientRecommendations.tsx(143,44): error TS2339: Property 'nutritionalPropertiesProfile' does not exist on type 'Ingredient'.
src/components/Header/FoodRecommender/IngredientRecommendations.tsx(144,62): error TS2339: Property 'nutritionalPropertiesProfile' does not exist on type 'Ingredient'.
src/components/Header/FoodRecommender/IngredientRecommendations.tsx(211,64): error TS2551: Property 'elementalPropertiesState' does not exist on type 'Ingredient'. Did you mean 'elementalProperties'?
src/components/Header/FoodRecommender/IngredientRecommendations.tsx(216,58): error TS2362: The left-hand side of an arithmetic operation must be of type 'any', 'number', 'bigint' or an enum type.
src/components/IngredientCard.tsx(3,40): error TS2300: Duplicate identifier 'ElementalProperties'.
src/components/IngredientCard.tsx(6,10): error TS2300: Duplicate identifier 'ElementalProperties'.
src/components/IngredientCard.tsx(20,57): error TS2551: Property 'elementalPropertiesState' does not exist on type 'RecipeIngredient | Ingredient'. Did you mean 'elementalProperties'?
  Property 'elementalPropertiesState' does not exist on type 'RecipeIngredient'.
src/components/IngredientCard.tsx(47,19): error TS2551: Property 'elementalPropertiesState' does not exist on type 'RecipeIngredient | Ingredient'. Did you mean 'elementalProperties'?
  Property 'elementalPropertiesState' does not exist on type 'RecipeIngredient'.
src/components/IngredientCard.tsx(53,46): error TS2551: Property 'elementalPropertiesState' does not exist on type 'RecipeIngredient | Ingredient'. Did you mean 'elementalProperties'?
  Property 'elementalPropertiesState' does not exist on type 'RecipeIngredient'.
src/components/IngredientCard.tsx(56,39): error TS2551: Property 'elementalPropertiesState' does not exist on type 'RecipeIngredient | Ingredient'. Did you mean 'elementalProperties'?
  Property 'elementalPropertiesState' does not exist on type 'RecipeIngredient'.
src/components/IngredientCard.tsx(64,46): error TS2551: Property 'elementalPropertiesState' does not exist on type 'RecipeIngredient | Ingredient'. Did you mean 'elementalProperties'?
  Property 'elementalPropertiesState' does not exist on type 'RecipeIngredient'.
src/components/IngredientCard.tsx(67,39): error TS2551: Property 'elementalPropertiesState' does not exist on type 'RecipeIngredient | Ingredient'. Did you mean 'elementalProperties'?
  Property 'elementalPropertiesState' does not exist on type 'RecipeIngredient'.
src/components/IngredientCard.tsx(75,46): error TS2551: Property 'elementalPropertiesState' does not exist on type 'RecipeIngredient | Ingredient'. Did you mean 'elementalProperties'?
  Property 'elementalPropertiesState' does not exist on type 'RecipeIngredient'.
src/components/IngredientCard.tsx(78,39): error TS2551: Property 'elementalPropertiesState' does not exist on type 'RecipeIngredient | Ingredient'. Did you mean 'elementalProperties'?
  Property 'elementalPropertiesState' does not exist on type 'RecipeIngredient'.
src/components/IngredientCard.tsx(86,46): error TS2551: Property 'elementalPropertiesState' does not exist on type 'RecipeIngredient | Ingredient'. Did you mean 'elementalProperties'?
  Property 'elementalPropertiesState' does not exist on type 'RecipeIngredient'.
src/components/IngredientCard.tsx(89,39): error TS2551: Property 'elementalPropertiesState' does not exist on type 'RecipeIngredient | Ingredient'. Did you mean 'elementalProperties'?
  Property 'elementalPropertiesState' does not exist on type 'RecipeIngredient'.
src/components/IngredientCard.tsx(110,25): error TS2339: Property 'category' does not exist on type 'never'.
src/components/IngredientCard.tsx(110,46): error TS2339: Property 'subCategory' does not exist on type 'never'.
src/components/IngredientCard.tsx(110,76): error TS2339: Property 'subCategory' does not exist on type 'never'.
src/components/IngredientCard.tsx(113,23): error TS2339: Property 'qualities' does not exist on type 'never'.
src/components/IngredientCard.tsx(113,47): error TS2339: Property 'qualities' does not exist on type 'never'.
src/components/IngredientCard.tsx(115,27): error TS2339: Property 'qualities' does not exist on type 'never'.
src/components/IngredientCard.tsx(119,23): error TS2339: Property 'seasonality' does not exist on type 'never'.
src/components/IngredientCard.tsx(119,49): error TS2339: Property 'seasonality' does not exist on type 'never'.
src/components/IngredientCard.tsx(121,52): error TS2339: Property 'seasonality' does not exist on type 'never'.
src/components/IngredientDisplay.tsx(28,21): error TS2551: Property 'elementalPropertiesState' does not exist on type 'Ingredient'. Did you mean 'elementalProperties'?
src/components/IngredientDisplay.tsx(30,48): error TS2551: Property 'elementalPropertiesState' does not exist on type 'Ingredient'. Did you mean 'elementalProperties'?
src/components/IngredientDisplay.tsx(33,49): error TS2362: The left-hand side of an arithmetic operation must be of type 'any', 'number', 'bigint' or an enum type.
src/components/IngredientDisplay.tsx(33,56): error TS2363: The right-hand side of an arithmetic operation must be of type 'any', 'number', 'bigint' or an enum type.
src/components/IngredientDisplay.tsx(62,29): error TS2345: Argument of type 'string' is not assignable to parameter of type 'Element'.
src/components/IngredientDisplay.tsx(87,42): error TS2551: Property 'elementalPropertiesState' does not exist on type 'Ingredient'. Did you mean 'elementalProperties'?
src/components/IngredientDisplay.tsx(90,37): error TS2345: Argument of type 'string' is not assignable to parameter of type 'Element'.
src/components/IngredientDisplay.tsx(139,29): error TS2322: Type 'PlanetaryAlignment' is not assignable to type 'Key'.
src/components/IngredientDisplay.tsx(139,112): error TS2322: Type 'PlanetaryAlignment' is not assignable to type 'ReactNode'.
  Type 'PlanetaryAlignment' is missing the following properties from type 'ReactPortal': key, children, type, props
src/components/IngredientMapper.tsx(123,55): error TS2339: Property 'matchedTo' does not exist on type 'unknown'.
src/components/IngredientMapper.tsx(126,34): error TS2339: Property 'name' does not exist on type 'unknown'.
src/components/IngredientMapper.tsx(126,47): error TS2339: Property 'confidence' does not exist on type 'unknown'.
src/components/IngredientRecommendations.tsx(79,9): error TS2322: Type '{ Fire: number; Water: number; Earth: number; Air: number; timestamp: Date; currentStability: number; planetaryAlignment: any; currentZodiacSign: string; activePlanets: string[]; lunarPhase: any; aspects: any; }' is not assignable to type 'ElementalProperties & { timestamp: Date; currentStability: number; planetaryAlignment: Record<string, { sign: string; degree: number; }>; currentZodiacSign: string; activePlanets: string[]; lunarPhase: string; aspects: { ...; }[]; }'.
  Type '{ Fire: number; Water: number; Earth: number; Air: number; timestamp: Date; currentStability: number; planetaryAlignment: any; currentZodiacSign: string; activePlanets: string[]; lunarPhase: any; aspects: any; }' is not assignable to type 'ElementalProperties'.
    Property 'timestamp' is incompatible with index signature.
      Type 'Date' is not assignable to type 'number'.
src/components/IngredientRecommendations.tsx(482,32): error TS2339: Property 'toggleGroup' does not exist on type '{ tagIcon: string; Fire: string; Water: string; Earth: string; Air: string; sensoryBar: string; sensoryLabel: string; sensoryBarContainer: string; sensoryBarFill: string; sensoryBarValue: string; ... 41 more ...; mutable: string; }'.
src/components/IngredientRecommendations.tsx(484,34): error TS2339: Property 'toggleButton' does not exist on type '{ tagIcon: string; Fire: string; Water: string; Earth: string; Air: string; sensoryBar: string; sensoryLabel: string; sensoryBarContainer: string; sensoryBarFill: string; sensoryBarValue: string; ... 41 more ...; mutable: string; }'.
src/components/IngredientRecommendations.tsx(484,79): error TS2339: Property 'active' does not exist on type '{ tagIcon: string; Fire: string; Water: string; Earth: string; Air: string; sensoryBar: string; sensoryLabel: string; sensoryBarContainer: string; sensoryBarFill: string; sensoryBarValue: string; ... 41 more ...; mutable: string; }'.
src/components/IngredientRecommendations.tsx(491,34): error TS2339: Property 'toggleButton' does not exist on type '{ tagIcon: string; Fire: string; Water: string; Earth: string; Air: string; sensoryBar: string; sensoryLabel: string; sensoryBarContainer: string; sensoryBarFill: string; sensoryBarValue: string; ... 41 more ...; mutable: string; }'.
src/components/IngredientRecommendations.tsx(491,84): error TS2339: Property 'active' does not exist on type '{ tagIcon: string; Fire: string; Water: string; Earth: string; Air: string; sensoryBar: string; sensoryLabel: string; sensoryBarContainer: string; sensoryBarFill: string; sensoryBarValue: string; ... 41 more ...; mutable: string; }'.
src/components/IngredientRecommendations.tsx(500,32): error TS2339: Property 'recommendationsContainer' does not exist on type '{ tagIcon: string; Fire: string; Water: string; Earth: string; Air: string; sensoryBar: string; sensoryLabel: string; sensoryBarContainer: string; sensoryBarFill: string; sensoryBarValue: string; ... 41 more ...; mutable: string; }'.
src/components/IngredientRecommendations.tsx(507,55): error TS2339: Property 'categorySection' does not exist on type '{ tagIcon: string; Fire: string; Water: string; Earth: string; Air: string; sensoryBar: string; sensoryLabel: string; sensoryBarContainer: string; sensoryBarFill: string; sensoryBarValue: string; ... 41 more ...; mutable: string; }'.
src/components/IngredientRecommendations.tsx(508,41): error TS2339: Property 'categoryTitle' does not exist on type '{ tagIcon: string; Fire: string; Water: string; Earth: string; Air: string; sensoryBar: string; sensoryLabel: string; sensoryBarContainer: string; sensoryBarFill: string; sensoryBarValue: string; ... 41 more ...; mutable: string; }'.
src/components/IngredientRecommendations.tsx(509,42): error TS2551: Property 'compactGrid' does not exist on type '{ tagIcon: string; Fire: string; Water: string; Earth: string; Air: string; sensoryBar: string; sensoryLabel: string; sensoryBarContainer: string; sensoryBarFill: string; sensoryBarValue: string; ... 41 more ...; mutable: string; }'. Did you mean 'compactCard'?
src/components/IngredientRecommendations.tsx(517,38): error TS2339: Property 'categorySection' does not exist on type '{ tagIcon: string; Fire: string; Water: string; Earth: string; Air: string; sensoryBar: string; sensoryLabel: string; sensoryBarContainer: string; sensoryBarFill: string; sensoryBarValue: string; ... 41 more ...; mutable: string; }'.
src/components/IngredientRecommendations.tsx(518,39): error TS2339: Property 'categoryTitle' does not exist on type '{ tagIcon: string; Fire: string; Water: string; Earth: string; Air: string; sensoryBar: string; sensoryLabel: string; sensoryBarContainer: string; sensoryBarFill: string; sensoryBarValue: string; ... 41 more ...; mutable: string; }'.
src/components/IngredientRecommendations.tsx(519,40): error TS2551: Property 'compactGrid' does not exist on type '{ tagIcon: string; Fire: string; Water: string; Earth: string; Air: string; sensoryBar: string; sensoryLabel: string; sensoryBarContainer: string; sensoryBarFill: string; sensoryBarValue: string; ... 41 more ...; mutable: string; }'. Did you mean 'compactCard'?
src/components/IngredientRecommendations.tsx(524,38): error TS2339: Property 'error' does not exist on type '{ tagIcon: string; Fire: string; Water: string; Earth: string; Air: string; sensoryBar: string; sensoryLabel: string; sensoryBarContainer: string; sensoryBarFill: string; sensoryBarValue: string; ... 41 more ...; mutable: string; }'.
src/components/IngredientRecommendations.tsx(532,36): error TS2339: Property 'error' does not exist on type '{ tagIcon: string; Fire: string; Water: string; Earth: string; Air: string; sensoryBar: string; sensoryLabel: string; sensoryBarContainer: string; sensoryBarFill: string; sensoryBarValue: string; ... 41 more ...; mutable: string; }'.
src/components/IngredientRecommendations.tsx(538,32): error TS2339: Property 'noResults' does not exist on type '{ tagIcon: string; Fire: string; Water: string; Earth: string; Air: string; sensoryBar: string; sensoryLabel: string; sensoryBarContainer: string; sensoryBarFill: string; sensoryBarValue: string; ... 41 more ...; mutable: string; }'.
src/components/IngredientRecommender.tsx(67,114): error TS2339: Property 'currentZodiac' does not exist on type 'AstrologicalState'.
src/components/IngredientRecommender.tsx(167,68): error TS2345: Argument of type '{ elementalProperties: ElementalProperties; timestamp: Date; currentStability: number; planetaryAlignment: { [key: string]: any; }; dominantElement: string; ... 4 more ...; isDaytime: boolean; }' is not assignable to parameter of type 'ElementalProperties & { timestamp: Date; currentStability: number; planetaryAlignment: Record<string, { sign: string; degree: number; }>; currentZodiacSign: string; activePlanets: string[]; lunarPhase: string; aspects: { ...; }[]; }'.
  Type '{ elementalProperties: ElementalProperties; timestamp: Date; currentStability: number; planetaryAlignment: { [key: string]: any; }; dominantElement: string; ... 4 more ...; isDaytime: boolean; }' is missing the following properties from type 'ElementalProperties': Fire, Water, Earth, Air
src/components/IngredientRecommender.tsx(237,33): error TS2339: Property 'category' does not exist on type 'unknown'.
src/components/IngredientRecommender.tsx(240,29): error TS2339: Property 'name' does not exist on type 'unknown'.
src/components/IngredientRecommender.tsx(246,21): error TS2339: Property 'category' does not exist on type 'unknown'.
src/components/IngredientRecommender.tsx(248,33): error TS2339: Property 'category' does not exist on type 'unknown'.
src/components/IngredientRecommender.tsx(393,24): error TS2345: Argument of type 'EnhancedIngredient' is not assignable to parameter of type 'IngredientRecommendation'.
  Property 'matchScore' is missing in type 'EnhancedIngredient' but required in type 'IngredientRecommendation'.
src/components/IngredientRecommender.tsx(491,41): error TS2339: Property 'name' does not exist on type 'unknown'.
src/components/IngredientRecommender.tsx(496,44): error TS2339: Property 'elementalProperties' does not exist on type 'unknown'.
src/components/IngredientRecommender.tsx(502,34): error TS2339: Property 'qualities' does not exist on type 'unknown'.
src/components/IngredientRecommender.tsx(513,41): error TS2339: Property 'name' does not exist on type 'unknown'.
src/components/IngredientRecommender.tsx(518,27): error TS2339: Property 'name' does not exist on type 'unknown'.
src/components/IngredientRecommender.tsx(521,42): error TS2339: Property 'elementalProperties' does not exist on type 'unknown'.
src/components/IngredientRecommender.tsx(523,32): error TS2339: Property 'qualities' does not exist on type 'unknown'.
src/components/IngredientRecommender.tsx(524,33): error TS2339: Property 'smokePoint' does not exist on type 'unknown'.
src/components/IngredientRecommender.tsx(525,43): error TS2339: Property 'culinaryApplications' does not exist on type 'unknown'.
src/components/IngredientRecommender.tsx(526,46): error TS2339: Property 'thermodynamicProperties' does not exist on type 'unknown'.
src/components/IngredientRecommender.tsx(527,37): error TS2339: Property 'sensoryProfile' does not exist on type 'unknown'.
src/components/IngredientRecommender.tsx(528,37): error TS2339: Property 'name' does not exist on type 'unknown'.
src/components/IngredientRecommender.tsx(528,122): error TS2339: Property 'description' does not exist on type 'unknown'.
src/components/IngredientRecommender.tsx(811,39): error TS2362: The left-hand side of an arithmetic operation must be of type 'any', 'number', 'bigint' or an enum type.
src/components/IngredientRecommender.tsx(811,46): error TS2363: The right-hand side of an arithmetic operation must be of type 'any', 'number', 'bigint' or an enum type.
src/components/IngredientRecommender.tsx(948,78): error TS2339: Property 'techniques' does not exist on type 'object'.
src/components/IngredientRecommender.tsx(949,55): error TS2339: Property 'techniques' does not exist on type 'object'.
src/components/IngredientRecommender.tsx(975,50): error TS2339: Property 'timing' does not exist on type 'unknown'.
src/components/IngredientRecommender.tsx(976,58): error TS2339: Property 'timing' does not exist on type 'unknown'.
src/components/IngredientRecommender.tsx(977,63): error TS2339: Property 'timing' does not exist on type 'unknown'.
src/components/IngredientRecommender.tsx(978,65): error TS2339: Property 'timing' does not exist on type 'unknown'.
src/components/IngredientRecommender.tsx(979,53): error TS2339: Property 'timing' does not exist on type 'unknown'.
src/components/IngredientRecommender.tsx(979,80): error TS2339: Property 'timing' does not exist on type 'unknown'.
src/components/IngredientRecommender.tsx(980,68): error TS2339: Property 'timing' does not exist on type 'unknown'.
src/components/IngredientRecommender.tsx(980,94): error TS2339: Property 'timing' does not exist on type 'unknown'.
src/components/IngredientRecommender.tsx(981,61): error TS2339: Property 'timing' does not exist on type 'unknown'.
src/components/IngredientRecommender.tsx(982,66): error TS2339: Property 'timing' does not exist on type 'unknown'.
src/components/IngredientRecommender.tsx(984,79): error TS2339: Property 'timing' does not exist on type 'unknown'.
src/components/IngredientRecommender.tsx(1008,50): error TS2339: Property 'temperature' does not exist on type 'unknown'.
src/components/IngredientRecommender.tsx(1009,58): error TS2339: Property 'temperature' does not exist on type 'unknown'.
src/components/IngredientRecommender.tsx(1010,56): error TS2339: Property 'temperature' does not exist on type 'unknown'.
src/components/IngredientRecommender.tsx(1011,65): error TS2339: Property 'temperature' does not exist on type 'unknown'.
src/components/IngredientRecommender.tsx(1012,54): error TS2339: Property 'temperature' does not exist on type 'unknown'.
src/components/IngredientRecommender.tsx(1013,61): error TS2339: Property 'temperature' does not exist on type 'unknown'.
src/components/IngredientRecommender.tsx(1014,60): error TS2339: Property 'temperature' does not exist on type 'unknown'.
src/components/IngredientRecommender.tsx(1014,88): error TS2339: Property 'temperature' does not exist on type 'unknown'.
src/components/IngredientRecommender.tsx(1015,61): error TS2339: Property 'temperature' does not exist on type 'unknown'.
src/components/IngredientRecommender.tsx(1015,88): error TS2339: Property 'temperature' does not exist on type 'unknown'.
src/components/IngredientRecommender.tsx(1015,115): error TS2339: Property 'temperature' does not exist on type 'unknown'.
src/components/IngredientRecommender.tsx(1035,68): error TS2339: Property 'name' does not exist on type 'object'.
src/components/IngredientRecommender.tsx(1035,79): error TS2339: Property 'name' does not exist on type 'object'.
src/components/IngredientRecommender.tsx(1055,84): error TS2362: The left-hand side of an arithmetic operation must be of type 'any', 'number', 'bigint' or an enum type.
src/components/IngredientRecommender.tsx(1089,51): error TS2345: Argument of type 'string' is not assignable to parameter of type 'Element'.
src/components/IngredientRecommender.tsx(1094,51): error TS2362: The left-hand side of an arithmetic operation must be of type 'any', 'number', 'bigint' or an enum type.
src/components/IngredientRecommender.tsx(1103,118): error TS2362: The left-hand side of an arithmetic operation must be of type 'any', 'number', 'bigint' or an enum type.
src/components/IngredientRecommender.tsx(1114,51): error TS2345: Argument of type 'string' is not assignable to parameter of type 'Element'.
src/components/IngredientRecommender.tsx(1119,51): error TS2362: The left-hand side of an arithmetic operation must be of type 'any', 'number', 'bigint' or an enum type.
src/components/IngredientRecommender.tsx(1128,118): error TS2362: The left-hand side of an arithmetic operation must be of type 'any', 'number', 'bigint' or an enum type.
src/components/IngredientRecommender/index.tsx(55,114): error TS2339: Property 'currentZodiac' does not exist on type 'AstrologicalState'.
src/components/IngredientRecommender/index.tsx(61,10): error TS2451: Cannot redeclare block-scoped variable 'combinedCategorizedRecommendations'.
src/components/IngredientRecommender/index.tsx(440,33): error TS2362: The left-hand side of an arithmetic operation must be of type 'any', 'number', 'bigint' or an enum type.
src/components/IngredientRecommender/index.tsx(440,37): error TS2363: The right-hand side of an arithmetic operation must be of type 'any', 'number', 'bigint' or an enum type.
src/components/IngredientRecommender/index.tsx(482,68): error TS2345: Argument of type '{ elementalProperties: ElementalProperties; timestamp: Date; currentStability: number; planetaryAlignment: { [key: string]: any; }; dominantElement: string; currentZodiacSign: any; activePlanets: string[]; }' is not assignable to parameter of type 'ElementalProperties & { timestamp: Date; currentStability: number; planetaryAlignment: Record<string, { sign: string; degree: number; }>; currentZodiacSign: string; activePlanets: string[]; lunarPhase: string; aspects: { ...; }[]; }'.
  Type '{ elementalProperties: ElementalProperties; timestamp: Date; currentStability: number; planetaryAlignment: { [key: string]: any; }; dominantElement: string; currentZodiacSign: any; activePlanets: string[]; }' is missing the following properties from type 'ElementalProperties': Fire, Water, Earth, Air
src/components/IngredientRecommender/index.tsx(631,9): error TS2451: Cannot redeclare block-scoped variable 'combinedCategorizedRecommendations'.
src/components/IngredientRecommender/index.tsx(704,24): error TS2345: Argument of type 'EnhancedIngredient' is not assignable to parameter of type 'IngredientRecommendation'.
src/components/IngredientRecommender/index.tsx(802,41): error TS2339: Property 'name' does not exist on type 'unknown'.
src/components/IngredientRecommender/index.tsx(807,44): error TS2339: Property 'elementalProperties' does not exist on type 'unknown'.
src/components/IngredientRecommender/index.tsx(813,34): error TS2339: Property 'qualities' does not exist on type 'unknown'.
src/components/IngredientRecommender/index.tsx(824,41): error TS2339: Property 'name' does not exist on type 'unknown'.
src/components/IngredientRecommender/index.tsx(829,27): error TS2339: Property 'name' does not exist on type 'unknown'.
src/components/IngredientRecommender/index.tsx(832,42): error TS2339: Property 'elementalProperties' does not exist on type 'unknown'.
src/components/IngredientRecommender/index.tsx(834,32): error TS2339: Property 'qualities' does not exist on type 'unknown'.
src/components/IngredientRecommender/index.tsx(835,33): error TS2339: Property 'smokePoint' does not exist on type 'unknown'.
src/components/IngredientRecommender/index.tsx(836,43): error TS2339: Property 'culinaryApplications' does not exist on type 'unknown'.
src/components/IngredientRecommender/index.tsx(837,46): error TS2339: Property 'thermodynamicProperties' does not exist on type 'unknown'.
src/components/IngredientRecommender/index.tsx(838,37): error TS2339: Property 'sensoryProfile' does not exist on type 'unknown'.
src/components/IngredientRecommender/index.tsx(839,37): error TS2339: Property 'name' does not exist on type 'unknown'.
src/components/IngredientRecommender/index.tsx(839,122): error TS2339: Property 'description' does not exist on type 'unknown'.
src/components/IngredientRecommender/index.tsx(916,61): error TS2345: Argument of type 'string' is not assignable to parameter of type 'Element'.
src/components/IngredientRecommender/index.tsx(920,41): error TS2345: Argument of type 'string' is not assignable to parameter of type 'Element'.
src/components/IngredientRecommender/index.tsx(928,68): error TS2345: Argument of type 'string' is not assignable to parameter of type 'Element'.
src/components/IngredientRecommender/index.tsx(1123,57): error TS2345: Argument of type 'string' is not assignable to parameter of type 'Element'.
src/components/IngredientRecommender/index.tsx(1126,48): error TS2345: Argument of type 'string' is not assignable to parameter of type 'Element'.
src/components/IngredientRecommender/index.tsx(1132,29): error TS2345: Argument of type 'string' is not assignable to parameter of type 'Element'.
src/components/layout/ClientLayout.tsx(11,20): error TS2322: Type '{ children: Element; FallbackComponent: ({ error, resetErrorBoundary, context }: ErrorFallbackProps) => Element; }' is not assignable to type 'IntrinsicAttributes & IntrinsicClassAttributes<ErrorBoundary> & Pick<Readonly<Props>, "children" | "onError"> & InexactPartial<...> & InexactPartial<...>'.
  Property 'FallbackComponent' does not exist on type 'IntrinsicAttributes & IntrinsicClassAttributes<ErrorBoundary> & Pick<Readonly<Props>, "children" | "onError"> & InexactPartial<...> & InexactPartial<...>'.
src/components/layout/Header.tsx(30,5): error TS2345: Argument of type '{ Sun: { sign: string; degree: number; minutes: number; }; Moon: { sign: string; degree: number; minutes: number; }; lastUpdated: string; }' is not assignable to parameter of type '{ Sun: { sign: string; degree: number; minutes: number; }; moon: { sign: string; degree: number; minutes: number; }; lastUpdated: string; } | (() => { Sun: { sign: string; degree: number; minutes: number; }; moon: { ...; }; lastUpdated: string; })'.
  Object literal may only specify known properties, and 'Moon' does not exist in type '{ Sun: { sign: string; degree: number; minutes: number; }; moon: { sign: string; degree: number; minutes: number; }; lastUpdated: string; } | (() => { Sun: { sign: string; degree: number; minutes: number; }; moon: { ...; }; lastUpdated: string; })'.
src/components/layout/Header.tsx(49,53): error TS2551: Property 'Moon' does not exist on type '{ Sun: { sign: string; degree: number; minutes: number; isRetrograde?: boolean; }; moon: { sign: string; degree: number; minutes: number; isRetrograde?: boolean; }; mercury: { sign: string; degree: number; minutes: number; isRetrograde?: boolean; }; ... 6 more ...; pluto: { ...; }; }'. Did you mean 'moon'?
src/components/layout/Header.tsx(58,11): error TS2345: Argument of type '{ Sun: { sign: string; degree: number; minutes: number; }; Moon: { sign: string; degree: any; minutes: number; }; lastUpdated: string; }' is not assignable to parameter of type 'SetStateAction<{ Sun: { sign: string; degree: number; minutes: number; }; moon: { sign: string; degree: number; minutes: number; }; lastUpdated: string; }>'.
  Object literal may only specify known properties, and 'Moon' does not exist in type 'SetStateAction<{ Sun: { sign: string; degree: number; minutes: number; }; moon: { sign: string; degree: number; minutes: number; }; lastUpdated: string; }>'.
src/components/layout/Header.tsx(124,71): error TS2551: Property 'Moon' does not exist on type '{ Sun: { sign: string; degree: number; minutes: number; }; moon: { sign: string; degree: number; minutes: number; }; lastUpdated: string; }'. Did you mean 'moon'?
src/components/layout/Header.tsx(126,48): error TS2551: Property 'Moon' does not exist on type '{ Sun: { sign: string; degree: number; minutes: number; }; moon: { sign: string; degree: number; minutes: number; }; lastUpdated: string; }'. Did you mean 'moon'?
src/components/layout/Header.tsx(126,71): error TS2551: Property 'Moon' does not exist on type '{ Sun: { sign: string; degree: number; minutes: number; }; moon: { sign: string; degree: number; minutes: number; }; lastUpdated: string; }'. Did you mean 'moon'?
src/components/MethodsRecommender.tsx(52,53): error TS2339: Property 'phase' does not exist on type 'CelestialPosition'.
src/components/MethodsRecommender.tsx(65,50): error TS2345: Argument of type 'unknown' is not assignable to parameter of type 'CookingMethodProfile'.
src/components/MethodsRecommender.tsx(84,37): error TS2339: Property 'description' does not exist on type 'unknown'.
src/components/MethodsRecommender.tsx(86,41): error TS2339: Property 'elementalEffect' does not exist on type 'unknown'.
src/components/MethodsRecommender.tsx(86,71): error TS2339: Property 'elementalState' does not exist on type 'unknown'.
src/components/MethodsRecommender.tsx(87,34): error TS2339: Property 'duration' does not exist on type 'unknown'.
src/components/MethodsRecommender.tsx(88,38): error TS2339: Property 'suitable_for' does not exist on type 'unknown'.
src/components/MethodsRecommender.tsx(89,34): error TS2339: Property 'benefits' does not exist on type 'unknown'.
src/components/MethodsRecommender.tsx(90,48): error TS2339: Property 'astrologicalInfluences' does not exist on type 'unknown'.
src/components/MethodsRecommender.tsx(91,39): error TS2339: Property 'toolsRequired' does not exist on type 'unknown'.
src/components/MethodsRecommender.tsx(124,28): error TS2304: Cannot find name 'styles'.
src/components/MethodsRecommender.tsx(125,23): error TS2304: Cannot find name 'styles'.
src/components/MethodsRecommender.tsx(127,25): error TS2304: Cannot find name 'styles'.
src/components/MethodsRecommender.tsx(141,21): error TS2304: Cannot find name 'styles'.
src/components/MethodsRecommender.tsx(143,23): error TS2304: Cannot find name 'styles'.
src/components/MethodsRecommender.tsx(143,73): error TS2304: Cannot find name 'styles'.
src/components/MethodsRecommender.tsx(149,30): error TS2304: Cannot find name 'styles'.
src/components/MethodsRecommender.tsx(156,25): error TS2304: Cannot find name 'styles'.
src/components/MethodsRecommender.tsx(160,29): error TS2304: Cannot find name 'styles'.
src/components/MethodsRecommender.tsx(160,95): error TS2304: Cannot find name 'styles'.
src/components/MethodsRecommender.tsx(163,31): error TS2304: Cannot find name 'styles'.
src/components/MethodsRecommender.tsx(165,33): error TS2304: Cannot find name 'styles'.
src/components/MethodsRecommender.tsx(167,32): error TS2304: Cannot find name 'styles'.
src/components/MethodsRecommender.tsx(174,29): error TS2304: Cannot find name 'styles'.
src/components/MethodsRecommender.tsx(178,33): error TS2304: Cannot find name 'styles'.
src/components/MethodsRecommender.tsx(180,40): error TS2304: Cannot find name 'styles'.
src/components/MethodsRecommender.tsx(180,58): error TS2304: Cannot find name 'styles'.
src/components/MethodsRecommender.tsx(186,40): error TS2304: Cannot find name 'styles'.
src/components/MethodsRecommender.tsx(186,58): error TS2304: Cannot find name 'styles'.
src/components/MethodsRecommender.tsx(192,40): error TS2304: Cannot find name 'styles'.
src/components/MethodsRecommender.tsx(192,58): error TS2304: Cannot find name 'styles'.
src/components/MethodsRecommender.tsx(198,40): error TS2304: Cannot find name 'styles'.
src/components/MethodsRecommender.tsx(198,58): error TS2304: Cannot find name 'styles'.
src/components/MethodsRecommender.tsx(207,31): error TS2304: Cannot find name 'styles'.
src/components/MethodsRecommender.tsx(209,35): error TS2304: Cannot find name 'styles'.
src/components/MethodsRecommender.tsx(210,38): error TS2304: Cannot find name 'styles'.
src/components/MethodsRecommender.tsx(215,35): error TS2304: Cannot find name 'styles'.
src/components/MethodsRecommender.tsx(216,38): error TS2304: Cannot find name 'styles'.
src/components/MethodsRecommender.tsx(224,35): error TS2304: Cannot find name 'styles'.
src/components/MethodsRecommender.tsx(225,38): error TS2304: Cannot find name 'styles'.
src/components/MethodsRecommender.tsx(234,33): error TS2304: Cannot find name 'styles'.
src/components/NutritionalDataFetcher.tsx(5,30): error TS2300: Duplicate identifier 'Element'.
src/components/NutritionalDataFetcher.tsx(7,10): error TS2300: Duplicate identifier 'Element'.
src/components/Phase3Example.tsx(35,87): error TS2345: Argument of type '{ fire: number; water: number; earth: number; Air: number; }' is not assignable to parameter of type 'ElementalProperties | (() => ElementalProperties)'.
  Type '{ fire: number; water: number; earth: number; Air: number; }' is missing the following properties from type 'ElementalProperties': Fire, Water, Earth
src/components/Phase3Example.tsx(62,20): error TS2339: Property 'sign' does not exist on type 'unknown'.
src/components/Phase3Example.tsx(63,47): error TS2339: Property 'sign' does not exist on type 'unknown'.
src/components/Phase3Example.tsx(96,15): error TS2739: Type '{ Fire: number; Air: number; water: number; earth: number; }' is missing the following properties from type 'ElementalProperties': Water, Earth
src/components/PlanetaryDisplay.tsx(3,10): error TS2440: Import declaration conflicts with local declaration of 'PlanetaryPosition'.
src/components/PlanetaryDisplay.tsx(47,3): error TS2300: Duplicate identifier 'compact'.
src/components/PlanetaryDisplay.tsx(47,3): error TS2687: All declarations of 'compact' must have identical modifiers.
src/components/PlanetaryDisplay.tsx(48,3): error TS2300: Duplicate identifier 'className'.
src/components/PlanetaryDisplay.tsx(48,3): error TS2687: All declarations of 'className' must have identical modifiers.
src/components/PlanetaryDisplay.tsx(50,3): error TS2300: Duplicate identifier 'compact'.
src/components/PlanetaryDisplay.tsx(50,3): error TS2687: All declarations of 'compact' must have identical modifiers.
src/components/PlanetaryDisplay.tsx(50,3): error TS2717: Subsequent property declarations must have the same type.  Property 'compact' must be of type 'boolean', but here has type 'any'.
src/components/PlanetaryDisplay.tsx(51,3): error TS2300: Duplicate identifier 'className'.
src/components/PlanetaryDisplay.tsx(51,3): error TS2687: All declarations of 'className' must have identical modifiers.
src/components/PlanetaryDisplay.tsx(51,3): error TS2717: Subsequent property declarations must have the same type.  Property 'className' must be of type 'string', but here has type 'any'.
src/components/PlanetaryDisplay.tsx(128,73): error TS2339: Property 'planet' does not exist on type 'PlanetaryDay | {}'.
  Property 'planet' does not exist on type '{}'.
src/components/PlanetaryDisplay.tsx(129,65): error TS2339: Property 'planet' does not exist on type 'PlanetaryDay | {}'.
  Property 'planet' does not exist on type '{}'.
src/components/PlanetaryDisplay.tsx(131,74): error TS2339: Property 'planet' does not exist on type 'PlanetaryHour | {}'.
  Property 'planet' does not exist on type '{}'.
src/components/PlanetaryDisplay.tsx(132,66): error TS2339: Property 'planet' does not exist on type 'PlanetaryHour | {}'.
  Property 'planet' does not exist on type '{}'.
src/components/PlanetaryDisplay.tsx(142,75): error TS2339: Property 'planet' does not exist on type 'PlanetaryDay | {}'.
  Property 'planet' does not exist on type '{}'.
src/components/PlanetaryDisplay.tsx(143,146): error TS2339: Property 'planet' does not exist on type 'PlanetaryDay | {}'.
  Property 'planet' does not exist on type '{}'.
src/components/PlanetaryDisplay.tsx(146,76): error TS2339: Property 'planet' does not exist on type 'PlanetaryHour | {}'.
  Property 'planet' does not exist on type '{}'.
src/components/PlanetaryDisplay.tsx(147,80): error TS2339: Property 'planet' does not exist on type 'PlanetaryHour | {}'.
  Property 'planet' does not exist on type '{}'.
src/components/PlanetaryDisplay.tsx(151,68): error TS2339: Property 'currentSeason' does not exist on type 'TimeFactors | { planetaryDay: {}; planetaryHour: {}; weekDay: string; season: string; timeOfDay: string; }'.
  Property 'currentSeason' does not exist on type 'TimeFactors'.
src/components/PlanetaryHours.tsx(3,16): error TS2304: Cannot find name 'PlanetaryHoursDisplay'.
src/components/PlanetaryHours/index.ts(3,16): error TS2304: Cannot find name 'PlanetaryHoursDisplay'.
src/components/PlanetaryHours/index.ts(4,10): error TS2304: Cannot find name 'PlanetaryHoursDisplay'.
src/components/PlanetaryHours/PlanetaryHoursDisplay.migrated.tsx(18,56): error TS2677: A type predicate's type must be assignable to its parameter's type.
  Type 'Planet' is not assignable to type 'string'.
src/components/PlanetaryHours/PlanetaryHoursDisplay.migrated.tsx(39,5): error TS2339: Property 'chakraService' does not exist on type '{ isInitialized: boolean; isLoading: boolean; error: Error; status: InitializationStatus; services: { alchemicalEngine: any; astrologyService: any; ingredientService: any; recipeService: any; recommendationService: any; alchemicalRecommendationService: any; }; ... 6 more ...; alchemicalRecommendationService: any; }'.
src/components/PlanetaryHours/PlanetaryHoursDisplay.tsx(30,56): error TS2677: A type predicate's type must be assignable to its parameter's type.
  Type 'Planet' is not assignable to type 'string'.
src/components/PlanetaryHours/PlanetaryHoursDisplay.tsx(89,52): error TS2339: Property 'toLowerCase' does not exist on type 'never'.
src/components/PlanetaryHours/PlanetaryHoursDisplay.tsx(92,55): error TS2352: Conversion of type 'Planet' to type 'string | number' may be a mistake because neither type sufficiently overlaps with the other. If this was intentional, convert the expression to 'unknown' first.
src/components/PlanetaryHours/PlanetaryHoursDisplay.tsx(119,38): error TS2345: Argument of type 'Planet' is not assignable to parameter of type 'string'.
src/components/PlanetaryHours/PlanetaryHoursDisplay.tsx(123,41): error TS2345: Argument of type 'Planet' is not assignable to parameter of type 'string'.
src/components/PlanetaryHours/PlanetaryHoursTest.tsx(11,10): error TS2304: Cannot find name 'PlanetaryHoursDisplay'.
src/components/PlanetaryHours/PlanetaryHoursTest.tsx(15,10): error TS2304: Cannot find name 'PlanetaryHoursDisplay'.
src/components/PlanetaryHours/SimplePlanetaryDisplay.tsx(32,25): error TS2345: Argument of type 'Planet' is not assignable to parameter of type 'SetStateAction<string>'.
src/components/PlanetaryHours/SimplePlanetaryDisplay.tsx(36,28): error TS2345: Argument of type 'Planet' is not assignable to parameter of type 'SetStateAction<string>'.
src/components/PlanetaryHours/SimplePlanetaryDisplay.tsx(42,58): error TS2339: Property 'message' does not exist on type 'unknown'.
src/components/PlanetaryHours/SimplePlanetaryDisplay.tsx(56,54): error TS2339: Property 'message' does not exist on type 'unknown'.
src/components/PlanetaryPositionInitializer.tsx(133,11): error TS2740: Type '{ Sun: { sign: string; degree: number; exactLongitude: number; isRetrograde: false; }; Moon: { sign: string; degree: number; exactLongitude: number; isRetrograde: false; }; Mercury: { sign: string; degree: number; exactLongitude: number; isRetrograde: true; }; ... 9 more ...; Ascendant: { ...; }; }' is missing the following properties from type 'PlanetaryPositions': moon, mercury, venus, mars, and 5 more.
src/components/PlanetaryPositionInitializer.tsx(153,31): error TS1308: 'await' expressions are only allowed within async functions and at the top levels of modules.
src/components/PlanetaryTimeDisplay.tsx(59,68): error TS2339: Property 'currentSeason' does not exist on type 'TimeFactors'.
src/components/PlanetInfoModal.tsx(188,76): error TS2551: Property 'Water' does not exist on type '{ Fire: number; water: number; Air: number; earth: number; }'. Did you mean 'water'?
src/components/PlanetInfoModal.tsx(189,83): error TS2551: Property 'Water' does not exist on type '{ Fire: number; water: number; Air: number; earth: number; }'. Did you mean 'water'?
src/components/PlanetInfoModal.tsx(206,76): error TS2551: Property 'Earth' does not exist on type '{ Fire: number; water: number; Air: number; earth: number; }'. Did you mean 'earth'?
src/components/PlanetInfoModal.tsx(207,83): error TS2551: Property 'Earth' does not exist on type '{ Fire: number; water: number; Air: number; earth: number; }'. Did you mean 'earth'?
src/components/providers/ClientProviders.tsx(14,20): error TS2322: Type '{ children: Element; FallbackComponent: ({ error, resetErrorBoundary, context }: ErrorFallbackProps) => Element; }' is not assignable to type 'IntrinsicAttributes & IntrinsicClassAttributes<ErrorBoundary> & Pick<Readonly<Props>, "children" | "onError"> & InexactPartial<...> & InexactPartial<...>'.
  Property 'FallbackComponent' does not exist on type 'IntrinsicAttributes & IntrinsicClassAttributes<ErrorBoundary> & Pick<Readonly<Props>, "children" | "onError"> & InexactPartial<...> & InexactPartial<...>'.
src/components/Recipe.tsx(42,76): error TS2304: Cannot find name 'index'.
src/components/Recipe/Recipe.tsx(161,46): error TS2362: The left-hand side of an arithmetic operation must be of type 'any', 'number', 'bigint' or an enum type.
src/components/Recipe/Recipe.tsx(289,35): error TS2551: Property 'elementalPropertiesState' does not exist on type 'Ingredient'. Did you mean 'elementalProperties'?
src/components/Recipe/Recipe.tsx(291,54): error TS2551: Property 'elementalPropertiesState' does not exist on type 'Ingredient'. Did you mean 'elementalProperties'?
src/components/Recipe/Recipe.tsx(292,53): error TS2365: Operator '>' cannot be applied to types 'unknown' and 'number'.
src/components/Recipe/Recipe.tsx(293,56): error TS2362: The left-hand side of an arithmetic operation must be of type 'any', 'number', 'bigint' or an enum type.
src/components/Recipe/Recipe.tsx(293,60): error TS2363: The right-hand side of an arithmetic operation must be of type 'any', 'number', 'bigint' or an enum type.
src/components/Recipe/Recipe.tsx(306,56): error TS2362: The left-hand side of an arithmetic operation must be of type 'any', 'number', 'bigint' or an enum type.
src/components/Recipe/RecipeCalculator.tsx(3,15): error TS2300: Duplicate identifier 'ElementalProperties'.
src/components/Recipe/RecipeCalculator.tsx(5,3): error TS2300: Duplicate identifier 'Element'.
src/components/Recipe/RecipeCalculator.tsx(5,18): error TS2307: Cannot find module '@/types / (alchemy || 1)' or its corresponding type declarations.
src/components/Recipe/RecipeCalculator.tsx(6,10): error TS2724: '"@/contexts/AlchemicalContext"' has no exported member named 'useAlchemicalContext'. Did you mean 'AlchemicalContext'?
src/components/Recipe/RecipeCalculator.tsx(7,10): error TS2459: Module '"@/utils/seasonalCalculations"' declares 'calculateSeasonalBonus' locally, but it is not exported.
src/components/Recipe/RecipeCalculator.tsx(8,10): error TS2300: Duplicate identifier 'Element'.
src/components/Recipe/RecipeCalculator.tsx(9,10): error TS2300: Duplicate identifier 'ElementalProperties'.
src/components/Recipe/RecipeCalculator.tsx(11,38): error TS2307: Cannot find module '@/utils / (zodiacUtils || 1)' or its corresponding type declarations.
src/components/Recipe/RecipeCalculator.tsx(29,21): error TS2304: Cannot find name 'SEASONAL_MODIFIERS'.
src/components/Recipe/RecipeCalculator.tsx(40,19): error TS2365: Operator '+' cannot be applied to types 'unknown' and 'unknown'.
src/components/Recipe/RecipeCalculator.tsx(43,7): error TS2365: Operator '>' cannot be applied to types 'unknown' and 'number'.
src/components/Recipe/RecipeCalculator.tsx(49,9): error TS2365: Operator '<' cannot be applied to types 'unknown' and 'number'.
src/components/Recipe/RecipeCalculator.tsx(49,38): error TS2365: Operator '>' cannot be applied to types 'unknown' and 'number'.
src/components/Recipe/RecipeCalculator.tsx(53,18): error TS2345: Argument of type 'unknown' is not assignable to parameter of type 'number'.
src/components/Recipe/RecipeCalculator.tsx(65,19): error TS2365: Operator '+' cannot be applied to types 'unknown' and 'unknown'.
src/components/Recipe/RecipeCalculator.tsx(71,27): error TS2362: The left-hand side of an arithmetic operation must be of type 'any', 'number', 'bigint' or an enum type.
src/components/Recipe/RecipeCalculator.tsx(71,42): error TS2363: The right-hand side of an arithmetic operation must be of type 'any', 'number', 'bigint' or an enum type.
src/components/Recipe/RecipeCalculator.tsx(94,49): error TS2365: Operator '+' cannot be applied to types 'number' and 'unknown'.
src/components/Recipe/RecipeCalculator.tsx(118,62): error TS2304: Cannot find name 'getCurrentSeason'.
src/components/Recipe/RecipeCalculator.tsx(147,11): error TS2365: Operator '>' cannot be applied to types 'unknown' and 'number'.
src/components/Recipe/RecipeCalculator.tsx(148,9): error TS2322: Type 'unknown' is not assignable to type 'number'.
src/components/Recipe/RecipeCalculator.tsx(158,21): error TS2365: Operator '+' cannot be applied to types 'unknown' and 'unknown'.
src/components/Recipe/RecipeCalculator.tsx(167,9): error TS2365: Operator '>' cannot be applied to types 'unknown' and 'number'.
src/components/Recipe/RecipeCalculator.tsx(183,19): error TS2365: Operator '+' cannot be applied to types 'unknown' and 'unknown'.
src/components/Recipe/RecipeCalculator.tsx(195,13): error TS2365: Operator '>' cannot be applied to types 'unknown' and 'number'.
src/components/Recipe/RecipeCalculator.tsx(198,30): error TS2362: The left-hand side of an arithmetic operation must be of type 'any', 'number', 'bigint' or an enum type.
src/components/Recipe/RecipeCard.tsx(51,45): error TS2304: Cannot find name 'getTimeFactors'.
src/components/Recipe/RecipeCard.tsx(111,56): error TS2339: Property 'join' does not exist on type 'string | string[]'.
  Property 'join' does not exist on type 'string'.
src/components/Recipe/RecipeCard.tsx(167,93): error TS2365: Operator '<' cannot be applied to types 'number' and 'string | number'.
src/components/Recipe/RecipeCard.tsx(228,55): error TS2339: Property 'protein' does not exist on type '{ calories?: number; servingSize?: string; macronutrients?: { protein: number; carbs: number; fat: number; fiber: number; }; }'.
src/components/Recipe/RecipeCard.tsx(231,71): error TS2339: Property 'protein' does not exist on type '{ calories?: number; servingSize?: string; macronutrients?: { protein: number; carbs: number; fat: number; fiber: number; }; }'.
src/components/Recipe/RecipeCard.tsx(234,55): error TS2339: Property 'carbs' does not exist on type '{ calories?: number; servingSize?: string; macronutrients?: { protein: number; carbs: number; fat: number; fiber: number; }; }'.
src/components/Recipe/RecipeCard.tsx(237,71): error TS2339: Property 'carbs' does not exist on type '{ calories?: number; servingSize?: string; macronutrients?: { protein: number; carbs: number; fat: number; fiber: number; }; }'.
src/components/Recipe/RecipeCard.tsx(240,55): error TS2339: Property 'fat' does not exist on type '{ calories?: number; servingSize?: string; macronutrients?: { protein: number; carbs: number; fat: number; fiber: number; }; }'.
src/components/Recipe/RecipeCard.tsx(243,71): error TS2339: Property 'fat' does not exist on type '{ calories?: number; servingSize?: string; macronutrients?: { protein: number; carbs: number; fat: number; fiber: number; }; }'.
src/components/Recipe/RecipeCard.tsx(247,52): error TS2339: Property 'vitamins' does not exist on type '{ calories?: number; servingSize?: string; macronutrients?: { protein: number; carbs: number; fat: number; fiber: number; }; }'.
src/components/Recipe/RecipeCard.tsx(247,81): error TS2339: Property 'minerals' does not exist on type '{ calories?: number; servingSize?: string; macronutrients?: { protein: number; carbs: number; fat: number; fiber: number; }; }'.
src/components/Recipe/RecipeCard.tsx(249,59): error TS2339: Property 'vitamins' does not exist on type '{ calories?: number; servingSize?: string; macronutrients?: { protein: number; carbs: number; fat: number; fiber: number; }; }'.
src/components/Recipe/RecipeCard.tsx(252,75): error TS2339: Property 'vitamins' does not exist on type '{ calories?: number; servingSize?: string; macronutrients?: { protein: number; carbs: number; fat: number; fiber: number; }; }'.
src/components/Recipe/RecipeCard.tsx(255,59): error TS2339: Property 'minerals' does not exist on type '{ calories?: number; servingSize?: string; macronutrients?: { protein: number; carbs: number; fat: number; fiber: number; }; }'.
src/components/Recipe/RecipeCard.tsx(258,75): error TS2339: Property 'minerals' does not exist on type '{ calories?: number; servingSize?: string; macronutrients?: { protein: number; carbs: number; fat: number; fiber: number; }; }'.
src/components/Recipe/RecipeGrid.tsx(3,10): error TS2305: Module '"@/data/seasons"' has no exported member 'seasons'.
src/components/Recipe/RecipeGrid.tsx(57,14): error TS2673: Constructor of class 'RecipeElementalService' is private and only accessible within the class declaration.
src/components/Recipe/RecipeGrid.tsx(363,14): error TS2304: Cannot find name 'RecipeCard'.
src/components/Recipe/RecipeRecommendations.migrated.tsx(9,15): error TS2300: Duplicate identifier 'ElementalProperties'.
src/components/Recipe/RecipeRecommendations.migrated.tsx(17,10): error TS2300: Duplicate identifier 'ElementalProperties'.
src/components/Recipe/RecipeRecommendations.migrated.tsx(67,5): error TS2339: Property 'elementalCalculator' does not exist on type '{ isInitialized: boolean; isLoading: boolean; error: Error; status: InitializationStatus; services: { alchemicalEngine: any; astrologyService: any; ingredientService: any; recipeService: any; recommendationService: any; alchemicalRecommendationService: any; }; ... 6 more ...; alchemicalRecommendationService: any; }'.
src/components/Recipe/RecipeRecommendations.migrated.tsx(101,13): error TS2322: Type 'unknown' is not assignable to type 'number'.
src/components/Recipe/RecipeRecommendations.migrated.tsx(241,39): error TS2339: Property 'elementalState' does not exist on type '{ mealType: string; season: string; id: string; name: string; description: string; cuisine: string; timeToMake: string; ingredients?: (string | { name: string; amount: number; unit: string; category?: string; })[]; instructions?: string[]; elementalProperties?: ElementalProperties; numberOfServings?: number; }'.
src/components/Recipe/RecipeRecommendations.migrated.tsx(250,13): error TS18004: No value exists in scope for the shorthand property 'currentZodiacSign'. Either declare one or provide an initializer.
src/components/Recipe/RecipeRecommendations.migrated.tsx(309,31): error TS2322: Type '{ timeFactors: { planetaryDay: { day: string; planet: any; }; planetaryHour: { hourOfDay: number; planet: string; }; isDaytime: boolean; }; }' is not assignable to type 'IntrinsicAttributes & PlanetaryTimeDisplayProps'.
  Property 'timeFactors' does not exist on type 'IntrinsicAttributes & PlanetaryTimeDisplayProps'.
src/components/Recipe/RecipeRecommendations.migrated.tsx(320,53): error TS2345: Argument of type 'string' is not assignable to parameter of type 'Element'.
src/components/Recipe/RecipeRecommendations.migrated.tsx(328,54): error TS2345: Argument of type 'string' is not assignable to parameter of type 'Element'.
src/components/Recipe/RecipeRecommendations.migrated.tsx(345,18): error TS2304: Cannot find name 'RecipeCard'.
src/components/Recipe/RecipeRecommendations.tsx(4,32): error TS2307: Cannot find module '@/utils/recipe' or its corresponding type declarations.
src/components/Recipe/RecipeRecommendations.tsx(5,15): error TS2300: Duplicate identifier 'ElementalProperties'.
src/components/Recipe/RecipeRecommendations.tsx(8,15): error TS2305: Module '"@/types/recipe"' has no exported member 'RecipeType'.
src/components/Recipe/RecipeRecommendations.tsx(11,10): error TS2724: '"@/lib/alchemicalEngine"' has no exported member named 'alchemicalEngine'. Did you mean 'AlchemicalEngineBase'?
src/components/Recipe/RecipeRecommendations.tsx(15,10): error TS2305: Module '"@/calculations/alchemicalTransformation"' has no exported member 'alchemicalTransformation'.
src/components/Recipe/RecipeRecommendations.tsx(19,10): error TS2305: Module '"@/utils/lunarUtils"' has no exported member 'getTimeFactors'.
src/components/Recipe/RecipeRecommendations.tsx(23,53): error TS2307: Cannot find module '@/components/ui/alert' or its corresponding type declarations.
src/components/Recipe/RecipeRecommendations.tsx(26,10): error TS2300: Duplicate identifier 'ElementalProperties'.
src/components/Recipe/RecipeRecommendations.tsx(93,9): error TS2352: Conversion of type '{ readonly american: { readonly name: "American"; readonly elementalProperties: { readonly Fire: 0.3; readonly Water: 0.2; readonly Earth: 0.3; readonly Air: 0.2; }; }; readonly chinese: { readonly name: "Chinese"; readonly elementalProperties: { ...; }; }; ... 11 more ...; readonly russian: { ...; }; }' to type 'Record<string, CuisineData>' may be a mistake because neither type sufficiently overlaps with the other. If this was intentional, convert the expression to 'unknown' first.
  Property 'american' is incompatible with index signature.
    Type '{ readonly name: "American"; readonly elementalProperties: { readonly Fire: 0.3; readonly Water: 0.2; readonly Earth: 0.3; readonly Air: 0.2; }; }' is missing the following properties from type 'CuisineData': description, dishes
src/components/Recipe/RecipeRecommendations.tsx(98,14): error TS2304: Cannot find name 'ElementalItem'.
src/components/Recipe/RecipeRecommendations.tsx(145,5): error TS2740: Type '{ [key: string]: number; }' is missing the following properties from type 'Record<"Sun" | "Moon" | "Mercury" | "Venus" | "Mars" | "Jupiter" | "Saturn" | "Uranus" | "Neptune" | "Pluto", number>': Sun, Moon, Mercury, Venus, and 6 more.
src/components/Recipe/RecipeRecommendations.tsx(156,33): error TS2339: Property 'tarotElementBoosts' does not exist on type 'AstrologicalState'.
src/components/Recipe/RecipeRecommendations.tsx(159,5): error TS2322: Type 'import("/Users/GregCastro/Desktop/WhatToEatNext/src/types/celestial").PlanetaryAspect[]' is not assignable to type 'import("/Users/GregCastro/Desktop/WhatToEatNext/src/types/alchemy").PlanetaryAspect[]'.
  Type 'PlanetaryAspect' is missing the following properties from type 'PlanetaryAspect': type, strength
src/components/Recipe/RecipeRecommendations.tsx(181,47): error TS2345: Argument of type '{ [key: string]: number; }' is not assignable to parameter of type 'Record<"Sun" | "Moon" | "Mercury" | "Venus" | "Mars" | "Jupiter" | "Saturn" | "Uranus" | "Neptune" | "Pluto", number>'.
src/components/Recipe/RecipeRecommendations.tsx(192,35): error TS2339: Property 'tarotElementBoosts' does not exist on type 'AstrologicalState'.
src/components/Recipe/RecipeRecommendations.tsx(197,36): error TS2345: Argument of type 'import("/Users/GregCastro/Desktop/WhatToEatNext/src/types/celestial").PlanetaryAspect[]' is not assignable to parameter of type 'import("/Users/GregCastro/Desktop/WhatToEatNext/src/types/alchemy").PlanetaryAspect[]'.
src/components/Recipe/RecipeRecommendations.tsx(207,31): error TS2339: Property 'tarotElementBoosts' does not exist on type 'AstrologicalState'.
src/components/Recipe/RecipeRecommendations.tsx(252,24): error TS2339: Property 'length' does not exist on type 'AlchemicalRecommendations'.
src/components/Recipe/RecipeRecommendations.tsx(263,5): error TS2352: Conversion of type '{ readonly american: { readonly name: "American"; readonly elementalProperties: { readonly Fire: 0.3; readonly Water: 0.2; readonly Earth: 0.3; readonly Air: 0.2; }; }; readonly chinese: { readonly name: "Chinese"; readonly elementalProperties: { ...; }; }; ... 11 more ...; readonly russian: { ...; }; }' to type 'Record<string, CuisineData>' may be a mistake because neither type sufficiently overlaps with the other. If this was intentional, convert the expression to 'unknown' first.
src/components/Recipe/RecipeRecommendations.tsx(307,41): error TS2339: Property 'elementalState' does not exist on type '{ mealType: string; season: string; id: string; name: string; description: string; cuisine: string; timeToMake: string; ingredients?: (string | { name: string; amount: number; unit: string; category?: string; })[]; instructions?: string[]; elementalProperties?: ElementalProperties; numberOfServings?: number; }'.
src/components/Recipe/RecipeRecommendations.tsx(362,20): error TS2349: This expression is not callable.
  Type 'AlchemicalState' has no call signatures.
src/components/Recipe/RecipeRecommendations.tsx(362,28): error TS2304: Cannot find name 'astrologicalState'.
src/components/Recipe/RecipeRecommendations.tsx(362,68): error TS2304: Cannot find name 'astrologicalState'.
src/components/Recipe/RecipeRecommendations.tsx(393,16): error TS2304: Cannot find name 'RecipeCard'.
src/components/RecipeBuilder.tsx(2,10): error TS2300: Duplicate identifier 'Recipe'.
src/components/RecipeBuilder.tsx(3,10): error TS2724: '"@/data/ingredients"' has no exported member named 'ingredients'. Did you mean 'ingredientsMap'?
src/components/RecipeBuilder.tsx(5,10): error TS2724: '"@/constants/signEnergyStates"' has no exported member named 'signEnergyStates'. Did you mean 'SignEnergyState'?
src/components/RecipeBuilder.tsx(6,10): error TS2305: Module '"@/constants/chakraMappings"' has no exported member 'chakraMappings'.
src/components/RecipeBuilder.tsx(7,15): error TS2300: Duplicate identifier 'Recipe'.
src/components/RecipeBuilder.tsx(7,23): error TS2300: Duplicate identifier 'ElementalProperties'.
src/components/RecipeBuilder.tsx(10,10): error TS2300: Duplicate identifier 'ElementalProperties'.
src/components/RecipeBuilder.tsx(125,15): error TS2322: Type '{ spirit: number; essence: number; matter: number; substance: number; }' is not assignable to type '{ Spirit: number; Essence: number; Matter: number; Substance: number; }'.
  Object literal may only specify known properties, but 'spirit' does not exist in type '{ Spirit: number; Essence: number; Matter: number; Substance: number; }'. Did you mean to write 'Spirit'?
src/components/RecipeBuilder.tsx(126,17): error TS2322: Type '{ spirit: number; essence: number; matter: number; substance: number; }' is not assignable to type '{ Spirit: number; Essence: number; Matter: number; Substance: number; }'.
  Object literal may only specify known properties, but 'spirit' does not exist in type '{ Spirit: number; Essence: number; Matter: number; Substance: number; }'. Did you mean to write 'Spirit'?
src/components/RecipeBuilder.tsx(127,25): error TS2322: Type '{ spirit: number; essence: number; matter: number; substance: number; }' is not assignable to type '{ Spirit: number; Essence: number; Matter: number; Substance: number; }'.
  Object literal may only specify known properties, but 'spirit' does not exist in type '{ Spirit: number; Essence: number; Matter: number; Substance: number; }'. Did you mean to write 'Spirit'?
src/components/RecipeBuilder.tsx(131,16): error TS2322: Type '{ spirit: number; essence: number; matter: number; substance: number; }' is not assignable to type '{ Spirit: number; Essence: number; Matter: number; Substance: number; }'.
  Object literal may only specify known properties, but 'spirit' does not exist in type '{ Spirit: number; Essence: number; Matter: number; Substance: number; }'. Did you mean to write 'Spirit'?
src/components/RecipeBuilder.tsx(132,17): error TS2322: Type '{ spirit: number; essence: number; matter: number; substance: number; }' is not assignable to type '{ Spirit: number; Essence: number; Matter: number; Substance: number; }'.
  Object literal may only specify known properties, but 'spirit' does not exist in type '{ Spirit: number; Essence: number; Matter: number; Substance: number; }'. Did you mean to write 'Spirit'?
src/components/RecipeBuilder.tsx(133,22): error TS2322: Type '{ spirit: number; essence: number; matter: number; substance: number; }' is not assignable to type '{ Spirit: number; Essence: number; Matter: number; Substance: number; }'.
  Object literal may only specify known properties, but 'spirit' does not exist in type '{ Spirit: number; Essence: number; Matter: number; Substance: number; }'. Did you mean to write 'Spirit'?
src/components/RecipeBuilder.tsx(134,16): error TS2322: Type '{ spirit: number; essence: number; matter: number; substance: number; }' is not assignable to type '{ Spirit: number; Essence: number; Matter: number; Substance: number; }'.
  Object literal may only specify known properties, but 'spirit' does not exist in type '{ Spirit: number; Essence: number; Matter: number; Substance: number; }'. Did you mean to write 'Spirit'?
src/components/RecipeBuilder.tsx(184,9): error TS2345: Argument of type '{ spirit: number; essence: number; matter: number; substance: number; }' is not assignable to parameter of type '{ Spirit: number; Essence: number; Matter: number; Substance: number; }'.
  Object literal may only specify known properties, but 'spirit' does not exist in type '{ Spirit: number; Essence: number; Matter: number; Substance: number; }'. Did you mean to write 'Spirit'?
src/components/RecipeBuilder.tsx(378,19): error TS2739: Type '{ id: string; name: string; description: string; ingredients: any[]; instructions: undefined[]; elementalProperties: { Fire: number; Water: number; Earth: number; Air: number; }; timeToMake: string; modality: Modality; }' is missing the following properties from type 'Recipe': cuisine, servingSize
src/components/RecipeCard.tsx(3,19): error TS2307: Cannot find module 'image ' or its corresponding type declarations.
src/components/RecipeCard.tsx(18,11): error TS2607: JSX element class does not support attributes because it does not have a 'props' property.
src/components/RecipeCard.tsx(18,12): error TS2786: 'Image' cannot be used as a JSX component.
  Its type 'new (width?: number, height?: number) => HTMLImageElement' is not a valid JSX element type.
    Type 'new (width?: number, height?: number) => HTMLImageElement' is not assignable to type 'new (props: any) => Component<any, any, any>'.
      Type 'HTMLImageElement' is missing the following properties from type 'Component<any, any, any>': context, setState, forceUpdate, render, and 3 more.
src/components/RecipeList.tsx(19,10): error TS2305: Module '"@/utils/recipeEnrichment"' has no exported member 'enrichRecipeWithAstrology'.
src/components/RecipeList.tsx(25,10): error TS2724: '"@/contexts/AlchemicalContext"' has no exported member named 'useAlchemicalContext'. Did you mean 'AlchemicalContext'?
src/components/RecipeList.tsx(27,10): error TS2305: Module '"@/utils/recipeFilters"' has no exported member 'filterRecipesByAstrology'.
src/components/RecipeList.tsx(65,19): error TS2339: Property 'dishes' does not exist on type '{ readonly name: "American"; readonly elementalProperties: { readonly Fire: 0.3; readonly Water: 0.2; readonly Earth: 0.3; readonly Air: 0.2; }; } | { readonly name: "Chinese"; readonly elementalProperties: { ...; }; } | ... 11 more ... | { ...; }'.
  Property 'dishes' does not exist on type '{ readonly name: "American"; readonly elementalProperties: { readonly Fire: 0.3; readonly Water: 0.2; readonly Earth: 0.3; readonly Air: 0.2; }; }'.
src/components/RecipeList.tsx(69,32): error TS2339: Property 'dishes' does not exist on type '{ readonly name: "American"; readonly elementalProperties: { readonly Fire: 0.3; readonly Water: 0.2; readonly Earth: 0.3; readonly Air: 0.2; }; } | { readonly name: "Chinese"; readonly elementalProperties: { ...; }; } | ... 11 more ... | { ...; }'.
  Property 'dishes' does not exist on type '{ readonly name: "American"; readonly elementalProperties: { readonly Fire: 0.3; readonly Water: 0.2; readonly Earth: 0.3; readonly Air: 0.2; }; }'.
src/components/RecipeList.tsx(82,39): error TS2339: Property 'name' does not exist on type 'unknown'.
src/components/RecipeList.tsx(83,28): error TS2339: Property 'name' does not exist on type 'unknown'.
src/components/RecipeList.tsx(88,42): error TS2339: Property 'dietaryInfo' does not exist on type 'unknown'.
src/components/RecipeList.tsx(90,26): error TS2339: Property 'isVegetarian' does not exist on type 'unknown'.
src/components/RecipeList.tsx(94,26): error TS2339: Property 'isVegan' does not exist on type 'unknown'.
src/components/RecipeList.tsx(98,26): error TS2339: Property 'isGlutenFree' does not exist on type 'unknown'.
src/components/RecipeList.tsx(102,26): error TS2339: Property 'isDAiryFree' does not exist on type 'unknown'.
src/components/RecipeList.tsx(107,53): error TS2339: Property 'astrologicalPropertiesInfluences' does not exist on type 'unknown'.
src/components/RecipeList.tsx(108,62): error TS2339: Property 'astrologicalPropertiesAffinities' does not exist on type 'unknown'.
src/components/RecipeList.tsx(110,41): error TS2339: Property 'astrologicalPropertiesAffinities' does not exist on type 'unknown'.
src/components/RecipeList.tsx(126,47): error TS2339: Property 'zodiacInfluences' does not exist on type 'unknown'.
src/components/RecipeList.tsx(127,56): error TS2339: Property 'astrologicalPropertiesAffinities' does not exist on type 'unknown'.
src/components/RecipeList.tsx(128,60): error TS2339: Property 'astrologicalPropertiesAffinities' does not exist on type 'unknown'.
src/components/RecipeList.tsx(129,30): error TS2339: Property 'astrologicalPropertiesAffinities' does not exist on type 'unknown'.
src/components/RecipeList.tsx(130,31): error TS2339: Property 'astrologicalPropertiesAffinities' does not exist on type 'unknown'.
src/components/RecipeList.tsx(134,51): error TS2339: Property 'lunarPhaseInfluences' does not exist on type 'unknown'.
src/components/RecipeList.tsx(135,60): error TS2339: Property 'astrologicalPropertiesAffinities' does not exist on type 'unknown'.
src/components/RecipeList.tsx(136,64): error TS2339: Property 'astrologicalPropertiesAffinities' does not exist on type 'unknown'.
src/components/RecipeList.tsx(137,30): error TS2339: Property 'astrologicalPropertiesAffinities' does not exist on type 'unknown'.
src/components/RecipeList.tsx(138,31): error TS2339: Property 'astrologicalPropertiesAffinities' does not exist on type 'unknown'.
src/components/RecipeList.tsx(142,39): error TS2339: Property 'preparationTime' does not exist on type 'unknown'.
src/components/RecipeList.tsx(143,35): error TS2339: Property 'preparationTime' does not exist on type 'unknown'.
src/components/RecipeList.tsx(144,33): error TS2339: Property 'preparationTime' does not exist on type 'unknown'.
src/components/RecipeList.tsx(145,30): error TS2339: Property 'preparationTime' does not exist on type 'unknown'.
src/components/RecipeList.tsx(148,39): error TS2339: Property 'cookingTime' does not exist on type 'unknown'.
src/components/RecipeList.tsx(149,35): error TS2339: Property 'cookingTime' does not exist on type 'unknown'.
src/components/RecipeList.tsx(150,33): error TS2339: Property 'cookingTime' does not exist on type 'unknown'.
src/components/RecipeList.tsx(151,30): error TS2339: Property 'cookingTime' does not exist on type 'unknown'.
src/components/RecipeList.tsx(157,28): error TS2339: Property 'timeToMake' does not exist on type 'unknown'.
src/components/RecipeList.tsx(159,42): error TS2698: Spread types may only be created from object types.
src/components/RecipeList.tsx(166,28): error TS2339: Property 'instructions' does not exist on type 'unknown'.
src/components/RecipeList.tsx(166,51): error TS2339: Property 'preparationSteps' does not exist on type 'unknown'.
src/components/RecipeList.tsx(169,28): error TS2339: Property 'cookingMethods' does not exist on type 'unknown'.
src/components/RecipeList.tsx(170,29): error TS2339: Property 'cookingMethods' does not exist on type 'unknown'.
src/components/RecipeList.tsx(171,32): error TS2339: Property 'cookingMethods' does not exist on type 'unknown'.
src/components/RecipeList.tsx(175,28): error TS2339: Property 'elementalProperties' does not exist on type 'unknown'.
src/components/RecipeList.tsx(180,39): error TS2339: Property 'servings' does not exist on type 'unknown'.
src/components/RecipeList.tsx(180,58): error TS2339: Property 'numberOfServings' does not exist on type 'unknown'.
src/components/RecipeList.tsx(184,50): error TS2339: Property 'totalTime' does not exist on type 'unknown'.
src/components/RecipeList.tsx(195,37): error TS2339: Property 'nutrition' does not exist on type 'unknown'.
src/components/RecipeList.tsx(197,43): error TS2339: Property 'nutrition' does not exist on type 'unknown'.
src/components/RecipeList.tsx(198,42): error TS2339: Property 'nutrition' does not exist on type 'unknown'.
src/components/RecipeList.tsx(199,40): error TS2339: Property 'nutrition' does not exist on type 'unknown'.
src/components/RecipeList.tsx(200,38): error TS2339: Property 'nutrition' does not exist on type 'unknown'.
src/components/RecipeList.tsx(201,42): error TS2339: Property 'nutrition' does not exist on type 'unknown'.
src/components/RecipeList.tsx(202,42): error TS2339: Property 'nutrition' does not exist on type 'unknown'.
src/components/RecipeList.tsx(206,33): error TS2339: Property 'tools' does not exist on type 'unknown'.
src/components/RecipeList.tsx(207,41): error TS2339: Property 'technicalTips' does not exist on type 'unknown'.
src/components/RecipeList.tsx(209,46): error TS2339: Property 'tags' does not exist on type 'unknown'.
src/components/RecipeList.tsx(210,30): error TS2339: Property 'tags' does not exist on type 'unknown'.
src/components/RecipeList.tsx(211,31): error TS2339: Property 'dietaryInfo' does not exist on type 'unknown'.
src/components/RecipeList.tsx(378,7): error TS2304: Cannot find name 'enrichRecipeData'.
src/components/RecipeList.tsx(786,19): error TS2339: Property 'sun' does not exist on type 'unknown'.
src/components/RecipeList.tsx(786,36): error TS2339: Property 'jupiter' does not exist on type 'unknown'.
src/components/RecipeList.tsx(787,32): error TS2339: Property 'sun' does not exist on type 'unknown'.
src/components/RecipeList.tsx(788,36): error TS2339: Property 'jupiter' does not exist on type 'unknown'.
src/components/RecipeList.tsx(792,40): error TS2339: Property 'find' does not exist on type 'Record<ZodiacSign, ZodiacSeasonData>'.
src/components/RecipeList.tsx(939,19): error TS2322: Type 'string | Planet' is not assignable to type 'ReactNode'.
  Type 'Planet' is not assignable to type 'ReactNode'.
src/components/RecipeList.tsx(1106,43): error TS2339: Property 'protein' does not exist on type '{ calories?: number; servingSize?: string; macronutrients?: { protein: number; carbs: number; fat: number; fiber: number; }; }'.
src/components/RecipeList.tsx(1109,52): error TS2339: Property 'protein' does not exist on type '{ calories?: number; servingSize?: string; macronutrients?: { protein: number; carbs: number; fat: number; fiber: number; }; }'.
src/components/RecipeList.tsx(1113,43): error TS2339: Property 'carbs' does not exist on type '{ calories?: number; servingSize?: string; macronutrients?: { protein: number; carbs: number; fat: number; fiber: number; }; }'.
src/components/RecipeList.tsx(1116,52): error TS2339: Property 'carbs' does not exist on type '{ calories?: number; servingSize?: string; macronutrients?: { protein: number; carbs: number; fat: number; fiber: number; }; }'.
src/components/RecipeList.tsx(1120,43): error TS2339: Property 'fat' does not exist on type '{ calories?: number; servingSize?: string; macronutrients?: { protein: number; carbs: number; fat: number; fiber: number; }; }'.
src/components/RecipeList.tsx(1123,52): error TS2339: Property 'fat' does not exist on type '{ calories?: number; servingSize?: string; macronutrients?: { protein: number; carbs: number; fat: number; fiber: number; }; }'.
src/components/RecipeList.tsx(1130,43): error TS2339: Property 'vitamins' does not exist on type '{ calories?: number; servingSize?: string; macronutrients?: { protein: number; carbs: number; fat: number; fiber: number; }; }'.
src/components/RecipeList.tsx(1131,46): error TS2339: Property 'vitamins' does not exist on type '{ calories?: number; servingSize?: string; macronutrients?: { protein: number; carbs: number; fat: number; fiber: number; }; }'.
src/components/RecipeList.tsx(1135,53): error TS2339: Property 'vitamins' does not exist on type '{ calories?: number; servingSize?: string; macronutrients?: { protein: number; carbs: number; fat: number; fiber: number; }; }'.
src/components/RecipeList.tsx(1140,43): error TS2339: Property 'minerals' does not exist on type '{ calories?: number; servingSize?: string; macronutrients?: { protein: number; carbs: number; fat: number; fiber: number; }; }'.
src/components/RecipeList.tsx(1141,46): error TS2339: Property 'minerals' does not exist on type '{ calories?: number; servingSize?: string; macronutrients?: { protein: number; carbs: number; fat: number; fiber: number; }; }'.
src/components/RecipeList.tsx(1145,53): error TS2339: Property 'minerals' does not exist on type '{ calories?: number; servingSize?: string; macronutrients?: { protein: number; carbs: number; fat: number; fiber: number; }; }'.
src/components/RecipeList/RecipeList.migrated.tsx(4,10): error TS2300: Duplicate identifier 'Recipe'.
src/components/RecipeList/RecipeList.migrated.tsx(7,8): error TS2300: Duplicate identifier 'Recipe'.
src/components/RecipeList/RecipeList.migrated.tsx(12,25): error TS2307: Cannot find module '../ui/Spinner' or its corresponding type declarations.
src/components/RecipeList/RecipeList.migrated.tsx(180,13): error TS2322: Type '{ key: string; recipe: Recipe; isExpanded: boolean; onToggle: () => void; }' is not assignable to type 'IntrinsicAttributes & RecipeCardProps'.
  Property 'isExpanded' does not exist on type 'IntrinsicAttributes & RecipeCardProps'.
src/components/RecipeList/RecipeList.tsx(4,10): error TS2300: Duplicate identifier 'Recipe'.
src/components/RecipeList/RecipeList.tsx(5,15): error TS2300: Duplicate identifier 'ScoredRecipe'.
src/components/RecipeList/RecipeList.tsx(5,15): error TS2459: Module '"@/utils/recipeFilters"' declares 'ScoredRecipe' locally, but it is not exported.
src/components/RecipeList/RecipeList.tsx(10,8): error TS2300: Duplicate identifier 'Recipe'.
src/components/RecipeList/RecipeList.tsx(12,15): error TS2300: Duplicate identifier 'ScoredRecipe'.
src/components/RecipeList/RecipeList.tsx(16,10): error TS2305: Module '"@/data/foodTypes"' has no exported member 'foodTypes'.
src/components/RecipeList/RecipeList.tsx(124,11): error TS2322: Type 'import("/Users/GregCastro/Desktop/WhatToEatNext/src/types/celestial").ElementalProperties' is not assignable to type 'import("/Users/GregCastro/Desktop/WhatToEatNext/src/types/alchemy").ElementalProperties'.
src/components/RecipeList/RecipeList.tsx(321,18): error TS2693: 'Recipe' only refers to a type, but is being used as a value here.
src/components/RecipeList/RecipeList.tsx(338,18): error TS2693: 'Recipe' only refers to a type, but is being used as a value here.
src/components/RecipeList/RecipeList.tsx(355,18): error TS2693: 'Recipe' only refers to a type, but is being used as a value here.
src/components/RecipeRecommendations.tsx(4,10): error TS2300: Duplicate identifier 'Recipe'.
src/components/RecipeRecommendations.tsx(5,15): error TS2300: Duplicate identifier 'ScoredRecipe'.
src/components/RecipeRecommendations.tsx(5,15): error TS2459: Module '"@/utils/recipeFilters"' declares 'ScoredRecipe' locally, but it is not exported.
src/components/RecipeRecommendations.tsx(7,15): error TS2300: Duplicate identifier 'Recipe'.
src/components/RecipeRecommendations.tsx(7,23): error TS2300: Duplicate identifier 'ScoredRecipe'.
src/components/RecipeRecommendations.tsx(29,62): error TS2345: Argument of type '"spring"' is not assignable to parameter of type 'Season | (() => Season)'.
src/components/RecipeRecommendations.tsx(50,20): error TS2339: Property 'sign' does not exist on type 'unknown'.
src/components/RecipeRecommendations.tsx(51,47): error TS2339: Property 'sign' does not exist on type 'unknown'.
src/components/RecipeRecommendations.tsx(59,13): error TS2820: Type '"spring"' is not assignable to type 'Season'. Did you mean '"Spring"'?
src/components/RecipeRecommendations.tsx(63,11): error TS2820: Type '"spring"' is not assignable to type 'Season'. Did you mean '"Spring"'?
src/components/RecipeRecommendations.tsx(65,11): error TS2820: Type '"summer"' is not assignable to type 'Season'. Did you mean '"Summer"'?
src/components/RecipeRecommendations.tsx(67,11): error TS2322: Type '"autumn"' is not assignable to type 'Season'.
src/components/RecipeRecommendations.tsx(69,11): error TS2820: Type '"winter"' is not assignable to type 'Season'. Did you mean '"Winter"'?
src/components/recipes/RecipeBuilder.tsx(1,36): error TS2300: Duplicate identifier 'Element'.
src/components/recipes/RecipeBuilder.tsx(4,10): error TS2305: Module '"../../utils/ingredientUtils"' has no exported member 'ingredientUtils'.
src/components/recipes/RecipeBuilder.tsx(5,10): error TS2724: '"../../constants/signEnergyStates"' has no exported member named 'SIGN_ENERGY_STATES'. Did you mean 'SignEnergyState'?
src/components/recipes/RecipeBuilder.tsx(6,10): error TS2305: Module '"../../constants/chakraMappings"' has no exported member 'CHAKRA_MAPPINGS'.
src/components/recipes/RecipeBuilder.tsx(14,10): error TS2300: Duplicate identifier 'Element'.
src/components/recipes/RecipeBuilder.tsx(115,9): error TS2820: Type '"fire"' is not assignable to type 'Element'. Did you mean '"Fire"'?
src/components/recipes/RecipeBuilder.tsx(132,62): error TS2345: Argument of type 'Record<string, any>' is not assignable to parameter of type 'ZodiacSign'.
src/components/recipes/RecipeBuilder.tsx(132,62): error TS2352: Conversion of type 'string' to type 'Record<string, any>' may be a mistake because neither type sufficiently overlaps with the other. If this was intentional, convert the expression to 'unknown' first.
src/components/recipes/RecipeBuilder.tsx(148,7): error TS18004: No value exists in scope for the shorthand property 'zodiacSign'. Either declare one or provide an initializer.
src/components/recipes/RecipeBuilder.tsx(169,9): error TS2304: Cannot find name 'determineIngredientModality'.
src/components/recipes/RecipeBuilder.tsx(217,15): error TS2322: Type '{ spirit: number; essence: number; matter: number; substance: number; }' is not assignable to type '{ Spirit: number; Essence: number; Matter: number; Substance: number; }'.
  Object literal may only specify known properties, but 'spirit' does not exist in type '{ Spirit: number; Essence: number; Matter: number; Substance: number; }'. Did you mean to write 'Spirit'?
src/components/recipes/RecipeBuilder.tsx(218,17): error TS2322: Type '{ spirit: number; essence: number; matter: number; substance: number; }' is not assignable to type '{ Spirit: number; Essence: number; Matter: number; Substance: number; }'.
  Object literal may only specify known properties, but 'spirit' does not exist in type '{ Spirit: number; Essence: number; Matter: number; Substance: number; }'. Did you mean to write 'Spirit'?
src/components/recipes/RecipeBuilder.tsx(219,25): error TS2322: Type '{ spirit: number; essence: number; matter: number; substance: number; }' is not assignable to type '{ Spirit: number; Essence: number; Matter: number; Substance: number; }'.
  Object literal may only specify known properties, but 'spirit' does not exist in type '{ Spirit: number; Essence: number; Matter: number; Substance: number; }'. Did you mean to write 'Spirit'?
src/components/recipes/RecipeBuilder.tsx(220,16): error TS2322: Type '{ spirit: number; essence: number; matter: number; substance: number; }' is not assignable to type '{ Spirit: number; Essence: number; Matter: number; Substance: number; }'.
  Object literal may only specify known properties, but 'spirit' does not exist in type '{ Spirit: number; Essence: number; Matter: number; Substance: number; }'. Did you mean to write 'Spirit'?
src/components/recipes/RecipeBuilder.tsx(221,17): error TS2322: Type '{ spirit: number; essence: number; matter: number; substance: number; }' is not assignable to type '{ Spirit: number; Essence: number; Matter: number; Substance: number; }'.
  Object literal may only specify known properties, but 'spirit' does not exist in type '{ Spirit: number; Essence: number; Matter: number; Substance: number; }'. Did you mean to write 'Spirit'?
src/components/recipes/RecipeBuilder.tsx(222,22): error TS2322: Type '{ spirit: number; essence: number; matter: number; substance: number; }' is not assignable to type '{ Spirit: number; Essence: number; Matter: number; Substance: number; }'.
  Object literal may only specify known properties, but 'spirit' does not exist in type '{ Spirit: number; Essence: number; Matter: number; Substance: number; }'. Did you mean to write 'Spirit'?
src/components/recipes/RecipeBuilder.tsx(223,16): error TS2322: Type '{ spirit: number; essence: number; matter: number; substance: number; }' is not assignable to type '{ Spirit: number; Essence: number; Matter: number; Substance: number; }'.
  Object literal may only specify known properties, but 'spirit' does not exist in type '{ Spirit: number; Essence: number; Matter: number; Substance: number; }'. Did you mean to write 'Spirit'?
src/components/recipes/RecipeCard.tsx(127,58): error TS2345: Argument of type 'string' is not assignable to parameter of type 'Element'.
src/components/recipes/RecipeCard.tsx(137,52): error TS2362: The left-hand side of an arithmetic operation must be of type 'any', 'number', 'bigint' or an enum type.
src/components/recipes/RecipeCard.tsx(139,87): error TS2345: Argument of type 'string' is not assignable to parameter of type 'Element'.
src/components/recipes/RecipeCard.tsx(142,35): error TS2362: The left-hand side of an arithmetic operation must be of type 'any', 'number', 'bigint' or an enum type.
src/components/recipes/RecipeCard.tsx(191,61): error TS2365: Operator '<' cannot be applied to types 'number' and 'string | number'.
src/components/recipes/RecipeCard.tsx(208,27): error TS2304: Cannot find name 'styles'.
src/components/recipes/RecipeCard.tsx(208,61): error TS2304: Cannot find name 'styles'.
src/components/recipes/RecipeCard.tsx(210,29): error TS2304: Cannot find name 'styles'.
src/components/recipes/RecipeCard.tsx(211,33): error TS2304: Cannot find name 'styles'.
src/components/recipes/RecipeCard.tsx(213,43): error TS2304: Cannot find name 'styles'.
src/components/recipes/RecipeCard.tsx(217,45): error TS2304: Cannot find name 'styles'.
src/components/recipes/RecipeCard.tsx(218,53): error TS2304: Cannot find name 'styles'.
src/components/recipes/RecipeCard.tsx(246,36): error TS2304: Cannot find name 'styles'.
src/components/recipes/RecipeCard.tsx(286,40): error TS2304: Cannot find name 'styles'.
src/components/recipes/RecipeCard.tsx(288,49): error TS2304: Cannot find name 'styles'.
src/components/recipes/RecipeCard.tsx(299,49): error TS2304: Cannot find name 'styles'.
src/components/recipes/RecipeCard.tsx(340,40): error TS2304: Cannot find name 'styles'.
src/components/recipes/RecipeCard.tsx(460,55): error TS2339: Property 'protein' does not exist on type '{ calories?: number; servingSize?: string; macronutrients?: { protein: number; carbs: number; fat: number; fiber: number; }; }'.
src/components/recipes/RecipeCard.tsx(461,73): error TS2339: Property 'protein' does not exist on type '{ calories?: number; servingSize?: string; macronutrients?: { protein: number; carbs: number; fat: number; fiber: number; }; }'.
src/components/recipes/RecipeCard.tsx(463,55): error TS2339: Property 'carbs' does not exist on type '{ calories?: number; servingSize?: string; macronutrients?: { protein: number; carbs: number; fat: number; fiber: number; }; }'.
src/components/recipes/RecipeCard.tsx(464,71): error TS2339: Property 'carbs' does not exist on type '{ calories?: number; servingSize?: string; macronutrients?: { protein: number; carbs: number; fat: number; fiber: number; }; }'.
src/components/recipes/RecipeCard.tsx(466,55): error TS2339: Property 'fat' does not exist on type '{ calories?: number; servingSize?: string; macronutrients?: { protein: number; carbs: number; fat: number; fiber: number; }; }'.
src/components/recipes/RecipeCard.tsx(467,69): error TS2339: Property 'fat' does not exist on type '{ calories?: number; servingSize?: string; macronutrients?: { protein: number; carbs: number; fat: number; fiber: number; }; }'.
src/components/recipes/RecipeCard.tsx(503,14): error TS2678: Type '"fire"' is not comparable to type 'Element'.
src/components/recipes/RecipeCard.tsx(504,14): error TS2678: Type '"water"' is not comparable to type 'Element'.
src/components/recipes/RecipeCard.tsx(505,14): error TS2678: Type '"earth"' is not comparable to type 'Element'.
src/components/recipes/RecipeCard.tsx(513,14): error TS2678: Type '"fire"' is not comparable to type 'Element'.
src/components/recipes/RecipeCard.tsx(514,14): error TS2678: Type '"water"' is not comparable to type 'Element'.
src/components/recipes/RecipeCard.tsx(515,14): error TS2678: Type '"earth"' is not comparable to type 'Element'.
src/components/recipes/RecipeGrid.tsx(3,15): error TS2459: Module '"@/utils/recipeFilters"' declares 'ScoredRecipe' locally, but it is not exported.
src/components/recipes/RecipeGrid.tsx(4,10): error TS2305: Module '"../../data/seasons"' has no exported member 'seasonalData'.
src/components/recipes/RecipeGrid.tsx(30,3): error TS2724: '"lucide-react"' has no exported member named 'moonStar'. Did you mean 'MoonStar'?
src/components/recipes/RecipeGrid.tsx(83,54): error TS2304: Cannot find name 'Planet'.
src/components/recipes/RecipeGrid.tsx(95,34): error TS2673: Constructor of class 'RecipeElementalService' is private and only accessible within the class declaration.
src/components/recipes/RecipeGrid.tsx(139,41): error TS2339: Property 'name' does not exist on type 'unknown'.
src/components/recipes/RecipeGrid.tsx(140,28): error TS2339: Property 'name' does not exist on type 'unknown'.
src/components/recipes/RecipeGrid.tsx(145,59): error TS2698: Spread types may only be created from object types.
src/components/recipes/RecipeGrid.tsx(150,47): error TS2339: Property 'elementalState' does not exist on type 'unknown'.
src/components/recipes/RecipeGrid.tsx(821,18): error TS2304: Cannot find name 'RecipeCard'.
src/components/recommendations/AlchemicalRecommendations.migrated.tsx(4,10): error TS2300: Duplicate identifier 'Recipe'.
src/components/recommendations/AlchemicalRecommendations.migrated.tsx(30,3): error TS2300: Duplicate identifier 'Recipe'.
src/components/recommendations/AlchemicalRecommendations.migrated.tsx(31,3): error TS2300: Duplicate identifier 'ElementalProperties'.
src/components/recommendations/AlchemicalRecommendations.migrated.tsx(41,10): error TS2300: Duplicate identifier 'ElementalProperties'.
src/components/recommendations/AlchemicalRecommendations.migrated.tsx(79,5): error TS2339: Property 'elementalCalculator' does not exist on type '{ isInitialized: boolean; isLoading: boolean; error: Error; status: InitializationStatus; services: { alchemicalEngine: any; astrologyService: any; ingredientService: any; recipeService: any; recommendationService: any; alchemicalRecommendationService: any; }; ... 6 more ...; alchemicalRecommendationService: any; }'.
src/components/recommendations/AlchemicalRecommendations.migrated.tsx(158,15): error TS2322: Type 'unknown' is not assignable to type 'number'.
src/components/recommendations/AlchemicalRecommendations.migrated.tsx(428,37): error TS2345: Argument of type 'ElementalProperties' is not assignable to parameter of type 'string[]'.
src/components/recommendations/AlchemicalRecommendations.migrated.tsx(500,23): error TS2339: Property 'elementalState' does not exist on type '{ dominantElement: any; dominantAlchemicalProperty: any; heat: any; entropy: any; reactivity: any; gregsEnergy: any; elementalBalance: { Fire: number; Water: number; Earth: number; Air: number; }; alchemicalProperties: { ...; }; }'.
src/components/recommendations/AlchemicalRecommendations.migrated.tsx(501,23): error TS2339: Property 'elementalState' does not exist on type '{ dominantElement: any; dominantAlchemicalProperty: any; heat: any; entropy: any; reactivity: any; gregsEnergy: any; elementalBalance: { Fire: number; Water: number; Earth: number; Air: number; }; alchemicalProperties: { ...; }; }'.
src/components/recommendations/AlchemicalRecommendations.migrated.tsx(502,23): error TS2339: Property 'elementalState' does not exist on type '{ dominantElement: any; dominantAlchemicalProperty: any; heat: any; entropy: any; reactivity: any; gregsEnergy: any; elementalBalance: { Fire: number; Water: number; Earth: number; Air: number; }; alchemicalProperties: { ...; }; }'.
src/components/recommendations/AlchemicalRecommendations.migrated.tsx(503,23): error TS2339: Property 'elementalState' does not exist on type '{ dominantElement: any; dominantAlchemicalProperty: any; heat: any; entropy: any; reactivity: any; gregsEnergy: any; elementalBalance: { Fire: number; Water: number; Earth: number; Air: number; }; alchemicalProperties: { ...; }; }'.
src/components/recommendations/AlchemicalRecommendations.tsx(2,10): error TS2300: Duplicate identifier 'Recipe'.
src/components/recommendations/AlchemicalRecommendations.tsx(13,3): error TS2300: Duplicate identifier 'Recipe'.
src/components/recommendations/AlchemicalRecommendations.tsx(14,3): error TS2300: Duplicate identifier 'AstrologicalState'.
src/components/recommendations/AlchemicalRecommendations.tsx(15,3): error TS2300: Duplicate identifier 'ElementalProperties'.
src/components/recommendations/AlchemicalRecommendations.tsx(33,10): error TS2300: Duplicate identifier 'AstrologicalState'.
src/components/recommendations/AlchemicalRecommendations.tsx(34,10): error TS2300: Duplicate identifier 'ElementalProperties'.
src/components/recommendations/AlchemicalRecommendations.tsx(132,9): error TS2739: Type '{ lunarPhase: LunarPhaseWithSpaces; currentZodiacSign: ZodiacSign; celestialEvents: any[]; aspects: PlanetaryAspect[]; retrograde: any[]; }' is missing the following properties from type 'AstrologicalState': sunSign, activePlanets
src/components/recommendations/AlchemicalRecommendations.tsx(167,52): error TS2352: Conversion of type 'Ingredient' to type 'Partial<ElementalProperties>' may be a mistake because neither type sufficiently overlaps with the other. If this was intentional, convert the expression to 'unknown' first.
  Index signature for type 'string' is missing in type 'Ingredient'.
src/components/recommendations/AlchemicalRecommendations.tsx(245,9): error TS2352: Conversion of type 'Ingredient' to type 'Modality' may be a mistake because neither type sufficiently overlaps with the other. If this was intentional, convert the expression to 'unknown' first.
src/components/recommendations/AlchemicalRecommendations.tsx(401,37): error TS2345: Argument of type 'ElementalProperties' is not assignable to parameter of type 'string[]'.
  Type 'ElementalProperties' is missing the following properties from type 'string[]': length, pop, push, concat, and 31 more.
src/components/recommendations/CuisineRecommender.tsx(24,3): error TS2300: Duplicate identifier 'ElementalProperties'.
src/components/recommendations/CuisineRecommender.tsx(25,3): error TS2300: Duplicate identifier 'AstrologicalState'.
src/components/recommendations/CuisineRecommender.tsx(26,3): error TS2724: '"@/types/alchemy"' has no exported member named 'PlanetaryPositionsType'. Did you mean 'PlanetaryPosition'?
src/components/recommendations/CuisineRecommender.tsx(54,10): error TS2300: Duplicate identifier 'AstrologicalState'.
src/components/recommendations/CuisineRecommender.tsx(55,10): error TS2300: Duplicate identifier 'ElementalProperties'.
src/components/recommendations/CuisineRecommender.tsx(155,62): error TS2339: Property 'elementalState' does not exist on type 'CuisineFlavorProfile'.
src/components/recommendations/CuisineRecommender.tsx(207,66): error TS2339: Property 'elementalState' does not exist on type 'AstrologicalState'.
src/components/recommendations/CuisineRecommender.tsx(208,45): error TS2339: Property 'elementalState' does not exist on type 'AstrologicalState | { currentZodiacSign: string; lunarPhase: "new moon"; }'.
  Property 'elementalState' does not exist on type 'AstrologicalState'.
src/components/recommendations/CuisineRecommender.tsx(223,68): error TS2339: Property 'elementalState' does not exist on type 'AstrologicalState'.
src/components/recommendations/CuisineRecommender.tsx(224,48): error TS2339: Property 'elementalState' does not exist on type 'AstrologicalState | { currentZodiacSign: string; lunarPhase: "new moon"; }'.
  Property 'elementalState' does not exist on type 'AstrologicalState'.
src/components/recommendations/CuisineRecommender.tsx(231,5): error TS2304: Cannot find name 'AlchemicalItem'.
src/components/recommendations/CuisineRecommender.tsx(255,50): error TS2339: Property 'elementalState' does not exist on type 'AstrologicalState'.
src/components/recommendations/CuisineRecommender.tsx(264,75): error TS2339: Property 'elementalState' does not exist on type 'AstrologicalState | { currentZodiacSign: string; lunarPhase: "new moon"; }'.
  Property 'elementalState' does not exist on type 'AstrologicalState'.
src/components/recommendations/CuisineRecommender.tsx(269,59): error TS2339: Property 'elementalState' does not exist on type 'AstrologicalState | { currentZodiacSign: string; lunarPhase: "new moon"; }'.
  Property 'elementalState' does not exist on type 'AstrologicalState'.
src/components/recommendations/CuisineRecommender.tsx(326,41): error TS2339: Property 'elementalState' does not exist on type 'AlchemicalState | { astrologicalState: { currentZodiacSign: string; lunarPhase: "new moon"; }; }'.
  Property 'elementalState' does not exist on type '{ astrologicalState: { currentZodiacSign: string; lunarPhase: "new moon"; }; }'.
src/components/recommendations/CuisineRecommender.tsx(326,84): error TS2339: Property 'elementalState' does not exist on type 'AstrologicalState | { currentZodiacSign: string; lunarPhase: "new moon"; }'.
  Property 'elementalState' does not exist on type 'AstrologicalState'.
src/components/recommendations/CuisineRecommender.tsx(332,9): error TS2322: Type 'PlanetaryPositionsType' is not assignable to type 'Record<string, { sign: string; degree: number; }>'.
  'string' index signatures are incompatible.
    Type 'CelestialPosition' is not assignable to type '{ sign: string; degree: number; }'.
      Property 'sign' is optional in type 'CelestialPosition' but required in type '{ sign: string; degree: number; }'.
src/components/recommendations/CuisineRecommender.tsx(338,34): error TS2349: This expression is not callable.
  Type 'CuisineType' has no call signatures.
src/components/recommendations/CuisineRecommender.tsx(356,45): error TS2304: Cannot find name 'AlchemicalItem'.
src/components/recommendations/CuisineRecommender.tsx(412,33): error TS2345: Argument of type 'Recipe' is not assignable to parameter of type 'RecipeData'.
  Types of property 'servingSize' are incompatible.
    Type 'number' is not assignable to type 'string'.
src/components/recommendations/CuisineRecommender.tsx(504,37): error TS2339: Property 'elementalState' does not exist on type 'unknown'.
src/components/recommendations/CuisineRecommender.tsx(519,19): error TS2339: Property 'flavorProfile' does not exist on type 'unknown'.
src/components/recommendations/CuisineRecommender.tsx(527,24): error TS2339: Property 'flavorProfile' does not exist on type 'unknown'.
src/components/recommendations/CuisineRecommender.tsx(529,41): error TS2339: Property 'flavorProfile' does not exist on type 'unknown'.
src/components/recommendations/CuisineRecommender.tsx(553,11): error TS2698: Spread types may only be created from object types.
src/components/recommendations/CuisineRecommender.tsx(554,21): error TS2339: Property 'id' does not exist on type 'unknown'.
src/components/recommendations/CuisineRecommender.tsx(554,33): error TS2339: Property 'name' does not exist on type 'unknown'.
src/components/recommendations/IngredientRecommender.migrated.tsx(7,15): error TS2300: Duplicate identifier 'ElementalProperties'.
src/components/recommendations/IngredientRecommender.migrated.tsx(8,3): error TS2300: Duplicate identifier 'Element'.
src/components/recommendations/IngredientRecommender.migrated.tsx(10,3): error TS2300: Duplicate identifier 'AstrologicalState'.
src/components/recommendations/IngredientRecommender.migrated.tsx(17,10): error TS2300: Duplicate identifier 'Element'.
src/components/recommendations/IngredientRecommender.migrated.tsx(18,10): error TS2300: Duplicate identifier 'AstrologicalState'.
src/components/recommendations/IngredientRecommender.migrated.tsx(20,10): error TS2300: Duplicate identifier 'ElementalProperties'.
src/components/recommendations/IngredientRecommender.migrated.tsx(26,12): error TS2820: Type '"fire"' is not assignable to type 'Element'. Did you mean '"Fire"'?
src/components/recommendations/IngredientRecommender.migrated.tsx(26,29): error TS2820: Type '"fire"' is not assignable to type 'Element'. Did you mean '"Fire"'?
src/components/recommendations/IngredientRecommender.migrated.tsx(27,13): error TS2820: Type '"water"' is not assignable to type 'Element'. Did you mean '"Water"'?
src/components/recommendations/IngredientRecommender.migrated.tsx(27,31): error TS2820: Type '"water"' is not assignable to type 'Element'. Did you mean '"Water"'?
src/components/recommendations/IngredientRecommender.migrated.tsx(28,32): error TS2820: Type '"earth"' is not assignable to type 'Element'. Did you mean '"Earth"'?
src/components/recommendations/IngredientRecommender.migrated.tsx(29,14): error TS2820: Type '"water"' is not assignable to type 'Element'. Did you mean '"Water"'?
src/components/recommendations/IngredientRecommender.migrated.tsx(29,32): error TS2820: Type '"earth"' is not assignable to type 'Element'. Did you mean '"Earth"'?
src/components/recommendations/IngredientRecommender.migrated.tsx(30,13): error TS2820: Type '"fire"' is not assignable to type 'Element'. Did you mean '"Fire"'?
src/components/recommendations/IngredientRecommender.migrated.tsx(30,30): error TS2820: Type '"water"' is not assignable to type 'Element'. Did you mean '"Water"'?
src/components/recommendations/IngredientRecommender.migrated.tsx(31,32): error TS2820: Type '"fire"' is not assignable to type 'Element'. Did you mean '"Fire"'?
src/components/recommendations/IngredientRecommender.migrated.tsx(32,31): error TS2820: Type '"earth"' is not assignable to type 'Element'. Did you mean '"Earth"'?
src/components/recommendations/IngredientRecommender.migrated.tsx(33,15): error TS2820: Type '"water"' is not assignable to type 'Element'. Did you mean '"Water"'?
src/components/recommendations/IngredientRecommender.migrated.tsx(34,16): error TS2820: Type '"water"' is not assignable to type 'Element'. Did you mean '"Water"'?
src/components/recommendations/IngredientRecommender.migrated.tsx(34,34): error TS2820: Type '"water"' is not assignable to type 'Element'. Did you mean '"Water"'?
src/components/recommendations/IngredientRecommender.migrated.tsx(35,14): error TS2820: Type '"earth"' is not assignable to type 'Element'. Did you mean '"Earth"'?
src/components/recommendations/IngredientRecommender.migrated.tsx(35,32): error TS2820: Type '"water"' is not assignable to type 'Element'. Did you mean '"Water"'?
src/components/recommendations/IngredientRecommender.migrated.tsx(127,5): error TS2339: Property 'chakraService' does not exist on type '{ isInitialized: boolean; isLoading: boolean; error: Error; status: InitializationStatus; services: { alchemicalEngine: any; astrologyService: any; ingredientService: any; recipeService: any; recommendationService: any; alchemicalRecommendationService: any; }; ... 6 more ...; alchemicalRecommendationService: any; }'.
src/components/recommendations/IngredientRecommender.migrated.tsx(130,5): error TS2339: Property 'flavorProfileService' does not exist on type '{ isInitialized: boolean; isLoading: boolean; error: Error; status: InitializationStatus; services: { alchemicalEngine: any; astrologyService: any; ingredientService: any; recipeService: any; recommendationService: any; alchemicalRecommendationService: any; }; ... 6 more ...; alchemicalRecommendationService: any; }'.
src/components/recommendations/IngredientRecommender.migrated.tsx(131,5): error TS2339: Property 'elementalCalculator' does not exist on type '{ isInitialized: boolean; isLoading: boolean; error: Error; status: InitializationStatus; services: { alchemicalEngine: any; astrologyService: any; ingredientService: any; recipeService: any; recommendationService: any; alchemicalRecommendationService: any; }; ... 6 more ...; alchemicalRecommendationService: any; }'.
src/components/recommendations/IngredientRecommender.migrated.tsx(449,14): error TS2367: This comparison appears to be unintentional because the types 'Element' and '"fire"' have no overlap.
src/components/recommendations/IngredientRecommender.migrated.tsx(450,13): error TS2367: This comparison appears to be unintentional because the types 'Element' and '"water"' have no overlap.
src/components/recommendations/IngredientRecommender.migrated.tsx(451,13): error TS2367: This comparison appears to be unintentional because the types 'Element' and '"earth"' have no overlap.
src/components/recommendations/IngredientRecommender.migrated.tsx(456,12): error TS2678: Type '"fire"' is not comparable to type 'Element'.
src/components/recommendations/IngredientRecommender.migrated.tsx(457,12): error TS2678: Type '"water"' is not comparable to type 'Element'.
src/components/recommendations/IngredientRecommender.migrated.tsx(458,12): error TS2678: Type '"earth"' is not comparable to type 'Element'.
src/components/recommendations/IngredientRecommender.migrated.tsx(558,45): error TS2365: Operator '>' cannot be applied to types 'unknown' and 'number'.
src/components/recommendations/IngredientRecommender.migrated.tsx(559,48): error TS2362: The left-hand side of an arithmetic operation must be of type 'any', 'number', 'bigint' or an enum type.
src/components/recommendations/IngredientRecommender.migrated.tsx(559,52): error TS2363: The right-hand side of an arithmetic operation must be of type 'any', 'number', 'bigint' or an enum type.
src/components/recommendations/IngredientRecommender.migrated.tsx(565,41): error TS2345: Argument of type 'string' is not assignable to parameter of type 'Element'.
src/components/recommendations/IngredientRecommender.migrated.tsx(566,37): error TS2362: The left-hand side of an arithmetic operation must be of type 'any', 'number', 'bigint' or an enum type.
src/components/recommendations/IngredientRecommender.tsx(2,10): error TS2724: '"../../contexts/AlchemicalContext"' has no exported member named 'useAstrologicalState'. Did you mean 'AstrologicalState'?
src/components/recommendations/IngredientRecommender.tsx(23,10): error TS2724: '"../../services"' has no exported member named 'enhancedRecommendationService'. Did you mean 'RecommendationService'?
src/components/recommendations/IngredientRecommender.tsx(23,41): error TS2305: Module '"../../services"' has no exported member 'EnhancedRecommendationResult'.
src/components/recommendations/IngredientRecommender.tsx(169,5): error TS2339: Property 'enhancedRecommendations' does not exist on type 'AlchemicalRecommendationResults'.
src/components/recommendations/IngredientRecommender.tsx(170,5): error TS2339: Property 'chakraEnergies' does not exist on type 'AlchemicalRecommendationResults'.
src/components/recommendations/IngredientRecommender.tsx(173,5): error TS2339: Property 'refreshRecommendations' does not exist on type 'AlchemicalRecommendationResults'.
src/components/recommendations/IngredientRecommender.tsx(175,5): error TS2345: Argument of type '{ mode: string; limit: number; }' is not assignable to parameter of type 'UseAlchemicalRecommendationsProps'.
  Object literal may only specify known properties, and 'mode' does not exist in type 'UseAlchemicalRecommendationsProps'.
src/components/recommendations/IngredientRecommender.tsx(250,11): error TS2322: Type '{ chakraEnergies: ChakraEnergies; planetaryPositions: any; currentZodiac: any; isLoading: boolean; sunSign: any; lunarPhase: "new moon"; activePlanets: undefined[]; dominantElement: "Fire"; }' is not assignable to type 'AstrologicalState'.
  Object literal may only specify known properties, and 'chakraEnergies' does not exist in type 'AstrologicalState'.
src/components/recommendations/IngredientRecommender.tsx(310,51): error TS2339: Property 'name' does not exist on type 'unknown'.
src/components/recommendations/IngredientRecommender.tsx(311,73): error TS2339: Property 'name' does not exist on type 'unknown'.
src/components/recommendations/IngredientRecommender.tsx(317,48): error TS2339: Property 'name' does not exist on type 'unknown'.
src/components/recommendations/IngredientRecommender.tsx(318,70): error TS2339: Property 'name' does not exist on type 'unknown'.
src/components/recommendations/IngredientRecommender.tsx(324,60): error TS2339: Property 'name' does not exist on type 'unknown'.
src/components/recommendations/IngredientRecommender.tsx(325,82): error TS2339: Property 'name' does not exist on type 'unknown'.
src/components/recommendations/IngredientRecommender.tsx(561,41): error TS2339: Property 'name' does not exist on type 'unknown'.
src/components/recommendations/IngredientRecommender.tsx(566,44): error TS2339: Property 'elementalProperties' does not exist on type 'unknown'.
src/components/recommendations/IngredientRecommender.tsx(572,34): error TS2339: Property 'qualities' does not exist on type 'unknown'.
src/components/recommendations/IngredientRecommender.tsx(583,41): error TS2339: Property 'name' does not exist on type 'unknown'.
src/components/recommendations/IngredientRecommender.tsx(588,27): error TS2339: Property 'name' does not exist on type 'unknown'.
src/components/recommendations/IngredientRecommender.tsx(591,42): error TS2339: Property 'elementalProperties' does not exist on type 'unknown'.
src/components/recommendations/IngredientRecommender.tsx(593,32): error TS2339: Property 'qualities' does not exist on type 'unknown'.
src/components/recommendations/IngredientRecommender.tsx(594,33): error TS2339: Property 'smokePoint' does not exist on type 'unknown'.
src/components/recommendations/IngredientRecommender.tsx(595,43): error TS2339: Property 'culinaryApplications' does not exist on type 'unknown'.
src/components/recommendations/IngredientRecommender.tsx(596,46): error TS2339: Property 'thermodynamicProperties' does not exist on type 'unknown'.
src/components/recommendations/IngredientRecommender.tsx(597,37): error TS2339: Property 'sensoryProfile' does not exist on type 'unknown'.
src/components/recommendations/IngredientRecommender.tsx(598,37): error TS2339: Property 'name' does not exist on type 'unknown'.
src/components/recommendations/IngredientRecommender.tsx(598,122): error TS2339: Property 'description' does not exist on type 'unknown'.
src/components/recommendations/IngredientRecommender.tsx(763,39): error TS2345: Argument of type 'IngredientRecommendation' is not assignable to parameter of type 'UnifiedFlavorProfile'.
  Type 'IngredientRecommendation' is missing the following properties from type 'UnifiedFlavorProfile': id, baseNotes, elementalFlavors, intensity, and 12 more.
src/components/RecommendedRecipes.tsx(18,23): error TS2304: Cannot find name 'getTimeFactors'.
src/components/RecommendedRecipes.tsx(22,34): error TS2304: Cannot find name 'getRecommendedRecipes'.
src/components/RecommendedRecipes.tsx(28,38): error TS2304: Cannot find name 'explainRecommendation'.
src/components/RecommendedRecipes.tsx(36,8): error TS2304: Cannot find name 'Box'.
src/components/RecommendedRecipes.tsx(37,10): error TS2304: Cannot find name 'Typography'.
src/components/RecommendedRecipes.tsx(39,11): error TS2304: Cannot find name 'Typography'.
src/components/RecommendedRecipes.tsx(40,10): error TS2304: Cannot find name 'Typography'.
src/components/RecommendedRecipes.tsx(42,11): error TS2304: Cannot find name 'Typography'.
src/components/RecommendedRecipes.tsx(43,9): error TS2304: Cannot find name 'Box'.
src/components/RecommendedRecipes.tsx(48,6): error TS2304: Cannot find name 'Box'.
src/components/RecommendedRecipes.tsx(49,8): error TS2304: Cannot find name 'Box'.
src/components/RecommendedRecipes.tsx(50,10): error TS2304: Cannot find name 'WbSunny'.
src/components/RecommendedRecipes.tsx(51,10): error TS2304: Cannot find name 'Typography'.
src/components/RecommendedRecipes.tsx(53,11): error TS2304: Cannot find name 'Typography'.
src/components/RecommendedRecipes.tsx(54,9): error TS2304: Cannot find name 'Box'.
src/components/RecommendedRecipes.tsx(56,8): error TS2304: Cannot find name 'Box'.
src/components/RecommendedRecipes.tsx(57,10): error TS2304: Cannot find name 'Typography'.
src/components/RecommendedRecipes.tsx(59,11): error TS2304: Cannot find name 'Typography'.
src/components/RecommendedRecipes.tsx(60,9): error TS2304: Cannot find name 'Box'.
src/components/RecommendedRecipes.tsx(62,8): error TS2304: Cannot find name 'Grid'.
src/components/RecommendedRecipes.tsx(64,12): error TS2304: Cannot find name 'Grid'.
src/components/RecommendedRecipes.tsx(65,14): error TS2304: Cannot find name 'Card'.
src/components/RecommendedRecipes.tsx(67,18): error TS2304: Cannot find name 'CardMedia'.
src/components/RecommendedRecipes.tsx(74,16): error TS2304: Cannot find name 'CardContent'.
src/components/RecommendedRecipes.tsx(75,18): error TS2304: Cannot find name 'Typography'.
src/components/RecommendedRecipes.tsx(77,19): error TS2304: Cannot find name 'Typography'.
src/components/RecommendedRecipes.tsx(79,18): error TS2304: Cannot find name 'Box'.
src/components/RecommendedRecipes.tsx(80,20): error TS2304: Cannot find name 'AccessTime'.
src/components/RecommendedRecipes.tsx(81,20): error TS2304: Cannot find name 'Typography'.
src/components/RecommendedRecipes.tsx(83,21): error TS2304: Cannot find name 'Typography'.
src/components/RecommendedRecipes.tsx(84,20): error TS2304: Cannot find name 'Restaurant'.
src/components/RecommendedRecipes.tsx(85,20): error TS2304: Cannot find name 'Typography'.
src/components/RecommendedRecipes.tsx(87,21): error TS2304: Cannot find name 'Typography'.
src/components/RecommendedRecipes.tsx(88,19): error TS2304: Cannot find name 'Box'.
src/components/RecommendedRecipes.tsx(90,18): error TS2304: Cannot find name 'Box'.
src/components/RecommendedRecipes.tsx(92,22): error TS2304: Cannot find name 'Chip'.
src/components/RecommendedRecipes.tsx(99,19): error TS2304: Cannot find name 'Box'.
src/components/RecommendedRecipes.tsx(101,18): error TS2304: Cannot find name 'Divider'.
src/components/RecommendedRecipes.tsx(103,18): error TS2304: Cannot find name 'Typography'.
src/components/RecommendedRecipes.tsx(105,19): error TS2304: Cannot find name 'Typography'.
src/components/RecommendedRecipes.tsx(106,17): error TS2304: Cannot find name 'CardContent'.
src/components/RecommendedRecipes.tsx(107,15): error TS2304: Cannot find name 'Card'.
src/components/RecommendedRecipes.tsx(108,13): error TS2304: Cannot find name 'Grid'.
src/components/RecommendedRecipes.tsx(110,9): error TS2304: Cannot find name 'Grid'.
src/components/RecommendedRecipes.tsx(111,7): error TS2304: Cannot find name 'Box'.
src/components/SauceRecommender.tsx(754,39): error TS2362: The left-hand side of an arithmetic operation must be of type 'any', 'number', 'bigint' or an enum type.
src/components/SauceRecommender.tsx(754,43): error TS2363: The right-hand side of an arithmetic operation must be of type 'any', 'number', 'bigint' or an enum type.
src/components/Settings/Settings.tsx(172,24): error TS2740: Type 'Record<string, any>' is missing the following properties from type 'DietaryRestriction[]': length, pop, push, concat, and 31 more.
src/components/SunDisplay.tsx(144,12): error TS2604: JSX element type 'Sun' does not have any construct or call signatures.
src/components/SunDisplay.tsx(144,12): error TS2786: 'Sun' cannot be used as a JSX component.
  Its type 'CelestialPosition' is not a valid JSX element type.
src/components/TarotCardDisplay.tsx(78,25): error TS2304: Cannot find name 'styles'.
src/components/TarotCardDisplay.tsx(79,29): error TS2304: Cannot find name 'styles'.
src/components/TarotCardDisplay.tsx(80,33): error TS2304: Cannot find name 'styles'.
src/components/TarotCardDisplay.tsx(83,37): error TS2304: Cannot find name 'styles'.
src/components/TarotCardDisplay.tsx(86,59): error TS2304: Cannot find name 'styles'.
src/components/TarotCardDisplay.tsx(90,37): error TS2304: Cannot find name 'styles'.
src/components/TarotCardDisplay.tsx(94,33): error TS2304: Cannot find name 'styles'.
src/components/TarotCardDisplay.tsx(97,37): error TS2304: Cannot find name 'styles'.
src/components/TarotCardDisplay.tsx(98,37): error TS2304: Cannot find name 'styles'.
src/components/TarotDisplay.tsx(9,15): error TS2300: Duplicate identifier 'PlanetaryPosition'.
src/components/TarotDisplay.tsx(14,10): error TS2300: Duplicate identifier 'PlanetaryPosition'.
src/components/TarotDisplay.tsx(123,34): error TS2345: Argument of type '{ alchemicalValues: AlchemicalValues; planetaryCards: {}; minorCard: TarotCard; majorCard: MajorArcanaCard; }' is not assignable to parameter of type '{ minorCard: unknown; majorCard: unknown; planetaryCards?: { [key: string]: any; }; alchemicalValues?: AlchemicalValues; mode: any; }'.
  Property 'mode' is missing in type '{ alchemicalValues: AlchemicalValues; planetaryCards: {}; minorCard: TarotCard; majorCard: MajorArcanaCard; }' but required in type '{ minorCard: unknown; majorCard: unknown; planetaryCards?: { [key: string]: any; }; alchemicalValues?: AlchemicalValues; mode: any; }'.
src/components/TarotDisplay.tsx(149,25): error TS2322: Type '{ spirit: number; essence: number; matter: number; substance: number; }' is not assignable to type 'AlchemicalValues'.
  Object literal may only specify known properties, but 'spirit' does not exist in type 'AlchemicalValues'. Did you mean to write 'Spirit'?
src/components/TarotDisplay.tsx(158,34): error TS2551: Property 'Spirit' does not exist on type '{ spirit: number; essence: number; matter: number; substance: number; }'. Did you mean 'spirit'?
src/components/TarotDisplay.tsx(159,38): error TS2551: Property 'Essence' does not exist on type '{ spirit: number; essence: number; matter: number; substance: number; }'. Did you mean 'essence'?
src/components/TarotDisplay.tsx(160,43): error TS2551: Property 'Matter' does not exist on type '{ spirit: number; essence: number; matter: number; substance: number; }'. Did you mean 'matter'?
src/components/TarotDisplay.tsx(161,40): error TS2551: Property 'Substance' does not exist on type '{ spirit: number; essence: number; matter: number; substance: number; }'. Did you mean 'substance'?
src/components/TarotDisplay.tsx(163,5): error TS2739: Type '{ spirit: number; essence: number; matter: number; substance: number; }' is missing the following properties from type 'AlchemicalValues': Spirit, Essence, Matter, Substance
src/components/TarotDisplay.tsx(248,73): error TS2345: Argument of type 'string' is not assignable to parameter of type 'Element'.
src/components/TarotDisplay.tsx(253,33): error TS2345: Argument of type 'string' is not assignable to parameter of type 'Element'.
src/components/TarotFoodDisplay.tsx(8,15): error TS2300: Duplicate identifier 'PlanetaryPosition'.
src/components/TarotFoodDisplay.tsx(13,10): error TS2300: Duplicate identifier 'PlanetaryPosition'.
src/components/TarotFoodDisplay.tsx(128,23): error TS2339: Property 'name' does not exist on type 'unknown'.
src/components/TarotFoodDisplay.tsx(129,25): error TS2339: Property 'number' does not exist on type 'unknown'.
src/components/TarotFoodDisplay.tsx(166,38): error TS2339: Property 'name' does not exist on type 'unknown'.
src/components/TarotFoodDisplay.tsx(169,39): error TS2339: Property 'number' does not exist on type 'unknown'.
src/components/TarotFoodDisplay.tsx(188,73): error TS2345: Argument of type 'string' is not assignable to parameter of type 'Element'.
src/components/TarotFoodDisplay.tsx(191,98): error TS2339: Property 'name' does not exist on type 'unknown'.
src/components/TarotFoodDisplay.tsx(193,33): error TS2345: Argument of type 'string' is not assignable to parameter of type 'Element'.
src/components/TarotFoodDisplay.tsx(205,38): error TS2339: Property 'keywords' does not exist on type 'unknown'.
src/components/TarotFoodDisplay.tsx(216,98): error TS2339: Property 'name' does not exist on type 'unknown'.
src/components/TarotFoodDisplay.tsx(219,89): error TS2339: Property 'planet' does not exist on type 'unknown'.
src/components/TarotFoodDisplay.tsx(226,38): error TS2339: Property 'keywords' does not exist on type 'unknown'.
src/components/TarotFoodDisplay.tsx(229,75): error TS2339: Property 'planet' does not exist on type 'unknown'.
src/components/test/TestErrorBoundary.tsx(10,7): error TS2322: Type '{ children: ReactNode; FallbackComponent: ({ error, resetErrorBoundary }: { error: any; resetErrorBoundary: any; }) => Element; onError: (error: Error) => void; }' is not assignable to type 'IntrinsicAttributes & IntrinsicClassAttributes<ErrorBoundary> & Pick<Readonly<Props>, "children" | "onError"> & InexactPartial<...> & InexactPartial<...>'.
  Property 'FallbackComponent' does not exist on type 'IntrinsicAttributes & IntrinsicClassAttributes<ErrorBoundary> & Pick<Readonly<Props>, "children" | "onError"> & InexactPartial<...> & InexactPartial<...>'.
src/components/YourParentComponent.tsx(15,8): error TS2304: Cannot find name 'CookingMethodsSection'.
src/config/defaults.ts(1,52): error TS2300: Duplicate identifier 'Element'.
src/config/defaults.ts(2,10): error TS2300: Duplicate identifier 'Element'.
src/constants/alchemicalEnergyMapping.ts(5,10): error TS2300: Duplicate identifier 'AlchemicalProperties'.
src/constants/alchemicalEnergyMapping.ts(7,10): error TS2300: Duplicate identifier 'CelestialPosition'.
src/constants/alchemicalEnergyMapping.ts(9,3): error TS2300: Duplicate identifier 'CelestialPosition'.
src/constants/alchemicalEnergyMapping.ts(10,3): error TS2300: Duplicate identifier 'AlchemicalProperties'.
src/constants/alchemicalEnergyMapping.ts(161,7): error TS2322: Type '{ Spirit: number; Essence: number; Matter: number; Substance: number; }' is not assignable to type 'AlchemicalProperties'.
  Object literal may only specify known properties, and 'Spirit' does not exist in type 'AlchemicalProperties'.
src/constants/alchemicalEnergyMapping.ts(221,9): error TS2322: Type 'number' is not assignable to type 'AstrologicalInfluence[] & ElementalProfile & Element'.
src/constants/alchemicalEnergyMapping.ts(230,7): error TS2322: Type '{ Spirit: number; Essence: number; Matter: number; Substance: number; }' is not assignable to type 'AlchemicalProperties'.
  Object literal may only specify known properties, and 'Spirit' does not exist in type 'AlchemicalProperties'.
src/constants/alchemicalEnergyMapping.ts(249,43): error TS2339: Property 'Spirit' does not exist on type 'AlchemicalProperties'.
src/constants/alchemicalEnergyMapping.ts(250,44): error TS2339: Property 'Essence' does not exist on type 'AlchemicalProperties'.
src/constants/alchemicalEnergyMapping.ts(251,44): error TS2339: Property 'Matter' does not exist on type 'AlchemicalProperties'.
src/constants/alchemicalEnergyMapping.ts(252,42): error TS2339: Property 'Substance' does not exist on type 'AlchemicalProperties'.
src/constants/alchemicalEnergyMapping.ts(271,40): error TS2339: Property 'Spirit' does not exist on type 'AlchemicalProperties'.
src/constants/alchemicalEnergyMapping.ts(271,71): error TS2339: Property 'Substance' does not exist on type 'AlchemicalProperties'.
src/constants/alchemicalEnergyMapping.ts(275,43): error TS2339: Property 'Substance' does not exist on type 'AlchemicalProperties'.
src/constants/alchemicalEnergyMapping.ts(275,77): error TS2339: Property 'Essence' does not exist on type 'AlchemicalProperties'.
src/constants/alchemicalEnergyMapping.ts(279,46): error TS2339: Property 'Spirit' does not exist on type 'AlchemicalProperties'.
src/constants/alchemicalEnergyMapping.ts(279,77): error TS2339: Property 'Essence' does not exist on type 'AlchemicalProperties'.
src/constants/alchemicalEnergyMapping.ts(281,5): error TS2739: Type '{ heat: number; entropy: number; reactivity: number; }' is missing the following properties from type 'ThermodynamicProperties': gregsEnergy, kalchm, monica
src/constants/alchemicalEnergyMapping.ts(288,5): error TS2739: Type '{ heat: number; entropy: number; reactivity: number; }' is missing the following properties from type 'ThermodynamicProperties': gregsEnergy, kalchm, monica
src/constants/alchemicalPillars.ts(1,31): error TS2300: Duplicate identifier 'Element'.
src/constants/alchemicalPillars.ts(2,10): error TS2300: Duplicate identifier 'Element'.
src/constants/chakraMappings.ts(33,9): error TS2322: Type 'string' is not assignable to type 'Element'.
src/constants/chakraMappings.ts(43,9): error TS2322: Type 'string' is not assignable to type 'Element'.
src/constants/chakraMappings.ts(53,9): error TS2322: Type 'string' is not assignable to type 'Element'.
src/constants/chakraMappings.ts(63,9): error TS2322: Type 'string' is not assignable to type 'Element'.
src/constants/chakraMappings.ts(73,9): error TS2322: Type 'string' is not assignable to type 'Element'.
src/constants/chakraMappings.ts(83,9): error TS2322: Type 'string' is not assignable to type 'Element'.
src/constants/chakraMappings.ts(93,9): error TS2322: Type 'string' is not assignable to type 'Element'.
src/constants/chakraMappings.ts(102,53): error TS2304: Cannot find name 'ZodiacSign'.
src/constants/chakraMappings.ts(113,45): error TS2304: Cannot find name 'ZodiacSign'.
src/constants/chakraMappings.ts(113,69): error TS2304: Cannot find name 'ZODIAC_SIGNS'.
src/constants/chakraMappings.ts(118,17): error TS2304: Cannot find name 'ZodiacSign'.
src/constants/chakraMappings.ts(121,66): error TS2304: Cannot find name 'ZodiacSign'.
src/constants/chakraSymbols.ts(3,10): error TS2395: Individual declarations in merged declaration 'CHAKRA_NUTRITIONAL_CORRELATIONS' must be all exported or all local.
src/constants/chakraSymbols.ts(3,10): error TS2440: Import declaration conflicts with local declaration of 'CHAKRA_NUTRITIONAL_CORRELATIONS'.
src/constants/chakraSymbols.ts(3,43): error TS2395: Individual declarations in merged declaration 'CHAKRA_HERBS' must be all exported or all local.
src/constants/chakraSymbols.ts(3,43): error TS2440: Import declaration conflicts with local declaration of 'CHAKRA_HERBS'.
src/constants/chakraSymbols.ts(54,14): error TS2395: Individual declarations in merged declaration 'CHAKRA_NUTRITIONAL_CORRELATIONS' must be all exported or all local.
src/constants/chakraSymbols.ts(63,14): error TS2395: Individual declarations in merged declaration 'CHAKRA_HERBS' must be all exported or all local.
src/constants/defaults.ts(2,10): error TS2300: Duplicate identifier 'PlanetaryAlignment'.
src/constants/defaults.ts(3,10): error TS2300: Duplicate identifier 'AstrologicalState'.
src/constants/defaults.ts(4,10): error TS2300: Duplicate identifier 'ElementalProperties'.
src/constants/defaults.ts(5,10): error TS2300: Duplicate identifier 'PlanetaryPosition'.
src/constants/defaults.ts(7,15): error TS2300: Duplicate identifier 'ElementalProperties'.
src/constants/defaults.ts(8,3): error TS2300: Duplicate identifier 'AstrologicalState'.
src/constants/defaults.ts(12,3): error TS2300: Duplicate identifier 'PlanetaryAlignment'.
src/constants/defaults.ts(13,3): error TS2305: Module '"@/types/alchemy"' has no exported member 'alchemicalValues'.
src/constants/defaults.ts(14,3): error TS2300: Duplicate identifier 'PlanetaryPosition'.
src/constants/defaults.ts(26,41): error TS2304: Cannot find name 'AlchemicalValues'.
src/constants/defaults.ts(36,14): error TS2741: Property 'brow' is missing in type '{ root: number; sacral: number; solarPlexus: number; heart: number; throat: number; thirdEye: number; crown: number; }' but required in type 'ChakraEnergies'.
src/constants/defaults.ts(98,3): error TS2322: Type '{ sunSign: "aries"; moonSign: "taurus"; lunarPhase: "new moon"; risingSign: string; planetaryHour: string; planetaryDay: string; season: string; timeOfDay: string; decan: { sunDecan: number; moonDecan: number; risingDecan: number; }; ... 10 more ...; alchemicalValues: AlchemicalValues; }' is not assignable to type 'AstrologicalState'.
  Object literal may only specify known properties, and 'risingSign' does not exist in type 'AstrologicalState'.
src/constants/elementalConstants.ts(1,15): error TS2300: Duplicate identifier 'Element'.
src/constants/elementalConstants.ts(1,43): error TS2300: Duplicate identifier 'ElementalProperties'.
src/constants/elementalConstants.ts(2,10): error TS2300: Duplicate identifier 'Element'.
src/constants/elementalConstants.ts(3,10): error TS2300: Duplicate identifier 'ElementalProperties'.
src/constants/elementalConstants.ts(32,14): error TS2741: Property 'Aether' is missing in type '{ Fire: "Air"[]; Water: "Earth"[]; Air: "Fire"[]; Earth: "Water"[]; }' but required in type 'Record<Element, Element[]>'.
src/constants/elementalCore.ts(1,15): error TS2300: Duplicate identifier 'Element'.
src/constants/elementalCore.ts(1,43): error TS2300: Duplicate identifier 'ElementalProperties'.
src/constants/elementalCore.ts(2,10): error TS2300: Duplicate identifier 'Element'.
src/constants/elementalCore.ts(3,10): error TS2300: Duplicate identifier 'ElementalProperties'.
src/constants/elementalCore.ts(29,72): error TS2820: Type '"fire"' is not assignable to type 'Element'. Did you mean '"Fire"'?
src/constants/elementalCore.ts(31,16): error TS2820: Type '"fire"' is not assignable to type 'Element'. Did you mean '"Fire"'?
src/constants/elementalCore.ts(58,14): error TS2322: Type '{ readonly aries: "fire"; readonly leo: "fire"; readonly sagittarius: "fire"; readonly taurus: "earth"; readonly virgo: "earth"; readonly capricorn: "earth"; readonly gemini: "Air"; readonly libra: "Air"; readonly aquarius: "Air"; readonly cancer: "water"; readonly scorpio: "water"; readonly pisces: "water"; }' is not assignable to type 'Record<ZodiacSign, Element>'.
  Types of property 'aries' are incompatible.
    Type '"fire"' is not assignable to type 'Element'. Did you mean '"Fire"'?
src/constants/elementalCore.ts(78,22): error TS2820: Type '"fire"' is not assignable to type 'Element'. Did you mean '"Fire"'?
src/constants/elementalCore.ts(79,21): error TS2820: Type '"fire"' is not assignable to type 'Element'. Did you mean '"Fire"'?
src/constants/elementalCore.ts(80,25): error TS2820: Type '"fire"' is not assignable to type 'Element'. Did you mean '"Fire"'?
src/constants/elementalCore.ts(83,23): error TS2820: Type '"earth"' is not assignable to type 'Element'. Did you mean '"Earth"'?
src/constants/elementalCore.ts(84,25): error TS2820: Type '"earth"' is not assignable to type 'Element'. Did you mean '"Earth"'?
src/constants/elementalCore.ts(85,24): error TS2820: Type '"earth"' is not assignable to type 'Element'. Did you mean '"Earth"'?
src/constants/elementalCore.ts(93,22): error TS2820: Type '"water"' is not assignable to type 'Element'. Did you mean '"Water"'?
src/constants/elementalCore.ts(94,23): error TS2820: Type '"water"' is not assignable to type 'Element'. Did you mean '"Water"'?
src/constants/elementalCore.ts(95,25): error TS2820: Type '"water"' is not assignable to type 'Element'. Did you mean '"Water"'?
src/constants/elementalCore.ts(98,21): error TS2820: Type '"fire"' is not assignable to type 'Element'. Did you mean '"Fire"'?
src/constants/elementalCore.ts(99,25): error TS2820: Type '"fire"' is not assignable to type 'Element'. Did you mean '"Fire"'?
src/constants/elementalCore.ts(100,22): error TS2820: Type '"fire"' is not assignable to type 'Element'. Did you mean '"Fire"'?
src/constants/elementalCore.ts(103,25): error TS2820: Type '"earth"' is not assignable to type 'Element'. Did you mean '"Earth"'?
src/constants/elementalCore.ts(104,24): error TS2820: Type '"earth"' is not assignable to type 'Element'. Did you mean '"Earth"'?
src/constants/elementalCore.ts(105,23): error TS2820: Type '"earth"' is not assignable to type 'Element'. Did you mean '"Earth"'?
src/constants/elementalCore.ts(113,23): error TS2820: Type '"water"' is not assignable to type 'Element'. Did you mean '"Water"'?
src/constants/elementalCore.ts(114,25): error TS2820: Type '"water"' is not assignable to type 'Element'. Did you mean '"Water"'?
src/constants/elementalCore.ts(115,22): error TS2820: Type '"water"' is not assignable to type 'Element'. Did you mean '"Water"'?
src/constants/elementalCore.ts(118,25): error TS2820: Type '"fire"' is not assignable to type 'Element'. Did you mean '"Fire"'?
src/constants/elementalCore.ts(119,22): error TS2820: Type '"fire"' is not assignable to type 'Element'. Did you mean '"Fire"'?
src/constants/elementalCore.ts(120,21): error TS2820: Type '"fire"' is not assignable to type 'Element'. Did you mean '"Fire"'?
src/constants/elementalCore.ts(123,24): error TS2820: Type '"earth"' is not assignable to type 'Element'. Did you mean '"Earth"'?
src/constants/elementalCore.ts(124,23): error TS2820: Type '"earth"' is not assignable to type 'Element'. Did you mean '"Earth"'?
src/constants/elementalCore.ts(125,25): error TS2820: Type '"earth"' is not assignable to type 'Element'. Did you mean '"Earth"'?
src/constants/elementalCore.ts(133,25): error TS2820: Type '"water"' is not assignable to type 'Element'. Did you mean '"Water"'?
src/constants/elementalCore.ts(134,22): error TS2820: Type '"water"' is not assignable to type 'Element'. Did you mean '"Water"'?
src/constants/elementalCore.ts(135,23): error TS2820: Type '"water"' is not assignable to type 'Element'. Did you mean '"Water"'?
src/constants/lunar.ts(1,10): error TS2395: Individual declarations in merged declaration 'LUNAR_PHASES' must be all exported or all local.
src/constants/lunar.ts(1,10): error TS2440: Import declaration conflicts with local declaration of 'LUNAR_PHASES'.
src/constants/lunar.ts(3,14): error TS2395: Individual declarations in merged declaration 'LUNAR_PHASES' must be all exported or all local.
src/constants/lunarPhases.ts(1,10): error TS2395: Individual declarations in merged declaration 'LUNAR_PHASES' must be all exported or all local.
src/constants/lunarPhases.ts(1,10): error TS2440: Import declaration conflicts with local declaration of 'LUNAR_PHASES'.
src/constants/lunarPhases.ts(13,14): error TS2395: Individual declarations in merged declaration 'LUNAR_PHASES' must be all exported or all local.
src/constants/planetaryElements.ts(17,42): error TS2304: Cannot find name 'RulingPlanet'.
src/constants/planetaryElements.ts(114,53): error TS2304: Cannot find name 'RulingPlanet'.
src/constants/planetaryElements.ts(141,45): error TS2304: Cannot find name 'RulingPlanet'.
src/constants/planetaryElements.ts(159,45): error TS2304: Cannot find name 'RulingPlanet'.
src/constants/planetaryElements.ts(168,56): error TS2304: Cannot find name 'RulingPlanet'.
src/constants/planetaryElements.ts(208,55): error TS2304: Cannot find name 'RulingPlanet'.
src/constants/planetaryFoodAssociations.ts(275,42): error TS2304: Cannot find name 'ElementalCharacter'.
src/constants/planetaryFoodAssociations.ts(283,26): error TS2304: Cannot find name 'zodiacSign'.
src/constants/planetaryFoodAssociations.ts(287,13): error TS2339: Property 'elementalState' does not exist on type 'unknown'.
src/constants/planetaryFoodAssociations.ts(293,30): error TS2339: Property 'elementalState' does not exist on type 'unknown'.
src/constants/planetaryFoodAssociations.ts(297,28): error TS2339: Property 'zodiacInfluences' does not exist on type 'unknown'.
src/constants/planetaryFoodAssociations.ts(307,27): error TS2339: Property 'elementalState' does not exist on type 'unknown'.
src/constants/planetaryFoodAssociations.ts(310,27): error TS2339: Property 'elementalState' does not exist on type 'unknown'.
src/constants/planetaryFoodAssociations.ts(313,27): error TS2339: Property 'elementalState' does not exist on type 'unknown'.
src/constants/planetaryFoodAssociations.ts(336,28): error TS2304: Cannot find name 'zodiacSign'.
src/constants/planetaryFoodAssociations.ts(339,44): error TS2304: Cannot find name 'ElementalCharacter'.
src/constants/planetaryFoodAssociations.ts(350,16): error TS2339: Property 'elementalState' does not exist on type 'unknown'.
src/constants/planetaryFoodAssociations.ts(362,14): error TS2304: Cannot find name 'ElementalCharacter'.
src/constants/planetaryFoodAssociations.ts(370,5): error TS2322: Type '{ 'new moon': { element: string; alchemical: string; intensity: number; }; 'waxing crescent': { element: string; alchemical: string; intensity: number; }; 'first quarter': { element: string; alchemical: string; intensity: number; }; ... 4 more ...; 'waning crescent': { ...; }; }' is not assignable to type 'Record<LunarPhaseWithSpaces, { element: ElementalCharacter; alchemical: string; intensity: number; }>'.
  Object literal may only specify known properties, and ''full moon'' does not exist in type 'Record<LunarPhaseWithSpaces, { element: ElementalCharacter; alchemical: string; intensity: number; }>'.
src/constants/planetaryFoodAssociations.ts(397,30): error TS2339: Property 'elementalPropertiesState' does not exist on type 'unknown'.
src/constants/seasonalCore.ts(42,3): error TS2739: Type '{ Air: number; water: number; earth: number; fire: number; }' is missing the following properties from type 'ElementalProperties': Fire, Water, Earth
src/constants/seasonalCore.ts(48,3): error TS2739: Type '{ Fire: number; Air: number; water: number; earth: number; }' is missing the following properties from type 'ElementalProperties': Water, Earth
src/constants/seasonalCore.ts(53,3): error TS2739: Type '{ earth: number; Air: number; fire: number; water: number; }' is missing the following properties from type 'ElementalProperties': Fire, Water, Earth
src/constants/seasonalCore.ts(59,3): error TS2739: Type '{ water: number; earth: number; fire: number; Air: number; }' is missing the following properties from type 'ElementalProperties': Fire, Water, Earth
src/constants/seasonalCore.ts(65,3): error TS2739: Type '{ earth: number; Air: number; fire: number; water: number; }' is missing the following properties from type 'ElementalProperties': Fire, Water, Earth
src/constants/seasonalCore.ts(71,3): error TS2739: Type '{ Fire: number; Air: number; water: number; earth: number; }' is missing the following properties from type 'ElementalProperties': Water, Earth
src/constants/seasonalCore.ts(81,14): error TS2739: Type '{ Fire: number; Air: number; water: number; earth: number; }' is missing the following properties from type 'ElementalProperties': Water, Earth
src/constants/seasonalModifiers.ts(1,22): error TS2300: Duplicate identifier 'ElementalProperties'.
src/constants/seasonalModifiers.ts(4,10): error TS2300: Duplicate identifier 'ElementalProperties'.
src/constants/signEnergyStates.ts(1,10): error TS2440: Import declaration conflicts with local declaration of 'PlanetaryPosition'.
src/constants/systemDefaults.ts(3,10): error TS2300: Duplicate identifier 'PlanetaryAlignment'.
src/constants/systemDefaults.ts(4,10): error TS2300: Duplicate identifier 'AstrologicalState'.
src/constants/systemDefaults.ts(5,10): error TS2300: Duplicate identifier 'ElementalProperties'.
src/constants/systemDefaults.ts(6,10): error TS2300: Duplicate identifier 'PlanetaryPosition'.
src/constants/systemDefaults.ts(8,15): error TS2300: Duplicate identifier 'ElementalProperties'.
src/constants/systemDefaults.ts(9,3): error TS2300: Duplicate identifier 'AstrologicalState'.
src/constants/systemDefaults.ts(13,3): error TS2300: Duplicate identifier 'PlanetaryAlignment'.
src/constants/systemDefaults.ts(14,3): error TS2305: Module '"@/types/alchemy"' has no exported member 'alchemicalValues'.
src/constants/systemDefaults.ts(15,3): error TS2300: Duplicate identifier 'PlanetaryPosition'.
src/constants/systemDefaults.ts(34,41): error TS2304: Cannot find name 'AlchemicalValues'.
src/constants/systemDefaults.ts(174,3): error TS2820: Type '"fire"' is not assignable to type 'Element'. Did you mean '"Fire"'?
src/constants/systemDefaults.ts(421,18): error TS2322: Type 'T' is not assignable to type 'object'.
src/constants/zodiac.ts(24,51): error TS2304: Cannot find name 'ElementalCharacter'.
src/constants/zodiac.ts(77,40): error TS2304: Cannot find name 'ElementalCharacter'.
src/constants/zodiac.ts(87,57): error TS2304: Cannot find name 'ElementalCharacter'.
src/constants/zodiac.ts(94,50): error TS2304: Cannot find name 'ElementalCharacter'.
src/context/AstrologicalContext.tsx(8,10): error TS2440: Import declaration conflicts with local declaration of 'AstrologicalState'.
src/context/CurrentChartContext.tsx(4,10): error TS2300: Duplicate identifier 'calculatePlanetaryPositions'.
src/context/CurrentChartContext.tsx(11,10): error TS2300: Duplicate identifier 'calculatePlanetaryPositions'.
src/contexts/AlchemicalContext/context.tsx(50,71): error TS2345: Argument of type '{ state: AlchemicalState; dispatch: () => void; planetaryPositions: {}; isDaytime: true; updatePlanetaryPositions: () => void; refreshPlanetaryPositions: () => Promise<{}>; setDaytime: () => void; updateState: () => void; }' is not assignable to parameter of type 'AlchemicalContextType'.
  Property 'isLoading' is missing in type '{ state: AlchemicalState; dispatch: () => void; planetaryPositions: {}; isDaytime: true; updatePlanetaryPositions: () => void; refreshPlanetaryPositions: () => Promise<{}>; setDaytime: () => void; updateState: () => void; }' but required in type 'AlchemicalContextType'.
src/contexts/AlchemicalContext/provider.tsx(81,34): error TS2339: Property 'alchemicalValues' does not exist on type 'AstrologicalState'.
src/contexts/AlchemicalContext/provider.tsx(83,70): error TS2339: Property 'alchemicalValues' does not exist on type 'AstrologicalState'.
src/contexts/AlchemicalContext/provider.tsx(87,44): error TS2339: Property 'alchemicalValues' does not exist on type 'AstrologicalState'.
src/contexts/AlchemicalContext/provider.tsx(148,39): error TS2339: Property 'exactLongitude' does not exist on type 'CelestialPosition'.
src/contexts/AlchemicalContext/provider.tsx(148,74): error TS2339: Property 'exactLongitude' does not exist on type 'CelestialPosition'.
src/contexts/AlchemicalContext/provider.tsx(149,32): error TS2551: Property 'isRetrograde' does not exist on type 'CelestialPosition'. Did you mean 'retrograde'?
src/contexts/AlchemicalContext/provider.tsx(231,9): error TS2322: Type 'string' is not assignable to type 'ZodiacSign'.
src/contexts/AlchemicalContext/provider.tsx(232,9): error TS2322: Type 'string' is not assignable to type 'ZodiacSign'.
src/contexts/AlchemicalContext/provider.tsx(233,9): error TS2322: Type 'string' is not assignable to type 'LunarPhase'.
src/contexts/AlchemicalContext/provider.tsx(240,9): error TS2322: Type 'string' is not assignable to type 'Element'.
src/contexts/AlchemicalContext/reducer.ts(32,39): error TS2339: Property 'currentSeason' does not exist on type '{ season: string; }'.
src/contexts/AlchemicalContext/reducer.ts(103,9): error TS2739: Type '{}' is missing the following properties from type 'AstrologicalState': sunSign, lunarPhase, activePlanets
src/contexts/AlchemicalContext/server.ts(33,3): error TS2304: Cannot find name 'AlchemicalState'.
src/contexts/AlchemicalContext/server.ts(34,3): error TS2304: Cannot find name 'PlanetaryPositionsType'.
src/contexts/ChartContext/context.tsx(7,21): error TS2304: Cannot find name 'CurrentChart'.
src/contexts/ChartContext/context.tsx(17,43): error TS2304: Cannot find name 'ChartContextType'.
src/contexts/ChartContext/hooks.ts(12,29): error TS2304: Cannot find name 'ChartContextType'.
src/contexts/ChartContext/hooks.ts(13,30): error TS2304: Cannot find name 'ChartContext'.
src/contexts/ChartContext/provider.tsx(154,20): error TS2339: Property 'sign' does not exist on type 'unknown'.
src/contexts/ChartContext/provider.tsx(155,22): error TS2339: Property 'degree' does not exist on type 'unknown'.
src/contexts/ChartContext/provider.tsx(156,28): error TS2339: Property 'isRetrograde' does not exist on type 'unknown'.
src/contexts/ChartContext/provider.tsx(157,30): error TS2339: Property 'exactLongitude' does not exist on type 'unknown'.
src/contexts/index.ts(12,15): error TS2304: Cannot find name 'alchemicalServer'.
src/contexts/PopupContext/context.tsx(6,43): error TS2304: Cannot find name 'PopupContextType'.
src/contexts/PopupContext/hooks.ts(12,29): error TS2304: Cannot find name 'PopupContextType'.
src/contexts/PopupContext/hooks.ts(13,30): error TS2304: Cannot find name 'PopupContext'.
src/contexts/PopupContext/provider.tsx(7,15): error TS2300: Duplicate identifier 'Element'.
src/contexts/PopupContext/provider.tsx(8,10): error TS2300: Duplicate identifier 'Element'.
src/contexts/PopupContext/provider.tsx(11,45): error TS2304: Cannot find name 'PopupProviderProps'.
src/contexts/PopupContext/provider.tsx(12,40): error TS2304: Cannot find name 'Popup'.
src/contexts/PopupContext/provider.tsx(14,78): error TS2304: Cannot find name 'ElementalInfluence'.
src/contexts/PopupContext/provider.tsx(33,48): error TS2304: Cannot find name 'PopupOptions'.
src/contexts/PopupContext/provider.tsx(73,21): error TS2304: Cannot find name 'Popup'.
src/contexts/PopupContext/provider.tsx(130,6): error TS2304: Cannot find name 'PopupContext'.
src/contexts/PopupContext/provider.tsx(165,7): error TS2304: Cannot find name 'PopupContext'.
src/contexts/PopupContext/types.ts(4,15): error TS2300: Duplicate identifier 'Element'.
src/contexts/PopupContext/types.ts(6,10): error TS2300: Duplicate identifier 'Element'.
src/contexts/TarotContext/context.tsx(7,23): error TS2304: Cannot find name 'TarotContextType'.
src/contexts/TarotContext/context.tsx(15,43): error TS2304: Cannot find name 'TarotContextType'.
src/contexts/TarotContext/hooks.ts(12,36): error TS2304: Cannot find name 'TarotContextType'.
src/contexts/TarotContext/hooks.ts(13,30): error TS2304: Cannot find name 'TarotContext'.
src/contexts/TarotContext/provider.tsx(9,46): error TS2304: Cannot find name 'TarotCard'.
src/contexts/TarotContext/provider.tsx(10,76): error TS2304: Cannot find name 'TarotElementalInfluences'.
src/contexts/TarotContext/provider.tsx(14,6): error TS2304: Cannot find name 'TarotContext'.
src/contexts/TarotContext/provider.tsx(23,7): error TS2304: Cannot find name 'TarotContext'.
src/contexts/ThemeContext/hooks.ts(12,29): error TS2304: Cannot find name 'ThemeContextType'.
src/contexts/ThemeContext/hooks.ts(13,30): error TS2304: Cannot find name 'ThemeContext'.
src/data/astroData.ts(21,27): error TS2304: Cannot find name 'planets'.
src/data/cooking/index.ts(22,3): error TS2300: Duplicate identifier 'ElementalProperties'.
src/data/cooking/index.ts(23,3): error TS2300: Duplicate identifier 'AstrologicalState'.
src/data/cooking/index.ts(40,16): error TS2339: Property 'sign' does not exist on type 'AstrologicalState'.
src/data/cooking/index.ts(42,18): error TS2339: Property 'sign' does not exist on type 'AstrologicalState'.
src/data/cooking/index.ts(45,5): error TS2588: Cannot assign to 'effectScore' because it is a constant.
src/data/cooking/index.ts(47,16): error TS2339: Property 'sign' does not exist on type 'AstrologicalState'.
src/data/cooking/index.ts(49,18): error TS2339: Property 'sign' does not exist on type 'AstrologicalState'.
src/data/cooking/index.ts(52,5): error TS2588: Cannot assign to 'effectScore' because it is a constant.
src/data/cooking/index.ts(60,5): error TS2588: Cannot assign to 'effectScore' because it is a constant.
src/data/cooking/index.ts(120,10): error TS2300: Duplicate identifier 'AstrologicalState'.
src/data/cooking/index.ts(121,10): error TS2300: Duplicate identifier 'ElementalProperties'.
src/data/cooking/index.ts(203,19): error TS2339: Property 'optimalTemperatures' does not exist on type 'unknown'.
src/data/cooking/index.ts(205,35): error TS2339: Property 'optimalTemperatures' does not exist on type 'unknown'.
src/data/cooking/index.ts(206,19): error TS2365: Operator '>=' cannot be applied to types 'unknown' and 'number'.
src/data/cooking/index.ts(206,38): error TS2365: Operator '<=' cannot be applied to types 'unknown' and 'number'.
src/data/cooking/index.ts(220,3): error TS2322: Type 'unknown[]' is not assignable to type 'CookingMethodData[]'.
  Type '{}' is missing the following properties from type 'CookingMethodData': name, description, elementalEffect, duration, and 2 more.
src/data/cooking/index.ts(221,32): error TS2339: Property 'sustainabilityRating' does not exist on type 'unknown'.
src/data/cooking/index.ts(223,25): error TS2339: Property 'sustainabilityRating' does not exist on type 'unknown'.
src/data/cooking/index.ts(224,25): error TS2339: Property 'sustainabilityRating' does not exist on type 'unknown'.
src/data/cooking/methods/dry/baking.ts(221,3): error TS2322: Type '{ name: "baking"; description: string; elementalEffect: { Fire: number; Air: number; Earth: number; Water: number; }; duration: { min: number; max: number; }; suitable_for: string[]; benefits: string[]; astrologicalInfluences: { ...; }; ... 20 more ...; technicalNotes: { ...; }; }' is not assignable to type 'CookingMethodData'.
  Object literal may only specify known properties, and 'technicalNotes' does not exist in type 'CookingMethodData'.
src/data/cooking/methods/dry/broiling.ts(198,3): error TS2322: Type '{ name: "broiling"; description: string; elementalEffect: { Fire: number; Air: number; Earth: number; Water: number; }; duration: { min: number; max: number; }; suitable_for: string[]; benefits: string[]; ... 21 more ...; technicalNotes: { ...; }; }' is not assignable to type 'CookingMethodData'.
  Object literal may only specify known properties, and 'technicalNotes' does not exist in type 'CookingMethodData'.
src/data/cooking/methods/dry/frying.ts(362,3): error TS2322: Type '{ name: "frying"; description: string; elementalEffect: { Fire: number; Air: number; Earth: number; Water: number; }; duration: { min: number; max: number; }; suitable_for: string[]; benefits: string[]; astrologicalInfluences: { ...; }; ... 21 more ...; technicalNotes: { ...; }; }' is not assignable to type 'CookingMethodData'.
  Object literal may only specify known properties, and 'alchemicalAspects' does not exist in type 'CookingMethodData'.
src/data/cooking/methods/dry/roasting.ts(307,3): error TS2322: Type '{ name: "roasting"; description: string; elementalEffect: { Fire: number; Air: number; Earth: number; Water: number; }; duration: { min: number; max: number; }; suitable_for: string[]; benefits: string[]; ... 21 more ...; technicalNotes: { ...; }; }' is not assignable to type 'CookingMethodData'.
  Object literal may only specify known properties, and 'technicalNotes' does not exist in type 'CookingMethodData'.
src/data/cooking/methods/index.ts(8,27): error TS2300: Duplicate identifier 'AstrologicalState'.
src/data/cooking/methods/index.ts(8,46): error TS2300: Duplicate identifier 'Element'.
src/data/cooking/methods/index.ts(9,10): error TS2300: Duplicate identifier 'Element'.
src/data/cooking/methods/index.ts(10,10): error TS2300: Duplicate identifier 'AstrologicalState'.
src/data/cooking/methods/index.ts(43,14): error TS2339: Property 'astrologicalInfluences' does not exist on type 'unknown'.
src/data/cooking/methods/index.ts(57,15): error TS2339: Property 'elementalEffect' does not exist on type 'unknown'.
src/data/cooking/methods/index.ts(70,14): error TS2339: Property 'suitable_for' does not exist on type 'unknown'.
src/data/cooking/methods/index.ts(85,14): error TS2339: Property 'astrologicalInfluences' does not exist on type 'unknown'.
src/data/cooking/methods/index.ts(86,14): error TS2339: Property 'astrologicalInfluences' does not exist on type 'unknown'.
src/data/cooking/methods/index.ts(99,19): error TS2339: Property 'name' does not exist on type 'unknown'.
src/data/cooking/methods/molecular/cryo-cooking.ts(8,3): error TS2820: Type '"Cryo-Cooking"' is not assignable to type 'CookingMethod'. Did you mean '"cryo_cooking"'?
src/data/cooking/methods/molecular/cryo-cooking.ts(27,5): error TS2322: Type 'string' is not assignable to type 'CookingMethodData'.
src/data/cooking/methods/molecular/cryo-cooking.ts(28,5): error TS2322: Type 'string' is not assignable to type 'CookingMethodData'.
src/data/cooking/methods/molecular/cryo-cooking.ts(29,5): error TS2322: Type 'string' is not assignable to type 'CookingMethodData'.
src/data/cooking/methods/molecular/cryo-cooking.ts(30,5): error TS2322: Type 'string' is not assignable to type 'CookingMethodData'.
src/data/cooking/methods/molecular/cryo-cooking.ts(31,5): error TS2322: Type 'string' is not assignable to type 'CookingMethodData'.
src/data/cooking/methods/molecular/cryo-cooking.ts(32,5): error TS2322: Type 'string' is not assignable to type 'CookingMethodData'.
src/data/cooking/methods/molecular/emulsification.ts(8,3): error TS2820: Type '"Emulsification"' is not assignable to type 'CookingMethod'. Did you mean '"emulsification"'?
src/data/cooking/methods/molecular/emulsification.ts(27,5): error TS2322: Type 'string' is not assignable to type 'CookingMethodData'.
src/data/cooking/methods/molecular/emulsification.ts(28,5): error TS2322: Type 'string' is not assignable to type 'CookingMethodData'.
src/data/cooking/methods/molecular/emulsification.ts(29,5): error TS2322: Type 'string' is not assignable to type 'CookingMethodData'.
src/data/cooking/methods/molecular/emulsification.ts(30,5): error TS2322: Type 'string' is not assignable to type 'CookingMethodData'.
src/data/cooking/methods/molecular/emulsification.ts(31,5): error TS2322: Type 'string' is not assignable to type 'CookingMethodData'.
src/data/cooking/methods/molecular/emulsification.ts(32,5): error TS2322: Type 'string' is not assignable to type 'CookingMethodData'.
src/data/cooking/methods/molecular/gelification.ts(336,3): error TS2322: Type '{ name: "gelification"; description: string; elementalEffect: { Earth: number; Water: number; Air: number; Fire: number; }; duration: { min: number; max: number; }; suitable_for: string[]; benefits: string[]; ... 21 more ...; technicalNotes: { ...; }; }' is not assignable to type 'CookingMethodData'.
  Object literal may only specify known properties, and 'technicalNotes' does not exist in type 'CookingMethodData'.
src/data/cooking/methods/molecular/spherification.ts(177,3): error TS2322: Type '{ name: "spherification"; description: string; elementalEffect: { Water: number; Air: number; Earth: number; Fire: number; }; duration: { min: number; max: number; }; suitable_for: string[]; benefits: string[]; ... 21 more ...; ingredientInteractions: { ...; }; }' is not assignable to type 'CookingMethodData'.
  Object literal may only specify known properties, and 'technicalNotes' does not exist in type 'CookingMethodData'.
src/data/cooking/methods/template.ts(2,3): error TS2300: Duplicate identifier 'ElementalProperties'.
src/data/cooking/methods/template.ts(9,10): error TS2300: Duplicate identifier 'ElementalProperties'.
src/data/cooking/methods/template.ts(18,3): error TS2322: Type '"method_name"' is not assignable to type 'CookingMethod'.
src/data/cooking/methods/template.ts(45,22): error TS2352: Conversion of type '("zodiac1" | "zodiac2" | "zodiac3")[]' to type 'ZodiacSign[]' may be a mistake because neither type sufficiently overlaps with the other. If this was intentional, convert the expression to 'unknown' first.
  Type '"zodiac1" | "zodiac2" | "zodiac3"' is not comparable to type 'ZodiacSign'.
    Type '"zodiac3"' is not comparable to type 'ZodiacSign'.
src/data/cooking/methods/template.ts(46,24): error TS2352: Conversion of type '("zodiac4" | "zodiac5" | "zodiac6")[]' to type 'ZodiacSign[]' may be a mistake because neither type sufficiently overlaps with the other. If this was intentional, convert the expression to 'unknown' first.
  Type '"zodiac4" | "zodiac5" | "zodiac6"' is not comparable to type 'ZodiacSign'.
    Type '"zodiac6"' is not comparable to type 'ZodiacSign'.
src/data/cooking/methods/traditional/fermentation.ts(359,3): error TS2322: Type '{ name: "fermentation"; description: string; elementalEffect: { Water: number; Earth: number; Air: number; Fire: number; }; duration: { min: number; max: number; }; suitable_for: string[]; benefits: string[]; ... 21 more ...; technicalNotes: { ...; }; }' is not assignable to type 'CookingMethodData'.
  Object literal may only specify known properties, and 'technicalNotes' does not exist in type 'CookingMethodData'.
src/data/cooking/methods/transformation/curing.ts(8,3): error TS2820: Type '"Curing"' is not assignable to type 'CookingMethod'. Did you mean '"curing"'?
src/data/cooking/methods/transformation/curing.ts(25,5): error TS2322: Type 'string' is not assignable to type 'CookingMethodData'.
src/data/cooking/methods/transformation/curing.ts(26,5): error TS2322: Type 'string' is not assignable to type 'CookingMethodData'.
src/data/cooking/methods/transformation/curing.ts(27,5): error TS2322: Type 'string' is not assignable to type 'CookingMethodData'.
src/data/cooking/methods/transformation/curing.ts(28,5): error TS2322: Type 'string' is not assignable to type 'CookingMethodData'.
src/data/cooking/methods/transformation/curing.ts(29,5): error TS2322: Type 'string' is not assignable to type 'CookingMethodData'.
src/data/cooking/methods/transformation/dehydrating.ts(8,3): error TS2322: Type '"Dehydrating"' is not assignable to type 'CookingMethod'.
src/data/cooking/methods/transformation/dehydrating.ts(27,5): error TS2322: Type 'string' is not assignable to type 'CookingMethodData'.
src/data/cooking/methods/transformation/dehydrating.ts(28,5): error TS2322: Type 'string' is not assignable to type 'CookingMethodData'.
src/data/cooking/methods/transformation/dehydrating.ts(29,5): error TS2322: Type 'string' is not assignable to type 'CookingMethodData'.
src/data/cooking/methods/transformation/dehydrating.ts(30,5): error TS2322: Type 'string' is not assignable to type 'CookingMethodData'.
src/data/cooking/methods/transformation/dehydrating.ts(31,5): error TS2322: Type 'string' is not assignable to type 'CookingMethodData'.
src/data/cooking/methods/transformation/distilling.ts(8,3): error TS2820: Type '"Distilling"' is not assignable to type 'CookingMethod'. Did you mean '"distilling"'?
src/data/cooking/methods/transformation/distilling.ts(26,5): error TS2322: Type 'string' is not assignable to type 'CookingMethodData'.
src/data/cooking/methods/transformation/distilling.ts(27,5): error TS2322: Type 'string' is not assignable to type 'CookingMethodData'.
src/data/cooking/methods/transformation/distilling.ts(28,5): error TS2322: Type 'string' is not assignable to type 'CookingMethodData'.
src/data/cooking/methods/transformation/distilling.ts(29,5): error TS2322: Type 'string' is not assignable to type 'CookingMethodData'.
src/data/cooking/methods/transformation/distilling.ts(30,5): error TS2322: Type 'string' is not assignable to type 'CookingMethodData'.
src/data/cooking/methods/transformation/index.ts(15,3): error TS18004: No value exists in scope for the shorthand property 'smoking'. Either declare one or provide an initializer.
src/data/cooking/methods/transformation/index.ts(16,3): error TS18004: No value exists in scope for the shorthand property 'curing'. Either declare one or provide an initializer.
src/data/cooking/methods/transformation/index.ts(17,3): error TS18004: No value exists in scope for the shorthand property 'dehydrating'. Either declare one or provide an initializer.
src/data/cooking/methods/transformation/index.ts(18,3): error TS18004: No value exists in scope for the shorthand property 'infusing'. Either declare one or provide an initializer.
src/data/cooking/methods/transformation/index.ts(19,3): error TS18004: No value exists in scope for the shorthand property 'distilling'. Either declare one or provide an initializer.
src/data/cooking/methods/transformation/index.ts(20,3): error TS18004: No value exists in scope for the shorthand property 'marinating'. Either declare one or provide an initializer.
src/data/cooking/methods/transformation/infusing.ts(8,3): error TS2820: Type '"Infusing"' is not assignable to type 'CookingMethod'. Did you mean '"infusing"'?
src/data/cooking/methods/transformation/infusing.ts(27,5): error TS2322: Type 'string' is not assignable to type 'CookingMethodData'.
src/data/cooking/methods/transformation/infusing.ts(28,5): error TS2322: Type 'string' is not assignable to type 'CookingMethodData'.
src/data/cooking/methods/transformation/infusing.ts(29,5): error TS2322: Type 'string' is not assignable to type 'CookingMethodData'.
src/data/cooking/methods/transformation/infusing.ts(30,5): error TS2322: Type 'string' is not assignable to type 'CookingMethodData'.
src/data/cooking/methods/transformation/infusing.ts(31,5): error TS2322: Type 'string' is not assignable to type 'CookingMethodData'.
src/data/cooking/methods/transformation/marinating.ts(8,3): error TS2322: Type '"Marinating"' is not assignable to type 'CookingMethod'.
src/data/cooking/methods/transformation/marinating.ts(27,5): error TS2322: Type 'string' is not assignable to type 'CookingMethodData'.
src/data/cooking/methods/transformation/marinating.ts(28,5): error TS2322: Type 'string' is not assignable to type 'CookingMethodData'.
src/data/cooking/methods/transformation/marinating.ts(29,5): error TS2322: Type 'string' is not assignable to type 'CookingMethodData'.
src/data/cooking/methods/transformation/marinating.ts(30,5): error TS2322: Type 'string' is not assignable to type 'CookingMethodData'.
src/data/cooking/methods/transformation/marinating.ts(31,5): error TS2322: Type 'string' is not assignable to type 'CookingMethodData'.
src/data/cooking/methods/transformation/marinating.ts(32,5): error TS2322: Type 'string' is not assignable to type 'CookingMethodData'.
src/data/cooking/methods/transformation/smoking.ts(8,3): error TS2820: Type '"Smoking"' is not assignable to type 'CookingMethod'. Did you mean '"smoking"'?
src/data/cooking/methods/transformation/smoking.ts(26,5): error TS2322: Type 'string' is not assignable to type 'CookingMethodData'.
src/data/cooking/methods/transformation/smoking.ts(27,5): error TS2322: Type 'string' is not assignable to type 'CookingMethodData'.
src/data/cooking/methods/transformation/smoking.ts(28,5): error TS2322: Type 'string' is not assignable to type 'CookingMethodData'.
src/data/cooking/methods/wet/boiling.ts(254,3): error TS2322: Type '{ name: "boiling"; description: string; elementalEffect: { Water: number; Fire: number; Air: number; Earth: number; }; duration: { min: number; max: number; }; suitable_for: string[]; benefits: string[]; astrologicalInfluences: { ...; }; ... 16 more ...; healthConsiderations: string[]; }' is not assignable to type 'CookingMethodData'.
  Object literal may only specify known properties, and 'advancedTechniques' does not exist in type 'CookingMethodData'.
src/data/cooking/methods/wet/braising.ts(291,3): error TS2322: Type '{ name: "braising"; description: string; elementalEffect: { Water: number; Fire: number; Earth: number; Air: number; }; duration: { min: number; max: number; }; suitable_for: string[]; benefits: string[]; ... 17 more ...; extendedNotes: { ...; }; }' is not assignable to type 'CookingMethodData'.
  Object literal may only specify known properties, and 'alchemicalAspects' does not exist in type 'CookingMethodData'.
src/data/cooking/methods/wet/index.ts(31,21): error TS2304: Cannot find name 'pressureCooking'.
src/data/cooking/methods/wet/poaching.ts(324,3): error TS2322: Type '{ name: "poaching"; description: string; elementalEffect: { Water: number; Air: number; Fire: number; Earth: number; }; duration: { min: number; max: number; }; suitable_for: string[]; benefits: string[]; ... 21 more ...; presentation_techniques: { ...; }; }' is not assignable to type 'CookingMethodData'.
  Object literal may only specify known properties, and 'alchemicalAspects' does not exist in type 'CookingMethodData'.
src/data/cooking/methods/wet/pressure-cooking.ts(9,3): error TS2820: Type '"Pressure Cooking"' is not assignable to type 'CookingMethod'. Did you mean '"pressure_cooking"'?
src/data/cooking/methods/wet/pressure-cooking.ts(28,5): error TS2322: Type 'string' is not assignable to type 'CookingMethodData'.
src/data/cooking/methods/wet/pressure-cooking.ts(29,5): error TS2322: Type 'string' is not assignable to type 'CookingMethodData'.
src/data/cooking/methods/wet/pressure-cooking.ts(30,5): error TS2322: Type 'string' is not assignable to type 'CookingMethodData'.
src/data/cooking/methods/wet/pressure-cooking.ts(31,5): error TS2322: Type 'string' is not assignable to type 'CookingMethodData'.
src/data/cooking/methods/wet/pressure-cooking.ts(32,5): error TS2322: Type 'string' is not assignable to type 'CookingMethodData'.
src/data/cooking/methods/wet/sous-vide.ts(218,3): error TS2322: Type '{ name: "sous_vide"; description: string; elementalEffect: { Water: number; Earth: number; Fire: number; Air: number; }; duration: { min: number; max: number; }; suitable_for: string[]; benefits: string[]; ... 17 more ...; extendedNotes: { ...; }; }' is not assignable to type 'CookingMethodData'.
  Object literal may only specify known properties, and 'alchemicalAspects' does not exist in type 'CookingMethodData'.
src/data/cooking/methods/wet/stewing.ts(12,3): error TS2322: Type '"stewing"' is not assignable to type 'CookingMethod'.
src/data/cuisineFlavorProfiles.ts(418,29): error TS2588: Cannot assign to 'weight' because it is a constant.
src/data/cuisineFlavorProfiles.ts(419,34): error TS2588: Cannot assign to 'weight' because it is a constant.
src/data/cuisineFlavorProfiles.ts(420,34): error TS2588: Cannot assign to 'weight' because it is a constant.
src/data/cuisineFlavorProfiles.ts(421,34): error TS2588: Cannot assign to 'weight' because it is a constant.
src/data/cuisineFlavorProfiles.ts(422,10): error TS2588: Cannot assign to 'weight' because it is a constant.
src/data/cuisineFlavorProfiles.ts(427,7): error TS2588: Cannot assign to 'matchScore' because it is a constant.
src/data/cuisineFlavorProfiles.ts(430,7): error TS2588: Cannot assign to 'matchScore' because it is a constant.
src/data/cuisineFlavorProfiles.ts(496,9): error TS2588: Cannot assign to 'regionalResults' because it is a constant.
src/data/cuisineFlavorProfiles.ts(529,5): error TS2588: Cannot assign to 'flavorSimilarity' because it is a constant.
src/data/cuisineFlavorProfiles.ts(531,3): error TS2588: Cannot assign to 'flavorSimilarity' because it is a constant.
src/data/cuisineFlavorProfiles.ts(592,16): error TS2339: Property 'elementalState' does not exist on type 'CuisineFlavorProfile'.
src/data/cuisineFlavorProfiles.ts(592,43): error TS2339: Property 'elementalState' does not exist on type 'CuisineFlavorProfile'.
src/data/cuisineFlavorProfiles.ts(597,27): error TS2339: Property 'elementalState' does not exist on type 'CuisineFlavorProfile'.
src/data/cuisineFlavorProfiles.ts(598,29): error TS2339: Property 'elementalState' does not exist on type 'CuisineFlavorProfile'.
src/data/cuisineFlavorProfiles.ts(601,7): error TS2588: Cannot assign to 'elementalSimilarity' because it is a constant.
src/data/cuisineFlavorProfiles.ts(605,5): error TS2588: Cannot assign to 'similarityScore' because it is a constant.
src/data/cuisineFlavorProfiles.ts(619,7): error TS2588: Cannot assign to 'flavorSimilarity' because it is a constant.
src/data/cuisineFlavorProfiles.ts(623,5): error TS2588: Cannot assign to 'similarityScore' because it is a constant.
src/data/cuisineFlavorProfiles.ts(636,5): error TS2588: Cannot assign to 'similarityScore' because it is a constant.
src/data/cuisineFlavorProfiles.ts(778,41): error TS2698: Spread types may only be created from object types.
src/data/cuisineFlavorProfiles.ts(785,15): error TS2588: Cannot assign to 'allRecipes' because it is a constant.
src/data/cuisineFlavorProfiles.ts(798,43): error TS2698: Spread types may only be created from object types.
src/data/cuisineFlavorProfiles.ts(806,17): error TS2588: Cannot assign to 'allRecipes' because it is a constant.
src/data/cuisineFlavorProfiles.ts(917,68): error TS2339: Property 'name' does not exist on type 'unknown'.
src/data/cuisineFlavorProfiles.ts(1043,7): error TS2588: Cannot assign to 'count' because it is a constant.
src/data/cuisineFlavorProfiles.ts(1062,15): error TS2339: Property 'elementalState' does not exist on type 'CuisineFlavorProfile'.
src/data/cuisineFlavorProfiles.ts(1065,36): error TS2339: Property 'elementalState' does not exist on type 'CuisineFlavorProfile'.
src/data/cuisineFlavorProfiles.ts(1103,25): error TS2339: Property 'elementalState' does not exist on type 'CuisineFlavorProfile'.
src/data/cuisineFlavorProfiles.ts(1104,27): error TS2339: Property 'elementalState' does not exist on type 'CuisineFlavorProfile'.
src/data/cuisineFlavorProfiles.ts(1142,4): error TS2355: A function whose declared type is neither 'undefined', 'void', nor 'any' must return a value.
src/data/cuisineFlavorProfiles.ts(1143,25): error TS2304: Cannot find name 'otherRecipes'.
src/data/cuisineFlavorProfiles.ts(1155,4): error TS2355: A function whose declared type is neither 'undefined', 'void', nor 'any' must return a value.
src/data/cuisines.ts(2,10): error TS2300: Duplicate identifier 'Recipe'.
src/data/cuisines.ts(17,15): error TS2300: Duplicate identifier 'Recipe'.
src/data/cuisines.ts(133,3): error TS2322: Type 'number' is not assignable to type 'string'.
src/data/cuisines.ts(155,25): error TS2339: Property 'Fire' does not exist on type 'unknown'.
src/data/cuisines.ts(155,50): error TS2339: Property 'Water' does not exist on type 'unknown'.
src/data/cuisines.ts(155,76): error TS2339: Property 'Earth' does not exist on type 'unknown'.
src/data/cuisines.ts(155,100): error TS2339: Property 'Air' does not exist on type 'unknown'.
src/data/cuisines.ts(162,5): error TS2698: Spread types may only be created from object types.
src/data/cuisines.ts(164,34): error TS2339: Property 'elementalState' does not exist on type 'unknown'.
src/data/cuisines.ts(165,40): error TS2339: Property 'elementalState' does not exist on type 'unknown'.
src/data/cuisines.ts(168,29): error TS2339: Property 'elementalState' does not exist on type 'unknown'.
src/data/cuisines.ts(169,40): error TS2339: Property 'elementalState' does not exist on type 'unknown'.
src/data/cuisines/french.ts(915,11): error TS1117: An object literal cannot have multiple properties with the same name.
src/data/cuisines/index.ts(95,47): error TS2339: Property 'all' does not exist on type 'unknown'.
src/data/cuisines/index.ts(95,63): error TS2339: Property 'all' does not exist on type 'unknown'.
src/data/cuisines/index.ts(98,43): error TS2339: Property 'spring' does not exist on type 'unknown'.
src/data/cuisines/index.ts(98,62): error TS2339: Property 'spring' does not exist on type 'unknown'.
src/data/cuisines/index.ts(99,43): error TS2339: Property 'summer' does not exist on type 'unknown'.
src/data/cuisines/index.ts(99,62): error TS2339: Property 'summer' does not exist on type 'unknown'.
src/data/cuisines/index.ts(100,43): error TS2339: Property 'autumn' does not exist on type 'unknown'.
src/data/cuisines/index.ts(100,62): error TS2339: Property 'autumn' does not exist on type 'unknown'.
src/data/cuisines/index.ts(101,43): error TS2339: Property 'winter' does not exist on type 'unknown'.
src/data/cuisines/index.ts(101,62): error TS2339: Property 'winter' does not exist on type 'unknown'.
src/data/cuisines/index.ts(131,34): error TS2339: Property 'elementalState' does not exist on type 'Partial<Cuisine>'.
src/data/cuisines/index.ts(133,41): error TS2339: Property 'elementalState' does not exist on type 'Cuisine'.
src/data/cuisines/indian.ts(1201,5): error TS2322: Type '{ forProtein: { chicken: string[]; lamb: string[]; fish: string[]; paneer: string[]; legumes: string[]; goat: string[]; eggs: string[]; }; forVegetable: { leafy: string[]; root: string[]; eggplant: string[]; okra: string[]; potato: string[]; cauliflower: string[]; gourds: string[]; }; ... 4 more ...; byFlavor: { ......' is not assignable to type 'SauceRecommendations'.
  Object literal may only specify known properties, and 'byFlavor' does not exist in type 'SauceRecommendations'.
src/data/cuisines/italian.ts(1012,7): error TS2322: Type '{ name: string; description: string; base: string; thickener: string; keyIngredients: string[]; culinaryUses: string[]; derivatives: string[]; elementalProperties: { Fire: number; Earth: number; Water: number; Air: number; }; ... 6 more ...; yield: string; }' is not assignable to type 'Sauce'.
  Object literal may only specify known properties, and 'difficulty' does not exist in type 'Sauce'.
src/data/cuisines/italian.ts(1034,7): error TS2322: Type '{ name: string; description: string; base: string; thickener: string; keyIngredients: string[]; culinaryUses: string[]; derivatives: string[]; elementalProperties: { Water: number; Earth: number; Air: number; Fire: number; }; ... 6 more ...; yield: string; }' is not assignable to type 'Sauce'.
  Object literal may only specify known properties, and 'difficulty' does not exist in type 'Sauce'.
src/data/cuisines/japanese.ts(28,7): error TS2322: Type '{ name: string; description: string; base: string; thickener: string; keyIngredients: string[]; culinaryUses: string[]; derivatives: string[]; elementalProperties: { Water: number; Earth: number; Air: number; Fire: number; }; ... 6 more ...; yield: string; }' is not assignable to type 'Sauce'.
  Object literal may only specify known properties, and 'difficulty' does not exist in type 'Sauce'.
src/data/cuisines/japanese.ts(50,7): error TS2322: Type '{ name: string; description: string; base: string; thickener: string; keyIngredients: string[]; culinaryUses: string[]; derivatives: string[]; elementalProperties: { Earth: number; Water: number; Fire: number; Air: number; }; ... 6 more ...; yield: string; }' is not assignable to type 'Sauce'.
  Object literal may only specify known properties, and 'difficulty' does not exist in type 'Sauce'.
src/data/cuisines/japanese.ts(1282,7): error TS2322: Type '{ name: string; description: string; elementalProperties: { Water: number; Earth: number; Fire: number; Air: number; }; toolsRequired: string[]; bestFor: string[]; difficulty: string; }' is not assignable to type 'CookingTechnique'.
  Object literal may only specify known properties, and 'difficulty' does not exist in type 'CookingTechnique'.
src/data/cuisines/japanese.ts(1290,7): error TS2322: Type '{ name: string; description: string; elementalProperties: { Fire: number; Air: number; Water: number; Earth: number; }; toolsRequired: string[]; bestFor: string[]; difficulty: string; }' is not assignable to type 'CookingTechnique'.
  Object literal may only specify known properties, and 'difficulty' does not exist in type 'CookingTechnique'.
src/data/cuisines/japanese.ts(1298,7): error TS2322: Type '{ name: string; description: string; elementalProperties: { Fire: number; Earth: number; Air: number; Water: number; }; toolsRequired: string[]; bestFor: string[]; difficulty: string; }' is not assignable to type 'CookingTechnique'.
  Object literal may only specify known properties, and 'difficulty' does not exist in type 'CookingTechnique'.
src/data/cuisines/japanese.ts(1309,7): error TS2322: Type '{ name: string; description: string; signature: string[]; elementalProperties: { Water: number; Earth: number; Air: number; Fire: number; }; astrologicalInfluences: string[]; seasonality: string; specialIngredients: string[]; }' is not assignable to type 'RegionalCuisine'.
  Object literal may only specify known properties, and 'specialIngredients' does not exist in type 'RegionalCuisine'.
src/data/cuisines/japanese.ts(1318,7): error TS2322: Type '{ name: string; description: string; signature: string[]; elementalProperties: { Earth: number; Fire: number; Water: number; Air: number; }; astrologicalInfluences: string[]; seasonality: string; specialIngredients: string[]; }' is not assignable to type 'RegionalCuisine'.
  Object literal may only specify known properties, and 'specialIngredients' does not exist in type 'RegionalCuisine'.
src/data/cuisines/japanese.ts(1327,7): error TS2322: Type '{ name: string; description: string; signature: string[]; elementalProperties: { Earth: number; Water: number; Fire: number; Air: number; }; astrologicalInfluences: string[]; seasonality: string; specialIngredients: string[]; }' is not assignable to type 'RegionalCuisine'.
  Object literal may only specify known properties, and 'specialIngredients' does not exist in type 'RegionalCuisine'.
src/data/cuisines/template.ts(29,7): error TS2322: Type '{ name: string; description: string; base: string; thickener: string; keyIngredients: string[]; culinaryUses: string[]; derivatives: string[]; elementalProperties: { Water: number; Earth: number; Air: number; Fire: number; }; ... 6 more ...; yield: string; }' is not assignable to type 'Sauce'.
  Object literal may only specify known properties, and 'difficulty' does not exist in type 'Sauce'.
src/data/cuisines/template.ts(210,7): error TS2322: Type '{ name: string; description: string; elementalProperties: { Fire: number; Earth: number; Water: number; Air: number; }; toolsRequired: string[]; bestFor: string[]; difficulty: string; }' is not assignable to type 'CookingTechnique'.
  Object literal may only specify known properties, and 'difficulty' does not exist in type 'CookingTechnique'.
src/data/cuisines/template.ts(218,7): error TS2322: Type '{ name: string; description: string; elementalProperties: { Fire: number; Earth: number; Water: number; Air: number; }; toolsRequired: string[]; bestFor: string[]; difficulty: string; }' is not assignable to type 'CookingTechnique'.
  Object literal may only specify known properties, and 'difficulty' does not exist in type 'CookingTechnique'.
src/data/cuisines/template.ts(229,7): error TS2322: Type '{ name: string; description: string; signature: string[]; elementalProperties: { Fire: number; Earth: number; Water: number; Air: number; }; astrologicalInfluences: string[]; seasonality: string; specialIngredients: string[]; }' is not assignable to type 'RegionalCuisine'.
  Object literal may only specify known properties, and 'specialIngredients' does not exist in type 'RegionalCuisine'.
src/data/cuisines/template.ts(238,7): error TS2322: Type '{ name: string; description: string; signature: string[]; elementalProperties: { Fire: number; Earth: number; Water: number; Air: number; }; astrologicalInfluences: string[]; seasonality: string; specialIngredients: string[]; }' is not assignable to type 'RegionalCuisine'.
  Object literal may only specify known properties, and 'specialIngredients' does not exist in type 'RegionalCuisine'.
src/data/culturalrules.ts(5,46): error TS2304: Cannot find name 'CulturalBalance'.
src/data/enhancedDishes.ts(6,45): error TS2304: Cannot find name 'FoodProperty'.
src/data/enhancedDishes.ts(180,54): error TS2304: Cannot find name 'FoodProperty'.
src/data/enhancedDishes.ts(187,5): error TS2698: Spread types may only be created from object types.
src/data/foodTypes.ts(122,37): error TS2304: Cannot find name 'Cuisine'.
src/data/ingredientCategories.ts(10,10): error TS2395: Individual declarations in merged declaration 'ingredientCategories' must be all exported or all local.
src/data/ingredientCategories.ts(10,10): error TS2440: Import declaration conflicts with local declaration of 'ingredientCategories'.
src/data/ingredientCategories.ts(12,14): error TS2395: Individual declarations in merged declaration 'ingredientCategories' must be all exported or all local.
src/data/ingredientCategories.ts(13,3): error TS18004: No value exists in scope for the shorthand property 'vegetables'. Either declare one or provide an initializer.
src/data/ingredientCategories.ts(14,3): error TS18004: No value exists in scope for the shorthand property 'fruits'. Either declare one or provide an initializer.
src/data/ingredientCategories.ts(15,3): error TS18004: No value exists in scope for the shorthand property 'herbs'. Either declare one or provide an initializer.
src/data/ingredientCategories.ts(16,3): error TS18004: No value exists in scope for the shorthand property 'spices'. Either declare one or provide an initializer.
src/data/ingredientCategories.ts(17,3): error TS18004: No value exists in scope for the shorthand property 'proteins'. Either declare one or provide an initializer.
src/data/ingredientCategories.ts(18,3): error TS18004: No value exists in scope for the shorthand property 'grains'. Either declare one or provide an initializer.
src/data/ingredientCategories.ts(19,3): error TS18004: No value exists in scope for the shorthand property 'seasonings'. Either declare one or provide an initializer.
src/data/ingredientCategories.ts(20,3): error TS18004: No value exists in scope for the shorthand property 'oils'. Either declare one or provide an initializer.
src/data/ingredients/flavorProfiles.ts(18,21): error TS2339: Property 'flavorProfile' does not exist on type 'Ingredient'.
src/data/ingredients/flavorProfiles.ts(19,18): error TS2339: Property 'flavorProfile' does not exist on type 'Ingredient'.
src/data/ingredients/herbs/aromatic.ts(150,7): error TS2322: Type '{ rulingPlanets: string[]; favorableZodiac: ("gemini" | "virgo" | "sagittarius")[]; signAffinities: string[]; elementalAffinity: { base: string; decanModifiers: { first: { element: "Earth"; planet: string; }; second: { ...; }; third: { ...; }; }; }; }' is not assignable to type '{ rulingPlanets?: string[]; favorableZodiac?: ZodiacSign[]; elementalAffinity?: string | { base: string; secondary?: string; decanModifiers?: { first?: { element: Element; planet: string; }; second?: { ...; }; third?: { ...; }; }; }; lunarPhaseModifiers?: { ...; }; aspectEnhancers?: string[]; }'.
  Object literal may only specify known properties, and 'signAffinities' does not exist in type '{ rulingPlanets?: string[]; favorableZodiac?: ZodiacSign[]; elementalAffinity?: string | { base: string; secondary?: string; decanModifiers?: { first?: { element: Element; planet: string; }; second?: { ...; }; third?: { ...; }; }; }; lunarPhaseModifiers?: { ...; }; aspectEnhancers?: string[]; }'.
src/data/ingredients/herbs/aromatic.ts(209,21): error TS2322: Type '"Venus"' is not assignable to type 'Element'.
src/data/ingredients/herbs/aromatic.ts(261,7): error TS2322: Type '{ rulingPlanets: string[]; favorableZodiac: ("aries" | "scorpio" | "capricorn")[]; signAffinities: string[]; elementalAffinity: { base: string; decanModifiers: { first: { element: "Fire"; planet: string; }; second: { ...; }; third: { ...; }; }; }; }' is not assignable to type '{ rulingPlanets?: string[]; favorableZodiac?: ZodiacSign[]; elementalAffinity?: string | { base: string; secondary?: string; decanModifiers?: { first?: { element: Element; planet: string; }; second?: { ...; }; third?: { ...; }; }; }; lunarPhaseModifiers?: { ...; }; aspectEnhancers?: string[]; }'.
  Object literal may only specify known properties, and 'signAffinities' does not exist in type '{ rulingPlanets?: string[]; favorableZodiac?: ZodiacSign[]; elementalAffinity?: string | { base: string; secondary?: string; decanModifiers?: { first?: { element: Element; planet: string; }; second?: { ...; }; third?: { ...; }; }; }; lunarPhaseModifiers?: { ...; }; aspectEnhancers?: string[]; }'.
src/data/ingredients/herbs/aromatic.ts(325,7): error TS2322: Type '{ rulingPlanets: string[]; favorableZodiac: ("aries" | "scorpio" | "sagittarius")[]; signAffinities: string[]; elementalAffinity: { base: string; decanModifiers: { first: { element: "Fire"; planet: string; }; second: { ...; }; third: { ...; }; }; }; }' is not assignable to type '{ rulingPlanets?: string[]; favorableZodiac?: ZodiacSign[]; elementalAffinity?: string | { base: string; secondary?: string; decanModifiers?: { first?: { element: Element; planet: string; }; second?: { ...; }; third?: { ...; }; }; }; lunarPhaseModifiers?: { ...; }; aspectEnhancers?: string[]; }'.
  Object literal may only specify known properties, and 'signAffinities' does not exist in type '{ rulingPlanets?: string[]; favorableZodiac?: ZodiacSign[]; elementalAffinity?: string | { base: string; secondary?: string; decanModifiers?: { first?: { element: Element; planet: string; }; second?: { ...; }; third?: { ...; }; }; }; lunarPhaseModifiers?: { ...; }; aspectEnhancers?: string[]; }'.
src/data/ingredients/herbs/aromatic.ts(384,7): error TS2322: Type '{ rulingPlanets: string[]; favorableZodiac: ("gemini" | "cancer" | "virgo")[]; signAffinities: string[]; elementalAffinity: { base: string; decanModifiers: { first: { element: "Air"; planet: string; }; second: { ...; }; third: { ...; }; }; }; }' is not assignable to type '{ rulingPlanets?: string[]; favorableZodiac?: ZodiacSign[]; elementalAffinity?: string | { base: string; secondary?: string; decanModifiers?: { first?: { element: Element; planet: string; }; second?: { ...; }; third?: { ...; }; }; }; lunarPhaseModifiers?: { ...; }; aspectEnhancers?: string[]; }'.
  Object literal may only specify known properties, and 'signAffinities' does not exist in type '{ rulingPlanets?: string[]; favorableZodiac?: ZodiacSign[]; elementalAffinity?: string | { base: string; secondary?: string; decanModifiers?: { first?: { element: Element; planet: string; }; second?: { ...; }; third?: { ...; }; }; }; lunarPhaseModifiers?: { ...; }; aspectEnhancers?: string[]; }'.
src/data/ingredients/herbs/medicinalHerbs.ts(9,7): error TS2322: Type '{ planetaryRuler: string; zodiacRuler: string; element: string; energyType: string; lunarPhaseModifiers: {}; }' is not assignable to type '{ rulingPlanets?: string[]; favorableZodiac?: ZodiacSign[]; elementalAffinity?: string | { base: string; secondary?: string; decanModifiers?: { first?: { element: Element; planet: string; }; second?: { ...; }; third?: { ...; }; }; }; lunarPhaseModifiers?: { ...; }; aspectEnhancers?: string[]; }'.
  Object literal may only specify known properties, and 'planetaryRuler' does not exist in type '{ rulingPlanets?: string[]; favorableZodiac?: ZodiacSign[]; elementalAffinity?: string | { base: string; secondary?: string; decanModifiers?: { first?: { element: Element; planet: string; }; second?: { ...; }; third?: { ...; }; }; }; lunarPhaseModifiers?: { ...; }; aspectEnhancers?: string[]; }'.
src/data/ingredients/index.ts(46,6): error TS2304: Cannot find name 'meatsData'.
src/data/ingredients/index.ts(47,6): error TS2304: Cannot find name 'poultryData'.
src/data/ingredients/index.ts(48,6): error TS2304: Cannot find name 'seafoodData'.
src/data/ingredients/index.ts(49,6): error TS2304: Cannot find name 'plantBasedData'.
src/data/ingredients/index.ts(53,32): error TS2304: Cannot find name 'allHerbs'.
src/data/ingredients/index.ts(54,31): error TS2304: Cannot find name 'allOils'.
src/data/ingredients/index.ts(55,35): error TS2304: Cannot find name 'allVinegars'.
src/data/ingredients/index.ts(56,33): error TS2304: Cannot find name 'allGrains'.
src/data/ingredients/index.ts(57,38): error TS2304: Cannot find name 'spices'.
src/data/ingredients/index.ts(58,6): error TS2304: Cannot find name 'warmSpices'.
src/data/ingredients/index.ts(59,37): error TS2304: Cannot find name 'enhancedVegetables'.
src/data/ingredients/index.ts(117,26): error TS2339: Property 'category' does not exist on type 'unknown'.
src/data/ingredients/index.ts(119,18): error TS2339: Property 'elementalPropertiesState' does not exist on type 'unknown'.
src/data/ingredients/index.ts(121,41): error TS2339: Property 'qualities' does not exist on type 'unknown'.
src/data/ingredients/index.ts(121,65): error TS2339: Property 'qualities' does not exist on type 'unknown'.
src/data/ingredients/index.ts(123,18): error TS2339: Property 'lunarPhaseModifiers' does not exist on type 'unknown'.
src/data/ingredients/index.ts(124,25): error TS2339: Property 'storage' does not exist on type 'unknown'.
src/data/ingredients/index.ts(125,41): error TS2339: Property 'elementalPropertiesTransformation' does not exist on type 'unknown'.
src/data/ingredients/index.ts(128,5): error TS2698: Spread types may only be created from object types.
src/data/ingredients/index.ts(143,39): error TS2345: Argument of type 'import("/Users/GregCastro/Desktop/WhatToEatNext/src/types/alchemy").Ingredient' is not assignable to parameter of type 'import("/Users/GregCastro/Desktop/WhatToEatNext/src/data/ingredients/types").Ingredient'.
  Type 'Ingredient' is missing the following properties from type 'Ingredient': storage, qualities
src/data/ingredients/index.ts(146,29): error TS2339: Property 'elementalState' does not exist on type 'Ingredient'.
src/data/ingredients/index.ts(151,29): error TS2339: Property 'qualities' does not exist on type 'Ingredient'.
src/data/ingredients/index.ts(152,29): error TS2339: Property 'elementalState' does not exist on type 'Ingredient'.
src/data/ingredients/index.ts(157,29): error TS2339: Property 'elementalState' does not exist on type 'Ingredient'.
src/data/ingredients/index.ts(159,25): error TS2362: The left-hand side of an arithmetic operation must be of type 'any', 'number', 'bigint' or an enum type.
src/data/ingredients/index.ts(159,32): error TS2363: The right-hand side of an arithmetic operation must be of type 'any', 'number', 'bigint' or an enum type.
src/data/ingredients/index.ts(164,9): error TS2322: Type '{ alchemicalProperties: AlchemicalProperties; thermodynamicProperties: ThermodynamicProperties; modality: Modality; elementalSignature: [string, number][]; astrologicalCorrespondence: any; ... 14 more ...; nutritionalScore?: number; }' is not assignable to type 'Ingredient'.
  Object literal may only specify known properties, and 'alchemicalProperties' does not exist in type 'Ingredient'.
src/data/ingredients/index.ts(171,31): error TS2339: Property 'astrologicalCorrespondence' does not exist on type 'Ingredient'.
src/data/ingredients/index.ts(173,31): error TS2339: Property 'pAiringRecommendations' does not exist on type 'Ingredient'.
src/data/ingredients/index.ts(174,45): error TS2339: Property 'celestialBoost' does not exist on type 'Ingredient'.
src/data/ingredients/index.ts(175,49): error TS2339: Property 'planetaryInfluence' does not exist on type 'Ingredient'.
src/data/ingredients/index.ts(187,59): error TS2304: Cannot find name 'seasonings'.
src/data/ingredients/index.ts(188,59): error TS2304: Cannot find name 'enhancedVegetables'.
src/data/ingredients/index.ts(189,55): error TS2304: Cannot find name 'fruits'.
src/data/ingredients/index.ts(193,59): error TS2304: Cannot find name 'plantBased'.
src/data/ingredients/index.ts(194,54): error TS2304: Cannot find name 'meats'.
src/data/ingredients/index.ts(195,56): error TS2304: Cannot find name 'poultry'.
src/data/ingredients/index.ts(196,56): error TS2304: Cannot find name 'seafood'.
src/data/ingredients/index.ts(299,32): error TS2551: Property 'subCategory' does not exist on type 'Ingredient'. Did you mean 'category'?
src/data/ingredients/oils/oils.ts(2,29): error TS2307: Cannot find module '@/types / (seasons || 1)' or its corresponding type declarations.
src/data/ingredients/proteins/dairy.ts(17,7): error TS2322: Type '{ rulingPlanets: string[]; zodiacInfluence: string[]; celestialAspects: { moonPhase: { waxing: string; full: string; waning: string; }; }; }' is not assignable to type '{ rulingPlanets?: string[]; favorableZodiac?: ZodiacSign[]; elementalAffinity?: string | { base: string; secondary?: string; decanModifiers?: { first?: { element: Element; planet: string; }; second?: { ...; }; third?: { ...; }; }; }; lunarPhaseModifiers?: { ...; }; aspectEnhancers?: string[]; }'.
  Object literal may only specify known properties, and 'zodiacInfluence' does not exist in type '{ rulingPlanets?: string[]; favorableZodiac?: ZodiacSign[]; elementalAffinity?: string | { base: string; secondary?: string; decanModifiers?: { first?: { element: Element; planet: string; }; second?: { ...; }; third?: { ...; }; }; }; lunarPhaseModifiers?: { ...; }; aspectEnhancers?: string[]; }'.
src/data/ingredients/proteins/dairy.ts(164,7): error TS2322: Type '{ rulingPlanets: string[]; zodiacInfluence: string[]; celestialAspects: { moonPhase: { waxing: string; full: string; waning: string; }; }; }' is not assignable to type '{ rulingPlanets?: string[]; favorableZodiac?: ZodiacSign[]; elementalAffinity?: string | { base: string; secondary?: string; decanModifiers?: { first?: { element: Element; planet: string; }; second?: { ...; }; third?: { ...; }; }; }; lunarPhaseModifiers?: { ...; }; aspectEnhancers?: string[]; }'.
  Object literal may only specify known properties, and 'zodiacInfluence' does not exist in type '{ rulingPlanets?: string[]; favorableZodiac?: ZodiacSign[]; elementalAffinity?: string | { base: string; secondary?: string; decanModifiers?: { first?: { element: Element; planet: string; }; second?: { ...; }; third?: { ...; }; }; }; lunarPhaseModifiers?: { ...; }; aspectEnhancers?: string[]; }'.
src/data/ingredients/proteins/dairy.ts(316,7): error TS2322: Type '{ rulingPlanets: string[]; zodiacInfluence: string[]; celestialAspects: { moonPhase: { waxing: string; full: string; waning: string; }; }; }' is not assignable to type '{ rulingPlanets?: string[]; favorableZodiac?: ZodiacSign[]; elementalAffinity?: string | { base: string; secondary?: string; decanModifiers?: { first?: { element: Element; planet: string; }; second?: { ...; }; third?: { ...; }; }; }; lunarPhaseModifiers?: { ...; }; aspectEnhancers?: string[]; }'.
  Object literal may only specify known properties, and 'zodiacInfluence' does not exist in type '{ rulingPlanets?: string[]; favorableZodiac?: ZodiacSign[]; elementalAffinity?: string | { base: string; secondary?: string; decanModifiers?: { first?: { element: Element; planet: string; }; second?: { ...; }; third?: { ...; }; }; }; lunarPhaseModifiers?: { ...; }; aspectEnhancers?: string[]; }'.
src/data/ingredients/proteins/dairy.ts(463,7): error TS2322: Type '{ rulingPlanets: string[]; zodiacInfluence: string[]; celestialAspects: { moonPhase: { waxing: string; full: string; waning: string; }; }; }' is not assignable to type '{ rulingPlanets?: string[]; favorableZodiac?: ZodiacSign[]; elementalAffinity?: string | { base: string; secondary?: string; decanModifiers?: { first?: { element: Element; planet: string; }; second?: { ...; }; third?: { ...; }; }; }; lunarPhaseModifiers?: { ...; }; aspectEnhancers?: string[]; }'.
  Object literal may only specify known properties, and 'zodiacInfluence' does not exist in type '{ rulingPlanets?: string[]; favorableZodiac?: ZodiacSign[]; elementalAffinity?: string | { base: string; secondary?: string; decanModifiers?: { first?: { element: Element; planet: string; }; second?: { ...; }; third?: { ...; }; }; }; lunarPhaseModifiers?: { ...; }; aspectEnhancers?: string[]; }'.
src/data/ingredients/proteins/index.ts(114,36): error TS2339: Property 'keys' does not exist on type 'ObjectConstructor | 1'.
  Property 'keys' does not exist on type '1'.
src/data/ingredients/proteins/index.ts(128,45): error TS2339: Property 'length' does not exist on type 'string[] | 1'.
  Property 'length' does not exist on type '1'.
src/data/ingredients/proteins/index.ts(186,47): error TS2339: Property 'currentSeason' does not exist on type '{ season: "summer" | "winter"; humidity: number; altitude: number; }'.
src/data/ingredients/proteins/plantBased.ts(1,15): error TS2300: Duplicate identifier 'ElementalProperties'.
src/data/ingredients/proteins/plantBased.ts(3,21): error TS2307: Cannot find module '@/types / (alchemy || 1)' or its corresponding type declarations.
src/data/ingredients/proteins/plantBased.ts(7,10): error TS2300: Duplicate identifier 'ElementalProperties'.
src/data/ingredients/proteins/plantBased.ts(1332,15): error TS2365: Operator '+' cannot be applied to types 'unknown' and 'unknown'.
src/data/ingredients/proteins/plantBased.ts(1335,16): error TS2362: The left-hand side of an arithmetic operation must be of type 'any', 'number', 'bigint' or an enum type.
src/data/ingredients/proteins/plantBased.ts(1339,24): error TS2363: The right-hand side of an arithmetic operation must be of type 'any', 'number', 'bigint' or an enum type.
src/data/ingredients/proteins/plantBased.ts(1343,9): error TS2779: The left-hand side of an assignment expression may not be an optional property access.
src/data/ingredients/proteins/plantBased.ts(1343,62): error TS2362: The left-hand side of an arithmetic operation must be of type 'any', 'number', 'bigint' or an enum type.
src/data/ingredients/seasonings/index.ts(1,34): error TS2300: Duplicate identifier 'ElementalProperties'.
src/data/ingredients/seasonings/index.ts(8,10): error TS2300: Duplicate identifier 'ElementalProperties'.
src/data/ingredients/seasonings/oils.ts(3,29): error TS2307: Cannot find module '@/types / (seasons || 1)' or its corresponding type declarations.
src/data/ingredients/seasonings/salts.ts(191,7): error TS2322: Type '{ planetaryRuler: string; zodiacRuler: string; element: string; energyType: string; lunarPhaseModifiers: { new: { elementalBoost: { Earth: number; }; culinaryTip: string; }; full: { elementalBoost: { ...; }; culinaryTip: string; }; }; }' is not assignable to type '{ rulingPlanets?: string[]; favorableZodiac?: ZodiacSign[]; elementalAffinity?: string | { base: string; secondary?: string; decanModifiers?: { first?: { element: Element; planet: string; }; second?: { ...; }; third?: { ...; }; }; }; lunarPhaseModifiers?: { ...; }; aspectEnhancers?: string[]; }'.
  Object literal may only specify known properties, and 'planetaryRuler' does not exist in type '{ rulingPlanets?: string[]; favorableZodiac?: ZodiacSign[]; elementalAffinity?: string | { base: string; secondary?: string; decanModifiers?: { first?: { element: Element; planet: string; }; second?: { ...; }; third?: { ...; }; }; }; lunarPhaseModifiers?: { ...; }; aspectEnhancers?: string[]; }'.
src/data/ingredients/seasonings/vinegars.ts(1,34): error TS2300: Duplicate identifier 'ElementalProperties'.
src/data/ingredients/seasonings/vinegars.ts(4,10): error TS2300: Duplicate identifier 'ElementalProperties'.
src/data/ingredients/spices/groundspices.ts(365,22): error TS2339: Property 'INDONESIAN' does not exist on type '{ readonly AFRICAN: "african"; readonly CHINESE: "chinese"; readonly FRENCH: "french"; readonly GERMAN: "german"; readonly GREEK: "greek"; readonly HUNGARIAN: "hungarian"; readonly INDIAN: "indian"; ... 9 more ...; readonly VIETNAMESE: "vietnamese"; }'.
src/data/ingredients/spices/groundspices.ts(371,22): error TS2339: Property 'MOROCCAN' does not exist on type '{ readonly AFRICAN: "african"; readonly CHINESE: "chinese"; readonly FRENCH: "french"; readonly GERMAN: "german"; readonly GREEK: "greek"; readonly HUNGARIAN: "hungarian"; readonly INDIAN: "indian"; ... 9 more ...; readonly VIETNAMESE: "vietnamese"; }'.
src/data/ingredients/spices/groundspices.ts(377,22): error TS2339: Property 'PERSIAN' does not exist on type '{ readonly AFRICAN: "african"; readonly CHINESE: "chinese"; readonly FRENCH: "french"; readonly GERMAN: "german"; readonly GREEK: "greek"; readonly HUNGARIAN: "hungarian"; readonly INDIAN: "indian"; ... 9 more ...; readonly VIETNAMESE: "vietnamese"; }'.
src/data/ingredients/spices/index.ts(33,13): error TS2339: Property 'elementalState' does not exist on type 'Ingredient'.
src/data/ingredients/spices/index.ts(67,6): error TS2448: Block-scoped variable 'wholeSpices' used before its declaration.
src/data/ingredients/spices/index.ts(68,6): error TS2448: Block-scoped variable 'groundSpices' used before its declaration.
src/data/ingredients/spices/index.ts(69,6): error TS2448: Block-scoped variable 'spiceBlends' used before its declaration.
src/data/ingredients/spices/index.ts(437,30): error TS2339: Property 'origin' does not exist on type '{ elementalProperties: { Fire: number; Air: number; Earth: number; Water: number; }; name: string; qualities: string[]; category: string; subCategory: string; baseIngredients: string[]; } | { elementalProperties: { ...; }; ... 4 more ...; baseIngredients: string[]; }'.
  Property 'origin' does not exist on type '{ elementalProperties: { Fire: number; Air: number; Earth: number; Water: number; }; name: string; qualities: string[]; category: string; subCategory: string; baseIngredients: string[]; }'.
src/data/ingredients/spices/index.ts(438,19): error TS2339: Property 'origin' does not exist on type '{ elementalProperties: { Fire: number; Air: number; Earth: number; Water: number; }; name: string; qualities: string[]; category: string; subCategory: string; baseIngredients: string[]; } | { elementalProperties: { ...; }; ... 4 more ...; baseIngredients: string[]; }'.
  Property 'origin' does not exist on type '{ elementalProperties: { Fire: number; Air: number; Earth: number; Water: number; }; name: string; qualities: string[]; category: string; subCategory: string; baseIngredients: string[]; }'.
src/data/ingredients/spices/index.ts(439,19): error TS2339: Property 'origin' does not exist on type '{ elementalProperties: { Fire: number; Air: number; Earth: number; Water: number; }; name: string; qualities: string[]; category: string; subCategory: string; baseIngredients: string[]; } | { elementalProperties: { ...; }; ... 4 more ...; baseIngredients: string[]; }'.
  Property 'origin' does not exist on type '{ elementalProperties: { Fire: number; Air: number; Earth: number; Water: number; }; name: string; qualities: string[]; category: string; subCategory: string; baseIngredients: string[]; }'.
src/data/ingredients/spices/index.ts(439,47): error TS2339: Property 'regionalVariations' does not exist on type '{ elementalProperties: { Fire: number; Air: number; Earth: number; Water: number; }; name: string; qualities: string[]; category: string; subCategory: string; baseIngredients: string[]; } | { elementalProperties: { ...; }; ... 4 more ...; baseIngredients: string[]; }'.
  Property 'regionalVariations' does not exist on type '{ elementalProperties: { Fire: number; Air: number; Earth: number; Water: number; }; name: string; qualities: string[]; category: string; subCategory: string; baseIngredients: string[]; }'.
src/data/ingredients/spices/warmSpices.ts(7,5): error TS2741: Property 'Water' is missing in type '{ Fire: number; Earth: number; Air: number; }' but required in type 'ElementalProperties'.
src/data/ingredients/spices/warmSpices.ts(8,28): error TS2322: Type '{ planetaryRuler: string; zodiacRuler: string; element: string; energyType: string; seasonalPeak: { northern: number[]; southern: number[]; }; }' is not assignable to type '{ rulingPlanets?: string[]; favorableZodiac?: ZodiacSign[]; elementalAffinity?: string | { base: string; secondary?: string; decanModifiers?: { first?: { element: Element; planet: string; }; second?: { ...; }; third?: { ...; }; }; }; lunarPhaseModifiers?: { ...; }; aspectEnhancers?: string[]; }'.
  Object literal may only specify known properties, and 'planetaryRuler' does not exist in type '{ rulingPlanets?: string[]; favorableZodiac?: ZodiacSign[]; elementalAffinity?: string | { base: string; secondary?: string; decanModifiers?: { first?: { element: Element; planet: string; }; second?: { ...; }; third?: { ...; }; }; }; lunarPhaseModifiers?: { ...; }; aspectEnhancers?: string[]; }'.
src/data/ingredients/types.ts(3,33): error TS2307: Cannot find module '@/types / (zodiac || 1)' or its corresponding type declarations.
src/data/ingredients/types.ts(5,10): error TS2440: Import declaration conflicts with local declaration of 'AlchemicalProperties'.
src/data/ingredients/vegetables/alliums.ts(18,9): error TS2322: Type '{ base: string; decanModifiers: { first: { element: "Fire"; planet: string; }; second: { element: "Earth"; planet: string; }; third: { element: "Air"; planet: string; }; }; lunarPhaseModifiers: { newMoon: { ...; }; fullMoon: { ...; }; waxingGibbous: { ...; }; }; }' is not assignable to type 'string | { base: string; secondary?: string; decanModifiers?: { first?: { element: Element; planet: string; }; second?: { element: Element; planet: string; }; third?: { element: Element; planet: string; }; }; }'.
  Object literal may only specify known properties, and 'lunarPhaseModifiers' does not exist in type '{ base: string; secondary?: string; decanModifiers?: { first?: { element: Element; planet: string; }; second?: { element: Element; planet: string; }; third?: { element: Element; planet: string; }; }; }'.
src/data/ingredients/vegetables/alliums.ts(142,9): error TS2322: Type '{ base: string; secondary: string; decanModifiers: { first: { element: "Fire"; planet: string; }; second: { element: "Water"; planet: string; }; third: { element: "Earth"; planet: string; }; }; lunarPhaseModifiers: { ...; }; }' is not assignable to type 'string | { base: string; secondary?: string; decanModifiers?: { first?: { element: Element; planet: string; }; second?: { element: Element; planet: string; }; third?: { element: Element; planet: string; }; }; }'.
  Object literal may only specify known properties, and 'lunarPhaseModifiers' does not exist in type '{ base: string; secondary?: string; decanModifiers?: { first?: { element: Element; planet: string; }; second?: { element: Element; planet: string; }; third?: { element: Element; planet: string; }; }; }'.
src/data/ingredients/vegetables/alliums.ts(264,9): error TS2322: Type '{ base: string; secondary: string; decanModifiers: { first: { element: "Earth"; planet: string; }; second: { element: "Water"; planet: string; }; third: { element: "Air"; planet: string; }; }; lunarPhaseModifiers: { ...; }; }' is not assignable to type 'string | { base: string; secondary?: string; decanModifiers?: { first?: { element: Element; planet: string; }; second?: { element: Element; planet: string; }; third?: { element: Element; planet: string; }; }; }'.
  Object literal may only specify known properties, and 'lunarPhaseModifiers' does not exist in type '{ base: string; secondary?: string; decanModifiers?: { first?: { element: Element; planet: string; }; second?: { element: Element; planet: string; }; third?: { element: Element; planet: string; }; }; }'.
src/data/ingredients/vegetables/alliums.ts(385,9): error TS2322: Type '{ base: string; secondary: string; decanModifiers: { first: { element: "Air"; planet: string; }; second: { element: "Fire"; planet: string; }; third: { element: "Earth"; planet: string; }; }; lunarPhaseModifiers: { ...; }; }' is not assignable to type 'string | { base: string; secondary?: string; decanModifiers?: { first?: { element: Element; planet: string; }; second?: { element: Element; planet: string; }; third?: { element: Element; planet: string; }; }; }'.
  Object literal may only specify known properties, and 'lunarPhaseModifiers' does not exist in type '{ base: string; secondary?: string; decanModifiers?: { first?: { element: Element; planet: string; }; second?: { element: Element; planet: string; }; third?: { element: Element; planet: string; }; }; }'.
src/data/ingredients/vegetables/alliums.ts(493,9): error TS2322: Type '{ base: string; secondary: string; decanModifiers: { first: { element: "Air"; planet: string; }; second: { element: "Fire"; planet: string; }; third: { element: "Water"; planet: string; }; }; lunarPhaseModifiers: { ...; }; }' is not assignable to type 'string | { base: string; secondary?: string; decanModifiers?: { first?: { element: Element; planet: string; }; second?: { element: Element; planet: string; }; third?: { element: Element; planet: string; }; }; }'.
  Object literal may only specify known properties, and 'lunarPhaseModifiers' does not exist in type '{ base: string; secondary?: string; decanModifiers?: { first?: { element: Element; planet: string; }; second?: { element: Element; planet: string; }; third?: { element: Element; planet: string; }; }; }'.
src/data/ingredients/vegetables/alliums.ts(613,9): error TS2322: Type '{ base: string; secondary: string; decanModifiers: { first: { element: "Air"; planet: string; }; second: { element: "Fire"; planet: string; }; third: { element: "Air"; planet: string; }; }; lunarPhaseModifiers: { ...; }; }' is not assignable to type 'string | { base: string; secondary?: string; decanModifiers?: { first?: { element: Element; planet: string; }; second?: { element: Element; planet: string; }; third?: { element: Element; planet: string; }; }; }'.
  Object literal may only specify known properties, and 'lunarPhaseModifiers' does not exist in type '{ base: string; secondary?: string; decanModifiers?: { first?: { element: Element; planet: string; }; second?: { element: Element; planet: string; }; third?: { element: Element; planet: string; }; }; }'.
src/data/ingredients/vegetables/cruciferous.ts(18,9): error TS2322: Type '{ base: string; decanModifiers: { first: { element: "Air"; planet: string; }; second: { element: "Earth"; planet: string; }; third: { element: "Water"; planet: string; }; }; lunarPhaseModifiers: { newMoon: { ...; }; fullMoon: { ...; }; }; }' is not assignable to type 'string | { base: string; secondary?: string; decanModifiers?: { first?: { element: Element; planet: string; }; second?: { element: Element; planet: string; }; third?: { element: Element; planet: string; }; }; }'.
  Object literal may only specify known properties, and 'lunarPhaseModifiers' does not exist in type '{ base: string; secondary?: string; decanModifiers?: { first?: { element: Element; planet: string; }; second?: { element: Element; planet: string; }; third?: { element: Element; planet: string; }; }; }'.
src/data/ingredients/vegetables/cruciferous.ts(116,9): error TS2322: Type '{ base: string; secondary: string; decanModifiers: { first: { element: "Earth"; planet: string; }; second: { element: "Air"; planet: string; }; third: { element: "Fire"; planet: string; }; }; lunarPhaseModifiers: { ...; }; }' is not assignable to type 'string | { base: string; secondary?: string; decanModifiers?: { first?: { element: Element; planet: string; }; second?: { element: Element; planet: string; }; third?: { element: Element; planet: string; }; }; }'.
  Object literal may only specify known properties, and 'lunarPhaseModifiers' does not exist in type '{ base: string; secondary?: string; decanModifiers?: { first?: { element: Element; planet: string; }; second?: { element: Element; planet: string; }; third?: { element: Element; planet: string; }; }; }'.
src/data/ingredients/vegetables/cruciferous.ts(225,9): error TS2322: Type '{ base: string; secondary: string; decanModifiers: { first: { element: "Earth"; planet: string; }; second: { element: "Fire"; planet: string; }; third: { element: "Air"; planet: string; }; }; lunarPhaseModifiers: { ...; }; }' is not assignable to type 'string | { base: string; secondary?: string; decanModifiers?: { first?: { element: Element; planet: string; }; second?: { element: Element; planet: string; }; third?: { element: Element; planet: string; }; }; }'.
  Object literal may only specify known properties, and 'lunarPhaseModifiers' does not exist in type '{ base: string; secondary?: string; decanModifiers?: { first?: { element: Element; planet: string; }; second?: { element: Element; planet: string; }; third?: { element: Element; planet: string; }; }; }'.
src/data/ingredients/vegetables/cruciferous.ts(335,9): error TS2322: Type '{ base: string; secondary: string; decanModifiers: { first: { element: "Water"; planet: string; }; second: { element: "Air"; planet: string; }; third: { element: "Earth"; planet: string; }; }; lunarPhaseModifiers: { ...; }; }' is not assignable to type 'string | { base: string; secondary?: string; decanModifiers?: { first?: { element: Element; planet: string; }; second?: { element: Element; planet: string; }; third?: { element: Element; planet: string; }; }; }'.
  Object literal may only specify known properties, and 'lunarPhaseModifiers' does not exist in type '{ base: string; secondary?: string; decanModifiers?: { first?: { element: Element; planet: string; }; second?: { element: Element; planet: string; }; third?: { element: Element; planet: string; }; }; }'.
src/data/ingredients/vegetables/cruciferous.ts(448,9): error TS2322: Type '{ base: string; secondary: string; decanModifiers: { first: { element: "Earth"; planet: string; }; second: { element: "Air"; planet: string; }; third: { element: "Water"; planet: string; }; }; lunarPhaseModifiers: { ...; }; }' is not assignable to type 'string | { base: string; secondary?: string; decanModifiers?: { first?: { element: Element; planet: string; }; second?: { element: Element; planet: string; }; third?: { element: Element; planet: string; }; }; }'.
  Object literal may only specify known properties, and 'lunarPhaseModifiers' does not exist in type '{ base: string; secondary?: string; decanModifiers?: { first?: { element: Element; planet: string; }; second?: { element: Element; planet: string; }; third?: { element: Element; planet: string; }; }; }'.
src/data/ingredients/vegetables/cruciferous.ts(557,9): error TS2322: Type '{ base: string; secondary: string; decanModifiers: { first: { element: "Water"; planet: string; }; second: { element: "Earth"; planet: string; }; third: { element: "Air"; planet: string; }; }; lunarPhaseModifiers: { ...; }; }' is not assignable to type 'string | { base: string; secondary?: string; decanModifiers?: { first?: { element: Element; planet: string; }; second?: { element: Element; planet: string; }; third?: { element: Element; planet: string; }; }; }'.
  Object literal may only specify known properties, and 'lunarPhaseModifiers' does not exist in type '{ base: string; secondary?: string; decanModifiers?: { first?: { element: Element; planet: string; }; second?: { element: Element; planet: string; }; third?: { element: Element; planet: string; }; }; }'.
src/data/ingredients/vegetables/leafyGreens.ts(12,28): error TS2551: Property 'Water' does not exist on type '{ water: number; fiber: number; bitterness: number; cooking_time: number; }'. Did you mean 'water'?
src/data/ingredients/vegetables/leafyGreens.ts(16,42): error TS2551: Property 'Water' does not exist on type '{ water: number; fiber: number; bitterness: number; cooking_time: number; }'. Did you mean 'water'?
src/data/ingredients/vegetables/leafyGreens.ts(18,50): error TS2551: Property 'Water' does not exist on type '{ water: number; fiber: number; bitterness: number; cooking_time: number; }'. Did you mean 'water'?
src/data/ingredients/vegetables/leafyGreens.ts(21,23): error TS2551: Property 'Water' does not exist on type '{ water: number; fiber: number; bitterness: number; cooking_time: number; }'. Did you mean 'water'?
src/data/ingredients/vegetables/leafyGreens.ts(39,7): error TS2345: Argument of type '{ Water: number; fiber: number; bitterness: number; cooking_time: number; }' is not assignable to parameter of type '{ water: number; fiber: number; bitterness: number; cooking_time: number; }'.
  Object literal may only specify known properties, but 'Water' does not exist in type '{ water: number; fiber: number; bitterness: number; cooking_time: number; }'. Did you mean to write 'water'?
src/data/ingredients/vegetables/leafyGreens.ts(315,7): error TS2345: Argument of type '{ Water: number; fiber: number; bitterness: number; cooking_time: number; }' is not assignable to parameter of type '{ water: number; fiber: number; bitterness: number; cooking_time: number; }'.
  Object literal may only specify known properties, but 'Water' does not exist in type '{ water: number; fiber: number; bitterness: number; cooking_time: number; }'. Did you mean to write 'water'?
src/data/ingredients/vegetables/leafyGreens.ts(377,7): error TS2345: Argument of type '{ Water: number; fiber: number; bitterness: number; cooking_time: number; }' is not assignable to parameter of type '{ water: number; fiber: number; bitterness: number; cooking_time: number; }'.
  Object literal may only specify known properties, but 'Water' does not exist in type '{ water: number; fiber: number; bitterness: number; cooking_time: number; }'. Did you mean to write 'water'?
src/data/ingredients/vegetables/legumes.ts(18,9): error TS2322: Type '{ base: string; decanModifiers: { first: { element: "Earth"; planet: string; }; second: { element: "Water"; planet: string; }; third: { element: "Air"; planet: string; }; }; lunarPhaseModifiers: { newMoon: { ...; }; fullMoon: { ...; }; }; }' is not assignable to type 'string | { base: string; secondary?: string; decanModifiers?: { first?: { element: Element; planet: string; }; second?: { element: Element; planet: string; }; third?: { element: Element; planet: string; }; }; }'.
  Object literal may only specify known properties, and 'lunarPhaseModifiers' does not exist in type '{ base: string; secondary?: string; decanModifiers?: { first?: { element: Element; planet: string; }; second?: { element: Element; planet: string; }; third?: { element: Element; planet: string; }; }; }'.
src/data/ingredients/vegetables/squash.ts(321,83): error TS2345: Argument of type '{ "butternut squash": { name: string; elementalProperties: { Earth: number; Water: number; Fire: number; Air: number; }; astrologicalProfile: { rulingPlanets: string[]; favorableZodiac: string[]; elementalAffinity: { ...; }; }; ... 8 more ...; storage: { ...; }; }; zucchini: { ...; }; pumpkin: { ...; }; "acorn squas...' is not assignable to parameter of type 'Record<string, Partial<IngredientMapping>>'.
  Property '"butternut squash"' is incompatible with index signature.
    Type '{ name: string; elementalProperties: { Earth: number; Water: number; Fire: number; Air: number; }; astrologicalProfile: { rulingPlanets: string[]; favorableZodiac: string[]; elementalAffinity: { base: string; decanModifiers: { ...; }; }; }; ... 8 more ...; storage: { ...; }; }' is not assignable to type 'Partial<IngredientMapping>'.
      The types of 'astrologicalProfile.favorableZodiac' are incompatible between these types.
        Type 'string[]' is not assignable to type 'ZodiacSign[]'.
src/data/ingredients/vinegars/consolidated_vinegars.ts(1,34): error TS2300: Duplicate identifier 'ElementalProperties'.
src/data/ingredients/vinegars/consolidated_vinegars.ts(2,29): error TS2307: Cannot find module '@/types / (seasons || 1)' or its corresponding type declarations.
src/data/ingredients/vinegars/consolidated_vinegars.ts(5,10): error TS2300: Duplicate identifier 'ElementalProperties'.
src/data/integrations/cuisineMatrix.ts(17,14): error TS2304: Cannot find name 'grainCuisineMatrix'.
src/data/integrations/cuisineMatrix.ts(19,14): error TS2304: Cannot find name 'herbCuisineMatrix'.
src/data/integrations/cuisineMatrix.ts(43,20): error TS2304: Cannot find name 'grainCuisineMatrix'.
src/data/integrations/cuisineMatrix.ts(44,20): error TS2339: Property 'includes' does not exist on type 'unknown'.
src/data/integrations/cuisineMatrix.ts(51,20): error TS2304: Cannot find name 'herbCuisineMatrix'.
src/data/integrations/cuisineMatrix.ts(52,20): error TS2339: Property 'includes' does not exist on type 'unknown'.
src/data/integrations/elementalBalance.ts(1,36): error TS2300: Duplicate identifier 'Element'.
src/data/integrations/elementalBalance.ts(1,45): error TS2300: Duplicate identifier 'Recipe'.
src/data/integrations/elementalBalance.ts(10,70): error TS2300: Duplicate identifier 'Recipe'.
src/data/integrations/elementalBalance.ts(12,10): error TS2300: Duplicate identifier 'Element'.
src/data/integrations/elementalBalance.ts(81,20): error TS2339: Property 'elementalState' does not exist on type 'Recipe'.
src/data/integrations/elementalBalance.ts(84,50): error TS2339: Property 'elementalState' does not exist on type 'Recipe'.
src/data/integrations/seasonal.ts(32,8): error TS2304: Cannot find name 'seasonalPatterns'.
src/data/integrations/seasonal.ts(32,37): error TS2304: Cannot find name 'seasonalPatterns'.
src/data/integrations/seasonal.ts(34,29): error TS2304: Cannot find name 'seasonalPatterns'.
src/data/integrations/seasonal.ts(34,56): error TS2304: Cannot find name 'seasonalPatterns'.
src/data/integrations/seasonal.ts(35,14): error TS2304: Cannot find name 'seasonalPatterns'.
src/data/integrations/seasonal.ts(40,10): error TS2304: Cannot find name 'seasonalPatterns'.
src/data/integrations/seasonal.ts(51,26): error TS2304: Cannot find name 'seasonalUsage'.
src/data/integrations/seasonal.ts(55,24): error TS2304: Cannot find name 'seasonalPatterns'.
src/data/integrations/seasonalPatterns.ts(269,7): error TS2322: Type '"balanced"' is not assignable to type 'Element'.
src/data/integrations/seasonalPatterns.ts(270,7): error TS2322: Type '"balanced"' is not assignable to type 'Element'.
src/data/integrations/seasonalUsage.ts(16,3): error TS2322: Type '{ spring: { growing: string[]; cuisines: { greek: { combinations: string[]; dishes: string[]; }; italian: { combinations: string[]; dishes: string[]; }; }; herbs: string[]; vegetables: string[]; tarotAssociations: { ...; }; }; ... 4 more ...; all: { ...; }; }' is not assignable to type 'Record<Season, any>'.
  Object literal may only specify known properties, but 'spring' does not exist in type 'Record<Season, any>'. Did you mean to write 'Spring'?
src/data/nutritional.ts(1,30): error TS2300: Duplicate identifier 'Element'.
src/data/nutritional.ts(2,10): error TS2300: Duplicate identifier 'Element'.
src/data/nutritional.ts(430,22): error TS2339: Property 'foodNutrients' does not exist on type 'unknown'.
src/data/nutritional.ts(440,47): error TS2339: Property 'description' does not exist on type 'unknown'.
src/data/nutritional.ts(440,67): error TS2339: Property 'foodClass' does not exist on type 'unknown'.
src/data/nutritional.ts(440,99): error TS2339: Property 'dataType' does not exist on type 'unknown'.
src/data/nutritional.ts(446,8): error TS2339: Property 'foodNutrients' does not exist on type 'unknown'.
src/data/nutritional.ts(449,25): error TS2339: Property 'number' does not exist on type 'unknown'.
src/data/nutritional.ts(449,44): error TS2339: Property 'nutrientId' does not exist on type 'unknown'.
src/data/nutritional.ts(449,68): error TS2339: Property 'nutrient' does not exist on type 'unknown'.
src/data/nutritional.ts(449,89): error TS2339: Property 'nutrient' does not exist on type 'unknown'.
src/data/nutritional.ts(449,114): error TS2339: Property 'id' does not exist on type 'unknown'.
src/data/nutritional.ts(450,28): error TS2339: Property 'amount' does not exist on type 'unknown'.
src/data/nutritional.ts(450,47): error TS2339: Property 'value' does not exist on type 'unknown'.
src/data/nutritional.ts(453,31): error TS2339: Property 'nutrient' does not exist on type 'unknown'.
src/data/nutritional.ts(456,27): error TS2339: Property 'name' does not exist on type 'unknown'.
src/data/nutritional.ts(456,44): error TS2339: Property 'nutrientName' does not exist on type 'unknown'.
src/data/nutritional.ts(456,69): error TS2339: Property 'nutrient' does not exist on type 'unknown'.
src/data/nutritional.ts(530,12): error TS2339: Property 'dataType' does not exist on type 'unknown'.
src/data/nutritional.ts(532,10): error TS2339: Property 'foodNutrients' does not exist on type 'unknown'.
src/data/nutritional.ts(533,30): error TS2339: Property 'nutrient' does not exist on type 'unknown'.
src/data/nutritional.ts(533,57): error TS2339: Property 'name' does not exist on type 'unknown'.
src/data/nutritional.ts(533,74): error TS2339: Property 'nutrientName' does not exist on type 'unknown'.
src/data/nutritional.ts(534,30): error TS2339: Property 'amount' does not exist on type 'unknown'.
src/data/nutritional.ts(534,49): error TS2339: Property 'value' does not exist on type 'unknown'.
src/data/nutritional.ts(584,12): error TS2339: Property 'description' does not exist on type 'unknown'.
src/data/nutritional.ts(585,25): error TS2339: Property 'description' does not exist on type 'unknown'.
src/data/nutritional.ts(588,12): error TS2339: Property 'fdcId' does not exist on type 'unknown'.
src/data/nutritional.ts(589,26): error TS2339: Property 'fdcId' does not exist on type 'unknown'.
src/data/nutritional.ts(593,25): error TS2339: Property 'dataType' does not exist on type 'unknown'.
src/data/nutritional.ts(890,5): error TS2322: Type 'string' is not assignable to type 'Element'.
src/data/planetaryFlavorProfiles.ts(371,28): error TS2352: Conversion of type 'number' to type 'Record<string, number>' may be a mistake because neither type sufficiently overlaps with the other. If this was intentional, convert the expression to 'unknown' first.
src/data/planets/ascendant.ts(4,22): error TS2304: Cannot find name 'PlanetData'.
src/data/planets/jupiter.ts(4,20): error TS2304: Cannot find name 'PlanetData'.
src/data/planets/mars.ts(4,17): error TS2304: Cannot find name 'PlanetData'.
src/data/planets/mercury.ts(3,15): error TS2304: Cannot find name 'MercurySpecificData'.
src/data/planets/mercury.ts(5,20): error TS2304: Cannot find name 'PlanetData'.
src/data/planets/moon.ts(3,15): error TS2304: Cannot find name 'MoonSpecificData'.
src/data/planets/moon.ts(5,17): error TS2304: Cannot find name 'PlanetData'.
src/data/planets/neptune.ts(4,20): error TS2304: Cannot find name 'PlanetData'.
src/data/planets/pluto.ts(4,18): error TS2304: Cannot find name 'PlanetData'.
src/data/planets/saturn.ts(4,19): error TS2304: Cannot find name 'PlanetData'.
src/data/planets/sun.ts(3,15): error TS2304: Cannot find name 'SunSpecificData'.
src/data/planets/sun.ts(5,16): error TS2304: Cannot find name 'PlanetData'.
src/data/planets/uranus.ts(4,19): error TS2304: Cannot find name 'PlanetData'.
src/data/planets/venus.ts(4,18): error TS2304: Cannot find name 'PlanetData'.
src/data/recipes.ts(259,5): error TS2322: Type 'string' is not assignable to type 'number'.
src/data/recipes.ts(297,15): error TS2820: Type '"full moon"' is not assignable to type 'LunarPhaseWithSpaces'. Did you mean '"full Moon"'?
src/data/recipes.ts(302,5): error TS2322: Type 'string' is not assignable to type 'number'.
src/data/recipes.ts(345,5): error TS2322: Type 'string' is not assignable to type 'number'.
src/data/recipes.ts(393,26): error TS2339: Property 'currentSeason' does not exist on type '{ zodiac?: ZodiacSign[]; lunar?: LunarPhaseWithSpaces[]; planetary?: string[]; season?: Season[]; }'.
src/data/recipes.ts(669,9): error TS2322: Type '{ id: any; name: any; description: any; ingredients: any; instructions: any; cuisine: any; regionalCuisine: any; cookingMethod: any; flavorProfile: any; elementalProperties: any; energyProfile: { ...; }; tags: any[]; timeToMake: any; matchScore: any; }[]' is not assignable to type 'RecipeData[]'.
  Type '{ id: any; name: any; description: any; ingredients: any; instructions: any; cuisine: any; regionalCuisine: any; cookingMethod: any; flavorProfile: any; elementalProperties: any; energyProfile: { ...; }; tags: any[]; timeToMake: any; matchScore: any; }' is not assignable to type 'RecipeData'.
    The types of 'energyProfile.season' are incompatible between these types.
      Type 'string[]' is not assignable to type 'Season[]'.
        Type 'string' is not assignable to type 'Season'.
src/data/recipes.ts(675,41): error TS2345: Argument of type '{ id: any; name: any; description: any; ingredients: any; instructions: any; cuisine: any; regionalCuisine: any; cookingMethod: any; flavorProfile: any; elementalProperties: any; energyProfile: { ...; }; tags: any[]; timeToMake: any; matchScore: any; }[]' is not assignable to parameter of type 'RecipeData[]'.
src/data/recipes.ts(689,69): error TS2345: Argument of type 'string' is not assignable to parameter of type 'GetRecipesByCuisineParams'.
src/data/recipes.ts(690,43): error TS2339: Property 'length' does not exist on type 'Promise<ApiResponse<Recipe[]>>'.
src/data/recipes.ts(692,26): error TS2339: Property 'length' does not exist on type 'Promise<ApiResponse<Recipe[]>>'.
src/data/recipes.ts(694,43): error TS2339: Property 'map' does not exist on type 'Promise<ApiResponse<Recipe[]>>'.
src/data/recipes.ts(744,16): error TS2339: Property 'cuisine' does not exist on type 'unknown'.
src/data/recipes.ts(753,16): error TS2339: Property 'currentSeason' does not exist on type 'unknown'.
src/data/recipes.ts(754,50): error TS2339: Property 'currentSeason' does not exist on type 'unknown'.
src/data/recipes.ts(756,28): error TS2339: Property 'currentSeason' does not exist on type '{ zodiac?: ZodiacSign[]; lunar?: LunarPhaseWithSpaces[]; planetary?: string[]; season?: Season[]; }'.
src/data/recipes.ts(756,61): error TS2339: Property 'currentSeason' does not exist on type 'unknown'.
src/data/recipes.ts(757,29): error TS2339: Property 'currentSeason' does not exist on type 'RecipeData'.
src/data/recipes.ts(757,54): error TS2339: Property 'currentSeason' does not exist on type 'RecipeData'.
src/data/recipes.ts(757,86): error TS2339: Property 'currentSeason' does not exist on type 'unknown'.
src/data/recipes.ts(760,78): error TS2339: Property 'currentSeason' does not exist on type 'unknown'.
src/data/recipes.ts(769,16): error TS2339: Property 'mealType' does not exist on type 'unknown'.
src/data/recipes.ts(770,53): error TS2339: Property 'mealType' does not exist on type 'unknown'.
src/data/recipes.ts(771,41): error TS2339: Property 'mealType' does not exist on type 'unknown'.
src/data/recipes.ts(780,32): error TS2339: Property 'mealType' does not exist on type 'RecipeData'.
src/data/recipes.ts(781,18): error TS2339: Property 'mealType' does not exist on type 'RecipeData'.
src/data/recipes.ts(785,25): error TS2339: Property 'mealType' does not exist on type 'RecipeData'.
src/data/recipes.ts(786,18): error TS2339: Property 'mealType' does not exist on type 'RecipeData'.
src/data/recipes.ts(793,83): error TS2339: Property 'mealType' does not exist on type 'unknown'.
src/data/recipes.ts(818,33): error TS2339: Property 'matchPercentage' does not exist on type 'RecipeData'.
src/data/recipes.ts(827,18): error TS2339: Property 'cuisine' does not exist on type 'unknown'.
src/data/recipes.ts(830,59): error TS2339: Property 'cuisine' does not exist on type 'unknown'.
src/data/recipes.ts(845,22): error TS2339: Property 'cuisine' does not exist on type 'unknown'.
src/data/recipes.ts(851,58): error TS2339: Property 'cuisine' does not exist on type 'unknown'.
src/data/recipes.ts(857,66): error TS2339: Property 'cuisine' does not exist on type 'unknown'.
src/data/recipes.ts(868,18): error TS2339: Property 'currentSeason' does not exist on type 'unknown'.
src/data/recipes.ts(870,31): error TS2339: Property 'currentSeason' does not exist on type '{ zodiac?: ZodiacSign[]; lunar?: LunarPhaseWithSpaces[]; planetary?: string[]; season?: Season[]; }'.
src/data/recipes.ts(870,71): error TS2339: Property 'currentSeason' does not exist on type '{ zodiac?: ZodiacSign[]; lunar?: LunarPhaseWithSpaces[]; planetary?: string[]; season?: Season[]; }'.
src/data/recipes.ts(870,104): error TS2339: Property 'currentSeason' does not exist on type 'unknown'.
src/data/recipes.ts(871,31): error TS2339: Property 'currentSeason' does not exist on type 'RecipeData'.
src/data/recipes.ts(871,56): error TS2339: Property 'currentSeason' does not exist on type 'RecipeData'.
src/data/recipes.ts(871,88): error TS2339: Property 'currentSeason' does not exist on type 'unknown'.
src/data/recipes.ts(872,24): error TS2339: Property 'currentSeason' does not exist on type 'RecipeData'.
src/data/recipes.ts(872,61): error TS2339: Property 'currentSeason' does not exist on type 'RecipeData'.
src/data/recipes.ts(872,88): error TS2339: Property 'currentSeason' does not exist on type 'unknown'.
src/data/recipes.ts(886,18): error TS2339: Property 'mealType' does not exist on type 'unknown'.
src/data/recipes.ts(887,43): error TS2339: Property 'mealType' does not exist on type 'unknown'.
src/data/recipes.ts(891,31): error TS2339: Property 'mealType' does not exist on type 'RecipeData'.
src/data/recipes.ts(891,51): error TS2339: Property 'mealType' does not exist on type 'RecipeData'.
src/data/recipes.ts(892,24): error TS2339: Property 'mealType' does not exist on type 'RecipeData'.
src/data/recipes.ts(892,56): error TS2339: Property 'mealType' does not exist on type 'RecipeData'.
src/data/recipes.ts(958,19): error TS2339: Property 'flavorProfile' does not exist on type 'object'.
src/data/recipes.ts(960,19): error TS2339: Property 'flavorProfile' does not exist on type 'object'.
src/data/recipes.ts(968,19): error TS2339: Property 'currentSeason' does not exist on type 'object'.
src/data/recipes.ts(969,80): error TS2339: Property 'currentSeason' does not exist on type 'object'.
src/data/recipes.ts(977,19): error TS2339: Property 'dietaryPreference' does not exist on type 'object'.
src/data/recipes.ts(978,72): error TS2339: Property 'dietaryPreference' does not exist on type 'object'.
src/data/recipes.ts(979,9): error TS2365: Operator '+=' cannot be applied to types 'number' and 'string | number'.
src/data/recipes.ts(1061,28): error TS2339: Property 'toString' does not exist on type 'never'.
src/data/recipes.ts(1067,34): error TS2339: Property 'currentSeason' does not exist on type '{ zodiac?: ZodiacSign[]; lunar?: LunarPhaseWithSpaces[]; planetary?: string[]; season?: Season[]; }'.
src/data/recipes.ts(1106,27): error TS2339: Property 'cookingMethods' does not exist on type 'RecipeData'.
src/data/recipes.ts(1107,31): error TS2339: Property 'cookingTechniques' does not exist on type 'RecipeData'.
src/data/recipes.ts(1108,29): error TS2339: Property 'equipmentNeeded' does not exist on type 'RecipeData'.
src/data/recipes.ts(1109,22): error TS2339: Property 'dishType' does not exist on type 'RecipeData'.
src/data/recipes.ts(1115,23): error TS2339: Property 'createdAt' does not exist on type 'RecipeData'.
src/data/recipes.ts(1116,23): error TS2339: Property 'updatedAt' does not exist on type 'RecipeData'.
src/data/recipes.ts(1130,43): error TS2339: Property 'currentSeason' does not exist on type '{ zodiac?: ZodiacSign[]; lunar?: LunarPhaseWithSpaces[]; planetary?: string[]; season?: Season[]; }'.
src/data/recipes.ts(1134,19): error TS2339: Property 'notes' does not exist on type 'RecipeData'.
src/data/recipes.ts(1135,25): error TS2339: Property 'preparation' does not exist on type 'RecipeData'.
src/data/recipes.ts(1136,33): error TS2339: Property 'seasonalIngredients' does not exist on type 'RecipeData'.
src/data/recipes/elementalMappings.ts(21,15): error TS2339: Property 'astrologicalInfluences' does not exist on type 'unknown'.
src/data/recipes/elementalMappings.ts(22,28): error TS2339: Property 'astrologicalInfluences' does not exist on type 'unknown'.
src/data/recipes/elementalMappings.ts(23,19): error TS2339: Property 'astrologicalInfluences' does not exist on type 'unknown'.
src/data/recipes/elementalMappings.ts(25,18): error TS2339: Property 'astrologicalInfluences' does not exist on type 'unknown'.
src/data/recipes/elementalMappings.ts(39,73): error TS2339: Property 'braising' does not exist on type '{}'.
src/data/recipes/elementalMappings.ts(44,7): error TS2322: Type '{ base: string[]; earth: string[]; fire: string[]; water: string[]; }' is not assignable to type '{ base: string[]; Earth?: string[]; Fire?: string[]; Water?: string[]; Air?: string[]; }'.
  Object literal may only specify known properties, but 'earth' does not exist in type '{ base: string[]; Earth?: string[]; Fire?: string[]; Water?: string[]; Air?: string[]; }'. Did you mean to write 'Earth'?
src/data/recipes/elementalMappings.ts(64,73): error TS2339: Property 'steaming' does not exist on type '{}'.
src/data/recipes/elementalMappings.ts(69,7): error TS2322: Type '{ base: string[]; water: string[]; earth: string[]; Air: string[]; }' is not assignable to type '{ base: string[]; Earth?: string[]; Fire?: string[]; Water?: string[]; Air?: string[]; }'.
  Object literal may only specify known properties, but 'water' does not exist in type '{ base: string[]; Earth?: string[]; Fire?: string[]; Water?: string[]; Air?: string[]; }'. Did you mean to write 'Water'?
src/data/recipes/elementalMappings.ts(89,73): error TS2339: Property 'simmering' does not exist on type '{}'.
src/data/recipes/elementalMappings.ts(94,7): error TS2322: Type '{ base: string[]; fire: string[]; earth: string[]; Air: string[]; }' is not assignable to type '{ base: string[]; Earth?: string[]; Fire?: string[]; Water?: string[]; Air?: string[]; }'.
  Object literal may only specify known properties, but 'fire' does not exist in type '{ base: string[]; Earth?: string[]; Fire?: string[]; Water?: string[]; Air?: string[]; }'. Did you mean to write 'Fire'?
src/data/recipes/elementalMappings.ts(118,91): error TS2339: Property 'elementalState' does not exist on type 'RecipeElementalMapping'.
src/data/sauces.ts(528,50): error TS2339: Property 'elementalState' does not exist on type 'Sauce'.
src/data/sauces.ts(529,31): error TS2362: The left-hand side of an arithmetic operation must be of type 'any', 'number', 'bigint' or an enum type.
src/data/sauces.ts(529,35): error TS2363: The right-hand side of an arithmetic operation must be of type 'any', 'number', 'bigint' or an enum type.
src/data/unified/alchemicalCalculations.ts(4,10): error TS2440: Import declaration conflicts with local declaration of 'AlchemicalProperties'.
src/data/unified/alchemicalCalculations.ts(58,11): error TS2339: Property 'Spirit' does not exist on type 'AlchemicalProperties'.
src/data/unified/alchemicalCalculations.ts(58,19): error TS2339: Property 'Essence' does not exist on type 'AlchemicalProperties'.
src/data/unified/alchemicalCalculations.ts(58,28): error TS2339: Property 'Matter' does not exist on type 'AlchemicalProperties'.
src/data/unified/alchemicalCalculations.ts(58,36): error TS2339: Property 'Substance' does not exist on type 'AlchemicalProperties'.
src/data/unified/alchemicalCalculations.ts(79,11): error TS2339: Property 'Spirit' does not exist on type 'AlchemicalProperties'.
src/data/unified/alchemicalCalculations.ts(79,19): error TS2339: Property 'Essence' does not exist on type 'AlchemicalProperties'.
src/data/unified/alchemicalCalculations.ts(79,28): error TS2339: Property 'Matter' does not exist on type 'AlchemicalProperties'.
src/data/unified/alchemicalCalculations.ts(79,36): error TS2339: Property 'Substance' does not exist on type 'AlchemicalProperties'.
src/data/unified/alchemicalCalculations.ts(160,5): error TS2322: Type '{ spirit: number; essence: number; matter: number; substance: number; }' is not assignable to type 'AlchemicalProperties'.
  Object literal may only specify known properties, and 'spirit' does not exist in type 'AlchemicalProperties'.
src/data/unified/alchemicalCalculations.ts(249,11): error TS2339: Property 'Spirit' does not exist on type 'AlchemicalProperties'.
src/data/unified/alchemicalCalculations.ts(249,19): error TS2339: Property 'Essence' does not exist on type 'AlchemicalProperties'.
src/data/unified/alchemicalCalculations.ts(249,28): error TS2339: Property 'Matter' does not exist on type 'AlchemicalProperties'.
src/data/unified/alchemicalCalculations.ts(249,36): error TS2339: Property 'Substance' does not exist on type 'AlchemicalProperties'.
src/data/unified/alchemicalCalculations.ts(268,11): error TS2339: Property 'Spirit' does not exist on type 'AlchemicalProperties'.
src/data/unified/alchemicalCalculations.ts(268,19): error TS2339: Property 'Essence' does not exist on type 'AlchemicalProperties'.
src/data/unified/alchemicalCalculations.ts(268,28): error TS2339: Property 'Matter' does not exist on type 'AlchemicalProperties'.
src/data/unified/alchemicalCalculations.ts(268,36): error TS2339: Property 'Substance' does not exist on type 'AlchemicalProperties'.
src/data/unified/alchemicalCalculations.ts(273,14): error TS2322: Type '{ spirit: number; essence: number; matter: number; substance: number; }' is not assignable to type 'AlchemicalProperties'.
  Object literal may only specify known properties, and 'spirit' does not exist in type 'AlchemicalProperties'.
src/data/unified/alchemicalCalculations.ts(277,5): error TS2322: Type '{ spirit: number; essence: number; matter: number; substance: number; }' is not assignable to type 'AlchemicalProperties'.
  Object literal may only specify known properties, and 'spirit' does not exist in type 'AlchemicalProperties'.
src/data/unified/alchemicalCalculations.ts(289,5): error TS2322: Type '{ spirit: number; essence: number; matter: number; substance: number; }' is not assignable to type 'AlchemicalProperties'.
  Object literal may only specify known properties, and 'spirit' does not exist in type 'AlchemicalProperties'.
src/data/unified/alchemicalCalculations.ts(299,3): error TS2484: Export declaration conflicts with exported declaration of 'AlchemicalProperties'.
src/data/unified/alchemicalCalculations.ts(300,3): error TS2484: Export declaration conflicts with exported declaration of 'ThermodynamicMetrics'.
src/data/unified/alchemicalCalculations.ts(301,3): error TS2484: Export declaration conflicts with exported declaration of 'AlchemicalIngredient'.
src/data/unified/cuisineIntegrations.ts(6,3): error TS2300: Duplicate identifier 'Element'.
src/data/unified/cuisineIntegrations.ts(7,3): error TS2300: Duplicate identifier 'ElementalProperties'.
src/data/unified/cuisineIntegrations.ts(19,23): error TS2307: Cannot find module '../utils/cache' or its corresponding type declarations.
src/data/unified/cuisineIntegrations.ts(32,10): error TS2300: Duplicate identifier 'Element'.
src/data/unified/cuisineIntegrations.ts(33,10): error TS2300: Duplicate identifier 'ElementalProperties'.
src/data/unified/cuisineIntegrations.ts(65,23): error TS2304: Cannot find name 'UnifiedIngredient'.
src/data/unified/cuisineIntegrations.ts(66,26): error TS2304: Cannot find name 'EnhancedCookingMethod'.
src/data/unified/cuisineIntegrations.ts(81,22): error TS2304: Cannot find name 'UnifiedIngredient'.
src/data/unified/cuisineIntegrations.ts(82,25): error TS2304: Cannot find name 'EnhancedCookingMethod'.
src/data/unified/cuisineIntegrations.ts(112,24): error TS2304: Cannot find name 'UnifiedIngredient'.
src/data/unified/cuisineIntegrations.ts(113,27): error TS2304: Cannot find name 'EnhancedCookingMethod'.
src/data/unified/cuisineIntegrations.ts(127,42): error TS2304: Cannot find name 'UnifiedIngredient'.
src/data/unified/cuisineIntegrations.ts(135,22): error TS2304: Cannot find name 'UnifiedIngredient'.
src/data/unified/cuisineIntegrations.ts(136,22): error TS2304: Cannot find name 'UnifiedIngredient'.
src/data/unified/cuisineIntegrations.ts(147,18): error TS2304: Cannot find name 'EnhancedCookingMethod'.
src/data/unified/cuisineIntegrations.ts(148,13): error TS2304: Cannot find name 'EnhancedCookingMethod'.
src/data/unified/cuisineIntegrations.ts(149,22): error TS2304: Cannot find name 'EnhancedCookingMethod'.
src/data/unified/cuisineIntegrations.ts(150,41): error TS2304: Cannot find name 'EnhancedCookingMethod'.
src/data/unified/cuisineIntegrations.ts(173,80): error TS2304: Cannot find name 'UnifiedIngredient'.
src/data/unified/cuisineIntegrations.ts(254,7): error TS2322: Type '{ spring: number; summer: number; autumn: number; fall: number; winter: number; all: number; }' is not assignable to type 'Record<Season, number>'.
  Object literal may only specify known properties, and 'fall' does not exist in type 'Record<Season, number>'.
src/data/unified/cuisineIntegrations.ts(282,7): error TS2322: Type '{ spring: number; summer: number; autumn: number; fall: number; winter: number; all: number; }' is not assignable to type 'Record<Season, number>'.
  Object literal may only specify known properties, and 'fall' does not exist in type 'Record<Season, number>'.
src/data/unified/cuisineIntegrations.ts(310,7): error TS2322: Type '{ spring: number; summer: number; autumn: number; fall: number; winter: number; all: number; }' is not assignable to type 'Record<Season, number>'.
  Object literal may only specify known properties, and 'fall' does not exist in type 'Record<Season, number>'.
src/data/unified/cuisineIntegrations.ts(338,7): error TS2322: Type '{ spring: number; summer: number; autumn: number; fall: number; winter: number; all: number; }' is not assignable to type 'Record<Season, number>'.
  Object literal may only specify known properties, and 'fall' does not exist in type 'Record<Season, number>'.
src/data/unified/cuisineIntegrations.ts(366,7): error TS2322: Type '{ spring: number; summer: number; autumn: number; fall: number; winter: number; all: number; }' is not assignable to type 'Record<Season, number>'.
  Object literal may only specify known properties, and 'fall' does not exist in type 'Record<Season, number>'.
src/data/unified/cuisineIntegrations.ts(394,7): error TS2322: Type '{ spring: number; summer: number; autumn: number; fall: number; winter: number; all: number; }' is not assignable to type 'Record<Season, number>'.
  Object literal may only specify known properties, and 'fall' does not exist in type 'Record<Season, number>'.
src/data/unified/cuisineIntegrations.ts(422,7): error TS2322: Type '{ spring: number; summer: number; autumn: number; fall: number; winter: number; all: number; }' is not assignable to type 'Record<Season, number>'.
  Object literal may only specify known properties, and 'fall' does not exist in type 'Record<Season, number>'.
src/data/unified/cuisineIntegrations.ts(450,7): error TS2322: Type '{ spring: number; summer: number; autumn: number; fall: number; winter: number; all: number; }' is not assignable to type 'Record<Season, number>'.
  Object literal may only specify known properties, and 'fall' does not exist in type 'Record<Season, number>'.
src/data/unified/cuisineIntegrations.ts(478,7): error TS2322: Type '{ spring: number; summer: number; autumn: number; fall: number; winter: number; all: number; }' is not assignable to type 'Record<Season, number>'.
  Object literal may only specify known properties, and 'fall' does not exist in type 'Record<Season, number>'.
src/data/unified/cuisineIntegrations.ts(506,7): error TS2322: Type '{ spring: number; summer: number; autumn: number; fall: number; winter: number; all: number; }' is not assignable to type 'Record<Season, number>'.
  Object literal may only specify known properties, and 'fall' does not exist in type 'Record<Season, number>'.
src/data/unified/cuisineIntegrations.ts(532,52): error TS2304: Cannot find name 'EnhancedCookingMethod'.
src/data/unified/cuisineIntegrations.ts(829,34): error TS2820: Type '"fire"' is not assignable to type 'Element'. Did you mean '"Fire"'?
src/data/unified/cuisineIntegrations.ts(829,42): error TS2820: Type '"water"' is not assignable to type 'Element'. Did you mean '"Water"'?
src/data/unified/cuisineIntegrations.ts(829,51): error TS2820: Type '"earth"' is not assignable to type 'Element'. Did you mean '"Earth"'?
src/data/unified/cuisineIntegrations.ts(863,7): error TS2322: Type '{ spring: number; summer: number; autumn: number; winter: number; all: number; fall: number; }' is not assignable to type 'Record<Season, number>'.
  Object literal may only specify known properties, and 'all' does not exist in type 'Record<Season, number>'.
src/data/unified/cuisineIntegrations.ts(882,27): error TS2339: Property 'fall' does not exist on type 'Record<Season, number>'.
src/data/unified/cuisineIntegrations.ts(999,6): error TS2304: Cannot find name 'UnifiedIngredient'.
src/data/unified/cuisineIntegrations.ts(1000,30): error TS2304: Cannot find name 'UnifiedIngredient'.
src/data/unified/cuisineIntegrations.ts(1009,26): error TS2304: Cannot find name 'unifiedIngredients'.
src/data/unified/cuisineIntegrations.ts(1036,51): error TS2304: Cannot find name 'UnifiedIngredient'.
src/data/unified/cuisineIntegrations.ts(1037,24): error TS2304: Cannot find name 'UnifiedIngredient'.
src/data/unified/cuisineIntegrations.ts(1043,30): error TS2304: Cannot find name 'unifiedIngredients'.
src/data/unified/cuisineIntegrations.ts(1061,6): error TS2304: Cannot find name 'EnhancedCookingMethod'.
src/data/unified/cuisineIntegrations.ts(1062,26): error TS2304: Cannot find name 'EnhancedCookingMethod'.
src/data/unified/cuisineIntegrations.ts(1225,24): error TS2304: Cannot find name 'UnifiedIngredient'.
src/data/unified/cuisineIntegrations.ts(1226,27): error TS2304: Cannot find name 'EnhancedCookingMethod'.
src/data/unified/cuisineIntegrations.ts(1231,10): error TS2304: Cannot find name 'unifiedSeasonalSystem'.
src/data/unified/cuisineIntegrations.ts(1231,36): error TS2304: Cannot find name 'unifiedSeasonalProfiles'.
src/data/unified/cuisineIntegrations.ts(1254,9): error TS2304: Cannot find name 'unifiedSeasonalSystem'.
src/data/unified/cuisineIntegrations.ts(1259,33): error TS2304: Cannot find name 'unifiedSeasonalProfiles'.
src/data/unified/cuisineIntegrations.ts(1278,34): error TS2304: Cannot find name 'unifiedSeasonalProfiles'.
src/data/unified/cuisineIntegrations.ts(1279,29): error TS2304: Cannot find name 'unifiedSeasonalProfiles'.
src/data/unified/cuisineIntegrations.ts(1280,30): error TS2304: Cannot find name 'unifiedSeasonalProfiles'.
src/data/unified/cuisineIntegrations.ts(1322,29): error TS2304: Cannot find name 'unifiedSeasonalProfiles'.
src/data/unified/cuisineIntegrations.ts(1346,10): error TS2304: Cannot find name 'unifiedSeasonalSystem'.
src/data/unified/cuisineIntegrations.ts(1346,36): error TS2304: Cannot find name 'unifiedSeasonalProfiles'.
src/data/unified/cuisineIntegrations.ts(1359,29): error TS2304: Cannot find name 'unifiedSeasonalProfiles'.
src/data/unified/cuisineIntegrations.ts(1421,7): error TS2304: Cannot find name 'unifiedSeasonalSystem'.
src/data/unified/cuisineIntegrations.ts(1426,34): error TS2304: Cannot find name 'EnhancedCookingMethod'.
src/data/unified/cuisineIntegrations.ts(1429,31): error TS2304: Cannot find name 'unifiedSeasonalProfiles'.
src/data/unified/cuisineIntegrations.ts(1440,29): error TS2304: Cannot find name 'unifiedSeasonalProfiles'.
src/data/unified/cuisineIntegrations.ts(1442,30): error TS2304: Cannot find name 'unifiedSeasonalProfiles'.
src/data/unified/cuisineIntegrations.ts(1443,25): error TS2304: Cannot find name 'unifiedSeasonalProfiles'.
src/data/unified/cuisineIntegrations.ts(1444,26): error TS2304: Cannot find name 'unifiedSeasonalProfiles'.
src/data/unified/cuisineIntegrations.ts(1469,18): error TS2304: Cannot find name 'UnifiedIngredient'.
src/data/unified/cuisineIntegrations.ts(1474,29): error TS2304: Cannot find name 'unifiedSeasonalProfiles'.
src/data/unified/cuisineIntegrations.ts(1615,11): error TS2322: Type '"waxing crescent" | "full moon"' is not assignable to type 'LunarPhaseWithSpaces'.
  Type '"full moon"' is not assignable to type 'LunarPhaseWithSpaces'. Did you mean '"full Moon"'?
src/data/unified/cuisineIntegrations.ts(1686,7): error TS2304: Cannot find name 'unifiedSeasonalSystem'.
src/data/unified/cuisineIntegrations.ts(1690,29): error TS2304: Cannot find name 'unifiedSeasonalProfiles'.
src/data/unified/cuisineIntegrations.ts(1742,50): error TS2304: Cannot find name 'UnifiedIngredient'.
src/data/unified/cuisineIntegrations.ts(1840,59): error TS2304: Cannot find name 'UnifiedIngredient'.
src/data/unified/cuisineIntegrations.ts(1863,54): error TS2304: Cannot find name 'UnifiedIngredient'.
src/data/unified/cuisineIntegrations.ts(1868,7): error TS2322: Type '{ spring: number; summer: number; autumn: number; fall: number; winter: number; all: number; }' is not assignable to type 'Record<Season, number>'.
  Object literal may only specify known properties, and 'fall' does not exist in type 'Record<Season, number>'.
src/data/unified/cuisineIntegrations.ts(1876,23): error TS2304: Cannot find name 'unifiedSeasonalSystem'.
src/data/unified/cuisineIntegrations.ts(1906,6): error TS2304: Cannot find name 'UnifiedIngredient'.
src/data/unified/cuisineIntegrations.ts(1912,9): error TS2304: Cannot find name 'unifiedSeasonalSystem'.
src/data/unified/cuisines.ts(10,8): error TS2300: Duplicate identifier 'AlchemicalProperties'.
src/data/unified/cuisines.ts(18,10): error TS2300: Duplicate identifier 'AlchemicalProperties'.
src/data/unified/cuisines.ts(99,34): error TS2304: Cannot find name 'RecipeEnhancer'.
src/data/unified/cuisines.ts(112,35): error TS2304: Cannot find name 'RecipeEnhancer'.
src/data/unified/cuisines.ts(116,49): error TS2304: Cannot find name 'RecipeEnhancer'.
src/data/unified/cuisines.ts(159,18): error TS2339: Property 'dishes' does not exist on type '{}'.
src/data/unified/cuisines.ts(159,43): error TS2339: Property 'dishes' does not exist on type '{}'.
src/data/unified/cuisines.ts(164,63): error TS2339: Property 'dishes' does not exist on type '{}'.
src/data/unified/cuisines.ts(178,32): error TS2339: Property 'name' does not exist on type '{}'.
src/data/unified/cuisines.ts(290,17): error TS2339: Property 'elementalState' does not exist on type '{}'.
src/data/unified/cuisines.ts(291,22): error TS2339: Property 'elementalState' does not exist on type '{}'.
src/data/unified/cuisines.ts(294,17): error TS2339: Property 'elementalState' does not exist on type '{}'.
src/data/unified/cuisines.ts(295,22): error TS2339: Property 'elementalState' does not exist on type '{}'.
src/data/unified/cuisines.ts(501,62): error TS2339: Property 'elementalState' does not exist on type '{ totalKalchm: number; averageRecipeKalchm: number; ingredientKalchmProfile: { mostCommon: { ingredient: string; kalchm: number; frequency: number; }[]; kalchmRange: { min: number; max: number; average: number; }; }; cookingMethodInfluence: { ...; }; alchemicalClassification: string; elementalBalance: ElementalPrope...'.
src/data/unified/cuisines.ts(547,62): error TS2339: Property 'elementalState' does not exist on type '{ totalKalchm: number; averageRecipeKalchm: number; ingredientKalchmProfile: { mostCommon: { ingredient: string; kalchm: number; frequency: number; }[]; kalchmRange: { min: number; max: number; average: number; }; }; cookingMethodInfluence: { ...; }; alchemicalClassification: string; elementalBalance: ElementalPrope...'.
src/data/unified/cuisines.ts(598,11): error TS2693: 'any' only refers to a type, but is being used as a value here.
src/data/unified/cuisines.ts(640,15): error TS2484: Export declaration conflicts with exported declaration of 'EnhancedCuisine'.
src/data/unified/flavorCompatibilityLayer.ts(15,8): error TS5097: An import path can only end with a '.ts' extension when 'allowImportingTsExtensions' is enabled.
src/data/unified/flavorCompatibilityLayer.ts(336,5): error TS2740: Type '{}' is missing the following properties from type 'BaseFlavorNotes': sweet, sour, salty, bitter, and 2 more.
src/data/unified/flavorCompatibilityLayer.ts(343,5): error TS2739: Type '{}' is missing the following properties from type 'AlchemicalProperties': elementalProfile, astrologicalInfluences, primaryElement
src/data/unified/flavorCompatibilityLayer.ts(345,5): error TS2740: Type '{}' is missing the following properties from type 'Record<Season, number>': spring, summer, autumn, fall, and 2 more.
src/data/unified/flavorProfileMigration.ts(4,36): error TS2300: Duplicate identifier 'AlchemicalProperties'.
src/data/unified/flavorProfileMigration.ts(8,10): error TS2459: Module '"../ingredients/flavorProfiles"' declares 'ingredientFlavorMap' locally, but it is not exported.
src/data/unified/flavorProfileMigration.ts(10,10): error TS2300: Duplicate identifier 'AlchemicalProperties'.
src/data/unified/flavorProfileMigration.ts(37,34): error TS2304: Cannot find name 'UnifiedFlavorProfile'.
src/data/unified/flavorProfileMigration.ts(45,41): error TS2304: Cannot find name 'UnifiedFlavorProfile'.
src/data/unified/flavorProfileMigration.ts(145,48): error TS2304: Cannot find name 'unifiedFlavorProfiles'.
src/data/unified/flavorProfileMigration.ts(154,43): error TS2304: Cannot find name 'unifiedFlavorProfiles'.
src/data/unified/flavorProfileMigration.ts(157,60): error TS2304: Cannot find name 'UnifiedFlavorProfile'.
src/data/unified/flavorProfileMigration.ts(218,73): error TS2304: Cannot find name 'UnifiedFlavorProfile'.
src/data/unified/flavorProfileMigration.ts(274,73): error TS2304: Cannot find name 'UnifiedFlavorProfile'.
src/data/unified/flavorProfileMigration.ts(330,75): error TS2304: Cannot find name 'UnifiedFlavorProfile'.
src/data/unified/flavorProfileMigration.ts(386,78): error TS2304: Cannot find name 'UnifiedFlavorProfile'.
src/data/unified/flavorProfileMigration.ts(420,43): error TS2304: Cannot find name 'BaseFlavorNotes'.
src/data/unified/flavorProfileMigration.ts(424,22): error TS2304: Cannot find name 'BaseFlavorNotes'.
src/data/unified/flavorProfileMigration.ts(492,54): error TS2304: Cannot find name 'BaseFlavorNotes'.
src/data/unified/flavorProfileMigration.ts(549,55): error TS2304: Cannot find name 'BaseFlavorNotes'.
src/data/unified/flavorProfileMigration.ts(572,77): error TS2304: Cannot find name 'BaseFlavorNotes'.
src/data/unified/flavorProfileMigration.ts(576,43): error TS2304: Cannot find name 'BaseFlavorNotes'.
src/data/unified/flavorProfileMigration.ts(595,56): error TS2304: Cannot find name 'BaseFlavorNotes'.
src/data/unified/flavorProfileMigration.ts(617,12): error TS2362: The left-hand side of an arithmetic operation must be of type 'any', 'number', 'bigint' or an enum type.
src/data/unified/flavorProfileMigration.ts(617,40): error TS2365: Operator '+' cannot be applied to types 'unknown' and 'unknown'.
src/data/unified/flavorProfileMigration.ts(622,68): error TS2365: Operator '>' cannot be applied to types 'unknown' and 'number'.
src/data/unified/flavorProfileMigration.ts(633,14): error TS2322: Type '{ spirit: number; essence: number; matter: number; substance: number; }' is not assignable to type 'AlchemicalProperties'.
  Object literal may only specify known properties, and 'spirit' does not exist in type 'AlchemicalProperties'.
src/data/unified/flavorProfileMigration.ts(636,34): error TS2304: Cannot find name 'BaseFlavorNotes'.
src/data/unified/flavorProfileMigration.ts(642,7): error TS2322: Type '{ Spring: number; Summer: number; Fall: number; Winter: number; }' is not assignable to type 'Record<Season, number>'.
  Object literal may only specify known properties, but 'Spring' does not exist in type 'Record<Season, number>'. Did you mean to write 'spring'?
src/data/unified/flavorProfileMigration.ts(651,42): error TS2304: Cannot find name 'UnifiedFlavorProfile'.
src/data/unified/flavorProfileMigration.ts(652,39): error TS2304: Cannot find name 'UnifiedFlavorProfile'.
src/data/unified/flavorProfileMigration.ts(704,36): error TS2304: Cannot find name 'UnifiedFlavorProfile'.
src/data/unified/flavorProfileMigration.ts(714,48): error TS2304: Cannot find name 'UnifiedFlavorProfile'.
src/data/unified/flavorProfileMigration.ts(743,45): error TS2304: Cannot find name 'UnifiedFlavorProfile'.
src/data/unified/flavorProfileMigration.ts(747,38): error TS2304: Cannot find name 'UnifiedFlavorProfile'.
src/data/unified/flavorProfileMigration.ts(751,28): error TS2304: Cannot find name 'UnifiedFlavorProfile'.
src/data/unified/flavorProfileMigration.ts(755,42): error TS2304: Cannot find name 'UnifiedFlavorProfile'.
src/data/unified/flavorProfileMigration.ts(755,77): error TS2304: Cannot find name 'UnifiedFlavorProfile'.
src/data/unified/flavorProfileMigration.ts(781,46): error TS2304: Cannot find name 'UnifiedFlavorProfile'.
src/data/unified/flavorProfileMigration.ts(791,57): error TS2304: Cannot find name 'UnifiedFlavorProfile'.
src/data/unified/flavorProfileMigration.ts(791,92): error TS2304: Cannot find name 'UnifiedFlavorProfile'.
src/data/unified/flavorProfiles.ts(6,3): error TS2300: Duplicate identifier 'Element'.
src/data/unified/flavorProfiles.ts(7,3): error TS2300: Duplicate identifier 'ElementalProperties'.
src/data/unified/flavorProfiles.ts(11,3): error TS2305: Module '"@/types/alchemy"' has no exported member 'AlchemicalValues'.
src/data/unified/flavorProfiles.ts(18,10): error TS2300: Duplicate identifier 'Element'.
src/data/unified/flavorProfiles.ts(19,10): error TS2300: Duplicate identifier 'ElementalProperties'.
src/data/unified/flavorProfiles.ts(207,34): error TS2304: Cannot find name 'unifiedSeasonalSystem'.
src/data/unified/flavorProfiles.ts(208,33): error TS2304: Cannot find name 'unifiedCuisineIntegrationSystem'.
src/data/unified/flavorProfiles.ts(212,27): error TS2304: Cannot find name 'unifiedSeasonalSystem'.
src/data/unified/flavorProfiles.ts(213,26): error TS2304: Cannot find name 'unifiedCuisineIntegrationSystem'.
src/data/unified/index.ts(26,3): error TS2724: '"./ingredients"' has no exported member named 'UnifiedIngredient'. Did you mean 'unifiedIngredients'?
src/data/unified/index.ts(27,3): error TS2614: Module '"./ingredients"' has no exported member 'AlchemicalProperties'. Did you mean to use 'import AlchemicalProperties from "./ingredients"' instead?
src/data/unified/index.ts(28,3): error TS2614: Module '"./ingredients"' has no exported member 'ThermodynamicMetrics'. Did you mean to use 'import ThermodynamicMetrics from "./ingredients"' instead?
src/data/unified/index.ts(71,3): error TS2614: Module '"./ingredients"' has no exported member 'getIngredientsBySeason'. Did you mean to use 'import getIngredientsBySeason from "./ingredients"' instead?
src/data/unified/ingredients.ts(6,3): error TS2300: Duplicate identifier 'ElementalProperties'.
src/data/unified/ingredients.ts(32,10): error TS2440: Import declaration conflicts with local declaration of 'AlchemicalProperties'.
src/data/unified/ingredients.ts(33,10): error TS2300: Duplicate identifier 'ElementalProperties'.
src/data/unified/ingredients.ts(88,84): error TS2304: Cannot find name 'UnifiedIngredient'.
src/data/unified/ingredients.ts(98,34): error TS2345: Argument of type '{ day: ThermodynamicProperties; night: ThermodynamicProperties; transformations: Record<CookingMethod, Partial<Record<Element, number>>>; } | { ...; }' is not assignable to parameter of type 'AlchemicalProperties'.
  Type '{ day: ThermodynamicProperties; night: ThermodynamicProperties; transformations: Record<CookingMethod, Partial<Record<Element, number>>>; }' is missing the following properties from type 'AlchemicalProperties': Spirit, Essence, Matter, Substance
src/data/unified/ingredients.ts(141,21): error TS2304: Cannot find name 'UnifiedIngredient'.
src/data/unified/ingredients.ts(145,27): error TS2304: Cannot find name 'UnifiedIngredient'.
src/data/unified/ingredients.ts(160,51): error TS2304: Cannot find name 'UnifiedIngredient'.
src/data/unified/ingredients.ts(177,53): error TS2304: Cannot find name 'UnifiedIngredient'.
src/data/unified/ingredients.ts(193,48): error TS2304: Cannot find name 'UnifiedIngredient'.
src/data/unified/ingredients.ts(200,68): error TS2304: Cannot find name 'UnifiedIngredient'.
src/data/unified/ingredients.ts(209,61): error TS2304: Cannot find name 'UnifiedIngredient'.
src/data/unified/ingredients.ts(216,74): error TS2304: Cannot find name 'UnifiedIngredient'.
src/data/unified/ingredients.ts(225,67): error TS2304: Cannot find name 'UnifiedIngredient'.
src/data/unified/ingredients.ts(234,60): error TS2304: Cannot find name 'UnifiedIngredient'.
src/data/unified/ingredients.ts(243,89): error TS2304: Cannot find name 'UnifiedIngredient'.
src/data/unified/ingredients.ts(252,72): error TS2304: Cannot find name 'UnifiedIngredient'.
src/data/unified/ingredients.ts(261,95): error TS2304: Cannot find name 'UnifiedIngredient'.
src/data/unified/ingredients.ts(274,15): error TS2304: Cannot find name 'UnifiedIngredient'.
src/data/unified/ingredients.ts(276,4): error TS2304: Cannot find name 'UnifiedIngredient'.
src/data/unified/nutritional.ts(6,3): error TS2300: Duplicate identifier 'Element'.
src/data/unified/nutritional.ts(7,3): error TS2300: Duplicate identifier 'ElementalProperties'.
src/data/unified/nutritional.ts(9,3): error TS2300: Duplicate identifier 'AlchemicalProperties'.
src/data/unified/nutritional.ts(25,10): error TS2300: Duplicate identifier 'Element'.
src/data/unified/nutritional.ts(26,10): error TS2300: Duplicate identifier 'AlchemicalProperties'.
src/data/unified/nutritional.ts(27,10): error TS2300: Duplicate identifier 'ElementalProperties'.
src/data/unified/nutritional.ts(128,16): error TS2304: Cannot find name 'UnifiedIngredient'.
src/data/unified/nutritional.ts(143,18): error TS2322: Type '{ spirit: number; essence: number; matter: number; substance: number; }' is not assignable to type 'AlchemicalProperties'.
  Object literal may only specify known properties, and 'spirit' does not exist in type 'AlchemicalProperties'.
src/data/unified/nutritional.ts(144,17): error TS2322: Type '{ spirit: number; essence: number; matter: number; substance: number; }' is not assignable to type 'AlchemicalProperties'.
  Object literal may only specify known properties, and 'spirit' does not exist in type 'AlchemicalProperties'.
src/data/unified/nutritional.ts(145,18): error TS2322: Type '{ spirit: number; essence: number; matter: number; substance: number; }' is not assignable to type 'AlchemicalProperties'.
  Object literal may only specify known properties, and 'spirit' does not exist in type 'AlchemicalProperties'.
src/data/unified/nutritional.ts(146,22): error TS2322: Type '{ spirit: number; essence: number; matter: number; substance: number; }' is not assignable to type 'AlchemicalProperties'.
  Object literal may only specify known properties, and 'spirit' does not exist in type 'AlchemicalProperties'.
src/data/unified/nutritional.ts(148,21): error TS2322: Type '{ spirit: number; essence: number; matter: number; substance: number; }' is not assignable to type 'AlchemicalProperties'.
  Object literal may only specify known properties, and 'spirit' does not exist in type 'AlchemicalProperties'.
src/data/unified/nutritional.ts(149,19): error TS2322: Type '{ spirit: number; essence: number; matter: number; substance: number; }' is not assignable to type 'AlchemicalProperties'.
  Object literal may only specify known properties, and 'spirit' does not exist in type 'AlchemicalProperties'.
src/data/unified/nutritional.ts(150,16): error TS2322: Type '{ spirit: number; essence: number; matter: number; substance: number; }' is not assignable to type 'AlchemicalProperties'.
  Object literal may only specify known properties, and 'spirit' does not exist in type 'AlchemicalProperties'.
src/data/unified/nutritional.ts(151,19): error TS2322: Type '{ spirit: number; essence: number; matter: number; substance: number; }' is not assignable to type 'AlchemicalProperties'.
  Object literal may only specify known properties, and 'spirit' does not exist in type 'AlchemicalProperties'.
src/data/unified/nutritional.ts(152,16): error TS2322: Type '{ spirit: number; essence: number; matter: number; substance: number; }' is not assignable to type 'AlchemicalProperties'.
  Object literal may only specify known properties, and 'spirit' does not exist in type 'AlchemicalProperties'.
src/data/unified/nutritional.ts(154,16): error TS2322: Type '{ spirit: number; essence: number; matter: number; substance: number; }' is not assignable to type 'AlchemicalProperties'.
  Object literal may only specify known properties, and 'spirit' does not exist in type 'AlchemicalProperties'.
src/data/unified/nutritional.ts(155,14): error TS2322: Type '{ spirit: number; essence: number; matter: number; substance: number; }' is not assignable to type 'AlchemicalProperties'.
  Object literal may only specify known properties, and 'spirit' does not exist in type 'AlchemicalProperties'.
src/data/unified/nutritional.ts(156,22): error TS2322: Type '{ spirit: number; essence: number; matter: number; substance: number; }' is not assignable to type 'AlchemicalProperties'.
  Object literal may only specify known properties, and 'spirit' does not exist in type 'AlchemicalProperties'.
src/data/unified/nutritional.ts(157,16): error TS2322: Type '{ spirit: number; essence: number; matter: number; substance: number; }' is not assignable to type 'AlchemicalProperties'.
  Object literal may only specify known properties, and 'spirit' does not exist in type 'AlchemicalProperties'.
src/data/unified/nutritional.ts(158,13): error TS2322: Type '{ spirit: number; essence: number; matter: number; substance: number; }' is not assignable to type 'AlchemicalProperties'.
  Object literal may only specify known properties, and 'spirit' does not exist in type 'AlchemicalProperties'.
src/data/unified/nutritional.ts(160,23): error TS2322: Type '{ spirit: number; essence: number; matter: number; substance: number; }' is not assignable to type 'AlchemicalProperties'.
  Object literal may only specify known properties, and 'spirit' does not exist in type 'AlchemicalProperties'.
src/data/unified/nutritional.ts(161,17): error TS2322: Type '{ spirit: number; essence: number; matter: number; substance: number; }' is not assignable to type 'AlchemicalProperties'.
  Object literal may only specify known properties, and 'spirit' does not exist in type 'AlchemicalProperties'.
src/data/unified/nutritional.ts(162,18): error TS2322: Type '{ spirit: number; essence: number; matter: number; substance: number; }' is not assignable to type 'AlchemicalProperties'.
  Object literal may only specify known properties, and 'spirit' does not exist in type 'AlchemicalProperties'.
src/data/unified/nutritional.ts(163,18): error TS2322: Type '{ spirit: number; essence: number; matter: number; substance: number; }' is not assignable to type 'AlchemicalProperties'.
  Object literal may only specify known properties, and 'spirit' does not exist in type 'AlchemicalProperties'.
src/data/unified/nutritional.ts(164,18): error TS2322: Type '{ spirit: number; essence: number; matter: number; substance: number; }' is not assignable to type 'AlchemicalProperties'.
  Object literal may only specify known properties, and 'spirit' does not exist in type 'AlchemicalProperties'.
src/data/unified/nutritional.ts(192,3): error TS2322: Type '{ Fire: { macronutrients: { protein: number; simple_carbs: number; spicy_compounds: number; }; micronutrients: { vitamin_b12: number; iron: number; zinc: number; vitamin_b6: number; }; phytonutrients: { ...; }; bioactiveCompounds: { ...; }; totalElementalValue: number; }; water: { ...; }; earth: { ...; }; Air: { ......' is not assignable to type 'Record<Element, NutrientGroup>'.
  Object literal may only specify known properties, but 'water' does not exist in type 'Record<Element, NutrientGroup>'. Did you mean to write 'Water'?
src/data/unified/nutritional.ts(307,7): error TS2322: Type '{ spirit: number; essence: number; matter: number; substance: number; }' is not assignable to type 'AlchemicalProperties'.
  Object literal may only specify known properties, and 'spirit' does not exist in type 'AlchemicalProperties'.
src/data/unified/nutritional.ts(343,7): error TS2739: Type 'Record<Element, NutrientGroup>' is missing the following properties from type '{ Fire: NutrientGroup; water: NutrientGroup; earth: NutrientGroup; Air: NutrientGroup; }': water, earth
src/data/unified/nutritional.ts(443,59): error TS2339: Property 'currentSeason' does not exist on type '{ season?: Season; currentZodiacSign?: ZodiacSign; planetaryHour?: PlanetName; cookingMethod?: CookingMethod; }'.
src/data/unified/nutritional.ts(543,34): error TS2339: Property 'currentSeason' does not exist on type '{ season?: Season; currentZodiacSign?: ZodiacSign; planetaryHour?: PlanetName; }'.
src/data/unified/nutritional.ts(589,57): error TS2339: Property 'currentSeason' does not exist on type '{ season?: Season; currentZodiacSign?: ZodiacSign; planetaryHour?: PlanetName; }'.
src/data/unified/nutritional.ts(753,24): error TS2304: Cannot find name 'UnifiedIngredient'.
src/data/unified/nutritional.ts(760,18): error TS2339: Property 'currentSeason' does not exist on type '{ season?: Season; currentZodiacSign?: ZodiacSign; planetaryHour?: PlanetName; targetKalchm?: number; elementalFocus?: Element; healthGoals?: string[]; }'.
src/data/unified/nutritional.ts(761,60): error TS2339: Property 'currentSeason' does not exist on type '{ season?: Season; currentZodiacSign?: ZodiacSign; planetaryHour?: PlanetName; targetKalchm?: number; elementalFocus?: Element; healthGoals?: string[]; }'.
src/data/unified/nutritional.ts(763,28): error TS2304: Cannot find name 'unifiedIngredients'.
src/data/unified/nutritional.ts(769,64): error TS2339: Property 'currentSeason' does not exist on type '{ season?: Season; currentZodiacSign?: ZodiacSign; planetaryHour?: PlanetName; targetKalchm?: number; elementalFocus?: Element; healthGoals?: string[]; }'.
src/data/unified/nutritional.ts(776,28): error TS2304: Cannot find name 'unifiedIngredients'.
src/data/unified/nutritional.ts(794,28): error TS2304: Cannot find name 'unifiedIngredients'.
src/data/unified/nutritional.ts(822,30): error TS2339: Property 'currentSeason' does not exist on type '{ season?: Season; currentZodiacSign?: ZodiacSign; planetaryHour?: PlanetName; targetKalchm?: number; elementalFocus?: Element; healthGoals?: string[]; }'.
src/data/unified/nutritional.ts(832,43): error TS2339: Property 'currentSeason' does not exist on type '{ season?: Season; currentZodiacSign?: ZodiacSign; planetaryHour?: PlanetName; targetKalchm?: number; elementalFocus?: Element; healthGoals?: string[]; }'.
src/data/unified/nutritional.ts(833,38): error TS2339: Property 'currentSeason' does not exist on type '{ season?: Season; currentZodiacSign?: ZodiacSign; planetaryHour?: PlanetName; targetKalchm?: number; elementalFocus?: Element; healthGoals?: string[]; }'.
src/data/unified/nutritional.ts(996,7): error TS2322: Type '"balanced"' is not assignable to type 'Element'.
src/data/unified/nutritional.ts(1003,7): error TS2322: Type '"balanced"' is not assignable to type 'Element'.
src/data/unified/recipeBuilding.ts(7,3): error TS2300: Duplicate identifier 'Element'.
src/data/unified/recipeBuilding.ts(8,3): error TS2300: Duplicate identifier 'ElementalProperties'.
src/data/unified/recipeBuilding.ts(16,10): error TS2300: Duplicate identifier 'Element'.
src/data/unified/recipeBuilding.ts(18,10): error TS2300: Duplicate identifier 'AlchemicalProperties'.
src/data/unified/recipeBuilding.ts(19,10): error TS2300: Duplicate identifier 'ElementalProperties'.
src/data/unified/recipeBuilding.ts(35,8): error TS2300: Duplicate identifier 'AlchemicalProperties'.
src/data/unified/recipeBuilding.ts(41,8): error TS2724: '"../../constants/alchemicalPillars"' has no exported member named 'EnhancedCookingMethod'. Did you mean 'getAllEnhancedCookingMethods'?
src/data/unified/recipeBuilding.ts(182,17): error TS2304: Cannot find name 'UnifiedIngredient'.
src/data/unified/recipeBuilding.ts(223,28): error TS2304: Cannot find name 'unifiedSeasonalSystem'.
src/data/unified/recipeBuilding.ts(253,86): error TS2339: Property 'currentSeason' does not exist on type 'RecipeBuildingCriteria'.
src/data/unified/recipeBuilding.ts(511,92): error TS2339: Property 'currentSeason' does not exist on type 'RecipeBuildingCriteria'.
src/data/unified/recipeBuilding.ts(612,7): error TS2322: Type '{ name: string; description: string; cuisine: string; ingredients: any[]; instructions: string[]; cookingMethods: string[]; season: any[]; mealType: string[]; numberOfServings: number; prepTime: string; cookTime: string; elementalProperties: ElementalProperties; }' is not assignable to type 'Partial<EnhancedRecipe>'.
  Object literal may only specify known properties, and 'instructions' does not exist in type 'Partial<EnhancedRecipe>'.
src/data/unified/recipeBuilding.ts(614,24): error TS2339: Property 'currentSeason' does not exist on type 'RecipeBuildingCriteria'.
src/data/unified/recipeBuilding.ts(614,50): error TS2339: Property 'currentSeason' does not exist on type 'RecipeBuildingCriteria'.
src/data/unified/recipeBuilding.ts(638,18): error TS2339: Property 'currentSeason' does not exist on type 'RecipeBuildingCriteria'.
src/data/unified/recipeBuilding.ts(639,87): error TS2339: Property 'currentSeason' does not exist on type 'RecipeBuildingCriteria'.
src/data/unified/recipeBuilding.ts(699,30): error TS2304: Cannot find name 'SeasonalRecommendations'.
src/data/unified/recipeBuilding.ts(708,30): error TS2304: Cannot find name 'SeasonalRecommendations'.
src/data/unified/recipeBuilding.ts(806,108): error TS2304: Cannot find name 'SeasonalRecommendations'.
src/data/unified/recipeBuilding.ts(807,109): error TS2304: Cannot find name 'SeasonalRecommendations'.
src/data/unified/recipeBuilding.ts(873,38): error TS2341: Property 'seasonalSystem' is private and only accessible within class 'UnifiedRecipeBuildingSystem'.
src/data/unified/recipeBuilding.ts(877,38): error TS2341: Property 'cuisineSystem' is private and only accessible within class 'UnifiedRecipeBuildingSystem'.
src/data/unified/recipes.ts(12,8): error TS2300: Duplicate identifier 'AlchemicalProperties'.
src/data/unified/recipes.ts(18,10): error TS2300: Duplicate identifier 'AlchemicalProperties'.
src/data/unified/recipes.ts(177,57): error TS2304: Cannot find name 'UnifiedIngredient'.
src/data/unified/recipes.ts(181,20): error TS2304: Cannot find name 'unifiedIngredients'.
src/data/unified/recipes.ts(186,52): error TS2304: Cannot find name 'unifiedIngredients'.
src/data/unified/recipes.ts(201,15): error TS2693: 'any' only refers to a type, but is being used as a value here.
src/data/unified/recipes.ts(202,16): error TS2693: 'any' only refers to a type, but is being used as a value here.
src/data/unified/recipes.ts(203,16): error TS2693: 'any' only refers to a type, but is being used as a value here.
src/data/unified/recipes.ts(310,13): error TS2339: Property 'heat' does not exist on type '{}'.
src/data/unified/recipes.ts(310,19): error TS2339: Property 'reactivity' does not exist on type '{}'.
src/data/unified/recipes.ts(414,16): error TS2339: Property 'astrologicalPropertiesAffinities' does not exist on type '{}'.
src/data/unified/recipes.ts(414,69): error TS2339: Property 'astrologicalPropertiesAffinities' does not exist on type '{}'.
src/data/unified/recipes.ts(415,21): error TS2339: Property 'astrologicalPropertiesAffinities' does not exist on type '{}'.
src/data/unified/recipes.ts(418,16): error TS2339: Property 'zodiacInfluences' does not exist on type '{}'.
src/data/unified/recipes.ts(418,43): error TS2339: Property 'zodiacInfluences' does not exist on type '{}'.
src/data/unified/recipes.ts(427,44): error TS2339: Property 'zodiacInfluences' does not exist on type '{}'.
src/data/unified/recipes.ts(543,61): error TS2339: Property 'elementalState' does not exist on type '{ totalKalchm: number; monicaConstant: number; thermodynamicProfile: { heat: number; entropy: number; reactivity: number; gregsEnergy: number; }; ingredientKalchmBreakdown: { name: string; kalchm: number; contribution: number; elementalContribution: ElementalProperties; }[]; elementalBalance: ElementalProperties; al...'.
src/data/unified/recipes.ts(608,15): error TS2484: Export declaration conflicts with exported declaration of 'EnhancedRecipe'.
src/data/unified/seasonal.ts(8,3): error TS2300: Duplicate identifier 'ElementalProperties'.
src/data/unified/seasonal.ts(14,10): error TS2300: Duplicate identifier 'ElementalProperties'.
src/data/unified/seasonal.ts(18,8): error TS2724: '"../../constants/alchemicalPillars"' has no exported member named 'EnhancedCookingMethod'. Did you mean 'getAllEnhancedCookingMethods'?
src/data/unified/seasonal.ts(100,27): error TS2304: Cannot find name 'UnifiedIngredient'.
src/data/unified/seasonal.ts(105,16): error TS2304: Cannot find name 'UnifiedIngredient'.
src/data/unified/seasonal.ts(171,11): error TS2820: Type '"fire"' is not assignable to type 'Element'. Did you mean '"Fire"'?
src/data/unified/seasonal.ts(177,11): error TS2820: Type '"fire"' is not assignable to type 'Element'. Did you mean '"Fire"'?
src/data/unified/seasonal.ts(183,11): error TS2820: Type '"fire"' is not assignable to type 'Element'. Did you mean '"Fire"'?
src/data/unified/seasonal.ts(189,11): error TS2820: Type '"earth"' is not assignable to type 'Element'. Did you mean '"Earth"'?
src/data/unified/seasonal.ts(197,7): error TS2820: Type '"fire"' is not assignable to type 'Element'. Did you mean '"Fire"'?
src/data/unified/seasonal.ts(259,11): error TS2820: Type '"water"' is not assignable to type 'Element'. Did you mean '"Water"'?
src/data/unified/seasonal.ts(265,11): error TS2820: Type '"water"' is not assignable to type 'Element'. Did you mean '"Water"'?
src/data/unified/seasonal.ts(271,11): error TS2820: Type '"fire"' is not assignable to type 'Element'. Did you mean '"Fire"'?
src/data/unified/seasonal.ts(277,11): error TS2820: Type '"fire"' is not assignable to type 'Element'. Did you mean '"Fire"'?
src/data/unified/seasonal.ts(285,7): error TS2820: Type '"fire"' is not assignable to type 'Element'. Did you mean '"Fire"'?
src/data/unified/seasonal.ts(286,7): error TS2820: Type '"water"' is not assignable to type 'Element'. Did you mean '"Water"'?
src/data/unified/seasonal.ts(353,11): error TS2820: Type '"water"' is not assignable to type 'Element'. Did you mean '"Water"'?
src/data/unified/seasonal.ts(359,11): error TS2820: Type '"water"' is not assignable to type 'Element'. Did you mean '"Water"'?
src/data/unified/seasonal.ts(365,11): error TS2820: Type '"fire"' is not assignable to type 'Element'. Did you mean '"Fire"'?
src/data/unified/seasonal.ts(373,7): error TS2820: Type '"earth"' is not assignable to type 'Element'. Did you mean '"Earth"'?
src/data/unified/seasonal.ts(374,7): error TS2820: Type '"water"' is not assignable to type 'Element'. Did you mean '"Water"'?
src/data/unified/seasonal.ts(442,11): error TS2820: Type '"water"' is not assignable to type 'Element'. Did you mean '"Water"'?
src/data/unified/seasonal.ts(448,11): error TS2820: Type '"water"' is not assignable to type 'Element'. Did you mean '"Water"'?
src/data/unified/seasonal.ts(454,11): error TS2820: Type '"fire"' is not assignable to type 'Element'. Did you mean '"Fire"'?
src/data/unified/seasonal.ts(462,7): error TS2820: Type '"earth"' is not assignable to type 'Element'. Did you mean '"Earth"'?
src/data/unified/seasonal.ts(463,7): error TS2820: Type '"water"' is not assignable to type 'Element'. Did you mean '"Water"'?
src/data/unified/seasonal.ts(524,11): error TS2820: Type '"earth"' is not assignable to type 'Element'. Did you mean '"Earth"'?
src/data/unified/seasonal.ts(530,11): error TS2820: Type '"earth"' is not assignable to type 'Element'. Did you mean '"Earth"'?
src/data/unified/seasonal.ts(533,11): error TS2322: Type '"stewing"' is not assignable to type 'CookingMethod'.
src/data/unified/seasonal.ts(536,11): error TS2820: Type '"water"' is not assignable to type 'Element'. Did you mean '"Water"'?
src/data/unified/seasonal.ts(542,11): error TS2820: Type '"water"' is not assignable to type 'Element'. Did you mean '"Water"'?
src/data/unified/seasonal.ts(550,7): error TS2820: Type '"earth"' is not assignable to type 'Element'. Did you mean '"Earth"'?
src/data/unified/seasonal.ts(551,7): error TS2820: Type '"water"' is not assignable to type 'Element'. Did you mean '"Water"'?
src/data/unified/seasonal.ts(607,11): error TS2820: Type '"fire"' is not assignable to type 'Element'. Did you mean '"Fire"'?
src/data/unified/seasonal.ts(613,11): error TS2820: Type '"water"' is not assignable to type 'Element'. Did you mean '"Water"'?
src/data/unified/seasonal.ts(625,11): error TS2820: Type '"earth"' is not assignable to type 'Element'. Did you mean '"Earth"'?
src/data/unified/seasonal.ts(633,7): error TS2820: Type '"earth"' is not assignable to type 'Element'. Did you mean '"Earth"'?
src/data/unified/seasonal.ts(634,7): error TS2820: Type '"fire"' is not assignable to type 'Element'. Did you mean '"Fire"'?
src/data/unified/seasonal.ts(710,31): error TS2304: Cannot find name 'unifiedIngredients'.
src/data/unified/seasonal.ts(773,17): error TS2304: Cannot find name 'UnifiedIngredient'.
src/data/unified/seasonal.ts(930,6): error TS2304: Cannot find name 'UnifiedIngredient'.
src/data/unified/seasonal.ts(932,34): error TS2304: Cannot find name 'UnifiedIngredient'.
src/data/unified/seasonal.ts(938,26): error TS2304: Cannot find name 'unifiedIngredients'.
src/data/unified/seasonal.ts(985,73): error TS2554: Expected 0 arguments, but got 2.
src/data/unified/seasonal.ts(1070,18): error TS2304: Cannot find name 'UnifiedIngredient'.
src/data/unified/seasonal.ts(1198,6): error TS2304: Cannot find name 'UnifiedIngredient'.
src/data/unified/seasonal.ts(1205,36): error TS2304: Cannot find name 'UnifiedIngredient'.
src/data/unified/seasonal.ts(1353,3): error TS2484: Export declaration conflicts with exported declaration of 'SeasonalProfile'.
src/data/unified/seasonal.ts(1354,3): error TS2484: Export declaration conflicts with exported declaration of 'SeasonalMonicaModifiers'.
src/data/unified/seasonal.ts(1355,3): error TS2484: Export declaration conflicts with exported declaration of 'ElementalSeasonalProfile'.
src/data/unified/seasonal.ts(1356,3): error TS2484: Export declaration conflicts with exported declaration of 'SeasonalIngredientProfile'.
src/data/unified/seasonal.ts(1357,3): error TS2484: Export declaration conflicts with exported declaration of 'SeasonalRecommendations'.
src/data/unified/seasonal.ts(1358,3): error TS2484: Export declaration conflicts with exported declaration of 'SeasonalTransitionProfile'.
src/data/unified/unifiedFlavorEngine.ts(2,10): error TS2300: Duplicate identifier 'AlchemicalProperties'.
src/data/unified/unifiedFlavorEngine.ts(3,10): error TS2300: Duplicate identifier 'ElementalProperties'.
src/data/unified/unifiedFlavorEngine.ts(8,3): error TS2300: Duplicate identifier 'ElementalProperties'.
src/data/unified/unifiedFlavorEngine.ts(9,3): error TS2300: Duplicate identifier 'AlchemicalProperties'.
src/data/unified/unifiedFlavorEngine.ts(210,23): error TS2339: Property 'category' does not exist on type '{}'.
src/data/unified/unifiedFlavorEngine.ts(210,48): error TS2339: Property 'category' does not exist on type '{}'.
src/data/unified/unifiedFlavorEngine.ts(810,71): error TS2339: Property 'slice' does not exist on type 'IterableIterator<string>'.
src/data/unified/unifiedFlavorEngine.ts(811,66): error TS2345: Argument of type 'unknown' is not assignable to parameter of type 'string'.
src/data/unified/unifiedFlavorEngine.ts(816,64): error TS2339: Property 'slice' does not exist on type 'IterableIterator<string>'.
src/data/unified/unifiedFlavorEngine.ts(817,59): error TS2345: Argument of type 'unknown' is not assignable to parameter of type 'string'.
src/data/unified/unifiedTypes.ts(1,10): error TS2300: Duplicate identifier 'Element'.
src/data/unified/unifiedTypes.ts(2,10): error TS2300: Duplicate identifier 'AlchemicalProperties'.
src/data/unified/unifiedTypes.ts(3,10): error TS2300: Duplicate identifier 'ElementalProperties'.
src/data/unified/unifiedTypes.ts(9,3): error TS2300: Duplicate identifier 'ElementalProperties'.
src/data/unified/unifiedTypes.ts(12,3): error TS2300: Duplicate identifier 'Element'.
src/data/unified/unifiedTypes.ts(17,3): error TS2300: Duplicate identifier 'AlchemicalProperties'.
src/data/unified/unifiedTypes.ts(107,7): error TS2322: Type '{ spirit: number; essence: number; matter: number; substance: number; }' is not assignable to type 'AlchemicalProperties'.
  Object literal may only specify known properties, and 'spirit' does not exist in type 'AlchemicalProperties'.
src/data/zodiacAffinities.ts(1,78): error TS2305: Module '"@/types/zodiacAffinity"' has no exported member 'recipe'.
src/data/zodiacSeasons.ts(1,22): error TS2300: Duplicate identifier 'Element'.
src/data/zodiacSeasons.ts(2,10): error TS2300: Duplicate identifier 'Element'.
src/hooks/index.ts(24,52): error TS2304: Cannot find name 'useAlchemicalRecommendationsNamed'.
src/hooks/index.ts(27,16): error TS2304: Cannot find name 'useAstrologicalStateDefault'.
src/hooks/useAlchemicalRecommendations.ts(83,11): error TS2345: Argument of type 'Record<"Sun" | "Moon" | "Mercury" | "Venus" | "Mars" | "Jupiter" | "Saturn" | "Uranus" | "Neptune" | "Pluto", number>' is not assignable to parameter of type '{ [key: string]: PlanetData; }'.
  Property 'Sun' is incompatible with index signature.
    Type 'number' has no properties in common with type 'PlanetData'.
src/hooks/useAlchemicalRecommendations.ts(133,23): error TS2339: Property 'elementalState' does not exist on type '{ dominantElement: ElementalCharacter; dominantAlchemicalProperty: AlchemicalProperty; heat: number; entropy: number; reactivity: number; gregsEnergy: number; elementalBalance: { ...; }; alchemicalProperties: { ...; }; }'.
src/hooks/useAlchemicalRecommendations.ts(134,23): error TS2339: Property 'elementalState' does not exist on type '{ dominantElement: ElementalCharacter; dominantAlchemicalProperty: AlchemicalProperty; heat: number; entropy: number; reactivity: number; gregsEnergy: number; elementalBalance: { ...; }; alchemicalProperties: { ...; }; }'.
src/hooks/useAlchemicalRecommendations.ts(135,23): error TS2339: Property 'elementalState' does not exist on type '{ dominantElement: ElementalCharacter; dominantAlchemicalProperty: AlchemicalProperty; heat: number; entropy: number; reactivity: number; gregsEnergy: number; elementalBalance: { ...; }; alchemicalProperties: { ...; }; }'.
src/hooks/useAlchemicalRecommendations.ts(136,23): error TS2339: Property 'elementalState' does not exist on type '{ dominantElement: ElementalCharacter; dominantAlchemicalProperty: AlchemicalProperty; heat: number; entropy: number; reactivity: number; gregsEnergy: number; elementalBalance: { ...; }; alchemicalProperties: { ...; }; }'.
src/hooks/useAlchemicalRecommendations.ts(149,29): error TS2345: Argument of type '{ dominantElement: ElementalCharacter; dominantAlchemicalProperty: AlchemicalProperty; heat: number; entropy: number; reactivity: number; gregsEnergy: number; elementalBalance: { ...; }; alchemicalProperties: { ...; }; }' is not assignable to parameter of type 'SetStateAction<{ dominantElement: ElementalCharacter; dominantProperty: AlchemicalProperty; elementalBalance: Record<ElementalCharacter, number>; alchemicalProperties: Record<...>; }>'.
  Property 'dominantProperty' is missing in type '{ dominantElement: ElementalCharacter; dominantAlchemicalProperty: AlchemicalProperty; heat: number; entropy: number; reactivity: number; gregsEnergy: number; elementalBalance: { ...; }; alchemicalProperties: { ...; }; }' but required in type '{ dominantElement: ElementalCharacter; dominantProperty: AlchemicalProperty; elementalBalance: Record<ElementalCharacter, number>; alchemicalProperties: Record<...>; }'.
src/hooks/useAstrologicalInfluence.ts(17,45): error TS2304: Cannot find name 'useAlchemical'.
src/hooks/useAstrologicalInfluence.ts(55,43): error TS2339: Property 'sign' does not exist on type 'unknown'.
src/hooks/useAstrologicalState.ts(5,3): error TS2300: Duplicate identifier 'calculatePlanetaryPositions'.
src/hooks/useAstrologicalState.ts(17,10): error TS2300: Duplicate identifier 'PlanetaryAlignment'.
src/hooks/useAstrologicalState.ts(18,10): error TS2300: Duplicate identifier 'AstrologicalState'.
src/hooks/useAstrologicalState.ts(20,10): error TS2300: Duplicate identifier 'CelestialPosition'.
src/hooks/useAstrologicalState.ts(22,10): error TS2300: Duplicate identifier 'calculatePlanetaryPositions'.
src/hooks/useAstrologicalState.ts(24,3): error TS2300: Duplicate identifier 'CelestialPosition'.
src/hooks/useAstrologicalState.ts(25,3): error TS2300: Duplicate identifier 'PlanetaryAlignment'.
src/hooks/useAstrologicalState.ts(28,3): error TS2300: Duplicate identifier 'AstrologicalState'.
src/hooks/useAstrologicalState.ts(257,31): error TS2345: Argument of type 'Planet' is not assignable to parameter of type 'SetStateAction<string>'.
src/hooks/useAstrologicalState.ts(262,33): error TS2345: Argument of type 'Planet' is not assignable to parameter of type 'SetStateAction<string>'.
src/hooks/useAstrologicalState.ts(276,3): error TS2322: Type '{ isReady: boolean; isDaytime: boolean; renderCount: number; currentPlanetaryHour: string; currentZodiac: string; currentPlanetaryAlignment: { [key: string]: CelestialPosition; }; lunarPhase: LunarPhaseWithSpaces; activePlanets: string[]; domElements: { ...; }; loading: boolean; }' is not assignable to type 'AstrologyHookData'.
  Types of property 'currentZodiac' are incompatible.
    Type 'string' is not assignable to type 'ZodiacSign'.
src/hooks/useChakraInfluencedFood.ts(7,31): error TS2300: Duplicate identifier 'AstrologicalState'.
src/hooks/useChakraInfluencedFood.ts(10,10): error TS2300: Duplicate identifier 'AstrologicalState'.
src/hooks/useChakraInfluencedFood.ts(63,62): error TS2345: Argument of type 'string' is not assignable to parameter of type 'Planet | (() => Planet)'.
src/hooks/useChakraInfluencedFood.ts(74,43): error TS2339: Property 'toLowerCase' does not exist on type 'never'.
src/hooks/useChakraInfluencedFood.ts(82,49): error TS2345: Argument of type '() => { currentZodiac: ZodiacSign; moonPhase: LunarPhaseWithSpaces | "NEW_MOON"; currentPlanetaryAlignment: PlanetaryAlignment; ... 7 more ...; tarotPlanetaryBoosts: { ...; }; }' is not assignable to parameter of type '() => AstrologicalState'.
  Property 'sunSign' is missing in type '{ currentZodiac: ZodiacSign; moonPhase: LunarPhaseWithSpaces | "NEW_MOON"; currentPlanetaryAlignment: PlanetaryAlignment; ... 7 more ...; tarotPlanetaryBoosts: { ...; }; }' but required in type 'AstrologicalState'.
src/hooks/useChakraInfluencedFood.ts(93,52): error TS2339: Property 'tarotElementBoosts' does not exist on type 'AstrologicalState'.
src/hooks/useChakraInfluencedFood.ts(104,30): error TS2339: Property 'tarotElementBoosts' does not exist on type 'AstrologicalState'.
src/hooks/useChakraInfluencedFood.ts(115,9): error TS2352: Conversion of type 'string[]' to type 'Planet[]' may be a mistake because neither type sufficiently overlaps with the other. If this was intentional, convert the expression to 'unknown' first.
  Type 'string' is not comparable to type 'Planet'.
src/hooks/useChakraInfluencedFood.ts(115,9): error TS2345: Argument of type 'string[] | Planet[]' is not assignable to parameter of type 'Planet[]'.
  Type 'string[]' is not assignable to type 'Planet[]'.
    Type 'string' is not assignable to type 'Planet'.
src/hooks/useChakraInfluencedFood.ts(138,51): error TS2345: Argument of type 'import("/Users/GregCastro/Desktop/WhatToEatNext/src/types/alchemy").AstrologicalState' is not assignable to parameter of type 'import("/Users/GregCastro/Desktop/WhatToEatNext/src/types/celestial").AstrologicalState'.
src/hooks/useChakraInfluencedFood.ts(315,9): error TS2352: Conversion of type 'string[]' to type 'Planet[]' may be a mistake because neither type sufficiently overlaps with the other. If this was intentional, convert the expression to 'unknown' first.
src/hooks/useChakraInfluencedFood.ts(315,9): error TS2345: Argument of type 'string[] | Planet[]' is not assignable to parameter of type 'Planet[]'.
  Type 'string[]' is not assignable to type 'Planet[]'.
src/hooks/useChakraInfluencedFood.ts(322,49): error TS2345: Argument of type 'import("/Users/GregCastro/Desktop/WhatToEatNext/src/types/alchemy").AstrologicalState' is not assignable to parameter of type 'import("/Users/GregCastro/Desktop/WhatToEatNext/src/types/celestial").AstrologicalState'.
src/hooks/useContextServiceBridge.ts(22,7): error TS2304: Cannot find name 'useServices'.
src/hooks/useContextServiceBridge.ts(66,64): error TS2339: Property 'isDaytime' does not exist on type 'AlchemicalState'.
src/hooks/useContextServiceBridge.ts(88,7): error TS2304: Cannot find name 'useServices'.
src/hooks/useContextServiceBridge.ts(131,7): error TS2304: Cannot find name 'useServices'.
src/hooks/useContextServiceBridge.ts(187,47): error TS2304: Cannot find name 'useServices'.
src/hooks/useCurrentChart.ts(92,7): error TS1117: An object literal cannot have multiple properties with the same name.
src/hooks/useCurrentChart.ts(94,7): error TS1117: An object literal cannot have multiple properties with the same name.
src/hooks/useElementalState.ts(3,10): error TS2440: Import declaration conflicts with local declaration of 'ElementalProperties'.
src/hooks/useElementalState.ts(13,45): error TS2304: Cannot find name 'useAlchemical'.
src/hooks/useElementalState.ts(18,9): error TS2322: Type 'string' is not assignable to type 'number'.
src/hooks/useElementalState.ts(33,43): error TS2339: Property 'sign' does not exist on type 'unknown'.
src/hooks/useElementalState.ts(58,7): error TS2322: Type 'string' is not assignable to type 'number'.
  Type 'string' is not assignable to type 'number'.
src/hooks/useFoodRecommendations.ts(4,35): error TS2300: Duplicate identifier 'AstrologicalState'.
src/hooks/useFoodRecommendations.ts(7,10): error TS2300: Duplicate identifier 'AstrologicalState'.
src/hooks/useFoodRecommendations.ts(23,49): error TS2345: Argument of type '() => { currentZodiac: ZodiacSign; moonPhase: LunarPhaseWithSpaces | "NEW_MOON"; currentPlanetaryAlignment: PlanetaryAlignment; ... 7 more ...; tarotPlanetaryBoosts: { ...; }; }' is not assignable to parameter of type '() => AstrologicalState'.
  Property 'sunSign' is missing in type '{ currentZodiac: ZodiacSign; moonPhase: LunarPhaseWithSpaces | "NEW_MOON"; currentPlanetaryAlignment: PlanetaryAlignment; ... 7 more ...; tarotPlanetaryBoosts: { ...; }; }' but required in type 'AstrologicalState'.
src/hooks/useFoodRecommendations.ts(34,24): error TS2352: Conversion of type 'string' to type 'Planet' may be a mistake because neither type sufficiently overlaps with the other. If this was intentional, convert the expression to 'unknown' first.
src/hooks/useFoodRecommendations.ts(36,52): error TS2339: Property 'tarotElementBoosts' does not exist on type 'AstrologicalState'.
src/hooks/useFoodRecommendations.ts(46,30): error TS2339: Property 'tarotElementBoosts' does not exist on type 'AstrologicalState'.
src/hooks/useFoodRecommendations.ts(58,51): error TS2345: Argument of type 'import("/Users/GregCastro/Desktop/WhatToEatNext/src/types/alchemy").AstrologicalState' is not assignable to parameter of type 'import("/Users/GregCastro/Desktop/WhatToEatNext/src/types/celestial").AstrologicalState'.
src/hooks/useFoodRecommendations.ts(101,49): error TS2345: Argument of type 'import("/Users/GregCastro/Desktop/WhatToEatNext/src/types/alchemy").AstrologicalState' is not assignable to parameter of type 'import("/Users/GregCastro/Desktop/WhatToEatNext/src/types/celestial").AstrologicalState'.
  Types of property 'dominantElement' are incompatible.
    Type 'import("/Users/GregCastro/Desktop/WhatToEatNext/src/types/alchemy").Element' is not assignable to type 'import("/Users/GregCastro/Desktop/WhatToEatNext/src/types/celestial").Element'.
      Type '"Aether"' is not assignable to type 'Element'.
src/hooks/useIngredientRecommendations.ts(26,59): error TS2304: Cannot find name 'useAlchemical'.
src/hooks/useIngredientRecommendations.ts(53,43): error TS2339: Property 'sign' does not exist on type 'unknown'.
src/hooks/useIngredientRecommendations.ts(126,68): error TS2339: Property 'elementalPropertiesProfile' does not exist on type 'Ingredient'.
src/hooks/useIngredientRecommendations.ts(126,96): error TS2345: Argument of type '{ Fire: number; Water: number; Earth: number; Air: number; }' is not assignable to parameter of type '{ Fire: number; water: number; earth: number; Air: number; }'.
  Type '{ Fire: number; Water: number; Earth: number; Air: number; }' is missing the following properties from type '{ Fire: number; water: number; earth: number; Air: number; }': water, earth
src/hooks/useIngredientRecommendations.ts(179,43): error TS2551: Property 'Water' does not exist on type '{ Fire: number; water: number; earth: number; Air: number; }'. Did you mean 'water'?
src/hooks/useIngredientRecommendations.ts(179,66): error TS2551: Property 'Water' does not exist on type '{ Fire: number; water: number; earth: number; Air: number; }'. Did you mean 'water'?
src/hooks/useIngredientRecommendations.ts(180,43): error TS2551: Property 'Earth' does not exist on type '{ Fire: number; water: number; earth: number; Air: number; }'. Did you mean 'earth'?
src/hooks/useIngredientRecommendations.ts(180,66): error TS2551: Property 'Earth' does not exist on type '{ Fire: number; water: number; earth: number; Air: number; }'. Did you mean 'earth'?
src/hooks/usePlanetaryHours.ts(43,46): error TS2345: Argument of type 'Planet' is not assignable to parameter of type 'string'.
src/hooks/usePlanetaryHours.ts(47,11): error TS2322: Type 'Planet' is not assignable to type 'string'.
src/hooks/usePlanetaryHours.ts(48,11): error TS2322: Type 'Planet' is not assignable to type 'string'.
src/hooks/usePlanetaryHours.ts(49,11): error TS2322: Type 'Planet' is not assignable to type 'string'.
src/hooks/useRecipeRecommendations.ts(28,59): error TS2304: Cannot find name 'useAlchemical'.
src/hooks/useRecipeRecommendations.ts(55,43): error TS2339: Property 'sign' does not exist on type 'unknown'.
src/hooks/useRecipeRecommendations.ts(107,57): error TS2345: Argument of type '{ Fire: number; Water: number; Earth: number; Air: number; }' is not assignable to parameter of type '{ Fire: number; water: number; earth: number; Air: number; }'.
  Type '{ Fire: number; Water: number; Earth: number; Air: number; }' is missing the following properties from type '{ Fire: number; water: number; earth: number; Air: number; }': water, earth
src/hooks/useRecipeRecommendations.ts(164,39): error TS2551: Property 'Water' does not exist on type '{ Fire: number; water: number; earth: number; Air: number; }'. Did you mean 'water'?
src/hooks/useRecipeRecommendations.ts(164,62): error TS2551: Property 'Water' does not exist on type '{ Fire: number; water: number; earth: number; Air: number; }'. Did you mean 'water'?
src/hooks/useRecipeRecommendations.ts(165,39): error TS2551: Property 'Earth' does not exist on type '{ Fire: number; water: number; earth: number; Air: number; }'. Did you mean 'earth'?
src/hooks/useRecipeRecommendations.ts(165,62): error TS2551: Property 'Earth' does not exist on type '{ Fire: number; water: number; earth: number; Air: number; }'. Did you mean 'earth'?
src/hooks/useTarotAstrologyData.ts(13,3): error TS2300: Duplicate identifier 'LUNAR_PHASES'.
src/hooks/useTarotAstrologyData.ts(24,10): error TS2300: Duplicate identifier 'LUNAR_PHASES'.
src/hooks/useTarotAstrologyData.ts(52,5): error TS2820: Type '"full moon"' is not assignable to type 'LunarPhaseWithSpaces'. Did you mean '"full Moon"'?
src/hooks/useTarotAstrologyData.ts(105,7): error TS2304: Cannot find name 'useAstrologicalState'.
src/hooks/useTarotAstrologyData.ts(119,25): error TS2345: Argument of type 'Record<string, any>' is not assignable to parameter of type 'LunarPhaseWithSpaces'.
src/hooks/useTarotAstrologyData.ts(407,27): error TS2554: Expected 2 arguments, but got 1.
src/lib/alchemicalEngine.ts(1,15): error TS2300: Duplicate identifier 'ElementalProperties'.
src/lib/alchemicalEngine.ts(4,3): error TS2300: Duplicate identifier 'AstrologicalState'.
src/lib/alchemicalEngine.ts(5,3): error TS2300: Duplicate identifier 'Recipe'.
src/lib/alchemicalEngine.ts(7,10): error TS2300: Duplicate identifier 'Recipe'.
src/lib/alchemicalEngine.ts(14,10): error TS2300: Duplicate identifier 'AstrologicalState'.
src/lib/alchemicalEngine.ts(15,10): error TS2300: Duplicate identifier 'ElementalProperties'.
src/lib/alchemicalEngine.ts(179,5): error TS2322: Type '{ 'new Moon': { Fire: number; Water: number; Air: number; Earth: number; }; 'waxing crescent': { Fire: number; Water: number; Air: number; Earth: number; }; 'first quarter': { Fire: number; Water: number; Air: number; Earth: number; }; ... 4 more ...; 'waning crescent': { ...; }; }' is not assignable to type 'Record<LunarPhaseWithSpaces, ElementalProperties>'.
  Object literal may only specify known properties, and ''new Moon'' does not exist in type 'Record<LunarPhaseWithSpaces, ElementalProperties>'.
src/lib/alchemicalEngine.ts(226,9): error TS2588: Cannot assign to 'harmonyScore' because it is a constant.
src/lib/alchemicalEngine.ts(227,9): error TS2588: Cannot assign to 'totalFactors' because it is a constant.
src/lib/alchemicalEngine.ts(244,41): error TS2339: Property 'sunDegree' does not exist on type 'AstrologicalState'.
src/lib/alchemicalEngine.ts(260,45): error TS2339: Property 'moonSignElement' does not exist on type 'AstrologicalState'.
src/lib/alchemicalEngine.ts(260,62): error TS2588: Cannot assign to 'power' because it is a constant.
src/lib/alchemicalEngine.ts(262,64): error TS2588: Cannot assign to 'power' because it is a constant.
src/lib/alchemicalEngine.ts(283,45): error TS2339: Property 'sign' does not exist on type 'AstrologicalState'.
src/lib/alchemicalEngine.ts(333,7): error TS2339: Property 'seasonalInfluence' does not exist on type '{ Fire: number; Water: number; Earth: number; Air: number; }'.
src/lib/alchemicalEngine.ts(338,18): error TS2339: Property 'elementalState' does not exist on type 'Recipe'.
src/lib/alchemicalEngine.ts(346,57): error TS2339: Property 'elementalState' does not exist on type 'Recipe'.
src/lib/alchemicalEngine.ts(365,14): error TS2339: Property 'elementalState' does not exist on type 'Recipe'.
src/lib/alchemicalEngine.ts(366,55): error TS2345: Argument of type 'Recipe' is not assignable to parameter of type 'SpoonacularRecipe'.
  Types of property 'id' are incompatible.
    Type 'string' is not assignable to type 'number'.
src/lib/alchemicalEngine.ts(368,5): error TS2322: Type '{ element: string; strength: unknown; }[]' is not assignable to type '{ element: Element; strength: number; }[]'.
  Type '{ element: string; strength: unknown; }' is not assignable to type '{ element: Element; strength: number; }'.
    Types of property 'element' are incompatible.
      Type 'string' is not assignable to type 'Element'.
src/lib/alchemicalEngine.ts(372,23): error TS2362: The left-hand side of an arithmetic operation must be of type 'any', 'number', 'bigint' or an enum type.
src/lib/alchemicalEngine.ts(372,36): error TS2363: The right-hand side of an arithmetic operation must be of type 'any', 'number', 'bigint' or an enum type.
src/lib/alchemicalEngine.ts(379,47): error TS2588: Cannot assign to 'i' because it is a constant.
src/lib/alchemicalEngine.ts(380,53): error TS2588: Cannot assign to 'j' because it is a constant.
src/lib/alchemicalEngine.ts(382,26): error TS2339: Property 'elementalState' does not exist on type 'Ingredient'.
src/lib/alchemicalEngine.ts(383,26): error TS2339: Property 'elementalState' does not exist on type 'Ingredient'.
src/lib/alchemicalEngine.ts(390,37): error TS2588: Cannot assign to 'conflicts' because it is a constant.
src/lib/alchemicalEngine.ts(420,44): error TS2339: Property 'calculateSeasonalEffectiveness' does not exist on type 'typeof ElementalCalculator'.
src/lib/alchemicalEngine.ts(458,17): error TS2339: Property 'elementalState' does not exist on type 'Recipe'.
src/lib/alchemicalEngine.ts(459,44): error TS2339: Property 'elementalState' does not exist on type 'Recipe'.
src/lib/alchemicalEngine.ts(464,16): error TS2339: Property 'elementalState' does not exist on type 'Recipe'.
src/lib/alchemicalEngine.ts(465,21): error TS2339: Property 'elementalState' does not exist on type 'Recipe'.
src/lib/alchemicalEngine.ts(468,60): error TS2345: Argument of type 'Recipe' is not assignable to parameter of type 'SpoonacularRecipe'.
src/lib/alchemicalEngine.ts(497,52): error TS2588: Cannot assign to 'complementaryBonus' because it is a constant.
src/lib/alchemicalEngine.ts(498,55): error TS2588: Cannot assign to 'complementaryBonus' because it is a constant.
src/lib/ChakraAlchemyService.ts(7,3): error TS2724: '"@/types/chakra"' has no exported member named 'Chakra'. Did you mean 'CHAKRAS'?
src/lib/ChakraAlchemyService.ts(12,30): error TS2300: Duplicate identifier 'Element'.
src/lib/ChakraAlchemyService.ts(14,10): error TS2300: Duplicate identifier 'Element'.
src/lib/ChakraAlchemyService.ts(106,38): error TS2344: Type 'Planet' does not satisfy the constraint 'string | number | symbol'.
src/lib/ChakraAlchemyService.ts(120,45): error TS2538: Type 'Planet' cannot be used as an index type.
src/lib/ChakraAlchemyService.ts(198,51): error TS2339: Property 'primaryEnergyState' does not exist on type 'ChakraProperty'.
src/lib/chakraRecipeEnhancer.ts(3,26): error TS2300: Duplicate identifier 'ElementalProperties'.
src/lib/chakraRecipeEnhancer.ts(7,10): error TS2300: Duplicate identifier 'ElementalProperties'.
src/lib/chakraRecipeEnhancer.ts(44,26): error TS2304: Cannot find name 'ChakraAlchemyService'.
src/lib/chakraRecipeEnhancer.ts(45,32): error TS2304: Cannot find name 'PlanetaryHourCalculator'.
src/lib/chakraRecipeEnhancer.ts(48,30): error TS2304: Cannot find name 'ChakraAlchemyService'.
src/lib/chakraRecipeEnhancer.ts(49,36): error TS2304: Cannot find name 'PlanetaryHourCalculator'.
src/lib/chakraRecipeEnhancer.ts(110,9): error TS2322: Type 'string' is not assignable to type 'Planet'.
src/lib/chakraRecipeEnhancer.ts(169,61): error TS2352: Conversion of type 'keyof ChakraEnergies' to type 'Record<string, any>' may be a mistake because neither type sufficiently overlaps with the other. If this was intentional, convert the expression to 'unknown' first.
  Type 'number' is not comparable to type 'Record<string, any>'.
src/lib/cuisineCalculations.ts(33,19): error TS2339: Property 'astrologicalProfile' does not exist on type 'unknown'.
src/lib/cuisineCalculations.ts(34,20): error TS2339: Property 'astrologicalProfile' does not exist on type 'unknown'.
src/lib/cuisineCalculations.ts(35,21): error TS2339: Property 'astrologicalProfile' does not exist on type 'unknown'.
src/lib/cuisineCalculations.ts(36,26): error TS2339: Property 'astrologicalProfile' does not exist on type 'unknown'.
src/lib/cuisineCalculations.ts(40,19): error TS2339: Property 'astrologicalProfile' does not exist on type 'unknown'.
src/lib/cuisineCalculations.ts(41,20): error TS2339: Property 'astrologicalProfile' does not exist on type 'unknown'.
src/lib/cuisineCalculations.ts(42,26): error TS2339: Property 'astrologicalProfile' does not exist on type 'unknown'.
src/lib/cuisineCalculations.ts(48,19): error TS2339: Property 'regionalCuisines' does not exist on type 'unknown'.
src/lib/cuisineCalculations.ts(49,33): error TS2339: Property 'regionalCuisines' does not exist on type 'unknown'.
src/lib/cuisineCalculations.ts(50,24): error TS2339: Property 'astrologicalInfluences' does not exist on type 'unknown'.
src/lib/cuisineCalculations.ts(51,24): error TS2339: Property 'astrologicalInfluences' does not exist on type 'unknown'.
src/lib/elementalSystem.ts(1,10): error TS2300: Duplicate identifier 'Element'.
src/lib/elementalSystem.ts(3,10): error TS2300: Duplicate identifier 'AstrologicalState'.
src/lib/elementalSystem.ts(4,10): error TS2300: Duplicate identifier 'ElementalProperties'.
src/lib/elementalSystem.ts(19,17): error TS2300: Duplicate identifier 'ElementalProperties'.
src/lib/elementalSystem.ts(20,5): error TS2300: Duplicate identifier 'Element'.
src/lib/elementalSystem.ts(22,5): error TS2300: Duplicate identifier 'AstrologicalState'.
src/lib/FoodAlchemySystem.ts(5,10): error TS2440: Import declaration conflicts with local declaration of 'Element'.
src/lib/FoodAlchemySystem.ts(204,38): error TS2304: Cannot find name 'ThermodynamicCalculator'.
src/lib/FoodAlchemySystem.ts(209,35): error TS2304: Cannot find name 'ThermodynamicCalculator'.
src/lib/FoodAlchemySystem.ts(303,41): error TS2304: Cannot find name 'PlanetaryHourCalculator'.
src/lib/PlanetaryHourCalculator.ts(8,21): error TS2322: Type 'string' is not assignable to type 'Planet'.
src/lib/PlanetaryHourCalculator.ts(8,28): error TS2322: Type 'string' is not assignable to type 'Planet'.
src/lib/PlanetaryHourCalculator.ts(8,37): error TS2322: Type 'string' is not assignable to type 'Planet'.
src/lib/PlanetaryHourCalculator.ts(8,48): error TS2322: Type 'string' is not assignable to type 'Planet'.
src/lib/PlanetaryHourCalculator.ts(8,56): error TS2322: Type 'string' is not assignable to type 'Planet'.
src/lib/PlanetaryHourCalculator.ts(8,66): error TS2322: Type 'string' is not assignable to type 'Planet'.
src/lib/PlanetaryHourCalculator.ts(8,77): error TS2322: Type 'string' is not assignable to type 'Planet'.
src/lib/PlanetaryHourCalculator.ts(9,21): error TS2322: Type 'string' is not assignable to type 'Planet'.
src/lib/PlanetaryHourCalculator.ts(9,29): error TS2322: Type 'string' is not assignable to type 'Planet'.
src/lib/PlanetaryHourCalculator.ts(9,39): error TS2322: Type 'string' is not assignable to type 'Planet'.
src/lib/PlanetaryHourCalculator.ts(9,50): error TS2322: Type 'string' is not assignable to type 'Planet'.
src/lib/PlanetaryHourCalculator.ts(9,58): error TS2322: Type 'string' is not assignable to type 'Planet'.
src/lib/PlanetaryHourCalculator.ts(9,65): error TS2322: Type 'string' is not assignable to type 'Planet'.
src/lib/PlanetaryHourCalculator.ts(9,74): error TS2322: Type 'string' is not assignable to type 'Planet'.
src/lib/PlanetaryHourCalculator.ts(10,21): error TS2322: Type 'string' is not assignable to type 'Planet'.
src/lib/PlanetaryHourCalculator.ts(10,29): error TS2322: Type 'string' is not assignable to type 'Planet'.
src/lib/PlanetaryHourCalculator.ts(10,36): error TS2322: Type 'string' is not assignable to type 'Planet'.
src/lib/PlanetaryHourCalculator.ts(10,45): error TS2322: Type 'string' is not assignable to type 'Planet'.
src/lib/PlanetaryHourCalculator.ts(10,56): error TS2322: Type 'string' is not assignable to type 'Planet'.
src/lib/PlanetaryHourCalculator.ts(10,64): error TS2322: Type 'string' is not assignable to type 'Planet'.
src/lib/PlanetaryHourCalculator.ts(10,74): error TS2322: Type 'string' is not assignable to type 'Planet'.
src/lib/PlanetaryHourCalculator.ts(11,21): error TS2322: Type 'string' is not assignable to type 'Planet'.
src/lib/PlanetaryHourCalculator.ts(11,32): error TS2322: Type 'string' is not assignable to type 'Planet'.
src/lib/PlanetaryHourCalculator.ts(11,40): error TS2322: Type 'string' is not assignable to type 'Planet'.
src/lib/PlanetaryHourCalculator.ts(11,50): error TS2322: Type 'string' is not assignable to type 'Planet'.
src/lib/PlanetaryHourCalculator.ts(11,61): error TS2322: Type 'string' is not assignable to type 'Planet'.
src/lib/PlanetaryHourCalculator.ts(11,69): error TS2322: Type 'string' is not assignable to type 'Planet'.
src/lib/PlanetaryHourCalculator.ts(11,76): error TS2322: Type 'string' is not assignable to type 'Planet'.
src/lib/PlanetaryHourCalculator.ts(12,21): error TS2322: Type 'string' is not assignable to type 'Planet'.
src/lib/PlanetaryHourCalculator.ts(12,32): error TS2322: Type 'string' is not assignable to type 'Planet'.
src/lib/PlanetaryHourCalculator.ts(12,40): error TS2322: Type 'string' is not assignable to type 'Planet'.
src/lib/PlanetaryHourCalculator.ts(12,47): error TS2322: Type 'string' is not assignable to type 'Planet'.
src/lib/PlanetaryHourCalculator.ts(12,56): error TS2322: Type 'string' is not assignable to type 'Planet'.
src/lib/PlanetaryHourCalculator.ts(12,67): error TS2322: Type 'string' is not assignable to type 'Planet'.
src/lib/PlanetaryHourCalculator.ts(12,75): error TS2322: Type 'string' is not assignable to type 'Planet'.
src/lib/PlanetaryHourCalculator.ts(13,21): error TS2322: Type 'string' is not assignable to type 'Planet'.
src/lib/PlanetaryHourCalculator.ts(13,30): error TS2322: Type 'string' is not assignable to type 'Planet'.
src/lib/PlanetaryHourCalculator.ts(13,41): error TS2322: Type 'string' is not assignable to type 'Planet'.
src/lib/PlanetaryHourCalculator.ts(13,49): error TS2322: Type 'string' is not assignable to type 'Planet'.
src/lib/PlanetaryHourCalculator.ts(13,59): error TS2322: Type 'string' is not assignable to type 'Planet'.
src/lib/PlanetaryHourCalculator.ts(13,70): error TS2322: Type 'string' is not assignable to type 'Planet'.
src/lib/PlanetaryHourCalculator.ts(13,78): error TS2322: Type 'string' is not assignable to type 'Planet'.
src/lib/PlanetaryHourCalculator.ts(14,21): error TS2322: Type 'string' is not assignable to type 'Planet'.
src/lib/PlanetaryHourCalculator.ts(14,31): error TS2322: Type 'string' is not assignable to type 'Planet'.
src/lib/PlanetaryHourCalculator.ts(14,42): error TS2322: Type 'string' is not assignable to type 'Planet'.
src/lib/PlanetaryHourCalculator.ts(14,50): error TS2322: Type 'string' is not assignable to type 'Planet'.
src/lib/PlanetaryHourCalculator.ts(14,57): error TS2322: Type 'string' is not assignable to type 'Planet'.
src/lib/PlanetaryHourCalculator.ts(14,66): error TS2322: Type 'string' is not assignable to type 'Planet'.
src/lib/PlanetaryHourCalculator.ts(14,77): error TS2322: Type 'string' is not assignable to type 'Planet'.
src/lib/PlanetaryHourCalculator.ts(20,43): error TS2322: Type 'string' is not assignable to type 'Planet'.
src/lib/PlanetaryHourCalculator.ts(20,50): error TS2322: Type 'string' is not assignable to type 'Planet'.
src/lib/PlanetaryHourCalculator.ts(20,58): error TS2322: Type 'string' is not assignable to type 'Planet'.
src/lib/PlanetaryHourCalculator.ts(20,66): error TS2322: Type 'string' is not assignable to type 'Planet'.
src/lib/PlanetaryHourCalculator.ts(20,77): error TS2322: Type 'string' is not assignable to type 'Planet'.
src/lib/PlanetaryHourCalculator.ts(20,88): error TS2322: Type 'string' is not assignable to type 'Planet'.
src/lib/PlanetaryHourCalculator.ts(20,97): error TS2322: Type 'string' is not assignable to type 'Planet'.
src/lib/PlanetaryHourCalculator.ts(23,46): error TS2322: Type 'string' is not assignable to type 'Planet'.
src/lib/PlanetaryHourCalculator.ts(23,53): error TS2322: Type 'string' is not assignable to type 'Planet'.
src/lib/PlanetaryHourCalculator.ts(23,62): error TS2322: Type 'string' is not assignable to type 'Planet'.
src/lib/PlanetaryHourCalculator.ts(23,73): error TS2322: Type 'string' is not assignable to type 'Planet'.
src/lib/PlanetaryHourCalculator.ts(23,81): error TS2322: Type 'string' is not assignable to type 'Planet'.
src/lib/PlanetaryHourCalculator.ts(23,91): error TS2322: Type 'string' is not assignable to type 'Planet'.
src/lib/PlanetaryHourCalculator.ts(23,102): error TS2322: Type 'string' is not assignable to type 'Planet'.
src/lib/PlanetaryHourCalculator.ts(264,22): error TS2352: Conversion of type 'string' to type 'Planet' may be a mistake because neither type sufficiently overlaps with the other. If this was intentional, convert the expression to 'unknown' first.
src/lib/recipeCalculations.ts(1,10): error TS2305: Module '"@/data/recipes"' has no exported member 'recipes'.
src/lib/recipeEngine.ts(2,10): error TS2300: Duplicate identifier 'Recipe'.
src/lib/recipeEngine.ts(3,15): error TS2300: Duplicate identifier 'Recipe'.
src/lib/recipeEngine.ts(3,23): error TS2300: Duplicate identifier 'ElementalProperties'.
src/lib/recipeEngine.ts(5,10): error TS2300: Duplicate identifier 'ElementalProperties'.
src/lib/recipeEngine.ts(17,63): error TS2365: Operator '<' cannot be applied to types 'unknown' and 'number'.
src/lib/recipeEngine.ts(17,74): error TS2365: Operator '>' cannot be applied to types 'unknown' and 'number'.
src/lib/recipeEngine.ts(30,80): error TS2339: Property 'elementalState' does not exist on type 'RecipeIngredient'.
src/lib/recipeEngine.ts(35,28): error TS2551: Property 'elementalPropertiesState' does not exist on type 'RecipeIngredient'. Did you mean 'elementalProperties'?
src/lib/recipeEngine.ts(36,43): error TS2551: Property 'elementalPropertiesState' does not exist on type 'RecipeIngredient'. Did you mean 'elementalProperties'?
src/lib/recipeEngine.ts(37,36): error TS2365: Operator '+' cannot be applied to types 'number' and 'unknown'.
src/lib/recipeEngine.ts(55,21): error TS2339: Property 'elementalState' does not exist on type 'RecipeIngredient'.
src/lib/recipeEngine.ts(56,36): error TS2339: Property 'elementalState' does not exist on type 'RecipeIngredient'.
src/lib/recipeEngine.ts(57,63): error TS2362: The left-hand side of an arithmetic operation must be of type 'any', 'number', 'bigint' or an enum type.
src/lib/recipeEngine.ts(87,52): error TS2339: Property 'calculateSeasonalEffectiveness' does not exist on type 'typeof ElementalCalculator'.
src/lib/recipeEngine.ts(109,78): error TS2345: Argument of type 'string' is not assignable to parameter of type 'Element'.
src/lib/recipeFilter.ts(1,15): error TS2300: Duplicate identifier 'Recipe'.
src/lib/recipeFilter.ts(1,23): error TS2300: Duplicate identifier 'ElementalProperties'.
src/lib/recipeFilter.ts(2,10): error TS2300: Duplicate identifier 'Recipe'.
src/lib/recipeFilter.ts(5,10): error TS2300: Duplicate identifier 'ElementalProperties'.
src/lib/recipeFilter.ts(94,78): error TS2551: Property 'DEFAULT_ELEMENTAL_PROPERTIES' does not exist on type '{ validateProperties: (properties: unknown) => properties is ElementalProperties; normalizeProperties: (properties: Partial<ElementalProperties>) => ElementalProperties; ... 10 more ...; getDefaultElementalProperties(): ElementalProperties; }'. Did you mean 'getDefaultElementalProperties'?
src/lib/tarotCalculations.ts(8,29): error TS2300: Duplicate identifier 'Element'.
src/lib/tarotCalculations.ts(10,10): error TS2300: Duplicate identifier 'Element'.
src/lib/tarotCalculations.ts(80,15): error TS2339: Property 'associatedRecipes' does not exist on type 'unknown'.
src/lib/tarotCalculations.ts(332,5): error TS2322: Type 'string' is not assignable to type 'Element'.
src/lib/tarotCalculations.ts(354,19): error TS2339: Property 'quantum' does not exist on type 'unknown'.
src/lib/tarotCalculations.ts(355,17): error TS2339: Property 'quantum' does not exist on type 'unknown'.
src/lib/tarotCalculations.ts(358,16): error TS2339: Property 'quantum' does not exist on type 'unknown'.
src/lib/tarotCalculations.ts(371,24): error TS2339: Property 'element' does not exist on type 'unknown'.
src/lib/tarotCalculations.ts(372,24): error TS2339: Property 'quantum' does not exist on type 'unknown'.
src/lib/tarotCalculations.ts(388,15): error TS2339: Property 'elementalState' does not exist on type '{ elementalProperties: Record<string, number>; keywords: string[]; associatedRecipes: string[]; }'.
src/lib/tarotCalculations.ts(401,13): error TS2339: Property 'elementalState' does not exist on type '{ elementalProperties: Record<string, number>; keywords: string[]; associatedRecipes: string[]; }'.
src/lib/tarotCalculations.ts(402,16): error TS2339: Property 'elementalState' does not exist on type '{ elementalProperties: Record<string, number>; keywords: string[]; associatedRecipes: string[]; }'.
src/lib/tarotCalculations.ts(448,9): error TS2322: Type '{ name: string; element: string; keywords: string[]; associatedRecipes: string[]; } | { id: string; name: string; element: string; energyState: string; quantum: number; description: string; } | { name: string; element: string; quantum: number; keywords: string[]; } | { ...; }' is not assignable to type 'TarotCardBase'.
  Type '{ name: string; element: string; keywords: string[]; associatedRecipes: string[]; }' is not assignable to type 'TarotCardBase'.
    Types of property 'element' are incompatible.
      Type 'string' is not assignable to type 'Element'.
src/pages/_app.tsx(21,5): error TS2717: Subsequent property declarations must have the same type.  Property 'popup' must be of type '{ create: (options?: any) => { show: () => any; hide: () => any; update: () => any; on: (event: string, callback?: any) => { off: () => void; }; trigger: (event: string) => any; }; show: () => any; hide: () => any; update: () => any; on: (event: string, callback?: any) => { ...; }; trigger: (event: string) => any; }', but here has type 'any'.
src/pages/_app.tsx(22,5): error TS2717: Subsequent property declarations must have the same type.  Property 'chrome' must be of type '{ tabs?: { create?: (options: unknown) => Promise<{ id: number; }>; query?: (queryInfo: any, callback?: Function) => boolean; update?: (tabId: number, properties: any, callback?: Function) => boolean; sendMessage?: (tabId: number, message: any, options?: any, callback?: Function) => boolean; }; runtime?: { ...; }; s...', but here has type 'any'.
src/pages/_app.tsx(23,5): error TS2717: Subsequent property declarations must have the same type.  Property 'getElementRanking' must be of type '(element_object: any, rank?: number) => { [key: number]: string; }', but here has type 'Function'.
src/pages/_app.tsx(24,5): error TS2717: Subsequent property declarations must have the same type.  Property 'createElementObject' must be of type '() => { Fire: number; Water: number; Air: number; Earth: number; }', but here has type 'Function'.
src/pages/_app.tsx(25,5): error TS2717: Subsequent property declarations must have the same type.  Property 'combineElementObjects' must be of type '(obj1: any, obj2: any) => { Fire: number; Water: number; Air: number; Earth: number; }', but here has type 'Function'.
src/pages/_app.tsx(26,5): error TS2717: Subsequent property declarations must have the same type.  Property 'getAbsoluteElementValue' must be of type '(obj: unknown) => number', but here has type 'Function'.
src/pages/_app.tsx(27,5): error TS2717: Subsequent property declarations must have the same type.  Property 'capitalize' must be of type '(str: string) => string', but here has type 'Function'.
src/pages/cuisines/[id].tsx(23,23): error TS2345: Argument of type 'ElementalProperties' is not assignable to parameter of type 'SetStateAction<{ Fire: number; Water: number; Earth: number; Air: number; season: string; timeOfDay: string; }>'.
  Type 'ElementalProperties' is missing the following properties from type '{ Fire: number; Water: number; Earth: number; Air: number; season: string; timeOfDay: string; }': season, timeOfDay
src/pages/cuisines/[id].tsx(37,75): error TS2345: Argument of type '() => Promise<Recipe[]>' is not assignable to parameter of type 'any[]'.
src/pages/cuisines/[id].tsx(42,30): error TS2339: Property 'currentSeason' does not exist on type '{ Fire: number; Water: number; Earth: number; Air: number; season: string; timeOfDay: string; }'.
src/pages/cuisines/[id].tsx(52,54): error TS2339: Property 'find' does not exist on type 'Promise<RecipeData[]>'.
src/pages/cuisines/[id].tsx(85,26): error TS2488: Type 'Promise<RecipeData[]>' must have a '[Symbol.iterator]()' method that returns an iterator.
src/pages/cuisines/[id].tsx(149,9): error TS2739: Type '{ Fire: number; Water: number; Earth: number; Air: number; season: string; timeOfDay: string; }' is missing the following properties from type '{ Fire: number; water: number; earth: number; Air: number; season: string; timeOfDay: string; }': water, earth
src/pages/cuisines/index.tsx(16,23): error TS2345: Argument of type 'ElementalProperties' is not assignable to parameter of type 'SetStateAction<{ Fire: number; Water: number; Earth: number; Air: number; season: string; timeOfDay: string; }>'.
  Type 'ElementalProperties' is missing the following properties from type '{ Fire: number; Water: number; Earth: number; Air: number; season: string; timeOfDay: string; }': season, timeOfDay
src/pages/cuisines/index.tsx(43,29): error TS2322: Type '{ elementalState: { Fire: number; Water: number; Earth: number; Air: number; season: string; timeOfDay: string; }; }' is not assignable to type 'IntrinsicAttributes'.
  Property 'elementalState' does not exist on type 'IntrinsicAttributes'.
src/pages/cuisines/index.tsx(56,71): error TS2339: Property 'description' does not exist on type '{ name: "American"; elementalProperties: { readonly Fire: 0.3; readonly Water: 0.2; readonly Earth: 0.3; readonly Air: 0.2; }; id: string; } | { name: "Chinese"; elementalProperties: { readonly Fire: 0.3; readonly Water: 0.3; readonly Earth: 0.3; readonly Air: 0.1; }; id: string; } | ... 11 more ... | { ...; }'.
  Property 'description' does not exist on type '{ name: "American"; elementalProperties: { readonly Fire: 0.3; readonly Water: 0.2; readonly Earth: 0.3; readonly Air: 0.2; }; id: string; }'.
src/pages/cuisines/index.tsx(90,78): error TS2345: Argument of type 'string' is not assignable to parameter of type 'Element'.
src/pages/debug.tsx(2,29): error TS1149: File name '/Users/GregCastro/Desktop/WhatToEatNext/src/components/Debug/AlchemicalDebug.tsx' differs from already included file name '/Users/GregCastro/Desktop/WhatToEatNext/src/components/debug/AlchemicalDebug.tsx' only in casing.
  The file is in the program because:
    Matched by include pattern '**/*.tsx' in '/Users/GregCastro/Desktop/WhatToEatNext/tsconfig.json'
    Imported via '../components/Debug/AlchemicalDebug' from file '/Users/GregCastro/Desktop/WhatToEatNext/src/pages/debug.tsx'
src/pages/recipes/[id].tsx(38,23): error TS2345: Argument of type 'ElementalProperties' is not assignable to parameter of type 'SetStateAction<{ Fire: number; Water: number; Earth: number; Air: number; season: string; timeOfDay: string; }>'.
  Type 'ElementalProperties' is missing the following properties from type '{ Fire: number; Water: number; Earth: number; Air: number; season: string; timeOfDay: string; }': season, timeOfDay
src/pages/recipes/[id].tsx(44,38): error TS2339: Property 'find' does not exist on type '() => Promise<Recipe[]>'.
src/pages/recipes/[id].tsx(175,62): error TS2339: Property 'name' does not exist on type 'RecipeIngredient'.
  Property 'name' does not exist on type 'string'.
src/pages/recipes/index.tsx(20,23): error TS2345: Argument of type 'ElementalProperties' is not assignable to parameter of type 'SetStateAction<{ Fire: number; Water: number; Earth: number; Air: number; season: string; timeOfDay: string; }>'.
  Type 'ElementalProperties' is missing the following properties from type '{ Fire: number; Water: number; Earth: number; Air: number; season: string; timeOfDay: string; }': season, timeOfDay
src/pages/recipes/index.tsx(27,16): error TS2339: Property 'forEach' does not exist on type '() => Promise<Recipe[]>'.
src/pages/recipes/index.tsx(41,23): error TS2339: Property 'filter' does not exist on type '() => Promise<Recipe[]>'.
src/pages/sauce-explorer.tsx(11,3): error TS2305: Module '"lucide-react"' has no exported member 'CookingPot'.
src/pages/sauce-explorer.tsx(83,20): error TS2352: Conversion of type '{ italian: Cuisine; french: Cuisine; japanese: Cuisine; indian: Cuisine; thai: Cuisine; mexican: { name: string; description: string; dishes: { breakfast: { ...; }; lunch: { ...; }; dinner: { ...; }; dessert: { ...; }; }; ... 5 more ...; elementalProperties: { ...; }; }; }' to type 'CuisineRecord' may be a mistake because neither type sufficiently overlaps with the other. If this was intentional, convert the expression to 'unknown' first.
  Property 'italian' is incompatible with index signature.
    Type 'import("/Users/GregCastro/Desktop/WhatToEatNext/src/types/cuisine").Cuisine' is not comparable to type 'Cuisine'.
      Types of property 'elementalProperties' are incompatible.
        Type 'ElementalProperties' is not comparable to type 'import("/Users/GregCastro/Desktop/WhatToEatNext/src/types/alchemy").ElementalProperties'.
          Index signature for type 'string' is missing in type 'ElementalProperties'.
src/pages/sauces/[cuisine]/[id].tsx(37,23): error TS2345: Argument of type 'ElementalProperties' is not assignable to parameter of type 'SetStateAction<{ Fire: number; Water: number; Earth: number; Air: number; season: string; timeOfDay: string; }>'.
  Type 'ElementalProperties' is missing the following properties from type '{ Fire: number; Water: number; Earth: number; Air: number; season: string; timeOfDay: string; }': season, timeOfDay
src/pages/sauces/[cuisine]/[id].tsx(195,16): error TS2339: Property 'elementalState' does not exist on type 'Sauce'.
src/pages/sauces/[cuisine]/[id].tsx(199,37): error TS2339: Property 'elementalState' does not exist on type 'Sauce'.
src/pages/sauces/[cuisine]/[id].tsx(226,23): error TS2322: Type 'unknown' is not assignable to type 'ReactNode'.
src/pages/sauces/index.tsx(30,23): error TS2345: Argument of type 'ElementalProperties' is not assignable to parameter of type 'SetStateAction<{ Fire: number; Water: number; Earth: number; Air: number; season: string; timeOfDay: string; }>'.
  Type 'ElementalProperties' is missing the following properties from type '{ Fire: number; Water: number; Earth: number; Air: number; season: string; timeOfDay: string; }': season, timeOfDay
src/pages/sauces/index.tsx(93,36): error TS2339: Property 'elementalState' does not exist on type 'SauceItem'.
src/pages/sauces/index.tsx(94,37): error TS2339: Property 'elementalState' does not exist on type 'SauceItem'.
src/pages/sauces/index.tsx(280,26): error TS2339: Property 'elementalState' does not exist on type 'SauceItem'.
src/pages/sauces/index.tsx(282,45): error TS2339: Property 'elementalState' does not exist on type 'SauceItem'.
src/pages/sauces/index.tsx(294,29): error TS2322: Type 'unknown' is not assignable to type 'ReactNode'.
src/paths.ts(5,10): error TS2304: Cannot find name 'alchemyTypes'.
src/paths.ts(8,10): error TS2304: Cannot find name 'elementalConstants'.
src/paths.ts(11,10): error TS2304: Cannot find name 'ingredientTypes'.
src/providers/RecoveryProvider.tsx(87,9): error TS2322: Type '{ children: ReactNode; FallbackComponent: ({ error, resetErrorBoundary, context }: ErrorFallbackProps) => Element; onError: (error: Error) => void; }' is not assignable to type 'IntrinsicAttributes & IntrinsicClassAttributes<ErrorBoundary> & Pick<Readonly<Props>, "children" | "onError"> & InexactPartial<...> & InexactPartial<...>'.
  Property 'FallbackComponent' does not exist on type 'IntrinsicAttributes & IntrinsicClassAttributes<ErrorBoundary> & Pick<Readonly<Props>, "children" | "onError"> & InexactPartial<...> & InexactPartial<...>'.
src/scripts/fixIngredientMappings.ts(1,7): error TS2451: Cannot redeclare block-scoped variable 'fs'.
src/scripts/fixIngredientMappings.ts(2,7): error TS2451: Cannot redeclare block-scoped variable 'path'.
src/scripts/fixIngredientMappings.ts(5,7): error TS2451: Cannot redeclare block-scoped variable 'CATEGORIES'.
src/scripts/fixIngredientMappings.ts(47,5): error TS2588: Cannot assign to 'importPaths' because it is a constant.
src/scripts/generateNutritionalData.ts(9,7): error TS2451: Cannot redeclare block-scoped variable 'USDA_API_BASE'.
src/scripts/generateNutritionalData.ts(10,7): error TS2451: Cannot redeclare block-scoped variable 'USDA_API_KEY'.
src/scripts/generateNutritionalData.ts(13,7): error TS2451: Cannot redeclare block-scoped variable 'COMMON_INGREDIENTS'.
src/scripts/generateNutritionalData.ts(120,7): error TS2451: Cannot redeclare block-scoped variable 'NUTRIENT_IDS'.
src/scripts/generateNutritionalData.ts(130,7): error TS2451: Cannot redeclare block-scoped variable 'fs'.
src/scripts/generateNutritionalData.ts(131,7): error TS2451: Cannot redeclare block-scoped variable 'path'.
src/scripts/generateNutritionalData.ts(167,10): error TS2393: Duplicate function implementation.
src/scripts/generateNutritionalData.ts(183,16): error TS2339: Property 'nutrientId' does not exist on type 'unknown'.
src/scripts/generateNutritionalData.ts(183,39): error TS2339: Property 'nutrient' does not exist on type 'unknown'.
src/scripts/generateNutritionalData.ts(183,64): error TS2339: Property 'number' does not exist on type 'unknown'.
src/scripts/generateNutritionalData.ts(184,26): error TS2339: Property 'amount' does not exist on type 'unknown'.
src/scripts/generateNutritionalData.ts(184,45): error TS2339: Property 'value' does not exist on type 'unknown'.
src/scripts/generateNutritionalData.ts(185,31): error TS2339: Property 'nutrient' does not exist on type 'unknown'.
src/scripts/generateNutritionalData.ts(249,18): error TS2339: Property 'nutrient' does not exist on type 'unknown'.
src/scripts/generateNutritionalData.ts(250,18): error TS2339: Property 'name' does not exist on type 'unknown'.
src/scripts/generateNutritionalData.ts(251,18): error TS2339: Property 'nutrientName' does not exist on type 'unknown'.
src/scripts/generateNutritionalData.ts(254,28): error TS2339: Property 'amount' does not exist on type 'unknown'.
src/scripts/generateNutritionalData.ts(254,47): error TS2339: Property 'value' does not exist on type 'unknown'.
src/scripts/generateNutritionalData.ts(324,25): error TS2339: Property 'dataType' does not exist on type 'unknown'.
src/scripts/generateNutritionalData.ts(329,27): error TS2339: Property 'dataType' does not exist on type 'unknown'.
src/scripts/generateNutritionalData.ts(397,9): error TS2339: Property 'nutrient' does not exist on type 'unknown'.
src/scripts/generateNutritionalData.ts(398,9): error TS2339: Property 'nutrientName' does not exist on type 'unknown'.
src/scripts/generateNutritionalData.ts(399,9): error TS2339: Property 'name' does not exist on type 'unknown'.
src/scripts/generateNutritionalData.ts(467,9): error TS2739: Type '{ calories: number; protein_g: number; carbs_g: number; fat_g: number; fiber_g: number; sugar_g: number; vitamins: any[]; minerals: any[]; antioxidants: any[]; }' is missing the following properties from type 'NutritionalProfile': name, fdcId, source, macros, phytonutrients
src/scripts/generateNutritionalData.ts(468,9): error TS2588: Cannot assign to 'success' because it is a constant.
src/scripts/generateNutritionalData.ts(472,9): error TS2588: Cannot assign to 'failed' because it is a constant.
src/scripts/generateNutritionalData.ts(476,7): error TS2588: Cannot assign to 'failed' because it is a constant.
src/scripts/generateNutritionalData.ts(552,15): error TS2588: Cannot assign to 'ingredientNames' because it is a constant.
src/scripts/generateNutritionalData.ts(570,19): error TS2588: Cannot assign to 'ingredientNames' because it is a constant.
src/scripts/testGasGiantInfluences.ts(1,10): error TS2440: Import declaration conflicts with local declaration of 'PlanetaryPosition'.
src/scripts/updateAllIngredients.ts(12,9): error TS2451: Cannot redeclare block-scoped variable 'updateHerbs'.
src/scripts/updateAllIngredients.ts(13,9): error TS2451: Cannot redeclare block-scoped variable 'updateVegetables'.
src/scripts/updateAllIngredients.ts(14,9): error TS2451: Cannot redeclare block-scoped variable 'updateFruits'.
src/scripts/updateAllIngredients.ts(15,9): error TS2451: Cannot redeclare block-scoped variable 'updateGrains'.
src/scripts/updateAllIngredients.ts(16,9): error TS2451: Cannot redeclare block-scoped variable 'updateProteins'.
src/scripts/updateAllIngredients.ts(17,9): error TS2451: Cannot redeclare block-scoped variable 'updateSpices'.
src/scripts/updateAllIngredients.ts(18,9): error TS2451: Cannot redeclare block-scoped variable 'updateOils'.
src/scripts/updateAllIngredients.ts(19,9): error TS2451: Cannot redeclare block-scoped variable 'updateVinegars'.
src/scripts/updateAllIngredients.ts(34,7): error TS2451: Cannot redeclare block-scoped variable 'ALL_CATEGORIES'.
src/scripts/updateCookingMethodTypes.ts(11,40): error TS2307: Cannot find module '../types/constants' or its corresponding type declarations.
src/scripts/updateFruits.ts(8,7): error TS2451: Cannot redeclare block-scoped variable 'fs'.
src/scripts/updateFruits.ts(9,7): error TS2451: Cannot redeclare block-scoped variable 'path'.
src/scripts/updateFruits.ts(10,9): error TS2451: Cannot redeclare block-scoped variable 'glob'.
src/scripts/updateFruits.ts(11,7): error TS2451: Cannot redeclare block-scoped variable 'nodeFetch'.
src/scripts/updateFruits.ts(14,7): error TS2451: Cannot redeclare block-scoped variable 'USDA_API_BASE'.
src/scripts/updateFruits.ts(15,7): error TS2451: Cannot redeclare block-scoped variable 'USDA_API_KEY'.
src/scripts/updateFruits.ts(18,7): error TS2451: Cannot redeclare block-scoped variable 'CACHE_DIR'.
src/scripts/updateFruits.ts(24,7): error TS2451: Cannot redeclare block-scoped variable 'PROGRESS_FILE'.
src/scripts/updateFruits.ts(27,7): error TS2451: Cannot redeclare block-scoped variable 'NUTRIENT_IDS'.
src/scripts/updateFruits.ts(37,7): error TS2451: Cannot redeclare block-scoped variable 'CATEGORY'.
src/scripts/updateFruits.ts(40,7): error TS2451: Cannot redeclare block-scoped variable 'COMMON_INGREDIENTS'.
src/scripts/updateFruits.ts(97,7): error TS2451: Cannot redeclare block-scoped variable 'DEFAULT_ELEMENTAL_PROPERTIES'.
src/scripts/updateFruits.ts(104,5): error TS2451: Cannot redeclare block-scoped variable 'progress'.
src/scripts/updateFruits.ts(121,10): error TS2393: Duplicate function implementation.
src/scripts/updateFruits.ts(132,16): error TS2393: Duplicate function implementation.
src/scripts/updateFruits.ts(178,9): error TS2588: Cannot assign to 'waitTime' because it is a constant.
src/scripts/updateFruits.ts(179,9): error TS2588: Cannot assign to 'retries' because it is a constant.
src/scripts/updateFruits.ts(203,7): error TS2588: Cannot assign to 'waitTime' because it is a constant.
src/scripts/updateFruits.ts(204,7): error TS2588: Cannot assign to 'retries' because it is a constant.
src/scripts/updateFruits.ts(216,10): error TS2393: Duplicate function implementation.
src/scripts/updateFruits.ts(302,32): error TS2304: Cannot find name 'vitamins'.
src/scripts/updateFruits.ts(306,32): error TS2304: Cannot find name 'minerals'.
src/scripts/updateFruits.ts(333,10): error TS2393: Duplicate function implementation.
src/scripts/updateFruits.ts(342,16): error TS2393: Duplicate function implementation.
src/scripts/updateFruits.ts(389,7): error TS2779: The left-hand side of an assignment expression may not be an optional property access.
src/scripts/updateFruits.ts(429,9): error TS2588: Cannot assign to 'bestScore' because it is a constant.
src/scripts/updateFruits.ts(430,9): error TS2588: Cannot assign to 'bestMatch' because it is a constant.
src/scripts/updateFruits.ts(443,7): error TS2779: The left-hand side of an assignment expression may not be an optional property access.
src/scripts/updateFruits.ts(453,3): error TS2779: The left-hand side of an assignment expression may not be an optional property access.
src/scripts/updateFruits.ts(463,16): error TS2393: Duplicate function implementation.
src/scripts/updateFruits.ts(534,11): error TS2588: Cannot assign to 'nutritionStr' because it is a constant.
src/scripts/updateFruits.ts(540,9): error TS2588: Cannot assign to 'nutritionStr' because it is a constant.
src/scripts/updateFruits.ts(550,11): error TS2588: Cannot assign to 'modifiedContent' because it is a constant.
src/scripts/updateFruits.ts(561,11): error TS2588: Cannot assign to 'modifiedContent' because it is a constant.
src/scripts/updateFruits.ts(567,9): error TS2588: Cannot assign to 'madeChanges' because it is a constant.
src/scripts/updateFruits.ts(634,15): error TS2588: Cannot assign to 'nutritionStr' because it is a constant.
src/scripts/updateFruits.ts(640,13): error TS2588: Cannot assign to 'nutritionStr' because it is a constant.
src/scripts/updateFruits.ts(663,13): error TS2588: Cannot assign to 'modifiedContent' because it is a constant.
src/scripts/updateFruits.ts(668,13): error TS2588: Cannot assign to 'madeChanges' because it is a constant.
src/scripts/updateFruits.ts(669,13): error TS2588: Cannot assign to 'newIngredientsAdded' because it is a constant.
src/scripts/updateFruits.ts(684,7): error TS2779: The left-hand side of an assignment expression may not be an optional property access.
src/scripts/updateFruits.ts(691,7): error TS2779: The left-hand side of an assignment expression may not be an optional property access.
src/scripts/updateFruits.ts(705,16): error TS2451: Cannot redeclare block-scoped variable 'updateFruits'.
src/scripts/updateFruits.ts(751,7): error TS2588: Cannot assign to 'totalFiles' because it is a constant.
src/scripts/updateFruits.ts(753,20): error TS2588: Cannot assign to 'updatedFiles' because it is a constant.
src/scripts/updateFruits.ts(765,7): error TS2588: Cannot assign to 'totalFiles' because it is a constant.
src/scripts/updateFruits.ts(767,20): error TS2588: Cannot assign to 'updatedFiles' because it is a constant.
src/scripts/updateGrains.ts(8,7): error TS2451: Cannot redeclare block-scoped variable 'fs'.
src/scripts/updateGrains.ts(9,7): error TS2451: Cannot redeclare block-scoped variable 'path'.
src/scripts/updateGrains.ts(10,9): error TS2451: Cannot redeclare block-scoped variable 'glob'.
src/scripts/updateGrains.ts(11,7): error TS2451: Cannot redeclare block-scoped variable 'nodeFetch'.
src/scripts/updateGrains.ts(14,7): error TS2451: Cannot redeclare block-scoped variable 'USDA_API_BASE'.
src/scripts/updateGrains.ts(15,7): error TS2451: Cannot redeclare block-scoped variable 'USDA_API_KEY'.
src/scripts/updateGrains.ts(18,7): error TS2451: Cannot redeclare block-scoped variable 'CACHE_DIR'.
src/scripts/updateGrains.ts(24,7): error TS2451: Cannot redeclare block-scoped variable 'PROGRESS_FILE'.
src/scripts/updateGrains.ts(27,7): error TS2451: Cannot redeclare block-scoped variable 'NUTRIENT_IDS'.
src/scripts/updateGrains.ts(37,7): error TS2451: Cannot redeclare block-scoped variable 'CATEGORY'.
src/scripts/updateGrains.ts(40,7): error TS2451: Cannot redeclare block-scoped variable 'COMMON_INGREDIENTS'.
src/scripts/updateGrains.ts(91,7): error TS2451: Cannot redeclare block-scoped variable 'DEFAULT_ELEMENTAL_PROPERTIES'.
src/scripts/updateGrains.ts(98,5): error TS2451: Cannot redeclare block-scoped variable 'progress'.
src/scripts/updateGrains.ts(115,10): error TS2393: Duplicate function implementation.
src/scripts/updateGrains.ts(126,16): error TS2393: Duplicate function implementation.
src/scripts/updateGrains.ts(172,9): error TS2588: Cannot assign to 'waitTime' because it is a constant.
src/scripts/updateGrains.ts(173,9): error TS2588: Cannot assign to 'retries' because it is a constant.
src/scripts/updateGrains.ts(197,7): error TS2588: Cannot assign to 'waitTime' because it is a constant.
src/scripts/updateGrains.ts(198,7): error TS2588: Cannot assign to 'retries' because it is a constant.
src/scripts/updateGrains.ts(210,10): error TS2393: Duplicate function implementation.
src/scripts/updateGrains.ts(296,32): error TS2304: Cannot find name 'vitamins'.
src/scripts/updateGrains.ts(300,32): error TS2304: Cannot find name 'minerals'.
src/scripts/updateGrains.ts(327,10): error TS2393: Duplicate function implementation.
src/scripts/updateGrains.ts(336,16): error TS2393: Duplicate function implementation.
src/scripts/updateGrains.ts(383,7): error TS2779: The left-hand side of an assignment expression may not be an optional property access.
src/scripts/updateGrains.ts(423,9): error TS2588: Cannot assign to 'bestScore' because it is a constant.
src/scripts/updateGrains.ts(424,9): error TS2588: Cannot assign to 'bestMatch' because it is a constant.
src/scripts/updateGrains.ts(437,7): error TS2779: The left-hand side of an assignment expression may not be an optional property access.
src/scripts/updateGrains.ts(447,3): error TS2779: The left-hand side of an assignment expression may not be an optional property access.
src/scripts/updateGrains.ts(457,16): error TS2393: Duplicate function implementation.
src/scripts/updateGrains.ts(528,11): error TS2588: Cannot assign to 'nutritionStr' because it is a constant.
src/scripts/updateGrains.ts(534,9): error TS2588: Cannot assign to 'nutritionStr' because it is a constant.
src/scripts/updateGrains.ts(544,11): error TS2588: Cannot assign to 'modifiedContent' because it is a constant.
src/scripts/updateGrains.ts(555,11): error TS2588: Cannot assign to 'modifiedContent' because it is a constant.
src/scripts/updateGrains.ts(561,9): error TS2588: Cannot assign to 'madeChanges' because it is a constant.
src/scripts/updateGrains.ts(628,15): error TS2588: Cannot assign to 'nutritionStr' because it is a constant.
src/scripts/updateGrains.ts(634,13): error TS2588: Cannot assign to 'nutritionStr' because it is a constant.
src/scripts/updateGrains.ts(657,13): error TS2588: Cannot assign to 'modifiedContent' because it is a constant.
src/scripts/updateGrains.ts(662,13): error TS2588: Cannot assign to 'madeChanges' because it is a constant.
src/scripts/updateGrains.ts(663,13): error TS2588: Cannot assign to 'newIngredientsAdded' because it is a constant.
src/scripts/updateGrains.ts(678,7): error TS2779: The left-hand side of an assignment expression may not be an optional property access.
src/scripts/updateGrains.ts(685,7): error TS2779: The left-hand side of an assignment expression may not be an optional property access.
src/scripts/updateGrains.ts(699,16): error TS2451: Cannot redeclare block-scoped variable 'updateGrains'.
src/scripts/updateGrains.ts(745,7): error TS2588: Cannot assign to 'totalFiles' because it is a constant.
src/scripts/updateGrains.ts(747,20): error TS2588: Cannot assign to 'updatedFiles' because it is a constant.
src/scripts/updateGrains.ts(759,7): error TS2588: Cannot assign to 'totalFiles' because it is a constant.
src/scripts/updateGrains.ts(761,20): error TS2588: Cannot assign to 'updatedFiles' because it is a constant.
src/scripts/updateHerbs.ts(8,7): error TS2451: Cannot redeclare block-scoped variable 'fs'.
src/scripts/updateHerbs.ts(9,7): error TS2451: Cannot redeclare block-scoped variable 'path'.
src/scripts/updateHerbs.ts(10,9): error TS2451: Cannot redeclare block-scoped variable 'glob'.
src/scripts/updateHerbs.ts(11,7): error TS2451: Cannot redeclare block-scoped variable 'nodeFetch'.
src/scripts/updateHerbs.ts(14,7): error TS2451: Cannot redeclare block-scoped variable 'USDA_API_BASE'.
src/scripts/updateHerbs.ts(15,7): error TS2451: Cannot redeclare block-scoped variable 'USDA_API_KEY'.
src/scripts/updateHerbs.ts(18,7): error TS2451: Cannot redeclare block-scoped variable 'CACHE_DIR'.
src/scripts/updateHerbs.ts(24,7): error TS2451: Cannot redeclare block-scoped variable 'PROGRESS_FILE'.
src/scripts/updateHerbs.ts(27,7): error TS2451: Cannot redeclare block-scoped variable 'NUTRIENT_IDS'.
src/scripts/updateHerbs.ts(37,7): error TS2451: Cannot redeclare block-scoped variable 'CATEGORY'.
src/scripts/updateHerbs.ts(40,7): error TS2451: Cannot redeclare block-scoped variable 'COMMON_INGREDIENTS'.
src/scripts/updateHerbs.ts(95,7): error TS2451: Cannot redeclare block-scoped variable 'DEFAULT_ELEMENTAL_PROPERTIES'.
src/scripts/updateHerbs.ts(102,5): error TS2451: Cannot redeclare block-scoped variable 'progress'.
src/scripts/updateHerbs.ts(119,10): error TS2393: Duplicate function implementation.
src/scripts/updateHerbs.ts(130,16): error TS2393: Duplicate function implementation.
src/scripts/updateHerbs.ts(176,9): error TS2588: Cannot assign to 'waitTime' because it is a constant.
src/scripts/updateHerbs.ts(177,9): error TS2588: Cannot assign to 'retries' because it is a constant.
src/scripts/updateHerbs.ts(201,7): error TS2588: Cannot assign to 'waitTime' because it is a constant.
src/scripts/updateHerbs.ts(202,7): error TS2588: Cannot assign to 'retries' because it is a constant.
src/scripts/updateHerbs.ts(214,10): error TS2393: Duplicate function implementation.
src/scripts/updateHerbs.ts(300,32): error TS2304: Cannot find name 'vitamins'.
src/scripts/updateHerbs.ts(304,32): error TS2304: Cannot find name 'minerals'.
src/scripts/updateHerbs.ts(331,10): error TS2393: Duplicate function implementation.
src/scripts/updateHerbs.ts(340,16): error TS2393: Duplicate function implementation.
src/scripts/updateHerbs.ts(387,7): error TS2779: The left-hand side of an assignment expression may not be an optional property access.
src/scripts/updateHerbs.ts(427,9): error TS2588: Cannot assign to 'bestScore' because it is a constant.
src/scripts/updateHerbs.ts(428,9): error TS2588: Cannot assign to 'bestMatch' because it is a constant.
src/scripts/updateHerbs.ts(437,7): error TS2779: The left-hand side of an assignment expression may not be an optional property access.
src/scripts/updateHerbs.ts(447,3): error TS2779: The left-hand side of an assignment expression may not be an optional property access.
src/scripts/updateHerbs.ts(457,16): error TS2393: Duplicate function implementation.
src/scripts/updateHerbs.ts(482,7): error TS2779: The left-hand side of an assignment expression may not be an optional property access.
src/scripts/updateHerbs.ts(540,7): error TS2588: Cannot assign to 'actualIngredientsCount' because it is a constant.
src/scripts/updateHerbs.ts(582,11): error TS2588: Cannot assign to 'nutritionStr' because it is a constant.
src/scripts/updateHerbs.ts(588,9): error TS2588: Cannot assign to 'nutritionStr' because it is a constant.
src/scripts/updateHerbs.ts(598,11): error TS2588: Cannot assign to 'modifiedContent' because it is a constant.
src/scripts/updateHerbs.ts(609,11): error TS2588: Cannot assign to 'modifiedContent' because it is a constant.
src/scripts/updateHerbs.ts(615,9): error TS2588: Cannot assign to 'madeChanges' because it is a constant.
src/scripts/updateHerbs.ts(684,15): error TS2588: Cannot assign to 'nutritionStr' because it is a constant.
src/scripts/updateHerbs.ts(690,13): error TS2588: Cannot assign to 'nutritionStr' because it is a constant.
src/scripts/updateHerbs.ts(713,13): error TS2588: Cannot assign to 'modifiedContent' because it is a constant.
src/scripts/updateHerbs.ts(718,13): error TS2588: Cannot assign to 'madeChanges' because it is a constant.
src/scripts/updateHerbs.ts(719,13): error TS2588: Cannot assign to 'newIngredientsAdded' because it is a constant.
src/scripts/updateHerbs.ts(734,7): error TS2779: The left-hand side of an assignment expression may not be an optional property access.
src/scripts/updateHerbs.ts(741,7): error TS2779: The left-hand side of an assignment expression may not be an optional property access.
src/scripts/updateHerbs.ts(755,16): error TS2451: Cannot redeclare block-scoped variable 'updateHerbs'.
src/scripts/updateHerbs.ts(801,7): error TS2588: Cannot assign to 'totalFiles' because it is a constant.
src/scripts/updateHerbs.ts(803,20): error TS2588: Cannot assign to 'updatedFiles' because it is a constant.
src/scripts/updateHerbs.ts(815,7): error TS2588: Cannot assign to 'totalFiles' because it is a constant.
src/scripts/updateHerbs.ts(817,20): error TS2588: Cannot assign to 'updatedFiles' because it is a constant.
src/scripts/updateIngredientCategory.ts(9,7): error TS2451: Cannot redeclare block-scoped variable 'fs'.
src/scripts/updateIngredientCategory.ts(10,7): error TS2451: Cannot redeclare block-scoped variable 'path'.
src/scripts/updateIngredientCategory.ts(11,9): error TS2451: Cannot redeclare block-scoped variable 'glob'.
src/scripts/updateIngredientCategory.ts(12,7): error TS2451: Cannot redeclare block-scoped variable 'fetch'.
src/scripts/updateIngredientCategory.ts(15,7): error TS2451: Cannot redeclare block-scoped variable 'USDA_API_BASE'.
src/scripts/updateIngredientCategory.ts(16,7): error TS2451: Cannot redeclare block-scoped variable 'USDA_API_KEY'.
src/scripts/updateIngredientCategory.ts(19,7): error TS2451: Cannot redeclare block-scoped variable 'CACHE_DIR'.
src/scripts/updateIngredientCategory.ts(25,7): error TS2451: Cannot redeclare block-scoped variable 'PROGRESS_FILE'.
src/scripts/updateIngredientCategory.ts(28,7): error TS2451: Cannot redeclare block-scoped variable 'NUTRIENT_IDS'.
src/scripts/updateIngredientCategory.ts(38,7): error TS2451: Cannot redeclare block-scoped variable 'ALL_CATEGORIES'.
src/scripts/updateIngredientCategory.ts(181,7): error TS2451: Cannot redeclare block-scoped variable 'DEFAULT_ELEMENTAL_PROPERTIES'.
src/scripts/updateIngredientCategory.ts(195,5): error TS2451: Cannot redeclare block-scoped variable 'progress'.
src/scripts/updateIngredientCategory.ts(212,10): error TS2393: Duplicate function implementation.
src/scripts/updateIngredientCategory.ts(223,16): error TS2393: Duplicate function implementation.
src/scripts/updateIngredientCategory.ts(266,9): error TS2588: Cannot assign to 'waitTime' because it is a constant.
src/scripts/updateIngredientCategory.ts(267,9): error TS2588: Cannot assign to 'retries' because it is a constant.
src/scripts/updateIngredientCategory.ts(289,7): error TS2588: Cannot assign to 'waitTime' because it is a constant.
src/scripts/updateIngredientCategory.ts(290,7): error TS2588: Cannot assign to 'retries' because it is a constant.
src/scripts/updateIngredientCategory.ts(302,10): error TS2393: Duplicate function implementation.
src/scripts/updateIngredientCategory.ts(377,5): error TS2588: Cannot assign to 'vitamins' because it is a constant.
src/scripts/updateIngredientCategory.ts(382,5): error TS2588: Cannot assign to 'vitamins' because it is a constant.
src/scripts/updateIngredientCategory.ts(383,5): error TS2588: Cannot assign to 'antioxidants' because it is a constant.
src/scripts/updateIngredientCategory.ts(389,5): error TS2588: Cannot assign to 'vitamins' because it is a constant.
src/scripts/updateIngredientCategory.ts(394,5): error TS2588: Cannot assign to 'vitamins' because it is a constant.
src/scripts/updateIngredientCategory.ts(395,5): error TS2588: Cannot assign to 'antioxidants' because it is a constant.
src/scripts/updateIngredientCategory.ts(401,5): error TS2588: Cannot assign to 'vitamins' because it is a constant.
src/scripts/updateIngredientCategory.ts(406,5): error TS2588: Cannot assign to 'vitamins' because it is a constant.
src/scripts/updateIngredientCategory.ts(411,5): error TS2588: Cannot assign to 'vitamins' because it is a constant.
src/scripts/updateIngredientCategory.ts(416,5): error TS2588: Cannot assign to 'vitamins' because it is a constant.
src/scripts/updateIngredientCategory.ts(421,5): error TS2588: Cannot assign to 'vitamins' because it is a constant.
src/scripts/updateIngredientCategory.ts(426,5): error TS2588: Cannot assign to 'vitamins' because it is a constant.
src/scripts/updateIngredientCategory.ts(431,5): error TS2588: Cannot assign to 'vitamins' because it is a constant.
src/scripts/updateIngredientCategory.ts(438,5): error TS2588: Cannot assign to 'minerals' because it is a constant.
src/scripts/updateIngredientCategory.ts(443,5): error TS2588: Cannot assign to 'minerals' because it is a constant.
src/scripts/updateIngredientCategory.ts(448,5): error TS2588: Cannot assign to 'minerals' because it is a constant.
src/scripts/updateIngredientCategory.ts(453,5): error TS2588: Cannot assign to 'minerals' because it is a constant.
src/scripts/updateIngredientCategory.ts(458,5): error TS2588: Cannot assign to 'minerals' because it is a constant.
src/scripts/updateIngredientCategory.ts(463,5): error TS2588: Cannot assign to 'minerals' because it is a constant.
src/scripts/updateIngredientCategory.ts(468,5): error TS2588: Cannot assign to 'minerals' because it is a constant.
src/scripts/updateIngredientCategory.ts(473,5): error TS2588: Cannot assign to 'minerals' because it is a constant.
src/scripts/updateIngredientCategory.ts(478,5): error TS2588: Cannot assign to 'minerals' because it is a constant.
src/scripts/updateIngredientCategory.ts(483,5): error TS2588: Cannot assign to 'minerals' because it is a constant.
src/scripts/updateIngredientCategory.ts(501,10): error TS2393: Duplicate function implementation.
src/scripts/updateIngredientCategory.ts(510,16): error TS2393: Duplicate function implementation.
src/scripts/updateIngredientCategory.ts(547,9): error TS2588: Cannot assign to 'query' because it is a constant.
src/scripts/updateIngredientCategory.ts(561,7): error TS2779: The left-hand side of an assignment expression may not be an optional property access.
src/scripts/updateIngredientCategory.ts(570,5): error TS2588: Cannot assign to 'bestMatch' because it is a constant.
src/scripts/updateIngredientCategory.ts(573,7): error TS2588: Cannot assign to 'bestMatch' because it is a constant.
src/scripts/updateIngredientCategory.ts(577,7): error TS2588: Cannot assign to 'bestMatch' because it is a constant.
src/scripts/updateIngredientCategory.ts(588,5): error TS2779: The left-hand side of an assignment expression may not be an optional property access.
src/scripts/updateIngredientCategory.ts(604,16): error TS2393: Duplicate function implementation.
src/scripts/updateIngredientCategory.ts(675,11): error TS2588: Cannot assign to 'nutritionStr' because it is a constant.
src/scripts/updateIngredientCategory.ts(681,9): error TS2588: Cannot assign to 'nutritionStr' because it is a constant.
src/scripts/updateIngredientCategory.ts(691,11): error TS2588: Cannot assign to 'modifiedContent' because it is a constant.
src/scripts/updateIngredientCategory.ts(702,11): error TS2588: Cannot assign to 'modifiedContent' because it is a constant.
src/scripts/updateIngredientCategory.ts(708,9): error TS2588: Cannot assign to 'madeChanges' because it is a constant.
src/scripts/updateIngredientCategory.ts(778,15): error TS2588: Cannot assign to 'nutritionStr' because it is a constant.
src/scripts/updateIngredientCategory.ts(784,13): error TS2588: Cannot assign to 'nutritionStr' because it is a constant.
src/scripts/updateIngredientCategory.ts(807,13): error TS2588: Cannot assign to 'modifiedContent' because it is a constant.
src/scripts/updateIngredientCategory.ts(812,13): error TS2588: Cannot assign to 'madeChanges' because it is a constant.
src/scripts/updateIngredientCategory.ts(813,13): error TS2588: Cannot assign to 'newIngredientsAdded' because it is a constant.
src/scripts/updateIngredientCategory.ts(826,7): error TS2779: The left-hand side of an assignment expression may not be an optional property access.
src/scripts/updateIngredientCategory.ts(831,7): error TS2779: The left-hand side of an assignment expression may not be an optional property access.
src/scripts/updateIngredientCategory.ts(923,7): error TS2588: Cannot assign to 'totalFiles' because it is a constant.
src/scripts/updateIngredientCategory.ts(925,20): error TS2588: Cannot assign to 'updatedFiles' because it is a constant.
src/scripts/updateIngredientCategory.ts(937,7): error TS2588: Cannot assign to 'totalFiles' because it is a constant.
src/scripts/updateIngredientCategory.ts(939,20): error TS2588: Cannot assign to 'updatedFiles' because it is a constant.
src/scripts/updateLunarPhaseModifiers.ts(67,11): error TS2588: Cannot assign to 'results' because it is a constant.
src/scripts/updateLunarPhaseModifiers.ts(69,11): error TS2588: Cannot assign to 'totalProcessed' because it is a constant.
src/scripts/updateLunarPhaseModifiers.ts(70,11): error TS2588: Cannot assign to 'totalUpdated' because it is a constant.
src/scripts/updateLunarPhaseModifiers.ts(115,7): error TS2588: Cannot assign to 'processedIngredients' because it is a constant.
src/scripts/updateLunarPhaseModifiers.ts(122,7): error TS2588: Cannot assign to 'processedIngredients' because it is a constant.
src/scripts/updateLunarPhaseModifiers.ts(163,7): error TS2588: Cannot assign to 'processedIngredients' because it is a constant.
src/scripts/updateLunarPhaseModifiers.ts(176,5): error TS2588: Cannot assign to 'processedIngredients' because it is a constant.
src/scripts/updateLunarPhaseModifiers.ts(216,53): error TS2588: Cannot assign to 'openBrackets' because it is a constant.
src/scripts/updateLunarPhaseModifiers.ts(217,53): error TS2588: Cannot assign to 'openBrackets' because it is a constant.
src/scripts/updateLunarPhaseModifiers.ts(218,11): error TS2588: Cannot assign to 'closingIndex' because it is a constant.
src/scripts/updateLunarPhaseModifiers.ts(221,13): error TS2367: This comparison appears to be unintentional because the types '1' and '0' have no overlap.
src/scripts/updateLunarPhaseModifiers.ts(269,5): error TS2588: Cannot assign to 'result' because it is a constant.
src/scripts/updateLunarPhaseModifiers.ts(272,7): error TS2588: Cannot assign to 'result' because it is a constant.
src/scripts/updateLunarPhaseModifiers.ts(278,7): error TS2588: Cannot assign to 'result' because it is a constant.
src/scripts/updateLunarPhaseModifiers.ts(282,7): error TS2588: Cannot assign to 'result' because it is a constant.
src/scripts/updateLunarPhaseModifiers.ts(288,7): error TS2588: Cannot assign to 'result' because it is a constant.
src/scripts/updateLunarPhaseModifiers.ts(291,5): error TS2588: Cannot assign to 'result' because it is a constant.
src/scripts/updateLunarPhaseModifiers.ts(294,3): error TS2588: Cannot assign to 'result' because it is a constant.
src/scripts/updateOils.ts(8,7): error TS2451: Cannot redeclare block-scoped variable 'fs'.
src/scripts/updateOils.ts(9,7): error TS2451: Cannot redeclare block-scoped variable 'path'.
src/scripts/updateOils.ts(10,9): error TS2451: Cannot redeclare block-scoped variable 'glob'.
src/scripts/updateOils.ts(11,7): error TS2451: Cannot redeclare block-scoped variable 'nodeFetch'.
src/scripts/updateOils.ts(14,7): error TS2451: Cannot redeclare block-scoped variable 'USDA_API_BASE'.
src/scripts/updateOils.ts(15,7): error TS2451: Cannot redeclare block-scoped variable 'USDA_API_KEY'.
src/scripts/updateOils.ts(18,7): error TS2451: Cannot redeclare block-scoped variable 'CACHE_DIR'.
src/scripts/updateOils.ts(24,7): error TS2451: Cannot redeclare block-scoped variable 'PROGRESS_FILE'.
src/scripts/updateOils.ts(27,7): error TS2451: Cannot redeclare block-scoped variable 'NUTRIENT_IDS'.
src/scripts/updateOils.ts(37,7): error TS2451: Cannot redeclare block-scoped variable 'CATEGORY'.
src/scripts/updateOils.ts(40,7): error TS2451: Cannot redeclare block-scoped variable 'COMMON_INGREDIENTS'.
src/scripts/updateOils.ts(91,7): error TS2451: Cannot redeclare block-scoped variable 'DEFAULT_ELEMENTAL_PROPERTIES'.
src/scripts/updateOils.ts(98,5): error TS2451: Cannot redeclare block-scoped variable 'progress'.
src/scripts/updateOils.ts(115,10): error TS2393: Duplicate function implementation.
src/scripts/updateOils.ts(126,16): error TS2393: Duplicate function implementation.
src/scripts/updateOils.ts(172,9): error TS2588: Cannot assign to 'waitTime' because it is a constant.
src/scripts/updateOils.ts(173,9): error TS2588: Cannot assign to 'retries' because it is a constant.
src/scripts/updateOils.ts(197,7): error TS2588: Cannot assign to 'waitTime' because it is a constant.
src/scripts/updateOils.ts(198,7): error TS2588: Cannot assign to 'retries' because it is a constant.
src/scripts/updateOils.ts(210,10): error TS2393: Duplicate function implementation.
src/scripts/updateOils.ts(296,32): error TS2304: Cannot find name 'vitamins'.
src/scripts/updateOils.ts(300,32): error TS2304: Cannot find name 'minerals'.
src/scripts/updateOils.ts(327,10): error TS2393: Duplicate function implementation.
src/scripts/updateOils.ts(336,16): error TS2393: Duplicate function implementation.
src/scripts/updateOils.ts(383,7): error TS2779: The left-hand side of an assignment expression may not be an optional property access.
src/scripts/updateOils.ts(423,9): error TS2588: Cannot assign to 'bestScore' because it is a constant.
src/scripts/updateOils.ts(424,9): error TS2588: Cannot assign to 'bestMatch' because it is a constant.
src/scripts/updateOils.ts(437,7): error TS2779: The left-hand side of an assignment expression may not be an optional property access.
src/scripts/updateOils.ts(447,3): error TS2779: The left-hand side of an assignment expression may not be an optional property access.
src/scripts/updateOils.ts(457,16): error TS2393: Duplicate function implementation.
src/scripts/updateOils.ts(528,11): error TS2588: Cannot assign to 'nutritionStr' because it is a constant.
src/scripts/updateOils.ts(534,9): error TS2588: Cannot assign to 'nutritionStr' because it is a constant.
src/scripts/updateOils.ts(544,11): error TS2588: Cannot assign to 'modifiedContent' because it is a constant.
src/scripts/updateOils.ts(555,11): error TS2588: Cannot assign to 'modifiedContent' because it is a constant.
src/scripts/updateOils.ts(561,9): error TS2588: Cannot assign to 'madeChanges' because it is a constant.
src/scripts/updateOils.ts(628,15): error TS2588: Cannot assign to 'nutritionStr' because it is a constant.
src/scripts/updateOils.ts(634,13): error TS2588: Cannot assign to 'nutritionStr' because it is a constant.
src/scripts/updateOils.ts(657,13): error TS2588: Cannot assign to 'modifiedContent' because it is a constant.
src/scripts/updateOils.ts(662,13): error TS2588: Cannot assign to 'madeChanges' because it is a constant.
src/scripts/updateOils.ts(663,13): error TS2588: Cannot assign to 'newIngredientsAdded' because it is a constant.
src/scripts/updateOils.ts(678,7): error TS2779: The left-hand side of an assignment expression may not be an optional property access.
src/scripts/updateOils.ts(685,7): error TS2779: The left-hand side of an assignment expression may not be an optional property access.
src/scripts/updateOils.ts(699,16): error TS2451: Cannot redeclare block-scoped variable 'updateOils'.
src/scripts/updateOils.ts(745,7): error TS2588: Cannot assign to 'totalFiles' because it is a constant.
src/scripts/updateOils.ts(747,20): error TS2588: Cannot assign to 'updatedFiles' because it is a constant.
src/scripts/updateOils.ts(759,7): error TS2588: Cannot assign to 'totalFiles' because it is a constant.
src/scripts/updateOils.ts(761,20): error TS2588: Cannot assign to 'updatedFiles' because it is a constant.
src/scripts/updateOilsAndVinegars.ts(8,7): error TS2451: Cannot redeclare block-scoped variable 'fs'.
src/scripts/updateOilsAndVinegars.ts(9,7): error TS2451: Cannot redeclare block-scoped variable 'path'.
src/scripts/updateOilsAndVinegars.ts(12,7): error TS2451: Cannot redeclare block-scoped variable 'CACHE_DIR'.
src/scripts/updateOilsAndVinegars.ts(18,7): error TS2451: Cannot redeclare block-scoped variable 'PROGRESS_FILE'.
src/scripts/updateOilsAndVinegars.ts(21,7): error TS2451: Cannot redeclare block-scoped variable 'CATEGORIES'.
src/scripts/updateOilsAndVinegars.ts(95,5): error TS2451: Cannot redeclare block-scoped variable 'progress'.
src/scripts/updateOilsAndVinegars.ts(111,10): error TS2393: Duplicate function implementation.
src/scripts/updateOilsAndVinegars.ts(117,10): error TS2393: Duplicate function implementation.
src/scripts/updateOilsAndVinegars.ts(277,10): error TS2393: Duplicate function implementation.
src/scripts/updateOilsAndVinegars.ts(295,16): error TS2393: Duplicate function implementation.
src/scripts/updateOilsAndVinegars.ts(315,7): error TS2779: The left-hand side of an assignment expression may not be an optional property access.
src/scripts/updateOilsAndVinegars.ts(357,13): error TS2588: Cannot assign to 'updatedContent' because it is a constant.
src/scripts/updateOilsAndVinegars.ts(364,13): error TS2588: Cannot assign to 'updatedContent' because it is a constant.
src/scripts/updateOilsAndVinegars.ts(399,13): error TS2588: Cannot assign to 'updatedContent' because it is a constant.
src/scripts/updateOilsAndVinegars.ts(406,13): error TS2588: Cannot assign to 'updatedContent' because it is a constant.
src/scripts/updateOilsAndVinegars.ts(424,5): error TS2779: The left-hand side of an assignment expression may not be an optional property access.
src/scripts/updateProteins.ts(8,7): error TS2451: Cannot redeclare block-scoped variable 'fs'.
src/scripts/updateProteins.ts(9,7): error TS2451: Cannot redeclare block-scoped variable 'path'.
src/scripts/updateProteins.ts(10,9): error TS2451: Cannot redeclare block-scoped variable 'glob'.
src/scripts/updateProteins.ts(11,7): error TS2451: Cannot redeclare block-scoped variable 'nodeFetch'.
src/scripts/updateProteins.ts(14,7): error TS2451: Cannot redeclare block-scoped variable 'USDA_API_BASE'.
src/scripts/updateProteins.ts(15,7): error TS2451: Cannot redeclare block-scoped variable 'USDA_API_KEY'.
src/scripts/updateProteins.ts(18,7): error TS2451: Cannot redeclare block-scoped variable 'CACHE_DIR'.
src/scripts/updateProteins.ts(24,7): error TS2451: Cannot redeclare block-scoped variable 'PROGRESS_FILE'.
src/scripts/updateProteins.ts(27,7): error TS2451: Cannot redeclare block-scoped variable 'NUTRIENT_IDS'.
src/scripts/updateProteins.ts(37,7): error TS2451: Cannot redeclare block-scoped variable 'CATEGORY'.
src/scripts/updateProteins.ts(40,7): error TS2451: Cannot redeclare block-scoped variable 'COMMON_INGREDIENTS'.
src/scripts/updateProteins.ts(96,7): error TS2451: Cannot redeclare block-scoped variable 'DEFAULT_ELEMENTAL_PROPERTIES'.
src/scripts/updateProteins.ts(102,5): error TS2451: Cannot redeclare block-scoped variable 'progress'.
src/scripts/updateProteins.ts(119,10): error TS2393: Duplicate function implementation.
src/scripts/updateProteins.ts(130,16): error TS2393: Duplicate function implementation.
src/scripts/updateProteins.ts(176,9): error TS2588: Cannot assign to 'waitTime' because it is a constant.
src/scripts/updateProteins.ts(177,9): error TS2588: Cannot assign to 'retries' because it is a constant.
src/scripts/updateProteins.ts(201,7): error TS2588: Cannot assign to 'waitTime' because it is a constant.
src/scripts/updateProteins.ts(202,7): error TS2588: Cannot assign to 'retries' because it is a constant.
src/scripts/updateProteins.ts(214,10): error TS2393: Duplicate function implementation.
src/scripts/updateProteins.ts(303,32): error TS2304: Cannot find name 'vitamins'.
src/scripts/updateProteins.ts(307,32): error TS2304: Cannot find name 'minerals'.
src/scripts/updateProteins.ts(334,10): error TS2393: Duplicate function implementation.
src/scripts/updateProteins.ts(343,16): error TS2393: Duplicate function implementation.
src/scripts/updateProteins.ts(390,7): error TS2779: The left-hand side of an assignment expression may not be an optional property access.
src/scripts/updateProteins.ts(430,9): error TS2588: Cannot assign to 'bestScore' because it is a constant.
src/scripts/updateProteins.ts(431,9): error TS2588: Cannot assign to 'bestMatch' because it is a constant.
src/scripts/updateProteins.ts(444,7): error TS2779: The left-hand side of an assignment expression may not be an optional property access.
src/scripts/updateProteins.ts(454,3): error TS2779: The left-hand side of an assignment expression may not be an optional property access.
src/scripts/updateProteins.ts(464,16): error TS2393: Duplicate function implementation.
src/scripts/updateProteins.ts(524,45): error TS2339: Property 'serving_size_oz' does not exist on type '{ calories: number; protein_g: number; carbs_g: number; fat_g: number; fiber_g: number; sugar_g: number; vitamins: any[]; minerals: any[]; antioxidants: any[]; }'.
src/scripts/updateProteins.ts(536,11): error TS2588: Cannot assign to 'nutritionStr' because it is a constant.
src/scripts/updateProteins.ts(542,9): error TS2588: Cannot assign to 'nutritionStr' because it is a constant.
src/scripts/updateProteins.ts(552,11): error TS2588: Cannot assign to 'modifiedContent' because it is a constant.
src/scripts/updateProteins.ts(563,11): error TS2588: Cannot assign to 'modifiedContent' because it is a constant.
src/scripts/updateProteins.ts(569,9): error TS2588: Cannot assign to 'madeChanges' because it is a constant.
src/scripts/updateProteins.ts(625,45): error TS2339: Property 'serving_size_oz' does not exist on type '{ calories: number; protein_g: number; carbs_g: number; fat_g: number; fiber_g: number; sugar_g: number; vitamins: any[]; minerals: any[]; antioxidants: any[]; }'.
src/scripts/updateProteins.ts(637,15): error TS2588: Cannot assign to 'nutritionStr' because it is a constant.
src/scripts/updateProteins.ts(643,13): error TS2588: Cannot assign to 'nutritionStr' because it is a constant.
src/scripts/updateProteins.ts(666,13): error TS2588: Cannot assign to 'modifiedContent' because it is a constant.
src/scripts/updateProteins.ts(671,13): error TS2588: Cannot assign to 'madeChanges' because it is a constant.
src/scripts/updateProteins.ts(672,13): error TS2588: Cannot assign to 'newIngredientsAdded' because it is a constant.
src/scripts/updateProteins.ts(687,7): error TS2779: The left-hand side of an assignment expression may not be an optional property access.
src/scripts/updateProteins.ts(694,7): error TS2779: The left-hand side of an assignment expression may not be an optional property access.
src/scripts/updateProteins.ts(708,16): error TS2451: Cannot redeclare block-scoped variable 'updateProteins'.
src/scripts/updateProteins.ts(754,7): error TS2588: Cannot assign to 'totalFiles' because it is a constant.
src/scripts/updateProteins.ts(756,20): error TS2588: Cannot assign to 'updatedFiles' because it is a constant.
src/scripts/updateProteins.ts(768,7): error TS2588: Cannot assign to 'totalFiles' because it is a constant.
src/scripts/updateProteins.ts(770,20): error TS2588: Cannot assign to 'updatedFiles' because it is a constant.
src/scripts/updateSpices.ts(8,7): error TS2451: Cannot redeclare block-scoped variable 'fs'.
src/scripts/updateSpices.ts(9,7): error TS2451: Cannot redeclare block-scoped variable 'path'.
src/scripts/updateSpices.ts(10,9): error TS2451: Cannot redeclare block-scoped variable 'glob'.
src/scripts/updateSpices.ts(11,7): error TS2451: Cannot redeclare block-scoped variable 'nodeFetch'.
src/scripts/updateSpices.ts(14,7): error TS2451: Cannot redeclare block-scoped variable 'USDA_API_BASE'.
src/scripts/updateSpices.ts(15,7): error TS2451: Cannot redeclare block-scoped variable 'USDA_API_KEY'.
src/scripts/updateSpices.ts(18,7): error TS2451: Cannot redeclare block-scoped variable 'CACHE_DIR'.
src/scripts/updateSpices.ts(24,7): error TS2451: Cannot redeclare block-scoped variable 'PROGRESS_FILE'.
src/scripts/updateSpices.ts(27,7): error TS2451: Cannot redeclare block-scoped variable 'NUTRIENT_IDS'.
src/scripts/updateSpices.ts(37,7): error TS2451: Cannot redeclare block-scoped variable 'CATEGORY'.
src/scripts/updateSpices.ts(40,7): error TS2451: Cannot redeclare block-scoped variable 'COMMON_INGREDIENTS'.
src/scripts/updateSpices.ts(95,7): error TS2451: Cannot redeclare block-scoped variable 'DEFAULT_ELEMENTAL_PROPERTIES'.
src/scripts/updateSpices.ts(101,7): error TS2451: Cannot redeclare block-scoped variable 'progress'.
src/scripts/updateSpices.ts(118,10): error TS2393: Duplicate function implementation.
src/scripts/updateSpices.ts(129,16): error TS2393: Duplicate function implementation.
src/scripts/updateSpices.ts(175,9): error TS2588: Cannot assign to 'waitTime' because it is a constant.
src/scripts/updateSpices.ts(176,9): error TS2588: Cannot assign to 'retries' because it is a constant.
src/scripts/updateSpices.ts(200,7): error TS2588: Cannot assign to 'waitTime' because it is a constant.
src/scripts/updateSpices.ts(201,7): error TS2588: Cannot assign to 'retries' because it is a constant.
src/scripts/updateSpices.ts(213,10): error TS2393: Duplicate function implementation.
src/scripts/updateSpices.ts(330,10): error TS2393: Duplicate function implementation.
src/scripts/updateSpices.ts(339,16): error TS2393: Duplicate function implementation.
src/scripts/updateSpices.ts(386,7): error TS2779: The left-hand side of an assignment expression may not be an optional property access.
src/scripts/updateSpices.ts(404,9): error TS2588: Cannot assign to 'score' because it is a constant.
src/scripts/updateSpices.ts(412,9): error TS2588: Cannot assign to 'score' because it is a constant.
src/scripts/updateSpices.ts(417,9): error TS2588: Cannot assign to 'score' because it is a constant.
src/scripts/updateSpices.ts(423,7): error TS2588: Cannot assign to 'score' because it is a constant.
src/scripts/updateSpices.ts(426,9): error TS2588: Cannot assign to 'bestScore' because it is a constant.
src/scripts/updateSpices.ts(427,9): error TS2588: Cannot assign to 'bestMatch' because it is a constant.
src/scripts/updateSpices.ts(440,7): error TS2779: The left-hand side of an assignment expression may not be an optional property access.
src/scripts/updateSpices.ts(450,3): error TS2779: The left-hand side of an assignment expression may not be an optional property access.
src/scripts/updateSpices.ts(460,16): error TS2393: Duplicate function implementation.
src/scripts/updateSpices.ts(531,11): error TS2588: Cannot assign to 'nutritionStr' because it is a constant.
src/scripts/updateSpices.ts(537,9): error TS2588: Cannot assign to 'nutritionStr' because it is a constant.
src/scripts/updateSpices.ts(547,11): error TS2588: Cannot assign to 'modifiedContent' because it is a constant.
src/scripts/updateSpices.ts(558,11): error TS2588: Cannot assign to 'modifiedContent' because it is a constant.
src/scripts/updateSpices.ts(564,9): error TS2588: Cannot assign to 'madeChanges' because it is a constant.
src/scripts/updateSpices.ts(631,15): error TS2588: Cannot assign to 'nutritionStr' because it is a constant.
src/scripts/updateSpices.ts(637,13): error TS2588: Cannot assign to 'nutritionStr' because it is a constant.
src/scripts/updateSpices.ts(660,13): error TS2588: Cannot assign to 'modifiedContent' because it is a constant.
src/scripts/updateSpices.ts(665,13): error TS2588: Cannot assign to 'madeChanges' because it is a constant.
src/scripts/updateSpices.ts(666,13): error TS2588: Cannot assign to 'newIngredientsAdded' because it is a constant.
src/scripts/updateSpices.ts(681,7): error TS2779: The left-hand side of an assignment expression may not be an optional property access.
src/scripts/updateSpices.ts(688,7): error TS2779: The left-hand side of an assignment expression may not be an optional property access.
src/scripts/updateSpices.ts(702,16): error TS2451: Cannot redeclare block-scoped variable 'updateSpices'.
src/scripts/updateSpices.ts(748,7): error TS2588: Cannot assign to 'totalFiles' because it is a constant.
src/scripts/updateSpices.ts(750,20): error TS2588: Cannot assign to 'updatedFiles' because it is a constant.
src/scripts/updateSpices.ts(762,7): error TS2588: Cannot assign to 'totalFiles' because it is a constant.
src/scripts/updateSpices.ts(764,20): error TS2588: Cannot assign to 'updatedFiles' because it is a constant.
src/scripts/updateVegetables.ts(9,7): error TS2451: Cannot redeclare block-scoped variable 'fs'.
src/scripts/updateVegetables.ts(10,7): error TS2451: Cannot redeclare block-scoped variable 'path'.
src/scripts/updateVegetables.ts(13,7): error TS2451: Cannot redeclare block-scoped variable 'USDA_API_BASE'.
src/scripts/updateVegetables.ts(14,7): error TS2451: Cannot redeclare block-scoped variable 'USDA_API_KEY'.
src/scripts/updateVegetables.ts(17,7): error TS2451: Cannot redeclare block-scoped variable 'CACHE_DIR'.
src/scripts/updateVegetables.ts(23,7): error TS2451: Cannot redeclare block-scoped variable 'PROGRESS_FILE'.
src/scripts/updateVegetables.ts(26,7): error TS2451: Cannot redeclare block-scoped variable 'CATEGORY'.
src/scripts/updateVegetables.ts(82,7): error TS2451: Cannot redeclare block-scoped variable 'DEFAULT_ELEMENTAL_PROPERTIES'.
src/scripts/updateVegetables.ts(89,7): error TS2451: Cannot redeclare block-scoped variable 'progress'.
src/scripts/updateVegetables.ts(105,10): error TS2393: Duplicate function implementation.
src/scripts/updateVegetables.ts(111,10): error TS2393: Duplicate function implementation.
src/scripts/updateVegetables.ts(347,10): error TS2393: Duplicate function implementation.
src/scripts/updateVegetables.ts(378,16): error TS2393: Duplicate function implementation.
src/scripts/updateVegetables.ts(444,11): error TS2588: Cannot assign to 'hasChanges' because it is a constant.
src/scripts/updateVegetables.ts(448,9): error TS2779: The left-hand side of an assignment expression may not be an optional property access.
src/scripts/updateVegetables.ts(477,5): error TS2779: The left-hand side of an assignment expression may not be an optional property access.
src/scripts/updateVegetables.ts(487,16): error TS2451: Cannot redeclare block-scoped variable 'updateVegetables'.
src/scripts/updateVegetables.ts(494,5): error TS2322: Type '{ processedFiles: {}; processedIngredients: {}; lastUpdateTime: number; }' is not assignable to type '{ processedFiles: {}; processedIngredients: {}; requestsMade: number; lastRequestTime: number; }'.
  Object literal may only specify known properties, and 'lastUpdateTime' does not exist in type '{ processedFiles: {}; processedIngredients: {}; requestsMade: number; lastRequestTime: number; }'.
src/scripts/updateVinegars.ts(8,7): error TS2451: Cannot redeclare block-scoped variable 'fs'.
src/scripts/updateVinegars.ts(9,7): error TS2451: Cannot redeclare block-scoped variable 'path'.
src/scripts/updateVinegars.ts(10,9): error TS2451: Cannot redeclare block-scoped variable 'glob'.
src/scripts/updateVinegars.ts(11,7): error TS2451: Cannot redeclare block-scoped variable 'nodeFetch'.
src/scripts/updateVinegars.ts(14,7): error TS2451: Cannot redeclare block-scoped variable 'USDA_API_BASE'.
src/scripts/updateVinegars.ts(15,7): error TS2451: Cannot redeclare block-scoped variable 'USDA_API_KEY'.
src/scripts/updateVinegars.ts(18,7): error TS2451: Cannot redeclare block-scoped variable 'CACHE_DIR'.
src/scripts/updateVinegars.ts(24,7): error TS2451: Cannot redeclare block-scoped variable 'PROGRESS_FILE'.
src/scripts/updateVinegars.ts(27,7): error TS2451: Cannot redeclare block-scoped variable 'NUTRIENT_IDS'.
src/scripts/updateVinegars.ts(37,7): error TS2451: Cannot redeclare block-scoped variable 'CATEGORY'.
src/scripts/updateVinegars.ts(40,7): error TS2451: Cannot redeclare block-scoped variable 'COMMON_INGREDIENTS'.
src/scripts/updateVinegars.ts(91,7): error TS2451: Cannot redeclare block-scoped variable 'DEFAULT_ELEMENTAL_PROPERTIES'.
src/scripts/updateVinegars.ts(98,7): error TS2451: Cannot redeclare block-scoped variable 'progress'.
src/scripts/updateVinegars.ts(115,10): error TS2393: Duplicate function implementation.
src/scripts/updateVinegars.ts(126,16): error TS2393: Duplicate function implementation.
src/scripts/updateVinegars.ts(172,9): error TS2588: Cannot assign to 'waitTime' because it is a constant.
src/scripts/updateVinegars.ts(173,9): error TS2588: Cannot assign to 'retries' because it is a constant.
src/scripts/updateVinegars.ts(197,7): error TS2588: Cannot assign to 'waitTime' because it is a constant.
src/scripts/updateVinegars.ts(198,7): error TS2588: Cannot assign to 'retries' because it is a constant.
src/scripts/updateVinegars.ts(210,10): error TS2393: Duplicate function implementation.
src/scripts/updateVinegars.ts(327,10): error TS2393: Duplicate function implementation.
src/scripts/updateVinegars.ts(336,16): error TS2393: Duplicate function implementation.
src/scripts/updateVinegars.ts(383,7): error TS2779: The left-hand side of an assignment expression may not be an optional property access.
src/scripts/updateVinegars.ts(401,9): error TS2588: Cannot assign to 'score' because it is a constant.
src/scripts/updateVinegars.ts(409,9): error TS2588: Cannot assign to 'score' because it is a constant.
src/scripts/updateVinegars.ts(414,9): error TS2588: Cannot assign to 'score' because it is a constant.
src/scripts/updateVinegars.ts(420,7): error TS2588: Cannot assign to 'score' because it is a constant.
src/scripts/updateVinegars.ts(423,9): error TS2588: Cannot assign to 'bestScore' because it is a constant.
src/scripts/updateVinegars.ts(424,9): error TS2588: Cannot assign to 'bestMatch' because it is a constant.
src/scripts/updateVinegars.ts(437,7): error TS2779: The left-hand side of an assignment expression may not be an optional property access.
src/scripts/updateVinegars.ts(447,3): error TS2779: The left-hand side of an assignment expression may not be an optional property access.
src/scripts/updateVinegars.ts(457,16): error TS2393: Duplicate function implementation.
src/scripts/updateVinegars.ts(528,11): error TS2588: Cannot assign to 'nutritionStr' because it is a constant.
src/scripts/updateVinegars.ts(534,9): error TS2588: Cannot assign to 'nutritionStr' because it is a constant.
src/scripts/updateVinegars.ts(544,11): error TS2588: Cannot assign to 'modifiedContent' because it is a constant.
src/scripts/updateVinegars.ts(555,11): error TS2588: Cannot assign to 'modifiedContent' because it is a constant.
src/scripts/updateVinegars.ts(561,9): error TS2588: Cannot assign to 'madeChanges' because it is a constant.
src/scripts/updateVinegars.ts(628,15): error TS2588: Cannot assign to 'nutritionStr' because it is a constant.
src/scripts/updateVinegars.ts(634,13): error TS2588: Cannot assign to 'nutritionStr' because it is a constant.
src/scripts/updateVinegars.ts(657,13): error TS2588: Cannot assign to 'modifiedContent' because it is a constant.
src/scripts/updateVinegars.ts(662,13): error TS2588: Cannot assign to 'madeChanges' because it is a constant.
src/scripts/updateVinegars.ts(663,13): error TS2588: Cannot assign to 'newIngredientsAdded' because it is a constant.
src/scripts/updateVinegars.ts(678,7): error TS2779: The left-hand side of an assignment expression may not be an optional property access.
src/scripts/updateVinegars.ts(685,7): error TS2779: The left-hand side of an assignment expression may not be an optional property access.
src/scripts/updateVinegars.ts(699,16): error TS2451: Cannot redeclare block-scoped variable 'updateVinegars'.
src/scripts/updateVinegars.ts(745,7): error TS2588: Cannot assign to 'totalFiles' because it is a constant.
src/scripts/updateVinegars.ts(747,20): error TS2588: Cannot assign to 'updatedFiles' because it is a constant.
src/scripts/updateVinegars.ts(759,7): error TS2588: Cannot assign to 'totalFiles' because it is a constant.
src/scripts/updateVinegars.ts(761,20): error TS2588: Cannot assign to 'updatedFiles' because it is a constant.
src/services/adapters/FoodAlchemySystemAdapter.ts(11,10): error TS2300: Duplicate identifier 'Recipe'.
src/services/adapters/FoodAlchemySystemAdapter.ts(12,34): error TS2305: Module '"../FoodAlchemySystem"' has no exported member 'FoodCompatibility'.
src/services/adapters/FoodAlchemySystemAdapter.ts(12,58): error TS2305: Module '"../FoodAlchemySystem"' has no exported member 'SystemState'.
src/services/adapters/FoodAlchemySystemAdapter.ts(17,15): error TS2300: Duplicate identifier 'Recipe'.
src/services/adapters/FoodAlchemySystemAdapter.ts(110,36): error TS2339: Property 'sign' does not exist on type 'unknown'.
src/services/adapters/FoodAlchemySystemAdapter.ts(117,31): error TS2339: Property 'sign' does not exist on type 'unknown'.
src/services/adapters/FoodAlchemySystemAdapter.ts(117,72): error TS2339: Property 'sign' does not exist on type 'unknown'.
src/services/adapters/FoodAlchemySystemAdapter.ts(156,12): error TS2304: Cannot find name 'enhancedIngredientSystem'.
src/services/adapters/FoodAlchemySystemAdapter.ts(170,12): error TS2304: Cannot find name 'enhancedIngredientSystem'.
src/services/adapters/FoodAlchemySystemAdapter.ts(192,12): error TS2304: Cannot find name 'enhancedIngredientSystem'.
src/services/adapters/IngredientServiceAdapter.ts(11,34): error TS2305: Module '"../FoodAlchemySystem"' has no exported member 'SystemState'.
src/services/adapters/IngredientServiceAdapter.ts(84,19): error TS2339: Property 'currentSeason' does not exist on type '{ season?: Season; currentZodiacSign?: ZodiacSign; categories?: string[]; dietaryPreferences?: { isVegetarian?: boolean; isVegan?: boolean; isGlutenFree?: boolean; isDAiryFree?: boolean; }; maxResults?: number; }'.
src/services/adapters/IngredientServiceAdapter.ts(89,69): error TS2339: Property 'currentSeason' does not exist on type '{ season?: Season; currentZodiacSign?: ZodiacSign; categories?: string[]; dietaryPreferences?: { isVegetarian?: boolean; isVegan?: boolean; isGlutenFree?: boolean; isDAiryFree?: boolean; }; maxResults?: number; }'.
src/services/adapters/LegacyIngredientAdapter.ts(15,15): error TS2305: Module '"../../types"' has no exported member 'UnifiedIngredient'.
src/services/adapters/LegacyIngredientAdapter.ts(16,3): error TS2300: Duplicate identifier 'ElementalProperties'.
src/services/adapters/LegacyIngredientAdapter.ts(17,3): error TS2305: Module '"../../types"' has no exported member 'ThermodynamicMetrics'.
src/services/adapters/LegacyIngredientAdapter.ts(25,10): error TS2300: Duplicate identifier 'ElementalProperties'.
src/services/adapters/LegacyIngredientAdapter.ts(35,46): error TS2675: Cannot extend a class '"/Users/GregCastro/Desktop/WhatToEatNext/src/services/IngredientService".IngredientService'. Class constructor is marked as private.
src/services/adapters/LegacyRecipeAdapter.ts(12,10): error TS2300: Duplicate identifier 'Recipe'.
src/services/adapters/LegacyRecipeAdapter.ts(16,10): error TS2300: Duplicate identifier 'ElementalProperties'.
src/services/adapters/LegacyRecipeAdapter.ts(17,15): error TS2300: Duplicate identifier 'Recipe'.
src/services/adapters/LegacyRecipeAdapter.ts(19,15): error TS2300: Duplicate identifier 'ElementalProperties'.
src/services/adapters/LegacyRecipeAdapter.ts(60,7): error TS2322: Type 'import("/Users/GregCastro/Desktop/WhatToEatNext/src/types/alchemy").Recipe[]' is not assignable to type 'import("/Users/GregCastro/Desktop/WhatToEatNext/src/types/recipe").Recipe[]'.
  Type 'Recipe' is missing the following properties from type 'Recipe': instructions, servingSize
src/services/adapters/LegacyRecipeAdapter.ts(76,7): error TS2322: Type 'import("/Users/GregCastro/Desktop/WhatToEatNext/src/types/alchemy").Recipe[]' is not assignable to type 'import("/Users/GregCastro/Desktop/WhatToEatNext/src/types/recipe").Recipe[]'.
src/services/adapters/LegacyRecipeAdapter.ts(76,65): error TS2554: Expected 1 arguments, but got 2.
src/services/adapters/LegacyRecipeAdapter.ts(92,41): error TS2551: Property 'getRecipesByCuisine' does not exist on type 'UnifiedRecipeService'. Did you mean 'getRecipesForCuisine'?
src/services/adapters/LegacyRecipeAdapter.ts(96,7): error TS2740: Type 'ApiResponse<Recipe[]>' is missing the following properties from type 'Recipe[]': length, pop, push, concat, and 31 more.
src/services/adapters/LegacyRecipeAdapter.ts(96,59): error TS2345: Argument of type 'string' is not assignable to parameter of type 'GetRecipesByCuisineParams'.
src/services/adapters/LegacyRecipeAdapter.ts(105,41): error TS2551: Property 'getRecipesByZodiac' does not exist on type 'UnifiedRecipeService'. Did you mean 'getRecipeById'?
src/services/adapters/LegacyRecipeAdapter.ts(112,46): error TS2304: Cannot find name 'zodiacSign'.
src/services/adapters/LegacyRecipeAdapter.ts(123,41): error TS2339: Property 'getRecipesBySeason' does not exist on type 'UnifiedRecipeService'.
src/services/adapters/LegacyRecipeAdapter.ts(136,41): error TS2339: Property 'getRecipesByLunarPhase' does not exist on type 'UnifiedRecipeService'.
src/services/adapters/LegacyRecipeAdapter.ts(154,41): error TS2339: Property 'getRecipesByMealType' does not exist on type 'UnifiedRecipeService'.
src/services/adapters/LegacyRecipeAdapter.ts(177,72): error TS2554: Expected 1 arguments, but got 2.
src/services/adapters/LegacyRecipeAdapter.ts(182,7): error TS2322: Type '{ recipe: Recipe; score: number; }[]' is not assignable to type 'ScoredRecipe[]'.
  Type '{ recipe: Recipe; score: number; }' is missing the following properties from type 'ScoredRecipe': id, name, description, cuisine, and 5 more.
src/services/adapters/LegacyRecipeAdapter.ts(194,41): error TS2339: Property 'generateRecipe' does not exist on type 'UnifiedRecipeService'.
src/services/adapters/LegacyRecipeAdapter.ts(206,35): error TS2339: Property 'calculateElementalProperties' does not exist on type 'UnifiedRecipeService'.
src/services/adapters/LegacyRecipeAdapter.ts(220,28): error TS2339: Property 'clearCache' does not exist on type 'UnifiedRecipeService'.
src/services/adapters/LegacyRecommendationAdapter.ts(12,10): error TS2300: Duplicate identifier 'Recipe'.
src/services/adapters/LegacyRecommendationAdapter.ts(17,10): error TS2300: Duplicate identifier 'ElementalProperties'.
src/services/adapters/LegacyRecommendationAdapter.ts(18,15): error TS2300: Duplicate identifier 'Recipe'.
src/services/adapters/LegacyRecommendationAdapter.ts(20,15): error TS2300: Duplicate identifier 'ElementalProperties'.
src/services/adapters/LegacyRecommendationAdapter.ts(24,3): error TS2305: Module '"../../types"' has no exported member 'UnifiedIngredient'.
src/services/adapters/NutritionalDataAdapter.ts(23,10): error TS2300: Duplicate identifier 'ElementalProperties'.
src/services/adapters/NutritionalDataAdapter.ts(25,3): error TS2300: Duplicate identifier 'ElementalProperties'.
src/services/adapters/NutritionalDataAdapter.ts(95,9): error TS2345: Argument of type '{ context: string; action: string; foodName: string; }' is not assignable to parameter of type 'ErrorOptions'.
  Object literal may only specify known properties, and 'action' does not exist in type 'ErrorOptions'.
src/services/adapters/NutritionalDataAdapter.ts(111,9): error TS2345: Argument of type '{ context: string; action: string; }' is not assignable to parameter of type 'ErrorOptions'.
  Object literal may only specify known properties, and 'action' does not exist in type 'ErrorOptions'.
src/services/adapters/NutritionalDataAdapter.ts(141,9): error TS2345: Argument of type '{ context: string; action: string; }' is not assignable to parameter of type 'ErrorOptions'.
  Object literal may only specify known properties, and 'action' does not exist in type 'ErrorOptions'.
src/services/adapters/NutritionalDataAdapter.ts(158,78): error TS2339: Property 'toLowerCase' does not exist on type 'never'.
src/services/adapters/NutritionalDataAdapter.ts(164,73): error TS2339: Property 'elementalState' does not exist on type '{ elementalBalance: { [key: string]: number; }; focusNutrients: string[]; recommendedFoods: string[]; avoidFoods: string[]; }'.
src/services/adapters/NutritionalDataAdapter.ts(164,113): error TS2339: Property 'elementalState' does not exist on type '{ elementalBalance: { [key: string]: number; }; focusNutrients: string[]; recommendedFoods: string[]; avoidFoods: string[]; }'.
src/services/adapters/NutritionalDataAdapter.ts(164,154): error TS2339: Property 'elementalState' does not exist on type '{ elementalBalance: { [key: string]: number; }; focusNutrients: string[]; recommendedFoods: string[]; avoidFoods: string[]; }'.
src/services/adapters/NutritionalDataAdapter.ts(165,21): error TS2339: Property 'elementalState' does not exist on type '{ elementalBalance: { [key: string]: number; }; focusNutrients: string[]; recommendedFoods: string[]; avoidFoods: string[]; }'.
src/services/adapters/NutritionalDataAdapter.ts(177,9): error TS2345: Argument of type '{ context: string; action: string; sign: string; }' is not assignable to parameter of type 'ErrorOptions'.
  Object literal may only specify known properties, and 'action' does not exist in type 'ErrorOptions'.
src/services/adapters/NutritionalDataAdapter.ts(205,9): error TS2345: Argument of type '{ context: string; action: string; }' is not assignable to parameter of type 'ErrorOptions'.
  Object literal may only specify known properties, and 'action' does not exist in type 'ErrorOptions'.
src/services/adapters/NutritionalDataAdapter.ts(250,9): error TS2345: Argument of type '{ context: string; action: string; planetaryDay: string; planetaryHour: string; }' is not assignable to parameter of type 'ErrorOptions'.
  Object literal may only specify known properties, and 'action' does not exist in type 'ErrorOptions'.
src/services/adapters/NutritionalDataAdapter.ts(279,9): error TS2345: Argument of type '{ context: string; action: string; season: string; }' is not assignable to parameter of type 'ErrorOptions'.
  Object literal may only specify known properties, and 'action' does not exist in type 'ErrorOptions'.
src/services/adapters/NutritionalDataAdapter.ts(283,9): error TS2322: Type '""' is not assignable to type 'Element'.
src/services/adapters/NutritionalDataAdapter.ts(311,9): error TS2345: Argument of type '{ context: string; action: string; }' is not assignable to parameter of type 'ErrorOptions'.
  Object literal may only specify known properties, and 'action' does not exist in type 'ErrorOptions'.
src/services/adapters/UnifiedDataAdapter.ts(9,56): error TS2305: Module '"@/types/alchemy"' has no exported member 'IngredientSearchCriteria'.
src/services/AlchemicalEngine.ts(2,10): error TS2300: Duplicate identifier 'ElementalProperties'.
src/services/AlchemicalEngine.ts(5,3): error TS2300: Duplicate identifier 'ElementalProperties'.
src/services/AlchemicalEngine.ts(269,61): error TS2345: Argument of type '"Air" | "earth" | "fire" | "water"' is not assignable to parameter of type 'Element'.
  Type '"earth"' is not assignable to type 'Element'. Did you mean '"Earth"'?
src/services/AlchemicalEngine.ts(278,63): error TS2345: Argument of type '"Air" | "earth" | "fire" | "water"' is not assignable to parameter of type 'Element'.
src/services/AlchemicalRecommendationService.ts(2,15): error TS2300: Duplicate identifier 'ElementalProperties'.
src/services/AlchemicalRecommendationService.ts(8,3): error TS2305: Module '"../types"' has no exported member 'UnifiedIngredient'.
src/services/AlchemicalRecommendationService.ts(11,29): error TS2305: Module '"@/types/seasons"' has no exported member 'recipe'.
src/services/AlchemicalRecommendationService.ts(14,10): error TS2300: Duplicate identifier 'ElementalProperties'.
src/services/AlchemicalRecommendationService.ts(34,19): error TS2304: Cannot find name 'AlchemicalEngine'.
src/services/AlchemicalRecommendationService.ts(37,19): error TS2304: Cannot find name 'alchemicalEngine'.
src/services/AlchemicalRecommendationService.ts(96,63): error TS2339: Property 'name' does not exist on type 'CookingMethod'.
  Property 'name' does not exist on type '"baking"'.
src/services/AlchemicalRecommendationService.ts(137,18): error TS2339: Property 'elementalState' does not exist on type 'CookingMethod'.
  Property 'elementalState' does not exist on type '"baking"'.
src/services/AlchemicalService.ts(2,10): error TS2300: Duplicate identifier 'Recipe'.
src/services/AlchemicalService.ts(20,15): error TS2300: Duplicate identifier 'Recipe'.
src/services/AlchemicalService.ts(181,55): error TS2345: Argument of type 'string' is not assignable to parameter of type 'LunarPhaseWithSpaces'.
src/services/AlchemicalService.ts(364,7): error TS2322: Type '"fire" | ElementalCharacter' is not assignable to type 'ElementalCharacter'.
  Type '"fire"' is not assignable to type 'ElementalCharacter'. Did you mean '"Fire"'?
src/services/AlchemicalService.ts(365,7): error TS2322: Type '"spirit" | AlchemicalProperty' is not assignable to type 'AlchemicalProperty'.
  Type '"spirit"' is not assignable to type 'AlchemicalProperty'. Did you mean '"Spirit"'?
src/services/AlchemicalService.ts(379,5): error TS2322: Type '{ recipe: Recipe; compatibility: number; dominantElement: "fire"; dominantAlchemicalProperty: "spirit"; alchemicalScore: number; seasonalScore: number; ingredientMatchScore: number; cookingMethodScore: number; }[]' is not assignable to type 'OptimizedRecipeResult[]'.
  Type '{ recipe: Recipe; compatibility: number; dominantElement: "fire"; dominantAlchemicalProperty: "spirit"; alchemicalScore: number; seasonalScore: number; ingredientMatchScore: number; cookingMethodScore: number; }' is not assignable to type 'OptimizedRecipeResult'.
    Types of property 'dominantElement' are incompatible.
      Type '"fire"' is not assignable to type 'ElementalCharacter'. Did you mean '"Fire"'?
src/services/AlchemicalService.ts(404,7): error TS2322: Type 'keyof ElementalProperties' is not assignable to type 'string[]'.
  Type 'string' is not assignable to type 'string[]'.
src/services/AlchemicalService.ts(404,72): error TS2345: Argument of type 'ElementalProperties' is not assignable to parameter of type 'keyof ElementalProperties'.
src/services/AlchemicalService.ts(408,53): error TS2345: Argument of type 'string' is not assignable to parameter of type 'Element'.
src/services/AlchemicalService.ts(421,7): error TS2820: Type '"fire"' is not assignable to type 'ElementalCharacter'. Did you mean '"Fire"'?
src/services/AlchemicalService.ts(422,7): error TS2820: Type '"fire"' is not assignable to type 'ElementalCharacter'. Did you mean '"Fire"'?
src/services/AlchemicalService.ts(423,7): error TS2820: Type '"fire"' is not assignable to type 'ElementalCharacter'. Did you mean '"Fire"'?
src/services/AlchemicalService.ts(424,7): error TS2820: Type '"earth"' is not assignable to type 'ElementalCharacter'. Did you mean '"Earth"'?
src/services/AlchemicalService.ts(425,7): error TS2820: Type '"earth"' is not assignable to type 'ElementalCharacter'. Did you mean '"Earth"'?
src/services/AlchemicalService.ts(426,7): error TS2820: Type '"earth"' is not assignable to type 'ElementalCharacter'. Did you mean '"Earth"'?
src/services/AlchemicalService.ts(430,7): error TS2820: Type '"water"' is not assignable to type 'ElementalCharacter'. Did you mean '"Water"'?
src/services/AlchemicalService.ts(431,7): error TS2820: Type '"water"' is not assignable to type 'ElementalCharacter'. Did you mean '"Water"'?
src/services/AlchemicalService.ts(432,7): error TS2820: Type '"water"' is not assignable to type 'ElementalCharacter'. Did you mean '"Water"'?
src/services/AlchemicalService.ts(436,32): error TS2367: This comparison appears to be unintentional because the types 'ElementalCharacter' and '"fire"' have no overlap.
src/services/AlchemicalService.ts(436,71): error TS2367: This comparison appears to be unintentional because the types 'ElementalCharacter' and '"water"' have no overlap.
src/services/AlchemicalService.ts(436,111): error TS2367: This comparison appears to be unintentional because the types 'ElementalCharacter' and '"earth"' have no overlap.
src/services/AlchemicalService.ts(552,24): error TS2538: Type 'Element' cannot be used as an index type.
src/services/AstrologicalService.ts(25,10): error TS2300: Duplicate identifier 'PlanetaryAlignment'.
src/services/AstrologicalService.ts(25,10): error TS2440: Import declaration conflicts with local declaration of 'PlanetaryAlignment'.
src/services/AstrologicalService.ts(26,10): error TS2440: Import declaration conflicts with local declaration of 'AstrologicalState'.
src/services/AstrologicalService.ts(29,10): error TS2300: Duplicate identifier 'CelestialPosition'.
src/services/AstrologicalService.ts(32,3): error TS2300: Duplicate identifier 'CelestialPosition'.
src/services/AstrologicalService.ts(33,3): error TS2300: Duplicate identifier 'PlanetaryAlignment'.
src/services/AstrologicalService.ts(112,22): error TS2304: Cannot find name 'Modality'.
src/services/AstrologicalService.ts(115,13): error TS2304: Cannot find name 'PlanetaryAspect'.
src/services/AstrologicalService.ts(301,33): error TS2339: Property 'output' does not exist on type 'unknown'.
src/services/AstrologicalService.ts(477,14): error TS1308: 'await' expressions are only allowed within async functions and at the top levels of modules.
src/services/AstrologicalService.ts(513,51): error TS2322: Type 'string' is not assignable to type 'ZodiacSign'.
src/services/AstrologicalService.ts(514,19): error TS2322: Type 'MoonPhase' is not assignable to type 'LunarPhase'.
  Type '"new"' is not assignable to type 'LunarPhase'.
src/services/AstrologicalService.ts(536,51): error TS2322: Type 'string' is not assignable to type 'ZodiacSign'.
src/services/AstrologicalService.ts(537,19): error TS2322: Type 'MoonPhase' is not assignable to type 'LunarPhase'.
src/services/AstrologicalService.ts(554,40): error TS1308: 'await' expressions are only allowed within async functions and at the top levels of modules.
src/services/AstrologicalService.ts(559,47): error TS2322: Type 'string' is not assignable to type 'ZodiacSign'.
src/services/AstrologicalService.ts(560,15): error TS2322: Type 'MoonPhase' is not assignable to type 'LunarPhase'.
src/services/AstrologicalService.ts(810,14): error TS1308: 'await' expressions are only allowed within async functions and at the top levels of modules.
src/services/AstrologicalService.ts(813,14): error TS1308: 'await' expressions are only allowed within async functions and at the top levels of modules.
src/services/AstrologicalService.ts(868,7): error TS2820: Type '"full moon"' is not assignable to type 'LunarPhase'. Did you mean '"full Moon"'?
src/services/AstrologicalService.ts(900,54): error TS2339: Property 'sign' does not exist on type 'string | number | string[] | CelestialPosition | PlanetaryAspect[]'.
  Property 'sign' does not exist on type 'string'.
src/services/AstrologicalService.ts(921,59): error TS2554: Expected 0 arguments, but got 1.
src/services/AstrologicalService.ts(922,14): error TS2352: Conversion of type 'import("/Users/GregCastro/Desktop/WhatToEatNext/src/types/alchemy").Planet' to type 'import("/Users/GregCastro/Desktop/WhatToEatNext/src/types/celestial").Planet' may be a mistake because neither type sufficiently overlaps with the other. If this was intentional, convert the expression to 'unknown' first.
src/services/AstrologicalService.ts(925,7): error TS2820: Type '"sun"' is not assignable to type 'Planet'. Did you mean '"Sun"'?
src/services/AstrologicalService.ts(937,7): error TS2322: Type 'import("/Users/GregCastro/Desktop/WhatToEatNext/src/types/alchemy").Planet' is not assignable to type 'import("/Users/GregCastro/Desktop/WhatToEatNext/src/types/celestial").Planet'.
src/services/AstrologicalService.ts(940,7): error TS2820: Type '"sun"' is not assignable to type 'Planet'. Did you mean '"Sun"'?
src/services/AstrologicalService.ts(952,7): error TS2322: Type 'import("/Users/GregCastro/Desktop/WhatToEatNext/src/types/alchemy").Planet' is not assignable to type 'import("/Users/GregCastro/Desktop/WhatToEatNext/src/types/celestial").Planet'.
src/services/AstrologicalService.ts(955,7): error TS2820: Type '"sun"' is not assignable to type 'Planet'. Did you mean '"Sun"'?
src/services/AstrologicalService.ts(1022,9): error TS2739: Type 'Record<string, any>' is missing the following properties from type '{ positions: { [key: string]: CelestialPosition; }; retrogradeStatus: { [key: string]: boolean; }; sources: { [key: string]: string; }; }': positions, retrogradeStatus, sources
src/services/AstrologicalService.ts(1038,45): error TS2339: Property 'isRetrograde' does not exist on type 'string | number | string[] | CelestialPosition | PlanetaryAspect[]'.
  Property 'isRetrograde' does not exist on type 'string'.
src/services/AstrologicalService.ts(1059,9): error TS2739: Type '{ positions: PlanetaryAlignment; retrogradeStatus: { [key: string]: boolean; }; sources: { [key: string]: string; }; }' is missing the following properties from type 'AstrologicalState': sunSign, lunarPhase, activePlanets
src/services/AstrologicalService.ts(1063,7): error TS2322: Type '{ positions: PlanetaryAlignment; retrogradeStatus: { [key: string]: boolean; }; sources: { [key: string]: string; }; }' is not assignable to type '{ positions: { [key: string]: CelestialPosition; }; retrogradeStatus: { [key: string]: boolean; }; sources: { [key: string]: string; }; }'.
  Types of property 'positions' are incompatible.
    Type 'PlanetaryAlignment' is not assignable to type '{ [key: string]: CelestialPosition; }'.
      'string' index signatures are incompatible.
        Type 'string | number | string[] | CelestialPosition | PlanetaryAspect[]' is not assignable to type 'CelestialPosition'.
          Type 'string' has no properties in common with type 'CelestialPosition'.
src/services/AstrologicalService.ts(1078,9): error TS2322: Type 'PlanetaryAlignment' is not assignable to type '{ [key: string]: CelestialPosition; }'.
src/services/astrologizeApi.ts(65,62): error TS2339: Property 'latitude' does not exist on type 'number | { latitude: number; longitude: number; }'.
  Property 'latitude' does not exist on type 'number'.
src/services/astrologizeApi.ts(66,64): error TS2339: Property 'longitude' does not exist on type 'number | { latitude: number; longitude: number; }'.
  Property 'longitude' does not exist on type 'number'.
src/services/astrologyApi.ts(3,10): error TS2300: Duplicate identifier 'calculatePlanetaryPositions'.
src/services/astrologyApi.ts(8,10): error TS2440: Import declaration conflicts with local declaration of 'CelestialPosition'.
src/services/astrologyApi.ts(10,10): error TS2300: Duplicate identifier 'calculatePlanetaryPositions'.
src/services/astrologyApi.ts(70,13): error TS2322: Type '{ sunSign: ZodiacSign; moonPhase: string; planetaryPositions: { Sun: { sign: string; degree: number; minutes: number; isRetrograde?: boolean; }; moon: { sign: string; degree: number; minutes: number; isRetrograde?: boolean; }; ... 7 more ...; pluto: { ...; }; }; time: { ...; }; timestamp: number; }' is not assignable to type 'CelestialPosition'.
  Object literal may only specify known properties, and 'sunSign' does not exist in type 'CelestialPosition'.
src/services/astrologyApi.ts(96,34): error TS2304: Cannot find name 'AstrologicalService'.
src/services/astrologyApi.ts(100,13): error TS2322: Type '{ sunSign: any; moonPhase: any; planetaryPositions: any; time: { hours: number; minutes: number; }; timestamp: number; }' is not assignable to type 'CelestialPosition'.
  Object literal may only specify known properties, and 'sunSign' does not exist in type 'CelestialPosition'.
src/services/astrologyApi.ts(123,38): error TS2304: Cannot find name 'AstrologicalService'.
src/services/astrologyApi.ts(127,13): error TS2322: Type '{ sunSign: string; moonPhase: string; planetaryPositions: { Sun: { sign: string; degree: number; minutes: number; isRetrograde?: boolean; }; moon: { sign: string; degree: number; minutes: number; isRetrograde?: boolean; }; ... 7 more ...; pluto: { ...; }; }; time: { ...; }; timestamp: number; }' is not assignable to type 'CelestialPosition'.
  Object literal may only specify known properties, and 'sunSign' does not exist in type 'CelestialPosition'.
src/services/astrologyApi.ts(129,33): error TS1308: 'await' expressions are only allowed within async functions and at the top levels of modules.
src/services/astrologyApi.ts(141,13): error TS2322: Type '{ sunSign: ZodiacSign; moonPhase: string; planetaryPositions: { Sun: { sign: string; degree: number; minutes: number; isRetrograde?: boolean; }; moon: { sign: string; degree: number; minutes: number; isRetrograde?: boolean; }; ... 7 more ...; pluto: { ...; }; }; time: { ...; }; timestamp: number; }' is not assignable to type 'CelestialPosition'.
  Object literal may only specify known properties, and 'sunSign' does not exist in type 'CelestialPosition'.
src/services/astrologyApi.ts(143,33): error TS1308: 'await' expressions are only allowed within async functions and at the top levels of modules.
src/services/astrologyApi.ts(158,5): error TS2740: Type 'Record<string, PlanetPosition>' is missing the following properties from type '{ Sun: { sign: string; degree: number; minutes: number; isRetrograde?: boolean; }; moon: { sign: string; degree: number; minutes: number; isRetrograde?: boolean; }; mercury: { sign: string; degree: number; minutes: number; isRetrograde?: boolean; }; ... 6 more ...; pluto: { ...; }; }': Sun, moon, mercury, venus, and 6 more.
src/services/astrologyApi.ts(167,5): error TS2741: Property 'minutes' is missing in type '{ sign: string; degree: number; }' but required in type '{ sign: string; degree: number; minutes: number; isRetrograde?: boolean; }'.
src/services/astrologyApi.ts(199,78): error TS2551: Property 'DEFAULT_ELEMENTAL_PROPERTIES' does not exist on type '{ validateProperties: (properties: unknown) => properties is ElementalProperties; normalizeProperties: (properties: Partial<ElementalProperties>) => ElementalProperties; ... 10 more ...; getDefaultElementalProperties(): ElementalProperties; }'. Did you mean 'getDefaultElementalProperties'?
src/services/astrologyApi.ts(202,34): error TS2304: Cannot find name 'AstrologicalService'.
src/services/astrologyApi.ts(259,27): error TS2551: Property 'DEFAULT_ELEMENTAL_PROPERTIES' does not exist on type '{ validateProperties: (properties: unknown) => properties is ElementalProperties; normalizeProperties: (properties: Partial<ElementalProperties>) => ElementalProperties; ... 10 more ...; getDefaultElementalProperties(): ElementalProperties; }'. Did you mean 'getDefaultElementalProperties'?
src/services/astrologyApi.ts(298,114): error TS2551: Property 'DEFAULT_ELEMENTAL_PROPERTIES' does not exist on type '{ validateProperties: (properties: unknown) => properties is ElementalProperties; normalizeProperties: (properties: Partial<ElementalProperties>) => ElementalProperties; ... 10 more ...; getDefaultElementalProperties(): ElementalProperties; }'. Did you mean 'getDefaultElementalProperties'?
src/services/astrologyApi.ts(339,31): error TS2551: Property 'DEFAULT_ELEMENTAL_PROPERTIES' does not exist on type '{ validateProperties: (properties: unknown) => properties is ElementalProperties; normalizeProperties: (properties: Partial<ElementalProperties>) => ElementalProperties; ... 10 more ...; getDefaultElementalProperties(): ElementalProperties; }'. Did you mean 'getDefaultElementalProperties'?
src/services/AstrologyService.ts(1,10): error TS2300: Duplicate identifier 'PlanetaryAlignment'.
src/services/AstrologyService.ts(3,10): error TS2300: Duplicate identifier 'AstrologicalState'.
src/services/AstrologyService.ts(5,10): error TS2300: Duplicate identifier 'CelestialPosition'.
src/services/AstrologyService.ts(12,3): error TS2300: Duplicate identifier 'PlanetaryAlignment'.
src/services/AstrologyService.ts(13,3): error TS2300: Duplicate identifier 'CelestialPosition'.
src/services/AstrologyService.ts(17,3): error TS2300: Duplicate identifier 'AstrologicalState'.
src/services/AstrologyService.ts(46,5): error TS2322: Type '"new"' is not assignable to type 'LunarPhase'.
src/services/AstrologyService.ts(73,13): error TS2740: Type '{}' is missing the following properties from type 'Record<Planet, CelestialPosition>': Sun, Moon, Mercury, Venus, and 10 more.
src/services/AstrologyService.ts(92,7): error TS2741: Property 'Chiron' is missing in type 'PlanetaryAlignment' but required in type 'Record<Planet, CelestialPosition>'.
src/services/AstrologyService.ts(143,5): error TS2322: Type 'string' is not assignable to type 'Planet'.
src/services/AstrologyService.ts(175,13): error TS2739: Type '{ currentZodiac: ZodiacSign; moonPhase: LunarPhase; currentPlanetaryAlignment: PlanetaryAlignment; isDaytime: boolean; planetaryHour: Planet; loading: false; isReady: true; sunSign: "aries"; }' is missing the following properties from type 'AstrologicalState': lunarPhase, activePlanets
src/services/AstrologyService.ts(219,26): error TS2322: Type '"new"' is not assignable to type 'LunarPhase'.
src/services/AstrologyService.ts(223,27): error TS2322: Type '"full"' is not assignable to type 'LunarPhase'.
src/services/celestialCalculations.ts(5,35): error TS2300: Duplicate identifier 'ElementalProperties'.
src/services/celestialCalculations.ts(8,10): error TS2300: Duplicate identifier 'ElementalProperties'.
src/services/celestialCalculations.ts(9,10): error TS2440: Import declaration conflicts with local declaration of 'PlanetaryPosition'.
src/services/celestialCalculations.ts(10,10): error TS2440: Import declaration conflicts with local declaration of 'CelestialPosition'.
src/services/celestialCalculations.ts(197,26): error TS2304: Cannot find name 'currentZodiacSign'.
src/services/celestialCalculations.ts(229,9): error TS18004: No value exists in scope for the shorthand property 'currentZodiacSign'. Either declare one or provide an initializer.
src/services/celestialCalculations.ts(318,46): error TS2304: Cannot find name 'zodiacSign'.
src/services/celestialCalculations.ts(413,19): error TS2339: Property 'elementalState' does not exist on type 'Partial<CelestialAlignment>'.
src/services/celestialCalculations.ts(413,54): error TS2339: Property 'elementalState' does not exist on type 'Partial<CelestialAlignment>'.
src/services/celestialCalculations.ts(414,21): error TS2339: Property 'elementalState' does not exist on type 'CelestialAlignment'.
src/services/celestialCalculations.ts(414,48): error TS2339: Property 'elementalState' does not exist on type 'Partial<CelestialAlignment>'.
src/services/celestialCalculations.ts(610,9): error TS2322: Type '`expansive (${string} in ${string})`' is not assignable to type '"balanced" | "expansive" | "restricted"'.
src/services/celestialCalculations.ts(619,9): error TS2322: Type '`restricted (${string} in ${string})`' is not assignable to type '"balanced" | "expansive" | "restricted"'.
src/services/celestialCalculations.ts(626,7): error TS2322: Type '"moderate growth"' is not assignable to type '"balanced" | "expansive" | "restricted"'.
src/services/celestialCalculations.ts(629,9): error TS2322: Type '`moderate growth (in ${string})`' is not assignable to type '"balanced" | "expansive" | "restricted"'.
src/services/celestialCalculations.ts(640,9): error TS2322: Type '`restrictive (${string} in ${string})`' is not assignable to type '"balanced" | "restrictive" | "softened"'.
src/services/celestialCalculations.ts(649,9): error TS2322: Type '`softened (${string} in ${string})`' is not assignable to type '"balanced" | "restrictive" | "softened"'.
src/services/celestialCalculations.ts(656,7): error TS2322: Type '"structured"' is not assignable to type '"balanced" | "restrictive" | "softened"'.
src/services/celestialCalculations.ts(659,9): error TS2322: Type '`structured (in ${string})`' is not assignable to type '"balanced" | "restrictive" | "softened"'.
src/services/celestialCalculations.ts(668,7): error TS2322: Type '`expansive but tempered (in conjunction with Saturn in ${string})`' is not assignable to type '"balanced" | "expansive" | "restricted"'.
src/services/celestialCalculations.ts(669,7): error TS2322: Type '`restrictive but softened (in conjunction with Jupiter in ${string})`' is not assignable to type '"balanced" | "restrictive" | "softened"'.
src/services/celestialCalculations.ts(841,39): error TS2339: Property 'calculateLunarPhase' does not exist on type 'typeof import("/Users/GregCastro/Desktop/WhatToEatNext/src/utils/astronomiaCalculator")'.
src/services/celestialCalculations.ts(842,49): error TS2339: Property 'calculateLunarPhase' does not exist on type 'typeof import("/Users/GregCastro/Desktop/WhatToEatNext/src/utils/astronomiaCalculator")'.
src/services/celestialCalculations.ts(897,42): error TS2304: Cannot find name 'zodiacSign'.
src/services/celestialCalculations.ts(1094,59): error TS2339: Property 'elementalState' does not exist on type 'CelestialAlignment'.
src/services/celestialCalculations.ts(1336,38): error TS2339: Property 'elementalState' does not exist on type 'CelestialAlignment'.
src/services/celestialCalculations.ts(1337,40): error TS2339: Property 'elementalState' does not exist on type 'CelestialAlignment'.
src/services/celestialCalculations.ts(1338,45): error TS2339: Property 'elementalState' does not exist on type 'CelestialAlignment'.
src/services/celestialCalculations.ts(1339,40): error TS2339: Property 'elementalState' does not exist on type 'CelestialAlignment'.
src/services/celestialCalculations.ts(1339,80): error TS2339: Property 'elementalState' does not exist on type 'CelestialAlignment'.
src/services/celestialCalculations.ts(1340,40): error TS2339: Property 'elementalState' does not exist on type 'CelestialAlignment'.
src/services/celestialCalculations.ts(1341,39): error TS2339: Property 'elementalState' does not exist on type 'CelestialAlignment'.
src/services/celestialCalculations.ts(1341,80): error TS2339: Property 'elementalState' does not exist on type 'CelestialAlignment'.
src/services/celestialCalculations.ts(1342,39): error TS2339: Property 'elementalState' does not exist on type 'CelestialAlignment'.
src/services/celestialCalculations.ts(1401,21): error TS2551: Property 'Moon' does not exist on type 'Partial<CelestialData>'. Did you mean 'moon'?
src/services/celestialCalculations.ts(1403,21): error TS2339: Property 'currentSeason' does not exist on type 'Partial<CelestialData>'.
src/services/celestialCalculations.ts(1452,26): error TS2339: Property '_energyState' does not exist on type '{ element: string; energyState: string; } | { element: string; energyState: string; } | { element: string; energyState: string; } | { element: string; energyState: string; }'.
src/services/celestialCalculations.ts(1466,49): error TS2304: Cannot find name 'currentZodiacSign'.
src/services/ChakraService.ts(164,23): error TS2339: Property 'sign' does not exist on type '{ moonPhase?: string; sunSign?: string; }'.
src/services/ChakraService.ts(164,49): error TS2339: Property 'sign' does not exist on type '{ moonPhase?: string; sunSign?: string; }'.
src/services/ChakraService.ts(164,73): error TS2339: Property 'sign' does not exist on type '{ moonPhase?: string; sunSign?: string; }'.
src/services/ChakraService.ts(166,30): error TS2339: Property 'sign' does not exist on type '{ moonPhase?: string; sunSign?: string; }'.
src/services/ChakraService.ts(166,57): error TS2339: Property 'sign' does not exist on type '{ moonPhase?: string; sunSign?: string; }'.
src/services/ChakraService.ts(166,85): error TS2339: Property 'sign' does not exist on type '{ moonPhase?: string; sunSign?: string; }'.
src/services/ConsolidatedIngredientService.ts(248,20): error TS2339: Property 'currentSeason' does not exist on type 'IngredientFilter'.
src/services/ConsolidatedIngredientService.ts(248,44): error TS2339: Property 'currentSeason' does not exist on type 'IngredientFilter'.
src/services/ConsolidatedIngredientService.ts(249,64): error TS2339: Property 'currentSeason' does not exist on type 'IngredientFilter'.
src/services/ConsolidatedIngredientService.ts(569,36): error TS2322: Type '"fall"' is not assignable to type 'Season'.
src/services/ConsolidatedIngredientService.ts(580,44): error TS2339: Property 'gregsEnergy' does not exist on type 'ThermodynamicProperties'.
src/services/ConsolidatedIngredientService.ts(1015,61): error TS2304: Cannot find name 'zodiacSign'.
src/services/ConsolidatedIngredientService.ts(1371,11): error TS2322: Type '{ spirit: number; essence: number; matter: number; substance: number; }' is not assignable to type 'AlchemicalProperties'.
  Object literal may only specify known properties, and 'spirit' does not exist in type 'AlchemicalProperties'.
src/services/ConsolidatedIngredientService.ts(1380,17): error TS2339: Property 'Spirit' does not exist on type 'AlchemicalProperties'.
src/services/ConsolidatedIngredientService.ts(1380,25): error TS2339: Property 'Essence' does not exist on type 'AlchemicalProperties'.
src/services/ConsolidatedIngredientService.ts(1380,34): error TS2339: Property 'Matter' does not exist on type 'AlchemicalProperties'.
src/services/ConsolidatedIngredientService.ts(1380,42): error TS2339: Property 'Substance' does not exist on type 'AlchemicalProperties'.
src/services/ConsolidatedIngredientService.ts(1415,11): error TS2322: Type '{ spirit: number; essence: number; matter: number; substance: number; }' is not assignable to type 'AlchemicalProperties'.
  Object literal may only specify known properties, and 'spirit' does not exist in type 'AlchemicalProperties'.
src/services/ConsolidatedRecipeService.ts(12,10): error TS2300: Duplicate identifier 'Recipe'.
src/services/ConsolidatedRecipeService.ts(22,15): error TS2300: Duplicate identifier 'Recipe'.
src/services/ConsolidatedRecipeService.ts(25,10): error TS2300: Duplicate identifier 'ElementalProperties'.
src/services/ConsolidatedRecipeService.ts(26,15): error TS2300: Duplicate identifier 'ElementalProperties'.
src/services/ConsolidatedRecipeService.ts(63,9): error TS2416: Property 'getAllRecipes' in type 'ConsolidatedRecipeService' is not assignable to the same property in base type 'RecipeServiceInterface'.
  Type '() => Promise<Recipe[]>' is not assignable to type '() => Promise<ApiResponse<Recipe[]>>'.
    Type 'Promise<Recipe[]>' is not assignable to type 'Promise<ApiResponse<Recipe[]>>'.
      Property 'success' is missing in type 'Recipe[]' but required in type 'ApiResponse<Recipe[]>'.
src/services/ConsolidatedRecipeService.ts(65,20): error TS2304: Cannot find name 'LocalRecipeService'.
src/services/ConsolidatedRecipeService.ts(67,7): error TS2304: Cannot find name 'errorHandler'.
src/services/ConsolidatedRecipeService.ts(78,9): error TS2416: Property 'searchRecipes' in type 'ConsolidatedRecipeService' is not assignable to the same property in base type 'RecipeServiceInterface'.
  Type '(criteria: RecipeSearchCriteria, options?: RecipeRecommendationOptions) => Promise<Recipe[]>' is not assignable to type '(params: SearchRecipesParams) => Promise<ApiResponse<Recipe[]>>'.
    Types of parameters 'criteria' and 'params' are incompatible.
      Type 'SearchRecipesParams' has no properties in common with type 'RecipeSearchCriteria'.
src/services/ConsolidatedRecipeService.ts(84,36): error TS2304: Cannot find name 'unifiedRecipeService'.
src/services/ConsolidatedRecipeService.ts(89,7): error TS2304: Cannot find name 'errorHandler'.
src/services/ConsolidatedRecipeService.ts(101,9): error TS2416: Property 'getRecipesByCuisine' in type 'ConsolidatedRecipeService' is not assignable to the same property in base type 'RecipeServiceInterface'.
  Type '(cuisine: string) => Promise<Recipe[]>' is not assignable to type '(params: GetRecipesByCuisineParams) => Promise<ApiResponse<Recipe[]>>'.
    Types of parameters 'cuisine' and 'params' are incompatible.
      Type 'GetRecipesByCuisineParams' is not assignable to type 'string'.
src/services/ConsolidatedRecipeService.ts(103,20): error TS2304: Cannot find name 'LocalRecipeService'.
src/services/ConsolidatedRecipeService.ts(105,7): error TS2304: Cannot find name 'errorHandler'.
src/services/ConsolidatedRecipeService.ts(117,9): error TS2416: Property 'getRecipesByZodiac' in type 'ConsolidatedRecipeService' is not assignable to the same property in base type 'RecipeServiceInterface'.
  Type '(currentZodiacSign: ZodiacSign) => Promise<Recipe[]>' is not assignable to type '(params: GetRecipesByZodiacParams) => Promise<ApiResponse<Recipe[]>>'.
    Types of parameters 'currentZodiacSign' and 'params' are incompatible.
      Type 'GetRecipesByZodiacParams' is not assignable to type 'ZodiacSign'.
src/services/ConsolidatedRecipeService.ts(122,7): error TS2304: Cannot find name 'errorHandler'.
src/services/ConsolidatedRecipeService.ts(134,9): error TS2416: Property 'getRecipesBySeason' in type 'ConsolidatedRecipeService' is not assignable to the same property in base type 'RecipeServiceInterface'.
  Type '(season: Season) => Promise<Recipe[]>' is not assignable to type '(params: GetRecipesBySeasonParams) => Promise<ApiResponse<Recipe[]>>'.
    Types of parameters 'season' and 'params' are incompatible.
      Type 'GetRecipesBySeasonParams' is not assignable to type 'Season'.
src/services/ConsolidatedRecipeService.ts(139,7): error TS2304: Cannot find name 'errorHandler'.
src/services/ConsolidatedRecipeService.ts(151,9): error TS2416: Property 'getRecipesByLunarPhase' in type 'ConsolidatedRecipeService' is not assignable to the same property in base type 'RecipeServiceInterface'.
  Type '(lunarPhase: LunarPhaseWithSpaces) => Promise<Recipe[]>' is not assignable to type '(params: GetRecipesByLunarPhaseParams) => Promise<ApiResponse<Recipe[]>>'.
    Types of parameters 'lunarPhase' and 'params' are incompatible.
      Type 'GetRecipesByLunarPhaseParams' is not assignable to type 'LunarPhaseWithSpaces'.
src/services/ConsolidatedRecipeService.ts(156,7): error TS2304: Cannot find name 'errorHandler'.
src/services/ConsolidatedRecipeService.ts(168,9): error TS2416: Property 'getRecipesByMealType' in type 'ConsolidatedRecipeService' is not assignable to the same property in base type 'RecipeServiceInterface'.
  Type '(mealType: string) => Promise<Recipe[]>' is not assignable to type '(params: GetRecipesByMealTypeParams) => Promise<ApiResponse<Recipe[]>>'.
    Types of parameters 'mealType' and 'params' are incompatible.
      Type 'GetRecipesByMealTypeParams' is not assignable to type 'string'.
src/services/ConsolidatedRecipeService.ts(170,20): error TS2304: Cannot find name 'LocalRecipeService'.
src/services/ConsolidatedRecipeService.ts(172,7): error TS2304: Cannot find name 'errorHandler'.
src/services/ConsolidatedRecipeService.ts(184,9): error TS2416: Property 'getRecipesForPlanetaryAlignment' in type 'ConsolidatedRecipeService' is not assignable to the same property in base type 'RecipeServiceInterface'.
  Type '(planetaryInfluences: { [key: string]: number; }, minMatchScore?: number) => Promise<Recipe[]>' is not assignable to type '(params: GetRecipesForPlanetaryAlignmentParams) => Promise<ApiResponse<Recipe[]>>'.
    Types of parameters 'planetaryInfluences' and 'params' are incompatible.
      Type 'GetRecipesForPlanetaryAlignmentParams' is not assignable to type '{ [key: string]: number; }'.
        Index signature for type 'string' is missing in type 'GetRecipesForPlanetaryAlignmentParams'.
src/services/ConsolidatedRecipeService.ts(189,7): error TS2322: Type 'RecipeData[]' is not assignable to type 'Recipe[]'.
  Property 'elementalProperties' is missing in type 'RecipeData' but required in type 'Recipe'.
src/services/ConsolidatedRecipeService.ts(191,7): error TS2304: Cannot find name 'errorHandler'.
src/services/ConsolidatedRecipeService.ts(202,9): error TS2416: Property 'getRecipesForFlavorProfile' in type 'ConsolidatedRecipeService' is not assignable to the same property in base type 'RecipeServiceInterface'.
  Type '(flavorProfile: { [key: string]: number; }, minMatchScore?: number) => Promise<Recipe[]>' is not assignable to type '(params: GetRecipesForFlavorProfileParams) => Promise<ApiResponse<Recipe[]>>'.
    Types of parameters 'flavorProfile' and 'params' are incompatible.
      Type 'GetRecipesForFlavorProfileParams' is not assignable to type '{ [key: string]: number; }'.
        Index signature for type 'string' is missing in type 'GetRecipesForFlavorProfileParams'.
src/services/ConsolidatedRecipeService.ts(207,7): error TS2322: Type 'RecipeData[]' is not assignable to type 'Recipe[]'.
src/services/ConsolidatedRecipeService.ts(209,7): error TS2304: Cannot find name 'errorHandler'.
src/services/ConsolidatedRecipeService.ts(220,9): error TS2416: Property 'getBestRecipeMatches' in type 'ConsolidatedRecipeService' is not assignable to the same property in base type 'RecipeServiceInterface'.
  Type '(criteria: { cuisine?: string; flavorProfile?: { [key: string]: number; }; season?: Season; mealType?: string; ingredients?: string[]; dietaryPreferences?: string[]; }, limit?: number) => Promise<ScoredRecipe[]>' is not assignable to type '(params: GetBestRecipeMatchesParams) => Promise<ApiResponse<ScoredRecipe[]>>'.
    Types of parameters 'criteria' and 'params' are incompatible.
      Type 'GetBestRecipeMatchesParams' has no properties in common with type '{ cuisine?: string; flavorProfile?: { [key: string]: number; }; season?: Season; mealType?: string; ingredients?: string[]; dietaryPreferences?: string[]; }'.
src/services/ConsolidatedRecipeService.ts(232,7): error TS2322: Type 'RecipeData[]' is not assignable to type 'ScoredRecipe[]'.
  Type 'RecipeData' is missing the following properties from type 'ScoredRecipe': score, elementalProperties
src/services/ConsolidatedRecipeService.ts(234,7): error TS2304: Cannot find name 'errorHandler'.
src/services/ConsolidatedRecipeService.ts(246,9): error TS2416: Property 'generateRecipe' in type 'ConsolidatedRecipeService' is not assignable to the same property in base type 'RecipeServiceInterface'.
  Type '(criteria: RecipeSearchCriteria) => Promise<Recipe>' is not assignable to type '(params: GenerateRecipeParams) => Promise<ApiResponse<Recipe>>'.
    Types of parameters 'criteria' and 'params' are incompatible.
      Type 'GenerateRecipeParams' has no properties in common with type 'RecipeSearchCriteria'.
src/services/ConsolidatedRecipeService.ts(249,35): error TS2304: Cannot find name 'unifiedRecipeService'.
src/services/ConsolidatedRecipeService.ts(252,7): error TS2304: Cannot find name 'errorHandler'.
src/services/ConsolidatedRecipeService.ts(264,9): error TS2416: Property 'generateFusionRecipe' in type 'ConsolidatedRecipeService' is not assignable to the same property in base type 'RecipeServiceInterface'.
  Type '(cuisines: string[], criteria: RecipeSearchCriteria) => Promise<Recipe>' is not assignable to type '(params: GenerateFusionRecipeParams) => Promise<ApiResponse<Recipe>>'.
    Target signature provides too few arguments. Expected 2 or more, but got 1.
src/services/ConsolidatedRecipeService.ts(270,35): error TS2304: Cannot find name 'unifiedRecipeService'.
src/services/ConsolidatedRecipeService.ts(273,7): error TS2304: Cannot find name 'errorHandler'.
src/services/ConsolidatedRecipeService.ts(286,9): error TS2416: Property 'adaptRecipeForSeason' in type 'ConsolidatedRecipeService' is not assignable to the same property in base type 'RecipeServiceInterface'.
  Type '(recipe: Recipe, season?: Season) => Promise<Recipe>' is not assignable to type '(params: AdaptRecipeForSeasonParams) => Promise<ApiResponse<Recipe>>'.
    Types of parameters 'recipe' and 'params' are incompatible.
      Type 'AdaptRecipeForSeasonParams' is missing the following properties from type 'Recipe': id, name, description, cuisine, and 5 more.
src/services/ConsolidatedRecipeService.ts(291,35): error TS2304: Cannot find name 'unifiedRecipeService'.
src/services/ConsolidatedRecipeService.ts(294,7): error TS2304: Cannot find name 'errorHandler'.
src/services/ConsolidatedRecipeService.ts(309,14): error TS2304: Cannot find name 'recipeElementalService'.
src/services/ConsolidatedRecipeService.ts(323,14): error TS2304: Cannot find name 'recipeElementalService'.
src/services/ConsolidatedRecipeService.ts(336,31): error TS2304: Cannot find name 'recipeElementalService'.
src/services/ConsolidatedRecipeService.ts(337,31): error TS2304: Cannot find name 'recipeElementalService'.
src/services/ConsolidatedRecipeService.ts(339,14): error TS2304: Cannot find name 'recipeElementalService'.
src/services/ConsolidatedRecipeService.ts(351,5): error TS2304: Cannot find name 'LocalRecipeService'.
src/services/ConsolidatedRecommendationService.ts(34,26): error TS2304: Cannot find name 'ConsolidatedRecipeService'.
src/services/ConsolidatedRecommendationService.ts(35,30): error TS2304: Cannot find name 'ConsolidatedIngredientService'.
src/services/ConsolidatedRecommendationService.ts(41,26): error TS2304: Cannot find name 'ConsolidatedRecipeService'.
src/services/ConsolidatedRecommendationService.ts(42,30): error TS2304: Cannot find name 'ConsolidatedIngredientService'.
src/services/ConsolidatedRecommendationService.ts(66,20): error TS2339: Property 'elementalState' does not exist on type 'RecipeRecommendationCriteria'.
src/services/ConsolidatedRecommendationService.ts(71,22): error TS2339: Property 'elementalState' does not exist on type 'RecipeRecommendationCriteria'.
src/services/ConsolidatedRecommendationService.ts(116,47): error TS2339: Property 'elementalState' does not exist on type 'RecipeRecommendationCriteria'.
src/services/ConsolidatedRecommendationService.ts(118,22): error TS2339: Property 'elementalState' does not exist on type 'RecipeRecommendationCriteria'.
src/services/ConsolidatedRecommendationService.ts(166,20): error TS2339: Property 'elementalState' does not exist on type 'IngredientRecommendationCriteria'.
src/services/ConsolidatedRecommendationService.ts(171,22): error TS2339: Property 'elementalState' does not exist on type 'IngredientRecommendationCriteria'.
src/services/ConsolidatedRecommendationService.ts(200,20): error TS2339: Property 'currentSeason' does not exist on type 'IngredientRecommendationCriteria'.
src/services/ConsolidatedRecommendationService.ts(202,53): error TS2339: Property 'currentSeason' does not exist on type 'IngredientRecommendationCriteria'.
src/services/ConsolidatedRecommendationService.ts(210,61): error TS2339: Property 'elementalState' does not exist on type 'IngredientRecommendationCriteria'.
src/services/ConsolidatedRecommendationService.ts(212,22): error TS2339: Property 'elementalState' does not exist on type 'IngredientRecommendationCriteria'.
src/services/ConsolidatedRecommendationService.ts(256,28): error TS2339: Property 'elementalState' does not exist on type 'CuisineRecommendationCriteria'.
src/services/ConsolidatedRecommendationService.ts(298,9): error TS2416: Property 'getRecommendedCookingMethods' in type 'ConsolidatedRecommendationService' is not assignable to the same property in base type 'RecommendationServiceInterface'.
  Type '(criteria: import("/Users/GregCastro/Desktop/WhatToEatNext/src/services/interfaces/RecommendationServiceInterface").CookingMethodRecommendationCriteria) => Promise<import("/Users/GregCastro/Desktop/WhatToEatNext/src/services/interfaces/RecommendationServiceInterface").RecommendationResult<import("/Users/GregCastro/D...' is not assignable to type '(criteria: import("/Users/GregCastro/Desktop/WhatToEatNext/src/services/interfaces/RecommendationServiceInterface").CookingMethodRecommendationCriteria) => Promise<import("/Users/GregCastro/Desktop/WhatToEatNext/src/services/interfaces/RecommendationServiceInterface").RecommendationResult<import("/Users/GregCastro/D...'. Two different types with this name exist, but they are unrelated.
    Type 'Promise<import("/Users/GregCastro/Desktop/WhatToEatNext/src/services/interfaces/RecommendationServiceInterface").RecommendationResult<import("/Users/GregCastro/Desktop/WhatToEatNext/src/types/alchemy").CookingMethod>>' is not assignable to type 'Promise<import("/Users/GregCastro/Desktop/WhatToEatNext/src/services/interfaces/RecommendationServiceInterface").RecommendationResult<import("/Users/GregCastro/Desktop/WhatToEatNext/src/types/cooking").CookingMethod>>'.
      Type 'import("/Users/GregCastro/Desktop/WhatToEatNext/src/services/interfaces/RecommendationServiceInterface").RecommendationResult<import("/Users/GregCastro/Desktop/WhatToEatNext/src/types/alchemy").CookingMethod>' is not assignable to type 'import("/Users/GregCastro/Desktop/WhatToEatNext/src/services/interfaces/RecommendationServiceInterface").RecommendationResult<import("/Users/GregCastro/Desktop/WhatToEatNext/src/types/cooking").CookingMethod>'.
        Type 'string' is not assignable to type 'import("/Users/GregCastro/Desktop/WhatToEatNext/src/types/cooking").CookingMethod'.
          Type 'string' is not assignable to type 'CookingMethod'.
src/services/ConsolidatedRecommendationService.ts(302,9): error TS2345: Argument of type '{ elementalPreference: any; planetaryPositions: Record<string, { sign: string; degree: number; }>; limit: number; }' is not assignable to parameter of type 'AstrologicalState'.
  Object literal may only specify known properties, and 'elementalPreference' does not exist in type 'AstrologicalState'.
src/services/ConsolidatedRecommendationService.ts(302,39): error TS2339: Property 'elementalState' does not exist on type 'CookingMethodRecommendationCriteria'.
src/services/ConsolidatedRecommendationService.ts(308,64): error TS2339: Property 'name' does not exist on type 'MethodRecommendation'.
src/services/ConsolidatedRecommendationService.ts(313,23): error TS2339: Property 'name' does not exist on type 'MethodRecommendation'.
src/services/DirectRecipeService.ts(6,3): error TS2724: '"@/utils/elementalUtils"' has no exported member named 'calculateElementalCompatibility'. Did you mean 'calculateElementalAffinity'?
src/services/DirectRecipeService.ts(7,3): error TS2614: Module '"@/utils/elementalUtils"' has no exported member 'calculateThermodynamicProperties'. Did you mean to use 'import calculateThermodynamicProperties from "@/utils/elementalUtils"' instead?
src/services/DirectRecipeService.ts(167,17): error TS2339: Property 'elementalState' does not exist on type 'CelestialAlignment'.
src/services/DirectRecipeService.ts(174,17): error TS2339: Property 'elementalState' does not exist on type 'CelestialAlignment'.
src/services/DirectRecipeService.ts(199,42): error TS2339: Property 'thermodynamics' does not exist on type 'ThermodynamicMetrics'.
src/services/DirectRecipeService.ts(216,44): error TS2339: Property 'alchemicalProperties' does not exist on type 'Ingredient'.
src/services/DirectRecipeService.ts(217,65): error TS2339: Property 'alchemicalProperties' does not exist on type 'Ingredient'.
src/services/DirectRecipeService.ts(235,17): error TS2339: Property 'elementalState' does not exist on type 'CelestialAlignment'.
src/services/DirectRecipeService.ts(473,18): error TS2339: Property 'currentSeason' does not exist on type '{ cuisine?: string; season?: string; mealType?: string; ingredients?: string[]; elementalProperties?: { [key: string]: number; }; dietaryPreferences?: string[]; location?: { lat: number; lng: number; }; }'.
src/services/DirectRecipeService.ts(476,79): error TS2339: Property 'currentSeason' does not exist on type '{ cuisine?: string; season?: string; mealType?: string; ingredients?: string[]; elementalProperties?: { [key: string]: number; }; dietaryPreferences?: string[]; location?: { lat: number; lng: number; }; }'.
src/services/DirectRecipeService.ts(478,67): error TS2339: Property 'currentSeason' does not exist on type '{ cuisine?: string; season?: string; mealType?: string; ingredients?: string[]; elementalProperties?: { [key: string]: number; }; dietaryPreferences?: string[]; location?: { lat: number; lng: number; }; }'.
src/services/DirectRecipeService.ts(520,20): error TS2339: Property 'elementalState' does not exist on type '{ cuisine?: string; season?: string; mealType?: string; ingredients?: string[]; elementalProperties?: { [key: string]: number; }; dietaryPreferences?: string[]; location?: { lat: number; lng: number; }; }'.
src/services/DirectRecipeService.ts(522,20): error TS2339: Property 'elementalState' does not exist on type '{ cuisine?: string; season?: string; mealType?: string; ingredients?: string[]; elementalProperties?: { [key: string]: number; }; dietaryPreferences?: string[]; location?: { lat: number; lng: number; }; }'.
src/services/ElementalCalculator.ts(1,10): error TS2300: Duplicate identifier 'ElementalProperties'.
src/services/ElementalCalculator.ts(2,3): error TS2300: Duplicate identifier 'Recipe'.
src/services/ElementalCalculator.ts(6,3): error TS2300: Duplicate identifier 'Element'.
src/services/ElementalCalculator.ts(9,3): error TS2300: Duplicate identifier 'AstrologicalState'.
src/services/ElementalCalculator.ts(11,10): error TS2300: Duplicate identifier 'Recipe'.
src/services/ElementalCalculator.ts(17,10): error TS2300: Duplicate identifier 'Element'.
src/services/ElementalCalculator.ts(18,10): error TS2300: Duplicate identifier 'AstrologicalState'.
src/services/ElementalCalculator.ts(19,10): error TS2300: Duplicate identifier 'ElementalProperties'.
src/services/ElementalCalculator.ts(85,15): error TS2339: Property 'elementalState' does not exist on type 'Recipe | { elementalProperties: ElementalProperties; }'.
  Property 'elementalState' does not exist on type 'Recipe'.
src/services/ElementalCalculator.ts(99,15): error TS2339: Property 'elementalState' does not exist on type 'Recipe | { elementalProperties: ElementalProperties; }'.
  Property 'elementalState' does not exist on type 'Recipe'.
src/services/ElementalCalculator.ts(99,39): error TS2339: Property 'elementalState' does not exist on type 'Recipe | { elementalProperties: ElementalProperties; }'.
  Property 'elementalState' does not exist on type 'Recipe'.
src/services/ElementalCalculator.ts(235,11): error TS2393: Duplicate function implementation.
src/services/ElementalCalculator.ts(255,11): error TS2393: Duplicate function implementation.
src/services/ElementalCalculator.ts(290,11): error TS2393: Duplicate function implementation.
src/services/ElementalCalculator.ts(493,20): error TS2339: Property 'elementalPropertiesState' does not exist on type 'unknown'.
src/services/ElementalCalculator.ts(502,45): error TS2339: Property 'elementalPropertiesState' does not exist on type 'unknown'.
src/services/ElementalCalculator.ts(551,7): error TS2322: Type 'keyof ElementalProperties' is not assignable to type 'Element'.
  Type 'string' is not assignable to type 'Element'.
src/services/ElementalCalculator.ts(650,11): error TS2393: Duplicate function implementation.
src/services/ElementalCalculator.ts(669,3): error TS2393: Duplicate function implementation.
src/services/ElementalCalculator.ts(677,9): error TS2304: Cannot find name 'planetInfo'.
src/services/ElementalCalculator.ts(678,34): error TS2304: Cannot find name 'planetInfo'.
src/services/ElementalCalculator.ts(681,31): error TS2304: Cannot find name 'signInfo'.
src/services/ElementalCalculator.ts(686,34): error TS2304: Cannot find name 'planetInfo'.
src/services/ElementalCalculator.ts(687,36): error TS2304: Cannot find name 'planetInfo'.
src/services/ElementalCalculator.ts(699,3): error TS2393: Duplicate function implementation.
src/services/ElementalCalculator.ts(707,41): error TS2304: Cannot find name 'planetInfo'.
src/services/ElementalCalculator.ts(727,3): error TS2393: Duplicate function implementation.
src/services/ElementalCalculator.ts(737,8): error TS2304: Cannot find name 'planetInfo'.
src/services/ElementalCalculator.ts(737,22): error TS2304: Cannot find name 'planetInfo'.
src/services/ElementalCalculator.ts(757,3): error TS2393: Duplicate function implementation.
src/services/ElementalRecommendationService.ts(1,15): error TS2300: Duplicate identifier 'ElementalProperties'.
src/services/ElementalRecommendationService.ts(2,3): error TS2300: Duplicate identifier 'Recipe'.
src/services/ElementalRecommendationService.ts(5,10): error TS2300: Duplicate identifier 'Recipe'.
src/services/ElementalRecommendationService.ts(9,10): error TS2300: Duplicate identifier 'ElementalProperties'.
src/services/ElementalRecommendationService.ts(27,48): error TS2551: Property 'getComplementaryIngredients' does not exist on type '{ validateProperties: (properties: unknown) => properties is ElementalProperties; normalizeProperties: (properties: Partial<ElementalProperties>) => ElementalProperties; ... 10 more ...; getDefaultElementalProperties(): ElementalProperties; }'. Did you mean 'getComplementaryElement'?
src/services/ElementalRecommendationService.ts(28,38): error TS2339: Property 'getFlavorProfileRecommendations' does not exist on type '{ validateProperties: (properties: unknown) => properties is ElementalProperties; normalizeProperties: (properties: Partial<ElementalProperties>) => ElementalProperties; ... 10 more ...; getDefaultElementalProperties(): ElementalProperties; }'.
src/services/ElementalRecommendationService.ts(29,38): error TS2339: Property 'getHealthBenefits' does not exist on type '{ validateProperties: (properties: unknown) => properties is ElementalProperties; normalizeProperties: (properties: Partial<ElementalProperties>) => ElementalProperties; ... 10 more ...; getDefaultElementalProperties(): ElementalProperties; }'.
src/services/ElementalRecommendationService.ts(31,53): error TS2345: Argument of type 'string' is not assignable to parameter of type 'Element'.
src/services/ElementalRecommendationService.ts(110,24): error TS2538: Type 'Element' cannot be used as an index type.
src/services/EnhancedRecommendationService.ts(2,29): error TS2300: Duplicate identifier 'ElementalProperties'.
src/services/EnhancedRecommendationService.ts(9,10): error TS2305: Module '"../types/ingredient"' has no exported member 'EnhancedIngredient'.
src/services/EnhancedRecommendationService.ts(20,10): error TS2300: Duplicate identifier 'ElementalProperties'.
src/services/EnhancedRecommendationService.ts(86,26): error TS2304: Cannot find name 'ChakraService'.
src/services/EnhancedRecommendationService.ts(87,26): error TS2304: Cannot find name 'WiccanCorrespondenceService'.
src/services/EnhancedRecommendationService.ts(90,30): error TS2304: Cannot find name 'ChakraService'.
src/services/EnhancedRecommendationService.ts(91,30): error TS2304: Cannot find name 'WiccanCorrespondenceService'.
src/services/EnhancedRecommendationService.ts(124,30): error TS2339: Property 'slice' does not exist on type 'Promise<Ingredient[]>'.
src/services/EnhancedRecommendationService.ts(159,9): error TS2741: Property 'dailyCard' is missing in type '{ element: Element; foodElement: string; recommendedRecipes: string[]; cookingApproach: string; flavors: string[]; insights: string; }' but required in type '{ dailyCard: string; element: Element; cookingApproach: string; flavors: string[]; insights: string; }'.
src/services/EnhancedRecommendationService.ts(168,60): error TS2339: Property 'slice' does not exist on type 'Promise<Ingredient[]>'.
src/services/EnhancedRecommendationService.ts(188,11): error TS2820: Type '"fire"' is not assignable to type 'Element'. Did you mean '"Fire"'?
src/services/EnhancedRecommendationService.ts(203,19): error TS2304: Cannot find name 'ChakraEnergyState'.
src/services/EnhancedRecommendationService.ts(285,19): error TS2304: Cannot find name 'ChakraEnergyState'.
src/services/EnhancedRecommendationService.ts(326,58): error TS2339: Property 'element' does not exist on type '{}'.
src/services/EnhancedRecommendationService.ts(328,29): error TS2339: Property 'dailyCard' does not exist on type '{}'.
src/services/EnhancedRecommendationService.ts(329,32): error TS2339: Property 'element' does not exist on type '{}'.
src/services/EnhancedRecommendationService.ts(330,100): error TS2339: Property 'element' does not exist on type '{}'.
src/services/EnhancedRecommendationService.ts(385,20): error TS2339: Property 'elementalState' does not exist on type 'AstrologicalState'.
src/services/EnhancedRecommendationService.ts(386,54): error TS2339: Property 'elementalState' does not exist on type 'AstrologicalState'.
src/services/EnhancedRecommendationService.ts(409,5): error TS2740: Type 'Record<"Solar Plexus" | "Third Eye" | "Root" | "Sacral" | "Heart" | "Throat" | "Crown", number>' is missing the following properties from type 'ChakraEnergies': root, sacral, solarPlexus, heart, and 3 more.
src/services/EnhancedRecommendationService.ts(421,5): error TS2322: Type '{ sign: "aries" | "taurus" | "gemini" | "cancer" | "leo" | "virgo" | "libra" | "scorpio" | "sagittarius" | "capricorn" | "aquarius" | "pisces"; currentEnergy: number; baseEnergy: number; planetaryInfluence: number; lunarInfluence: number; }[]' is not assignable to type 'SignEnergyState[]'.
  Property 'planetaryModifiers' is missing in type '{ sign: "aries" | "taurus" | "gemini" | "cancer" | "leo" | "virgo" | "libra" | "scorpio" | "sagittarius" | "capricorn" | "aquarius" | "pisces"; currentEnergy: number; baseEnergy: number; planetaryInfluence: number; lunarInfluence: number; }' but required in type 'SignEnergyState'.
src/services/EnhancedRecommendationService.ts(585,11): error TS2322: Type '{ spirit: number; essence: number; matter: number; substance: number; }' is not assignable to type 'AlchemicalProperties'.
  Object literal may only specify known properties, and 'spirit' does not exist in type 'AlchemicalProperties'.
src/services/EnhancedRecommendationService.ts(588,9): error TS2739: Type '{ spring: number; summer: number; autumn: number; winter: number; }' is missing the following properties from type 'Record<Season, number>': fall, all
src/services/EnhancedRecommendationService.ts(637,39): error TS2339: Property 'elementalState' does not exist on type 'AstrologicalState'.
src/services/EnhancedRecommendationService.ts(652,67): error TS2365: Operator '+' cannot be applied to types 'unknown' and 'unknown'.
src/services/EnhancedRecommendationService.ts(653,11): error TS2365: Operator '>' cannot be applied to types 'unknown' and 'number'.
src/services/EnhancedRecommendationService.ts(655,72): error TS2363: The right-hand side of an arithmetic operation must be of type 'any', 'number', 'bigint' or an enum type.
src/services/EnhancedRecommendationService.ts(678,9): error TS2322: Type '{ spirit: number; essence: number; matter: number; substance: number; }' is not assignable to type 'AlchemicalProperties'.
  Object literal may only specify known properties, and 'spirit' does not exist in type 'AlchemicalProperties'.
src/services/EnhancedRecommendationService.ts(684,7): error TS2739: Type '{ spring: number; summer: number; autumn: number; winter: number; }' is missing the following properties from type 'Record<Season, number>': fall, all
src/services/errorHandler.ts(281,60): error TS2304: Cannot find name 'prop'.
src/services/index.ts(21,51): error TS2614: Module '"./AlchemicalEngine"' has no exported member 'AlchemicalTotals'. Did you mean to use 'import AlchemicalTotals from "./AlchemicalEngine"' instead?
src/services/index.ts(21,74): error TS2614: Module '"./AlchemicalEngine"' has no exported member 'ThermodynamicMetrics'. Did you mean to use 'import ThermodynamicMetrics from "./AlchemicalEngine"' instead?
src/services/IngredientFilterService.ts(135,18): error TS2339: Property 'currentSeason' does not exist on type 'IngredientFilter'.
src/services/IngredientFilterService.ts(135,42): error TS2339: Property 'currentSeason' does not exist on type 'IngredientFilter'.
src/services/IngredientFilterService.ts(136,62): error TS2339: Property 'currentSeason' does not exist on type 'IngredientFilter'.
src/services/IngredientFilterService.ts(539,27): error TS2339: Property 'image' does not exist on type 'SpoonacularRecipe'.
src/services/ingredientMappingService.ts(27,41): error TS2345: Argument of type 'import("/Users/GregCastro/Desktop/WhatToEatNext/src/types/recipe").Recipe' is not assignable to parameter of type 'import("/Users/GregCastro/Desktop/WhatToEatNext/src/types/alchemy").Recipe'.
  Type 'Recipe' is missing the following properties from type 'Recipe': cookingMethod, numberOfServings
src/services/ingredientMappingService.ts(65,31): error TS2339: Property 'currentSeason' does not exist on type '{ elementalTarget?: ElementalProperties; requiredIngredients?: string[]; excludedIngredients?: string[]; dietaryRestrictions?: string[]; emphasizedIngredients?: string[]; cuisineType?: string; mealType?: string; season?: string; }'.
src/services/ingredientMappingService.ts(66,20): error TS2339: Property 'currentSeason' does not exist on type '{ elementalTarget?: ElementalProperties; requiredIngredients?: string[]; excludedIngredients?: string[]; dietaryRestrictions?: string[]; emphasizedIngredients?: string[]; cuisineType?: string; mealType?: string; season?: string; }'.
src/services/ingredientMappingService.ts(137,30): error TS2339: Property 'elementalState' does not exist on type 'Ingredient'.
src/services/ingredientMappingService.ts(138,19): error TS2339: Property 'elementalState' does not exist on type 'Ingredient'.
src/services/ingredientMappingService.ts(146,30): error TS2339: Property 'elementalState' does not exist on type 'Ingredient'.
src/services/ingredientMappingService.ts(147,19): error TS2339: Property 'elementalState' does not exist on type 'Ingredient'.
src/services/ingredientMappingService.ts(189,16): error TS2339: Property 'elementalState' does not exist on type 'Ingredient | IngredientMapping'.
  Property 'elementalState' does not exist on type 'Ingredient'.
src/services/ingredientMappingService.ts(190,16): error TS2339: Property 'elementalState' does not exist on type 'Ingredient | IngredientMapping'.
  Property 'elementalState' does not exist on type 'Ingredient'.
src/services/IngredientService.ts(120,15): error TS2322: Type '{ spirit: any; essence: any; matter: any; substance: any; }' is not assignable to type 'AlchemicalProperties'.
  Object literal may only specify known properties, and 'spirit' does not exist in type 'AlchemicalProperties'.
src/services/IngredientService.ts(120,50): error TS2339: Property 'Spirit' does not exist on type '{ day: ThermodynamicProperties; night: ThermodynamicProperties; transformations: Record<CookingMethod, Partial<Record<Element, number>>>; }'.
src/services/IngredientService.ts(121,51): error TS2339: Property 'Essence' does not exist on type '{ day: ThermodynamicProperties; night: ThermodynamicProperties; transformations: Record<CookingMethod, Partial<Record<Element, number>>>; }'.
src/services/IngredientService.ts(122,50): error TS2339: Property 'Matter' does not exist on type '{ day: ThermodynamicProperties; night: ThermodynamicProperties; transformations: Record<CookingMethod, Partial<Record<Element, number>>>; }'.
src/services/IngredientService.ts(123,53): error TS2339: Property 'Substance' does not exist on type '{ day: ThermodynamicProperties; night: ThermodynamicProperties; transformations: Record<CookingMethod, Partial<Record<Element, number>>>; }'.
src/services/IngredientService.ts(258,65): error TS2345: Argument of type 'import("/Users/GregCastro/Desktop/WhatToEatNext/src/services/interfaces/IngredientServiceInterface").ElementalFilter' is not assignable to parameter of type 'import("/Users/GregCastro/Desktop/WhatToEatNext/src/types/elemental").ElementalFilter'.
  Types of property 'dominantElement' are incompatible.
    Type 'string' is not assignable to type 'Element'.
src/services/IngredientService.ts(267,36): error TS2339: Property 'currentSeason' does not exist on type 'IngredientFilter'.
src/services/IngredientService.ts(268,71): error TS2339: Property 'currentSeason' does not exist on type 'IngredientFilter'.
src/services/IngredientService.ts(406,20): error TS2551: Property 'minfire' does not exist on type 'ElementalFilter'. Did you mean 'minFire'?
src/services/IngredientService.ts(406,74): error TS2551: Property 'minfire' does not exist on type 'ElementalFilter'. Did you mean 'minFire'?
src/services/IngredientService.ts(410,20): error TS2551: Property 'maxfire' does not exist on type 'ElementalFilter'. Did you mean 'maxFire'?
src/services/IngredientService.ts(410,74): error TS2551: Property 'maxfire' does not exist on type 'ElementalFilter'. Did you mean 'maxFire'?
src/services/IngredientService.ts(415,20): error TS2551: Property 'minwater' does not exist on type 'ElementalFilter'. Did you mean 'minWater'?
src/services/IngredientService.ts(415,76): error TS2551: Property 'minwater' does not exist on type 'ElementalFilter'. Did you mean 'minWater'?
src/services/IngredientService.ts(419,20): error TS2551: Property 'maxwater' does not exist on type 'ElementalFilter'. Did you mean 'maxWater'?
src/services/IngredientService.ts(419,76): error TS2551: Property 'maxwater' does not exist on type 'ElementalFilter'. Did you mean 'maxWater'?
src/services/IngredientService.ts(424,20): error TS2551: Property 'minearth' does not exist on type 'ElementalFilter'. Did you mean 'minEarth'?
src/services/IngredientService.ts(424,76): error TS2551: Property 'minearth' does not exist on type 'ElementalFilter'. Did you mean 'minEarth'?
src/services/IngredientService.ts(428,20): error TS2551: Property 'maxearth' does not exist on type 'ElementalFilter'. Did you mean 'maxEarth'?
src/services/IngredientService.ts(428,76): error TS2551: Property 'maxearth' does not exist on type 'ElementalFilter'. Did you mean 'maxEarth'?
src/services/IngredientService.ts(819,57): error TS2345: Argument of type 'NutritionalProfile | {}' is not assignable to parameter of type 'NutritionData'.
  Type 'NutritionalProfile' is not assignable to type 'NutritionData'.
    Types of property 'vitamins' are incompatible.
      Type '{ [key: string]: number; }' is missing the following properties from type 'string[]': length, pop, push, concat, and 31 more.
src/services/IngredientService.ts(820,57): error TS2345: Argument of type 'NutritionalProfile | {}' is not assignable to parameter of type 'NutritionData'.
  Type 'NutritionalProfile' is not assignable to type 'NutritionData'.
src/services/IngredientService.ts(914,31): error TS2339: Property 'currentSeason' does not exist on type '{ elementalTarget?: ElementalProperties; requiredIngredients?: string[]; excludedIngredients?: string[]; dietaryRestrictions?: string[]; emphasizedIngredients?: string[]; cuisineType?: string; mealType?: string; season?: string; }'.
src/services/IngredientService.ts(915,20): error TS2339: Property 'currentSeason' does not exist on type '{ elementalTarget?: ElementalProperties; requiredIngredients?: string[]; excludedIngredients?: string[]; dietaryRestrictions?: string[]; emphasizedIngredients?: string[]; cuisineType?: string; mealType?: string; season?: string; }'.
src/services/IngredientService.ts(926,33): error TS2488: Type 'never' must have a '[Symbol.iterator]()' method that returns an iterator.
src/services/IngredientService.ts(1195,16): error TS2339: Property 'elementalState' does not exist on type '{ overallHarmony: number; elementalBalance: ElementalProperties; flavorProfile: Record<string, number>; strongPAirings: { ingredients: string[]; score: number; }[]; weakPAirings: { ...; }[]; }'.
src/services/IngredientService.ts(1287,11): error TS2322: Type '{ spirit: number; essence: number; matter: number; substance: number; }' is not assignable to type 'AlchemicalProperties'.
  Object literal may only specify known properties, and 'spirit' does not exist in type 'AlchemicalProperties'.
src/services/IngredientService.ts(1304,11): error TS2322: Type '{ spirit: number; essence: number; matter: number; substance: number; }' is not assignable to type 'AlchemicalProperties'.
  Object literal may only specify known properties, and 'spirit' does not exist in type 'AlchemicalProperties'.
src/services/IngredientService.ts(1320,19): error TS2339: Property 'Spirit' does not exist on type 'AlchemicalProperties'.
src/services/IngredientService.ts(1320,27): error TS2339: Property 'Essence' does not exist on type 'AlchemicalProperties'.
src/services/IngredientService.ts(1320,36): error TS2339: Property 'Matter' does not exist on type 'AlchemicalProperties'.
src/services/IngredientService.ts(1320,44): error TS2339: Property 'Substance' does not exist on type 'AlchemicalProperties'.
src/services/IngredientService.ts(1346,11): error TS2322: Type '{ spirit: number; essence: number; matter: number; substance: number; }' is not assignable to type 'AlchemicalProperties'.
  Object literal may only specify known properties, and 'spirit' does not exist in type 'AlchemicalProperties'.
src/services/IngredientService.ts(1689,36): error TS2322: Type '"fall"' is not assignable to type 'Season'.
src/services/initializationService.ts(2,32): error TS2300: Duplicate identifier 'Recipe'.
src/services/initializationService.ts(8,15): error TS2300: Duplicate identifier 'Recipe'.
src/services/initializationService.ts(52,45): error TS2339: Property 'reject' does not exist on type 'PromiseConstructor | Promise<InitializationResult>'.
  Property 'reject' does not exist on type 'Promise<InitializationResult>'.
src/services/initializationService.ts(85,21): error TS2339: Property 'updateState' does not exist on type 'StateManager'.
src/services/initializationService.ts(92,9): error TS2345: Argument of type '{ celestialPositions: { Sun: { sign: string; degree: number; exactLongitude: number; }; Moon: { sign: string; degree: number; exactLongitude: number; }; }; elementalPreference: ElementalProperties; ... 13 more ...; currentTime: Date; }' is not assignable to parameter of type 'ValidatableState'.
  Object literal may only specify known properties, and 'celestialPositions' does not exist in type 'ValidatableState'.
src/services/initializationService.ts(135,7): error TS2304: Cannot find name 'errorHandler'.
src/services/initializationService.ts(159,29): error TS2304: Cannot find name 'recipeData'.
src/services/initializationService.ts(183,14): error TS2304: Cannot find name 'celestialCalculator'.
src/services/initializationService.ts(191,5): error TS2322: Type '{ score: number; id: string; name: string; description?: string; cuisine?: string; ingredients: Ingredient[]; cookingMethod: CookingMethod; timeToMake: number; numberOfServings: number; ... 8 more ...; lunarPhaseInfluences?: LunarPhaseWithSpaces[]; }[]' is not assignable to type 'ScoredRecipe[]'.
  Type '{ score: number; id: string; name: string; description?: string; cuisine?: string; ingredients: Ingredient[]; cookingMethod: CookingMethod; timeToMake: number; numberOfServings: number; ... 8 more ...; lunarPhaseInfluences?: LunarPhaseWithSpaces[]; }' is missing the following properties from type 'ScoredRecipe': instructions, servingSize
src/services/initializationService.ts(199,41): error TS2339: Property 'elementalState' does not exist on type 'Recipe'.
src/services/initializationService.ts(200,41): error TS2362: The left-hand side of an arithmetic operation must be of type 'any', 'number', 'bigint' or an enum type.
src/services/initializationService.ts(203,39): error TS2339: Property 'elementalState' does not exist on type 'Recipe'.
src/services/interfaces/IngredientServiceInterface.ts(15,15): error TS2300: Duplicate identifier 'ElementalProperties'.
src/services/interfaces/IngredientServiceInterface.ts(25,10): error TS2300: Duplicate identifier 'ElementalProperties'.
src/services/interfaces/RecipeApiInterfaces.ts(1,10): error TS2300: Duplicate identifier 'Recipe'.
src/services/interfaces/RecipeApiInterfaces.ts(10,15): error TS2300: Duplicate identifier 'Recipe'.
src/services/interfaces/RecipeApiInterfaces.ts(13,10): error TS2300: Duplicate identifier 'ElementalProperties'.
src/services/interfaces/RecipeApiInterfaces.ts(14,15): error TS2300: Duplicate identifier 'ElementalProperties'.
src/services/interfaces/RecipeServiceInterface.ts(45,12): error TS2304: Cannot find name 'Season'.
src/services/interfaces/RecipeServiceInterface.ts(58,19): error TS2304: Cannot find name 'PlanetName'.
src/services/interfaces/RecipeServiceInterface.ts(59,16): error TS2304: Cannot find name 'LunarPhase'.
src/services/interfaces/RecipeServiceInterface.ts(60,23): error TS2304: Cannot find name 'ZodiacSign'.
src/services/interfaces/RecommendationServiceInterface.ts(6,38): error TS2307: Cannot find module '@/types/alchemical' or its corresponding type declarations.
src/services/LocalRecipeService.ts(98,11): error TS2430: Interface 'ExtendedCuisine' incorrectly extends interface 'Cuisine'.
  Types of property 'dishes' are incompatible.
    Type 'MealCollection | { dishes?: MealCollection; }' is not assignable to type 'CuisineDishes'.
      Type '{ dishes?: MealCollection; }' has no properties in common with type 'CuisineDishes'.
src/services/LocalRecipeService.ts(128,67): error TS2345: Argument of type 'Cuisine' is not assignable to parameter of type 'ExtendedCuisine'.
  Types of property 'dishes' are incompatible.
    Type 'CuisineDishes' is not assignable to type 'MealCollection | { dishes?: MealCollection; }'.
      Type 'CuisineDishes' is not assignable to type 'MealCollection'.
        Types of property 'breakfast' are incompatible.
          Type 'SeasonalDishes' is not assignable to type 'SeasonalDishCollection'.
            Index signature for type 'string' is missing in type 'SeasonalDishes'.
src/services/LocalRecipeService.ts(178,13): error TS2322: Type 'Cuisine' is not assignable to type 'ExtendedCuisine'.
src/services/LocalRecipeService.ts(181,13): error TS2322: Type 'Cuisine' is not assignable to type 'ExtendedCuisine'.
src/services/LocalRecipeService.ts(203,46): error TS2339: Property 'breakfast' does not exist on type 'MealCollection | { dishes?: MealCollection; }'.
  Property 'breakfast' does not exist on type '{ dishes?: MealCollection; }'.
src/services/LocalRecipeService.ts(204,42): error TS2339: Property 'lunch' does not exist on type 'MealCollection | { dishes?: MealCollection; }'.
  Property 'lunch' does not exist on type '{ dishes?: MealCollection; }'.
src/services/LocalRecipeService.ts(205,43): error TS2339: Property 'dinner' does not exist on type 'MealCollection | { dishes?: MealCollection; }'.
  Property 'dinner' does not exist on type '{ dishes?: MealCollection; }'.
src/services/LocalRecipeService.ts(206,44): error TS2339: Property 'dessert' does not exist on type 'MealCollection | { dishes?: MealCollection; }'.
  Property 'dessert' does not exist on type '{ dishes?: MealCollection; }'.
src/services/LocalRecipeService.ts(241,60): error TS2345: Argument of type 'Cuisine' is not assignable to parameter of type 'ExtendedCuisine'.
src/services/LocalRecipeService.ts(258,56): error TS2345: Argument of type 'Cuisine' is not assignable to parameter of type 'ExtendedCuisine'.
src/services/LocalRecipeService.ts(296,47): error TS2339: Property 'breakfast' does not exist on type 'MealCollection | { dishes?: MealCollection; }'.
  Property 'breakfast' does not exist on type '{ dishes?: MealCollection; }'.
src/services/LocalRecipeService.ts(297,43): error TS2339: Property 'lunch' does not exist on type 'MealCollection | { dishes?: MealCollection; }'.
  Property 'lunch' does not exist on type '{ dishes?: MealCollection; }'.
src/services/LocalRecipeService.ts(298,44): error TS2339: Property 'dinner' does not exist on type 'MealCollection | { dishes?: MealCollection; }'.
  Property 'dinner' does not exist on type '{ dishes?: MealCollection; }'.
src/services/LocalRecipeService.ts(299,45): error TS2339: Property 'dessert' does not exist on type 'MealCollection | { dishes?: MealCollection; }'.
  Property 'dessert' does not exist on type '{ dishes?: MealCollection; }'.
src/services/LocalRecipeService.ts(303,29): error TS2339: Property 'breakfast' does not exist on type 'MealCollection | { dishes?: MealCollection; }'.
  Property 'breakfast' does not exist on type '{ dishes?: MealCollection; }'.
src/services/LocalRecipeService.ts(304,83): error TS2339: Property 'breakfast' does not exist on type 'MealCollection | { dishes?: MealCollection; }'.
  Property 'breakfast' does not exist on type '{ dishes?: MealCollection; }'.
src/services/LocalRecipeService.ts(523,9): error TS2739: Type '{ [key: string]: number; }' is missing the following properties from type 'ElementalProperties': Fire, Water, Earth, Air
src/services/LocalRecipeService.ts(524,36): error TS2339: Property 'currentSeason' does not exist on type 'RawDish'.
src/services/LocalRecipeService.ts(524,58): error TS2339: Property 'currentSeason' does not exist on type 'RawDish'.
src/services/LocalRecipeService.ts(532,9): error TS2322: Type 'string[]' is not assignable to type 'ZodiacSign[]'.
  Type 'string' is not assignable to type 'ZodiacSign'.
src/services/LocalRecipeService.ts(533,9): error TS2322: Type 'string[]' is not assignable to type 'LunarPhaseWithSpaces[]'.
  Type 'string' is not assignable to type 'LunarPhaseWithSpaces'.
src/services/LocalRecipeService.ts(534,9): error TS2322: Type '{ favorable?: string[]; unfavorable?: string[]; }' is not assignable to type '{ favorable: string[]; unfavorable: string[]; }'.
  Property 'favorable' is optional in type '{ favorable?: string[]; unfavorable?: string[]; }' but required in type '{ favorable: string[]; unfavorable: string[]; }'.
src/services/LocalRecipeService.ts(543,9): error TS2322: Type 'string' is not assignable to type 'number | "mild" | "medium" | "hot" | "very hot"'.
src/services/LocalRecipeService.ts(549,7): error TS2741: Property 'servingSize' is missing in type '{ id: string; name: string; description: string; cuisine: string; ingredients: undefined[]; instructions: string[]; timeToMake: string; numberOfServings: number; elementalProperties: { Fire: number; Water: number; Earth: number; Air: number; }; }' but required in type 'Recipe'.
src/services/NutritionService.ts(6,24): error TS2304: Cannot find name 'FoodDataCentral'.
src/services/PerformanceCache.ts(266,5): error TS2779: The left-hand side of an assignment expression may not be an optional property access.
src/services/recipeData.ts(65,5): error TS2322: Type 'import("/Users/GregCastro/Desktop/WhatToEatNext/src/types/recipeIngredient").RecipeIngredient[]' is not assignable to type 'import("/Users/GregCastro/Desktop/WhatToEatNext/src/types/recipe").RecipeIngredient[]'.
  Type 'import("/Users/GregCastro/Desktop/WhatToEatNext/src/types/recipeIngredient").RecipeIngredient' is not assignable to type 'import("/Users/GregCastro/Desktop/WhatToEatNext/src/types/recipe").RecipeIngredient'.
    Types of property 'nutritionalProfile' are incompatible.
      Type '{ calories?: number; macros?: { protein?: number; carbs?: number; fat?: number; fiber?: number; sugars?: number; }; vitamins?: { [key: string]: number; }; minerals?: { [key: string]: number; }; phytonutrients?: { [key: string]: number; }; }' is not assignable to type '{ calories: number; macros: { protein: number; carbs: number; fat: number; fiber: number; }; vitamins?: { [key: string]: number; }; minerals?: { [key: string]: number; }; phytonutrients?: { [key: string]: number; }; }'.
        Property 'calories' is optional in type '{ calories?: number; macros?: { protein?: number; carbs?: number; fat?: number; fiber?: number; sugars?: number; }; vitamins?: { [key: string]: number; }; minerals?: { [key: string]: number; }; phytonutrients?: { [key: string]: number; }; }' but required in type '{ calories: number; macros: { protein: number; carbs: number; fat: number; fiber: number; }; vitamins?: { [key: string]: number; }; minerals?: { [key: string]: number; }; phytonutrients?: { [key: string]: number; }; }'.
src/services/recipeData.ts(70,26): error TS2304: Cannot find name 'recipeElementalService'.
src/services/recipeData.ts(121,47): error TS2304: Cannot find name 'recipeElementalService'.
src/services/recipeData.ts(298,38): error TS2339: Property 'elementalState' does not exist on type 'unknown'.
src/services/recipeData.ts(298,64): error TS2339: Property 'elementalProfile' does not exist on type 'unknown'.
src/services/recipeData.ts(302,28): error TS2304: Cannot find name 'recipeElementalService'.
src/services/recipeData.ts(303,30): error TS2339: Property 'cuisine' does not exist on type 'unknown'.
src/services/recipeData.ts(303,55): error TS2339: Property 'cuisine' does not exist on type 'unknown'.
src/services/recipeData.ts(304,36): error TS2339: Property 'cookingMethod' does not exist on type 'unknown'.
src/services/recipeData.ts(310,23): error TS2339: Property 'id' does not exist on type 'unknown'.
src/services/recipeData.ts(311,25): error TS2339: Property 'name' does not exist on type 'unknown'.
src/services/recipeData.ts(311,41): error TS2339: Property 'id' does not exist on type 'unknown'.
src/services/recipeData.ts(312,28): error TS2339: Property 'cuisine' does not exist on type 'unknown'.
src/services/recipeData.ts(312,53): error TS2339: Property 'cuisine' does not exist on type 'unknown'.
src/services/recipeData.ts(313,32): error TS2339: Property 'description' does not exist on type 'unknown'.
src/services/recipeData.ts(313,55): error TS2339: Property 'cuisine' does not exist on type 'unknown'.
src/services/recipeData.ts(315,46): error TS2339: Property 'ingredients' does not exist on type 'unknown'.
src/services/recipeData.ts(316,24): error TS2339: Property 'ingredients' does not exist on type 'unknown'.
src/services/recipeData.ts(317,27): error TS2339: Property 'name' does not exist on type 'unknown'.
src/services/recipeData.ts(318,36): error TS2339: Property 'amount' does not exist on type 'unknown'.
src/services/recipeData.ts(318,62): error TS2339: Property 'amount' does not exist on type 'unknown'.
src/services/recipeData.ts(319,27): error TS2339: Property 'unit' does not exist on type 'unknown'.
src/services/recipeData.ts(320,31): error TS2339: Property 'category' does not exist on type 'unknown'.
src/services/recipeData.ts(323,47): error TS2339: Property 'instructions' does not exist on type 'unknown'.
src/services/recipeData.ts(323,71): error TS2339: Property 'instructions' does not exist on type 'unknown'.
src/services/recipeData.ts(324,31): error TS2339: Property 'timeToMake' does not exist on type 'unknown'.
src/services/recipeData.ts(325,34): error TS2339: Property 'energyProfile' does not exist on type 'unknown'.
src/services/recipeData.ts(327,44): error TS2339: Property 'astrologicalInfluences' does not exist on type 'unknown'.
src/services/recipeData.ts(328,58): error TS2339: Property 'astrologicalInfluences' does not exist on type 'unknown'.
src/services/recipeData.ts(329,45): error TS2339: Property 'astrologicalInfluences' does not exist on type 'unknown'.
src/services/recipeData.ts(330,46): error TS2339: Property 'astrologicalInfluences' does not exist on type 'unknown'.
src/services/recipeData.ts(331,44): error TS2339: Property 'astrologicalProfile' does not exist on type 'unknown'.
src/services/recipeData.ts(332,60): error TS2339: Property 'astrologicalProfile' does not exist on type 'unknown'.
src/services/recipeData.ts(333,47): error TS2339: Property 'astrologicalProfile' does not exist on type 'unknown'.
src/services/recipeData.ts(334,48): error TS2339: Property 'astrologicalProfile' does not exist on type 'unknown'.
src/services/recipeData.ts(336,27): error TS2339: Property 'seasonalProperties' does not exist on type 'unknown'.
src/services/recipeData.ts(336,57): error TS2339: Property 'currentSeason' does not exist on type 'unknown'.
src/services/recipeData.ts(337,29): error TS2339: Property 'mealType' does not exist on type 'unknown'.
src/services/recipeData.ts(338,37): error TS2339: Property 'servings' does not exist on type 'unknown'.
src/services/recipeData.ts(366,34): error TS2304: Cannot find name 'recipeElementalService'.
src/services/recipeData.ts(409,7): error TS2304: Cannot find name 'errorHandler'.
src/services/recipeData.ts(461,7): error TS2304: Cannot find name 'errorHandler'.
src/services/recipeData.ts(482,7): error TS2304: Cannot find name 'errorHandler'.
src/services/recipeData.ts(503,7): error TS2304: Cannot find name 'errorHandler'.
src/services/recipeData.ts(531,7): error TS2304: Cannot find name 'errorHandler'.
src/services/recipeData.ts(582,21): error TS2339: Property 'currentSeason' does not exist on type '{ cuisine?: string; mealType?: string[]; season?: string[]; astrologicalInfluences?: string[]; isVegetarian?: boolean; isVegan?: boolean; isGlutenFree?: boolean; isDAiryFree?: boolean; }'.
src/services/recipeData.ts(582,46): error TS2339: Property 'currentSeason' does not exist on type '{ cuisine?: string; mealType?: string[]; season?: string[]; astrologicalInfluences?: string[]; isVegetarian?: boolean; isVegan?: boolean; isGlutenFree?: boolean; isDAiryFree?: boolean; }'.
src/services/recipeData.ts(589,44): error TS2339: Property 'currentSeason' does not exist on type '{ cuisine?: string; mealType?: string[]; season?: string[]; astrologicalInfluences?: string[]; isVegetarian?: boolean; isVegan?: boolean; isGlutenFree?: boolean; isDAiryFree?: boolean; }'.
src/services/recipeData.ts(637,7): error TS2304: Cannot find name 'errorHandler'.
src/services/RecipeElementalService.ts(43,30): error TS2304: Cannot find name 'ElementalCalculator'.
src/services/RecipeElementalService.ts(69,11): error TS2365: Operator '>' cannot be applied to types 'unknown' and 'number'.
src/services/RecipeElementalService.ts(70,9): error TS2322: Type 'unknown' is not assignable to type 'number'.
src/services/RecipeElementalService.ts(182,26): error TS2551: Property 'elementalPropertiesState' does not exist on type 'RecipeIngredient'. Did you mean 'elementalProperties'?
src/services/RecipeElementalService.ts(184,48): error TS2551: Property 'elementalPropertiesState' does not exist on type 'RecipeIngredient'. Did you mean 'elementalProperties'?
src/services/RecipeElementalService.ts(185,49): error TS2551: Property 'elementalPropertiesState' does not exist on type 'RecipeIngredient'. Did you mean 'elementalProperties'?
src/services/RecipeElementalService.ts(186,49): error TS2551: Property 'elementalPropertiesState' does not exist on type 'RecipeIngredient'. Did you mean 'elementalProperties'?
src/services/RecipeElementalService.ts(187,47): error TS2551: Property 'elementalPropertiesState' does not exist on type 'RecipeIngredient'. Did you mean 'elementalProperties'?
src/services/RecipeFinder.ts(12,10): error TS2300: Duplicate identifier 'Recipe'.
src/services/RecipeFinder.ts(15,15): error TS2300: Duplicate identifier 'Recipe'.
src/services/RecipeFinder.ts(18,10): error TS2300: Duplicate identifier 'ElementalProperties'.
src/services/RecipeFinder.ts(19,15): error TS2300: Duplicate identifier 'ElementalProperties'.
src/services/RecipeFinder.ts(34,26): error TS2304: Cannot find name 'ConsolidatedRecipeService'.
src/services/RecipeFinder.ts(40,26): error TS2304: Cannot find name 'ConsolidatedRecipeService'.
src/services/RecipeFinder.ts(56,9): error TS2416: Property 'getAllRecipes' in type 'RecipeFinder' is not assignable to the same property in base type 'RecipeServiceInterface'.
  Type '() => Promise<Recipe[]>' is not assignable to type '() => Promise<ApiResponse<Recipe[]>>'.
    Type 'Promise<Recipe[]>' is not assignable to type 'Promise<ApiResponse<Recipe[]>>'.
src/services/RecipeFinder.ts(60,7): error TS2304: Cannot find name 'errorHandler'.
src/services/RecipeFinder.ts(71,9): error TS2416: Property 'searchRecipes' in type 'RecipeFinder' is not assignable to the same property in base type 'RecipeServiceInterface'.
  Type '(criteria: RecipeSearchCriteria, options?: RecipeRecommendationOptions) => Promise<Recipe[]>' is not assignable to type '(params: SearchRecipesParams) => Promise<ApiResponse<Recipe[]>>'.
    Types of parameters 'criteria' and 'params' are incompatible.
      Type 'SearchRecipesParams' has no properties in common with type 'RecipeSearchCriteria'.
src/services/RecipeFinder.ts(78,7): error TS2304: Cannot find name 'errorHandler'.
src/services/RecipeFinder.ts(90,9): error TS2416: Property 'getRecipesByCuisine' in type 'RecipeFinder' is not assignable to the same property in base type 'RecipeServiceInterface'.
  Type '(cuisine: string) => Promise<Recipe[]>' is not assignable to type '(params: GetRecipesByCuisineParams) => Promise<ApiResponse<Recipe[]>>'.
    Types of parameters 'cuisine' and 'params' are incompatible.
      Type 'GetRecipesByCuisineParams' is not assignable to type 'string'.
src/services/RecipeFinder.ts(94,7): error TS2304: Cannot find name 'errorHandler'.
src/services/RecipeFinder.ts(106,9): error TS2416: Property 'getRecipesByZodiac' in type 'RecipeFinder' is not assignable to the same property in base type 'RecipeServiceInterface'.
  Type '(currentZodiacSign: ZodiacSign) => Promise<Recipe[]>' is not assignable to type '(params: GetRecipesByZodiacParams) => Promise<ApiResponse<Recipe[]>>'.
    Types of parameters 'currentZodiacSign' and 'params' are incompatible.
      Type 'GetRecipesByZodiacParams' is not assignable to type 'ZodiacSign'.
src/services/RecipeFinder.ts(110,7): error TS2304: Cannot find name 'errorHandler'.
src/services/RecipeFinder.ts(122,9): error TS2416: Property 'getRecipesBySeason' in type 'RecipeFinder' is not assignable to the same property in base type 'RecipeServiceInterface'.
  Type '(season: Season) => Promise<Recipe[]>' is not assignable to type '(params: GetRecipesBySeasonParams) => Promise<ApiResponse<Recipe[]>>'.
    Types of parameters 'season' and 'params' are incompatible.
      Type 'GetRecipesBySeasonParams' is not assignable to type 'Season'.
src/services/RecipeFinder.ts(126,7): error TS2304: Cannot find name 'errorHandler'.
src/services/RecipeFinder.ts(138,9): error TS2416: Property 'getRecipesByLunarPhase' in type 'RecipeFinder' is not assignable to the same property in base type 'RecipeServiceInterface'.
  Type '(lunarPhase: LunarPhaseWithSpaces) => Promise<Recipe[]>' is not assignable to type '(params: GetRecipesByLunarPhaseParams) => Promise<ApiResponse<Recipe[]>>'.
    Types of parameters 'lunarPhase' and 'params' are incompatible.
      Type 'GetRecipesByLunarPhaseParams' is not assignable to type 'LunarPhaseWithSpaces'.
src/services/RecipeFinder.ts(142,7): error TS2304: Cannot find name 'errorHandler'.
src/services/RecipeFinder.ts(154,9): error TS2416: Property 'getRecipesByMealType' in type 'RecipeFinder' is not assignable to the same property in base type 'RecipeServiceInterface'.
  Type '(mealType: string) => Promise<Recipe[]>' is not assignable to type '(params: GetRecipesByMealTypeParams) => Promise<ApiResponse<Recipe[]>>'.
    Types of parameters 'mealType' and 'params' are incompatible.
      Type 'GetRecipesByMealTypeParams' is not assignable to type 'string'.
src/services/RecipeFinder.ts(158,7): error TS2304: Cannot find name 'errorHandler'.
src/services/RecipeFinder.ts(170,9): error TS2416: Property 'getRecipesForPlanetaryAlignment' in type 'RecipeFinder' is not assignable to the same property in base type 'RecipeServiceInterface'.
  Type '(planetaryInfluences: { [key: string]: number; }, minMatchScore?: number) => Promise<Recipe[]>' is not assignable to type '(params: GetRecipesForPlanetaryAlignmentParams) => Promise<ApiResponse<Recipe[]>>'.
    Types of parameters 'planetaryInfluences' and 'params' are incompatible.
      Type 'GetRecipesForPlanetaryAlignmentParams' is not assignable to type '{ [key: string]: number; }'.
        Index signature for type 'string' is missing in type 'GetRecipesForPlanetaryAlignmentParams'.
src/services/RecipeFinder.ts(180,7): error TS2304: Cannot find name 'errorHandler'.
src/services/RecipeFinder.ts(192,9): error TS2416: Property 'getRecipesForFlavorProfile' in type 'RecipeFinder' is not assignable to the same property in base type 'RecipeServiceInterface'.
  Type '(flavorProfile: { [key: string]: number; }, minMatchScore?: number) => Promise<Recipe[]>' is not assignable to type '(params: GetRecipesForFlavorProfileParams) => Promise<ApiResponse<Recipe[]>>'.
    Types of parameters 'flavorProfile' and 'params' are incompatible.
      Type 'GetRecipesForFlavorProfileParams' is not assignable to type '{ [key: string]: number; }'.
        Index signature for type 'string' is missing in type 'GetRecipesForFlavorProfileParams'.
src/services/RecipeFinder.ts(202,7): error TS2304: Cannot find name 'errorHandler'.
src/services/RecipeFinder.ts(214,9): error TS2416: Property 'getBestRecipeMatches' in type 'RecipeFinder' is not assignable to the same property in base type 'RecipeServiceInterface'.
  Type '(criteria: { cuisine?: string; flavorProfile?: { [key: string]: number; }; season?: Season; mealType?: string; ingredients?: string[]; dietaryPreferences?: string[]; }, limit?: number) => Promise<ScoredRecipe[]>' is not assignable to type '(params: GetBestRecipeMatchesParams) => Promise<ApiResponse<ScoredRecipe[]>>'.
    Types of parameters 'criteria' and 'params' are incompatible.
      Type 'GetBestRecipeMatchesParams' has no properties in common with type '{ cuisine?: string; flavorProfile?: { [key: string]: number; }; season?: Season; mealType?: string; ingredients?: string[]; dietaryPreferences?: string[]; }'.
src/services/RecipeFinder.ts(228,7): error TS2304: Cannot find name 'errorHandler'.
src/services/RecipeFinder.ts(240,9): error TS2416: Property 'generateRecipe' in type 'RecipeFinder' is not assignable to the same property in base type 'RecipeServiceInterface'.
  Type '(criteria: RecipeSearchCriteria) => Promise<Recipe>' is not assignable to type '(params: GenerateRecipeParams) => Promise<ApiResponse<Recipe>>'.
    Types of parameters 'criteria' and 'params' are incompatible.
      Type 'GenerateRecipeParams' has no properties in common with type 'RecipeSearchCriteria'.
src/services/RecipeFinder.ts(244,7): error TS2304: Cannot find name 'errorHandler'.
src/services/RecipeFinder.ts(250,7): error TS2739: Type '{ id: string; name: string; ingredients: undefined[]; instructions: undefined[]; cuisine: string; elementalProperties: { Fire: number; Water: number; Earth: number; Air: number; }; }' is missing the following properties from type 'Recipe': description, timeToMake, servingSize
src/services/RecipeFinder.ts(264,9): error TS2416: Property 'generateFusionRecipe' in type 'RecipeFinder' is not assignable to the same property in base type 'RecipeServiceInterface'.
  Type '(cuisines: string[], criteria: RecipeSearchCriteria) => Promise<Recipe>' is not assignable to type '(params: GenerateFusionRecipeParams) => Promise<ApiResponse<Recipe>>'.
    Target signature provides too few arguments. Expected 2 or more, but got 1.
src/services/RecipeFinder.ts(271,7): error TS2304: Cannot find name 'errorHandler'.
src/services/RecipeFinder.ts(277,7): error TS2739: Type '{ id: string; name: string; ingredients: undefined[]; instructions: undefined[]; cuisine: string; elementalProperties: { Fire: number; Water: number; Earth: number; Air: number; }; }' is missing the following properties from type 'Recipe': description, timeToMake, servingSize
src/services/RecipeFinder.ts(291,9): error TS2416: Property 'adaptRecipeForSeason' in type 'RecipeFinder' is not assignable to the same property in base type 'RecipeServiceInterface'.
  Type '(recipe: Recipe, season?: Season) => Promise<Recipe>' is not assignable to type '(params: AdaptRecipeForSeasonParams) => Promise<ApiResponse<Recipe>>'.
    Types of parameters 'recipe' and 'params' are incompatible.
      Type 'AdaptRecipeForSeasonParams' is not assignable to type 'Recipe'.
src/services/RecipeFinder.ts(298,7): error TS2304: Cannot find name 'errorHandler'.
src/services/RecipeFinder.ts(315,7): error TS2304: Cannot find name 'errorHandler'.
src/services/RecipeFinder.ts(332,7): error TS2304: Cannot find name 'errorHandler'.
src/services/RecipeFinder.ts(349,7): error TS2304: Cannot find name 'errorHandler'.
src/services/RecipeFinder.ts(366,7): error TS2304: Cannot find name 'errorHandler'.
src/services/recipeRecommendations.ts(3,10): error TS2300: Duplicate identifier 'Recipe'.
src/services/recipeRecommendations.ts(6,15): error TS2300: Duplicate identifier 'Recipe'.
src/services/recipeRecommendations.ts(48,9): error TS2304: Cannot find name 'celestialCalculator'.
src/services/recipeRecommendations.ts(99,20): error TS2339: Property 'currentSeason' does not exist on type 'RecommendationCriteria'.
src/services/recipeRecommendations.ts(105,20): error TS2339: Property 'currentSeason' does not exist on type 'RecommendationCriteria'.
src/services/recipeRecommendations.ts(110,66): error TS2339: Property 'currentSeason' does not exist on type 'RecommendationCriteria'.
src/services/recipeRecommendations.ts(226,84): error TS2551: Property 'elementalPropertiesState' does not exist on type '{ elementalProperties?: ElementalProperties; }'. Did you mean 'elementalProperties'?
src/services/recipeRecommendations.ts(226,153): error TS2551: Property 'elementalPropertiesState' does not exist on type '{ elementalProperties?: ElementalProperties; }'. Did you mean 'elementalProperties'?
src/services/recipeRecommendations.ts(226,223): error TS2551: Property 'elementalPropertiesState' does not exist on type '{ elementalProperties?: ElementalProperties; }'. Did you mean 'elementalProperties'?
src/services/recipeRecommendations.ts(226,289): error TS2551: Property 'elementalPropertiesState' does not exist on type '{ elementalProperties?: ElementalProperties; }'. Did you mean 'elementalProperties'?
src/services/recipeRecommendations.ts(274,5): error TS2741: Property 'servingSize' is missing in type '{ id: string; name: string; description: string; cuisine: string; ingredients: { name: string; amount: number; unit: string; }[]; instructions: string[]; elementalProperties: { Fire: number; Earth: number; Air: number; Water: number; }; ... 4 more ...; score: number; }' but required in type 'ScoredRecipe'.
src/services/recipeRecommendations.ts(301,20): error TS2304: Cannot find name 'SpoonacularService'.
src/services/RecommendationAdapter.ts(137,55): error TS2345: Argument of type 'number' is not assignable to parameter of type 'LunarPhaseWithSpaces'.
src/services/RecommendationAdapter.ts(204,22): error TS2304: Cannot find name 'alchemize'.
src/services/RecommendationAdapter.ts(285,34): error TS2339: Property 'body1' does not exist on type 'PlanetaryAspect'.
src/services/RecommendationAdapter.ts(286,34): error TS2339: Property 'body2' does not exist on type 'PlanetaryAspect'.
src/services/RecommendationAdapter.ts(296,79): error TS2339: Property 'aspectType' does not exist on type 'PlanetaryAspect'.
src/services/RecommendationAdapter.ts(308,79): error TS2339: Property 'aspectType' does not exist on type 'PlanetaryAspect'.
src/services/RecommendationAdapter.ts(322,37): error TS2304: Cannot find name 'transformIngredients'.
src/services/RecommendationAdapter.ts(330,33): error TS2304: Cannot find name 'transformCookingMethods'.
src/services/RecommendationAdapter.ts(338,34): error TS2304: Cannot find name 'transformCuisines'.
src/services/RecommendationAdapter.ts(359,12): error TS2304: Cannot find name 'planetInfo'.
src/services/RecommendationAdapter.ts(359,49): error TS2304: Cannot find name 'planetInfo'.
src/services/RecommendationAdapter.ts(515,9): error TS2367: This comparison appears to be unintentional because the types 'number' and 'string' have no overlap.
src/services/RecommendationAdapter.ts(516,9): error TS2367: This comparison appears to be unintentional because the types 'number' and 'string' have no overlap.
src/services/RecommendationAdapter.ts(517,9): error TS2367: This comparison appears to be unintentional because the types 'number' and 'string' have no overlap.
src/services/RecommendationAdapter.ts(518,9): error TS2367: This comparison appears to be unintentional because the types 'number' and 'string' have no overlap.
src/services/RecommendationAdapter.ts(526,36): error TS2304: Cannot find name 'AlchemicalProperty'.
src/services/RecommendationAdapter.ts(537,19): error TS2304: Cannot find name 'AlchemicalProperty'.
src/services/RecommendationAdapter.ts(543,32): error TS2304: Cannot find name 'AlchemicalProperty'.
src/services/RecommendationAdapter.ts(561,60): error TS2339: Property 'Fire' does not exist on type 'number'.
src/services/RecommendationAdapter.ts(582,59): error TS2339: Property 'Air' does not exist on type 'number'.
src/services/RecommendationAdapter.ts(604,61): error TS2339: Property 'Water' does not exist on type 'number'.
src/services/RecommendationAdapter.ts(624,15): error TS2339: Property 'Fire' does not exist on type 'Number'.
src/services/RecommendationAdapter.ts(624,21): error TS2339: Property 'Water' does not exist on type 'Number'.
src/services/RecommendationAdapter.ts(624,28): error TS2339: Property 'Earth' does not exist on type 'Number'.
src/services/RecommendationAdapter.ts(624,35): error TS2339: Property 'Air' does not exist on type 'Number'.
src/services/RecommendationService.ts(2,10): error TS2300: Duplicate identifier 'Recipe'.
src/services/RecommendationService.ts(10,15): error TS2300: Duplicate identifier 'Recipe'.
src/services/RecommendationService.ts(12,3): error TS2724: '"@/types/alchemy"' has no exported member named 'ElementalItem'. Did you mean 'ElementalState'?
src/services/RecommendationService.ts(13,3): error TS2724: '"@/types/alchemy"' has no exported member named 'AlchemicalItem'. Did you mean 'AlchemicalState'?
src/services/RecommendationService.ts(175,55): error TS2345: Argument of type 'number' is not assignable to parameter of type 'LunarPhaseWithSpaces'.
src/services/RecommendationService.ts(513,20): error TS2339: Property 'currentSeason' does not exist on type 'RecommendationCriteria'.
src/services/RecommendationService.ts(519,20): error TS2339: Property 'currentSeason' does not exist on type 'RecommendationCriteria'.
src/services/RecommendationService.ts(523,66): error TS2339: Property 'currentSeason' does not exist on type 'RecommendationCriteria'.
src/services/RecommendationService.ts(843,37): error TS2322: Type '{ name: string; quantity: string; }' is not assignable to type 'RecipeIngredient'.
  Object literal may only specify known properties, and 'quantity' does not exist in type 'RecipeIngredient'.
src/services/RecommendationService.ts(844,38): error TS2322: Type '{ name: string; quantity: string; }' is not assignable to type 'RecipeIngredient'.
  Object literal may only specify known properties, and 'quantity' does not exist in type 'RecipeIngredient'.
src/services/RecommendationService.ts(845,33): error TS2322: Type '{ name: string; quantity: string; }' is not assignable to type 'RecipeIngredient'.
  Object literal may only specify known properties, and 'quantity' does not exist in type 'RecipeIngredient'.
src/services/RecommendationService.ts(846,33): error TS2322: Type '{ name: string; quantity: string; }' is not assignable to type 'RecipeIngredient'.
  Object literal may only specify known properties, and 'quantity' does not exist in type 'RecipeIngredient'.
src/services/ServicesManager.ts(151,22): error TS2304: Cannot find name 'alchemicalEngine'.
src/services/ServicesManager.ts(187,31): error TS2304: Cannot find name 'astrologyService'.
src/services/ServicesManager.ts(223,27): error TS2304: Cannot find name 'unifiedIngredientService'.
src/services/ServicesManager.ts(259,29): error TS2304: Cannot find name 'unifiedRecipeService'.
src/services/ServicesManager.ts(299,29): error TS2304: Cannot find name 'unifiedRecommendationService'.
src/services/ServicesManager.ts(354,37): error TS2304: Cannot find name 'alchemicalRecommendationService'.
src/services/ServicesManager.ts(394,7): error TS18004: No value exists in scope for the shorthand property 'alchemicalEngine'. Either declare one or provide an initializer.
src/services/ServicesManager.ts(395,7): error TS18004: No value exists in scope for the shorthand property 'astrologyService'. Either declare one or provide an initializer.
src/services/ServicesManager.ts(396,26): error TS2304: Cannot find name 'unifiedIngredientService'.
src/services/ServicesManager.ts(397,22): error TS2304: Cannot find name 'unifiedRecipeService'.
src/services/ServicesManager.ts(398,30): error TS2304: Cannot find name 'unifiedRecommendationService'.
src/services/ServicesManager.ts(399,7): error TS18004: No value exists in scope for the shorthand property 'alchemicalRecommendationService'. Either declare one or provide an initializer.
src/services/SpoonacularElementalMapper.ts(2,32): error TS2305: Module '"../types/elemental"' has no exported member 'recipe'.
src/services/SpoonacularService.ts(10,3): error TS2440: Import declaration conflicts with local declaration of 'SpoonacularApiRecipe'.
src/services/SpoonacularService.ts(11,3): error TS2440: Import declaration conflicts with local declaration of 'SpoonacularSearchParams'.
src/services/SpoonacularService.ts(128,24): error TS2304: Cannot find name 'LocalRecipeService'.
src/services/SpoonacularService.ts(131,24): error TS2304: Cannot find name 'LocalRecipeService'.
src/services/SpoonacularService.ts(217,5): error TS2322: Type '{ id: string; name: string; description: string; cuisine: string; ingredients: { name: string; amount: number; unit: string; preparation: string; }[]; instructions: string[]; timeToMake: string; prepTime: string; ... 7 more ...; nutrition: { ...; }; }[]' is not assignable to type 'Recipe[]'.
  Property 'cookingMethod' is missing in type '{ id: string; name: string; description: string; cuisine: string; ingredients: { name: string; amount: number; unit: string; preparation: string; }[]; instructions: string[]; timeToMake: string; prepTime: string; ... 7 more ...; nutrition: { ...; }; }' but required in type 'Recipe'.
src/services/SpoonacularService.ts(373,35): error TS2304: Cannot find name 'SpoonacularElementalMapper'.
src/services/SpoonacularService.ts(402,128): error TS2551: Property 'elementalPropertiesState' does not exist on type 'SpoonacularIngredient'. Did you mean 'elementalProperties'?
src/services/SpoonacularService.ts(402,200): error TS2551: Property 'elementalPropertiesState' does not exist on type 'SpoonacularIngredient'. Did you mean 'elementalProperties'?
src/services/SpoonacularService.ts(402,273): error TS2551: Property 'elementalPropertiesState' does not exist on type 'SpoonacularIngredient'. Did you mean 'elementalProperties'?
src/services/SpoonacularService.ts(402,342): error TS2551: Property 'elementalPropertiesState' does not exist on type 'SpoonacularIngredient'. Did you mean 'elementalProperties'?
src/services/SpoonacularService.ts(447,28): error TS2304: Cannot find name 'SpoonacularElementalMapper'.
src/services/SpoonacularService.ts(489,7): error TS2322: Type '{ id: string; name: string; amount: number; unit: string; elementalProperties: any; }[]' is not assignable to type 'Ingredient[]'.
  Property 'element' is missing in type '{ id: string; name: string; amount: number; unit: string; elementalProperties: any; }' but required in type 'Ingredient'.
src/services/SpoonacularService.ts(507,9): error TS2322: Type '{ calories: number; protein: number; fat: number; carbs: number; fiber: number; sugar: number; vitamins: string[]; minerals: string[]; }' is not assignable to type 'NutritionalInfo'.
  Object literal may only specify known properties, and 'fiber' does not exist in type 'NutritionalInfo'.
src/services/UnifiedIngredientService.ts(2,3): error TS2300: Duplicate identifier 'ElementalProperties'.
src/services/UnifiedIngredientService.ts(7,3): error TS2300: Duplicate identifier 'Element'.
src/services/UnifiedIngredientService.ts(9,10): error TS2305: Module '"../types/ingredient"' has no exported member 'UnifiedIngredient'.
src/services/UnifiedIngredientService.ts(15,10): error TS2300: Duplicate identifier 'Element'.
src/services/UnifiedIngredientService.ts(16,10): error TS2300: Duplicate identifier 'ElementalProperties'.
src/services/UnifiedIngredientService.ts(23,50): error TS2304: Cannot find name 'IngredientServiceInterface'.
src/services/UnifiedIngredientService.ts(138,29): error TS2304: Cannot find name 'IngredientFilter'.
src/services/UnifiedIngredientService.ts(217,44): error TS2304: Cannot find name 'ElementalFilter'.
src/services/UnifiedIngredientService.ts(326,78): error TS2352: Conversion of type 'string' to type 'Record<string, any>' may be a mistake because neither type sufficiently overlaps with the other. If this was intentional, convert the expression to 'unknown' first.
src/services/UnifiedIngredientService.ts(339,76): error TS2352: Conversion of type 'string' to type 'Record<string, any>' may be a mistake because neither type sufficiently overlaps with the other. If this was intentional, convert the expression to 'unknown' first.
src/services/UnifiedIngredientService.ts(348,14): error TS2304: Cannot find name 'IngredientRecommendationOptions'.
src/services/UnifiedIngredientService.ts(372,29): error TS2304: Cannot find name 'alchemicalEngine'.
src/services/UnifiedIngredientService.ts(423,36): error TS2304: Cannot find name 'alchemicalEngine'.
src/services/UnifiedIngredientService.ts(571,13): error TS2304: Cannot find name 'NutritionalFilter'.
src/services/UnifiedIngredientService.ts(664,13): error TS2304: Cannot find name 'ElementalFilter'.
src/services/UnifiedIngredientService.ts(723,13): error TS2304: Cannot find name 'DietaryFilter'.
src/services/UnifiedIngredientService.ts(855,76): error TS2304: Cannot find name 'zodiacSign'.
src/services/UnifiedIngredientService.ts(871,78): error TS2352: Conversion of type 'string' to type 'Record<string, any>' may be a mistake because neither type sufficiently overlaps with the other. If this was intentional, convert the expression to 'unknown' first.
src/services/UnifiedIngredientService.ts(879,5): error TS2322: Type 'string' is not assignable to type 'Season'.
src/services/UnifiedIngredientService.ts(889,7): error TS2820: Type '"earth"' is not assignable to type 'Element'. Did you mean '"Earth"'?
src/services/UnifiedIngredientService.ts(892,9): error TS2820: Type '"earth"' is not assignable to type 'Element'. Did you mean '"Earth"'?
src/services/UnifiedIngredientService.ts(896,7): error TS2820: Type '"fire"' is not assignable to type 'Element'. Did you mean '"Fire"'?
src/services/UnifiedIngredientService.ts(901,7): error TS2820: Type '"water"' is not assignable to type 'Element'. Did you mean '"Water"'?
src/services/UnifiedIngredientService.ts(1040,26): error TS2365: Operator '+' cannot be applied to types 'number' and 'unknown'.
src/services/unifiedNutritionalService.ts(6,3): error TS2300: Duplicate identifier 'Element'.
src/services/unifiedNutritionalService.ts(7,3): error TS2300: Duplicate identifier 'ElementalProperties'.
src/services/unifiedNutritionalService.ts(22,35): error TS2724: '"@/data/unified/ingredients"' has no exported member named 'UnifiedIngredient'. Did you mean 'unifiedIngredients'?
src/services/unifiedNutritionalService.ts(28,10): error TS2300: Duplicate identifier 'Element'.
src/services/unifiedNutritionalService.ts(29,10): error TS2300: Duplicate identifier 'ElementalProperties'.
src/services/unifiedNutritionalService.ts(34,35): error TS2304: Cannot find name 'NutritionService'.
src/services/unifiedNutritionalService.ts(38,35): error TS2304: Cannot find name 'NutritionService'.
src/services/unifiedNutritionalService.ts(102,95): error TS2345: Argument of type '{ season?: import("/Users/GregCastro/Desktop/WhatToEatNext/src/types/alchemy").Season; currentZodiacSign?: import("/Users/GregCastro/Desktop/WhatToEatNext/src/types/alchemy").ZodiacSign; planetaryHour?: import("/Users/GregCastro/Desktop/WhatToEatNext/src/types/alchemy").PlanetName; cookingMethod?: import("/Users/Gre...' is not assignable to parameter of type '{ season?: import("/Users/GregCastro/Desktop/WhatToEatNext/src/types/seasons").Season; currentZodiacSign?: import("/Users/GregCastro/Desktop/WhatToEatNext/src/types/zodiac").ZodiacSign; planetaryHour?: import("/Users/GregCastro/Desktop/WhatToEatNext/src/types/alchemy").PlanetName; cookingMethod?: import("/Users/Greg...'.
  Types of property 'season' are incompatible.
    Type 'import("/Users/GregCastro/Desktop/WhatToEatNext/src/types/alchemy").Season' is not assignable to type 'import("/Users/GregCastro/Desktop/WhatToEatNext/src/types/seasons").Season'.
      Type '"fall"' is not assignable to type 'Season'.
src/services/unifiedNutritionalService.ts(141,81): error TS2345: Argument of type '{ season?: import("/Users/GregCastro/Desktop/WhatToEatNext/src/types/alchemy").Season; currentZodiacSign?: import("/Users/GregCastro/Desktop/WhatToEatNext/src/types/alchemy").ZodiacSign; planetaryHour?: import("/Users/GregCastro/Desktop/WhatToEatNext/src/types/alchemy").PlanetName; }' is not assignable to parameter of type '{ season?: import("/Users/GregCastro/Desktop/WhatToEatNext/src/types/seasons").Season; currentZodiacSign?: import("/Users/GregCastro/Desktop/WhatToEatNext/src/types/zodiac").ZodiacSign; planetaryHour?: import("/Users/GregCastro/Desktop/WhatToEatNext/src/types/alchemy").PlanetName; }'.
  Types of property 'season' are incompatible.
    Type 'import("/Users/GregCastro/Desktop/WhatToEatNext/src/types/alchemy").Season' is not assignable to type 'import("/Users/GregCastro/Desktop/WhatToEatNext/src/types/seasons").Season'.
src/services/unifiedNutritionalService.ts(171,90): error TS2345: Argument of type '{ season?: Season; currentZodiacSign?: ZodiacSign; planetaryHour?: PlanetName; targetKalchm?: number; elementalFocus?: Element; healthGoals?: string[]; nutritionalFilter?: NutritionalFilter; }' is not assignable to parameter of type '{ season?: Season; currentZodiacSign?: ZodiacSign; planetaryHour?: PlanetName; targetKalchm?: number; elementalFocus?: Element; healthGoals?: string[]; }'.
  Types of property 'season' are incompatible.
    Type 'import("/Users/GregCastro/Desktop/WhatToEatNext/src/types/alchemy").Season' is not assignable to type 'import("/Users/GregCastro/Desktop/WhatToEatNext/src/types/seasons").Season'.
src/services/unifiedNutritionalService.ts(421,11): error TS2739: Type '{}' is missing the following properties from type 'ElementalProperties': Fire, Water, Earth, Air
src/services/unifiedNutritionalService.ts(430,157): error TS2551: Property 'Water' does not exist on type '{ Fire: NutrientGroup; water: NutrientGroup; earth: NutrientGroup; Air: NutrientGroup; }'. Did you mean 'water'?
src/services/unifiedNutritionalService.ts(430,222): error TS2551: Property 'Earth' does not exist on type '{ Fire: NutrientGroup; water: NutrientGroup; earth: NutrientGroup; Air: NutrientGroup; }'. Did you mean 'earth'?
src/services/unifiedNutritionalService.ts(465,9): error TS2739: Type '{}' is missing the following properties from type 'ElementalProperties': Fire, Water, Earth, Air
src/services/UnifiedRecipeService.ts(29,7): error TS2304: Cannot find name 'errorHandler'.
src/services/UnifiedRecipeService.ts(42,7): error TS2304: Cannot find name 'errorHandler'.
src/services/UnifiedRecipeService.ts(55,7): error TS2304: Cannot find name 'errorHandler'.
src/services/UnifiedRecipeService.ts(62,56): error TS2304: Cannot find name 'ExtendedRecipe'.
src/services/UnifiedRecipeService.ts(77,54): error TS2304: Cannot find name 'ExtendedRecipe'.
src/services/UnifiedRecommendationService.ts(2,3): error TS2300: Duplicate identifier 'ElementalProperties'.
src/services/UnifiedRecommendationService.ts(9,10): error TS2724: '"../types/cookingMethod"' has no exported member named 'CookingMethod'. Did you mean 'CookingMethodData'?
src/services/UnifiedRecommendationService.ts(25,10): error TS2300: Duplicate identifier 'ElementalProperties'.
src/services/UnifiedRecommendationService.ts(53,30): error TS2304: Cannot find name 'unifiedRecipeService'.
src/services/UnifiedRecommendationService.ts(60,20): error TS2339: Property 'elementalState' does not exist on type 'RecipeRecommendationCriteria'.
src/services/UnifiedRecommendationService.ts(62,20): error TS2339: Property 'elementalState' does not exist on type 'RecipeRecommendationCriteria'.
src/services/UnifiedRecommendationService.ts(153,28): error TS2304: Cannot find name 'unifiedIngredientService'.
src/services/UnifiedRecommendationService.ts(160,20): error TS2339: Property 'elementalState' does not exist on type 'IngredientRecommendationCriteria'.
src/services/UnifiedRecommendationService.ts(162,20): error TS2339: Property 'elementalState' does not exist on type 'IngredientRecommendationCriteria'.
src/services/UnifiedRecommendationService.ts(180,93): error TS2352: Conversion of type 'string' to type 'Record<string, any>' may be a mistake because neither type sufficiently overlaps with the other. If this was intentional, convert the expression to 'unknown' first.
src/services/UnifiedRecommendationService.ts(185,20): error TS2339: Property 'currentSeason' does not exist on type 'IngredientRecommendationCriteria'.
src/services/UnifiedRecommendationService.ts(187,41): error TS2339: Property 'currentSeason' does not exist on type 'IngredientRecommendationCriteria'.
src/services/UnifiedRecommendationService.ts(283,20): error TS2339: Property 'elementalState' does not exist on type 'CuisineRecommendationCriteria'.
src/services/UnifiedRecommendationService.ts(285,20): error TS2339: Property 'elementalState' does not exist on type 'CuisineRecommendationCriteria'.
src/services/UnifiedRecommendationService.ts(386,20): error TS2339: Property 'elementalState' does not exist on type 'CookingMethodRecommendationCriteria'.
src/services/UnifiedRecommendationService.ts(388,20): error TS2339: Property 'elementalState' does not exist on type 'CookingMethodRecommendationCriteria'.
src/services/UnifiedRecommendationService.ts(436,12): error TS2304: Cannot find name 'alchemicalEngine'.
src/test-expanded-alchemical-engine.ts(17,10): error TS2300: Duplicate identifier 'AstrologicalState'.
src/test-expanded-alchemical-engine.ts(18,10): error TS2300: Duplicate identifier 'ElementalProperties'.
src/test-expanded-alchemical-engine.ts(19,10): error TS2300: Duplicate identifier 'PlanetaryPosition'.
src/test-expanded-alchemical-engine.ts(20,15): error TS2300: Duplicate identifier 'ElementalProperties'.
src/test-expanded-alchemical-engine.ts(21,3): error TS2300: Duplicate identifier 'AstrologicalState'.
src/test-expanded-alchemical-engine.ts(23,3): error TS2300: Duplicate identifier 'PlanetaryPosition'.
src/test-expanded-alchemical-engine.ts(39,7): error TS2741: Property 'activePlanets' is missing in type '{ sunSign: "gemini"; moonSign: "taurus"; season: string; lunarPhase: "waxing gibbous"; planetaryPositions: { [key: string]: PlanetaryPosition; }; }' but required in type 'AstrologicalState'.
src/test-expanded-alchemical-engine.ts(47,7): error TS2741: Property 'Earth' is missing in type '{ Fire: number; Water: number; Air: number; earth: number; }' but required in type 'ElementalProperties'.
src/test-expanded-alchemical-engine.ts(51,7): error TS2741: Property 'Earth' is missing in type '{ Fire: number; Water: number; Air: number; earth: number; }' but required in type 'ElementalProperties'.
src/test-expanded-alchemical-engine.ts(100,30): error TS2304: Cannot find name 'alchemicalEngine'.
src/test-expanded-alchemical-engine.ts(117,35): error TS2304: Cannot find name 'alchemicalEngine'.
src/test-expanded-alchemical-engine.ts(157,37): error TS2304: Cannot find name 'alchemicalEngine'.
src/test-expanded-alchemical-engine.ts(166,31): error TS2304: Cannot find name 'alchemicalEngine'.
src/test-expanded-alchemical-engine.ts(167,30): error TS2304: Cannot find name 'alchemicalEngine'.
src/test-expanded-alchemical-engine.ts(168,30): error TS2304: Cannot find name 'alchemicalEngine'.
src/test-expanded-alchemical-engine.ts(186,37): error TS2304: Cannot find name 'alchemicalEngine'.
src/test-expanded-alchemical-engine.ts(203,28): error TS2304: Cannot find name 'alchemicalEngine'.
src/test-expanded-alchemical-engine.ts(222,32): error TS2304: Cannot find name 'alchemize'.
src/test-expanded-alchemical-engine.ts(252,30): error TS2304: Cannot find name 'alchemicalEngine'.
src/test-expanded-alchemical-engine.ts(270,28): error TS2304: Cannot find name 'alchemicalEngine'.
src/test-expanded-alchemical-engine.ts(297,11): error TS2304: Cannot find name 'alchemicalEngine'.
src/test-expanded-alchemical-engine.ts(306,11): error TS2304: Cannot find name 'alchemicalEngine'.
src/test-kalchm-monica-debug.ts(72,11): error TS2339: Property 'Spirit' does not exist on type '{ spirit: number; essence: number; matter: number; substance: number; fire: number; water: number; Air: number; earth: number; }'.
src/test-kalchm-monica-debug.ts(72,19): error TS2339: Property 'Essence' does not exist on type '{ spirit: number; essence: number; matter: number; substance: number; fire: number; water: number; Air: number; earth: number; }'.
src/test-kalchm-monica-debug.ts(72,28): error TS2339: Property 'Matter' does not exist on type '{ spirit: number; essence: number; matter: number; substance: number; fire: number; water: number; Air: number; earth: number; }'.
src/test-kalchm-monica-debug.ts(72,36): error TS2339: Property 'Substance' does not exist on type '{ spirit: number; essence: number; matter: number; substance: number; fire: number; water: number; Air: number; earth: number; }'.
src/test-kalchm-monica-debug.ts(72,47): error TS2339: Property 'Fire' does not exist on type '{ spirit: number; essence: number; matter: number; substance: number; fire: number; water: number; Air: number; earth: number; }'.
src/test-kalchm-monica-debug.ts(72,53): error TS2339: Property 'Water' does not exist on type '{ spirit: number; essence: number; matter: number; substance: number; fire: number; water: number; Air: number; earth: number; }'.
src/test-kalchm-monica-debug.ts(72,65): error TS2339: Property 'Earth' does not exist on type '{ spirit: number; essence: number; matter: number; substance: number; fire: number; water: number; Air: number; earth: number; }'.
src/test-kalchm.ts(29,16): error TS2304: Cannot find name 'calculateKAlchm'.
src/test-kalchm.ts(30,24): error TS2304: Cannot find name 'calculateMonicaConstant'.
src/test-streamlined-system.ts(14,41): error TS2820: Type '"water"' is not assignable to type 'Element'. Did you mean '"Water"'?
src/test-streamlined-system.ts(15,40): error TS2820: Type '"fire"' is not assignable to type 'Element'. Did you mean '"Fire"'?
src/test-streamlined-system.ts(16,44): error TS2820: Type '"earth"' is not assignable to type 'Element'. Did you mean '"Earth"'?
src/test-streamlined-system.ts(17,43): error TS2820: Type '"water"' is not assignable to type 'Element'. Did you mean '"Water"'?
src/test-streamlined-system.ts(18,43): error TS2820: Type '"earth"' is not assignable to type 'Element'. Did you mean '"Earth"'?
src/test-streamlined-system.ts(19,44): error TS2820: Type '"water"' is not assignable to type 'Element'. Did you mean '"Water"'?
src/test-streamlined-system.ts(28,26): error TS2304: Cannot find name 'calculateComprehensiveAlchemicalResult'.
src/test-streamlined-system.ts(83,40): error TS2345: Argument of type '{ Fire: number; Water: number; Air: number; earth: number; }' is not assignable to parameter of type 'ElementalProperties'.
  Property 'Earth' is missing in type '{ Fire: number; Water: number; Air: number; earth: number; }' but required in type 'ElementalProperties'.
src/types/alchemy.ts(1,10): error TS2440: Import declaration conflicts with local declaration of 'PlanetaryAlignment'.
src/types/alchemy.ts(2,10): error TS2440: Import declaration conflicts with local declaration of 'AstrologicalState'.
src/types/alchemy.ts(3,10): error TS2440: Import declaration conflicts with local declaration of 'AlchemicalProperties'.
src/types/alchemy.ts(4,10): error TS2440: Import declaration conflicts with local declaration of 'ElementalProperties'.
src/types/alchemy.ts(5,10): error TS2440: Import declaration conflicts with local declaration of 'PlanetaryPosition'.
src/types/alchemy.ts(6,10): error TS2440: Import declaration conflicts with local declaration of 'CelestialPosition'.
src/types/alchemy.ts(75,3): error TS2322: Type '{ 'new Moon': string; 'waxing crescent': "waxing_crescent"; 'first quarter': "first_quarter"; 'waxing gibbous': "waxing_gibbous"; 'full Moon': "full_moon"; 'waning gibbous': "waning_gibbous"; 'last quarter': "last_quarter"; 'waning crescent': "waning_crescent"; }' is not assignable to type 'Record<LunarPhaseWithSpaces, LunarPhaseWithUnderscores>'.
  Object literal may only specify known properties, and ''new Moon'' does not exist in type 'Record<LunarPhaseWithSpaces, LunarPhaseWithUnderscores>'.
src/types/alchemy.ts(87,3): error TS2820: Type '"new Moon"' is not assignable to type 'LunarPhaseWithSpaces'. Did you mean '"new moon"'?
src/types/alchemy.ts(746,14): error TS2741: Property 'saturn' is missing in type '{ Sun: { Sun: number; Moon: number; Mercury: number; Venus: number; Mars: number; Jupiter: number; Saturn: number; Uranus: number; Neptune: number; Pluto: number; }; Moon: { Sun: number; Moon: number; Mercury: number; ... 6 more ...; Pluto: number; }; ... 4 more ...; Saturn: { ...; }; }' but required in type 'PlanetaryHarmony'.
src/types/alchemy.ts(853,3): error TS2322: Type '{ 'new Moon': { heat: number; entropy: number; reactivity: number; }; 'waxing crescent': { heat: number; entropy: number; reactivity: number; }; 'first quarter': { heat: number; entropy: number; reactivity: number; }; ... 4 more ...; 'waning crescent': { ...; }; }' is not assignable to type 'Record<LunarPhaseWithSpaces, BasicThermodynamicProperties>'.
  Object literal may only specify known properties, and ''new Moon'' does not exist in type 'Record<LunarPhaseWithSpaces, BasicThermodynamicProperties>'.
src/types/astrology.ts(173,41): error TS2304: Cannot find name 'CelestialPosition'.
src/types/astrology.ts(179,25): error TS2304: Cannot find name 'ElementalProperties'.
src/types/astrology.ts(180,22): error TS2304: Cannot find name 'ElementalProperties'.
src/types/chakra.ts(35,12): error TS2304: Cannot find name 'Planet'.
src/types/chakra.ts(48,12): error TS2304: Cannot find name 'Planet'.
src/types/chakra.ts(128,5): error TS2820: Type '"Ether"' is not assignable to type 'Element'. Did you mean '"Aether"'?
src/types/chakra.ts(139,5): error TS2322: Type '"Light"' is not assignable to type 'Element'.
src/types/chakra.ts(150,5): error TS2322: Type '"Thought"' is not assignable to type 'Element'.
src/types/chakra.ts(164,12): error TS2304: Cannot find name 'Planet'.
src/types/chakra.ts(238,9): error TS2304: Cannot find name 'TarotSuit'.
src/types/chakra.ts(242,16): error TS2304: Cannot find name 'EnergyState'.
src/types/chakra.ts(421,17): error TS2304: Cannot find name 'TarotSuit'.
src/types/chakra.ts(422,19): error TS2304: Cannot find name 'TarotSuit'.
src/types/cooking.ts(51,23): error TS2304: Cannot find name 'ZodiacSign'.
src/types/cooking.ts(52,25): error TS2304: Cannot find name 'ZodiacSign'.
src/types/cooking.ts(57,10): error TS1205: Re-exporting a type when 'isolatedModules' is enabled requires using 'export type'.
src/types/cooking.ts(57,31): error TS1205: Re-exporting a type when 'isolatedModules' is enabled requires using 'export type'.
src/types/cookingMethod.ts(2,10): error TS2300: Duplicate identifier 'ElementalProperties'.
src/types/cookingMethod.ts(4,3): error TS2300: Duplicate identifier 'ElementalProperties'.
src/types/cuisine.ts(2,10): error TS2440: Import declaration conflicts with local declaration of 'ElementalProperties'.
src/types/elemental.ts(1,10): error TS2440: Import declaration conflicts with local declaration of 'ElementalProperties'.
src/types/ExtendedRecipe.ts(2,10): error TS2300: Duplicate identifier 'ElementalProperties'.
src/types/ExtendedRecipe.ts(15,3): error TS2300: Duplicate identifier 'ElementalProperties'.
src/types/index.ts(8,10): error TS2300: Duplicate identifier 'Element'.
src/types/index.ts(9,10): error TS2300: Duplicate identifier 'PlanetaryAlignment'.
src/types/index.ts(10,10): error TS2300: Duplicate identifier 'AstrologicalState'.
src/types/index.ts(11,10): error TS2300: Duplicate identifier 'AlchemicalProperties'.
src/types/index.ts(12,10): error TS2300: Duplicate identifier 'ElementalProperties'.
src/types/index.ts(13,10): error TS2300: Duplicate identifier 'CelestialPosition'.
src/types/index.ts(15,3): error TS2300: Duplicate identifier 'CelestialPosition'.
src/types/index.ts(17,3): error TS2300: Duplicate identifier 'Element'.
src/types/index.ts(22,3): error TS2300: Duplicate identifier 'AstrologicalState'.
src/types/index.ts(23,3): error TS2300: Duplicate identifier 'ElementalProperties'.
src/types/index.ts(24,3): error TS2300: Duplicate identifier 'AlchemicalProperties'.
src/types/index.ts(26,3): error TS2300: Duplicate identifier 'PlanetaryAlignment'.
src/types/index.ts(33,3): error TS2300: Duplicate identifier 'Element'.
src/types/index.ts(34,3): error TS2300: Duplicate identifier 'LunarPhase'.
src/types/index.ts(35,3): error TS2300: Duplicate identifier 'Planet'.
src/types/index.ts(36,3): error TS2300: Duplicate identifier 'AspectType'.
src/types/index.ts(37,3): error TS2300: Duplicate identifier 'DignityType'.
src/types/index.ts(38,3): error TS2300: Duplicate identifier 'AstrologicalState'.
src/types/index.ts(120,14): error TS2304: Cannot find name 'Season'.
src/types/index.ts(139,11): error TS2304: Cannot find name 'Season'.
src/types/index.ts(147,3): error TS2300: Duplicate identifier 'Element'.
src/types/index.ts(148,3): error TS2300: Duplicate identifier 'LunarPhase'.
src/types/index.ts(149,3): error TS2300: Duplicate identifier 'Planet'.
src/types/index.ts(150,3): error TS2300: Duplicate identifier 'AspectType'.
src/types/index.ts(151,3): error TS2300: Duplicate identifier 'DignityType'.
src/types/index.ts(152,3): error TS2300: Duplicate identifier 'AstrologicalState'.
src/types/index.ts(189,1): error TS2308: Module './time' has already exported a member named 'Season'. Consider explicitly re-exporting to resolve the ambiguity.
src/types/index.ts(190,1): error TS2308: Module './time' has already exported a member named 'Season'. Consider explicitly re-exporting to resolve the ambiguity.
src/types/index.ts(192,1): error TS2308: Module './zodiacAffinity' has already exported a member named 'Modality'. Consider explicitly re-exporting to resolve the ambiguity.
src/types/index.ts(193,1): error TS2308: Module './astrology' has already exported a member named 'PlanetaryPositions'. Consider explicitly re-exporting to resolve the ambiguity.
src/types/index.ts(198,1): error TS2308: Module './recipe' has already exported a member named 'RecipeIngredient'. Consider explicitly re-exporting to resolve the ambiguity.
src/types/index.ts(198,1): error TS2308: Module './recipe' has already exported a member named 'validateIngredient'. Consider explicitly re-exporting to resolve the ambiguity.
src/types/index.ts(200,1): error TS2308: Module './lunar' has already exported a member named 'LunarPhaseModifier'. Consider explicitly re-exporting to resolve the ambiguity.
src/types/index.ts(200,1): error TS2308: Module './zodiacAffinity' has already exported a member named 'Modality'. Consider explicitly re-exporting to resolve the ambiguity.
src/types/index.ts(201,1): error TS2308: Module './recipe' has already exported a member named 'validateIngredient'. Consider explicitly re-exporting to resolve the ambiguity.
src/types/index.ts(201,1): error TS2308: Module './recipe' has already exported a member named 'validateRecipe'. Consider explicitly re-exporting to resolve the ambiguity.
src/types/ingredient-compatibility.ts(1,10): error TS2300: Duplicate identifier 'AlchemicalProperties'.
src/types/ingredient-compatibility.ts(7,3): error TS2305: Module '"@/types/alchemy"' has no exported member 'IngredientCategory'.
src/types/ingredient-compatibility.ts(8,3): error TS2305: Module '"@/types/alchemy"' has no exported member 'SensoryProfile'.
src/types/ingredient-compatibility.ts(10,3): error TS2305: Module '"@/types/alchemy"' has no exported member 'LunarPhaseModifier'.
src/types/ingredient-compatibility.ts(11,3): error TS2724: '"@/types/alchemy"' has no exported member named 'BaseIngredient'. Did you mean 'Ingredient'?
src/types/ingredient-compatibility.ts(12,3): error TS2300: Duplicate identifier 'AlchemicalProperties'.
src/types/ingredient.ts(4,3): error TS2300: Duplicate identifier 'AlchemicalProperties'.
src/types/ingredient.ts(12,10): error TS2300: Duplicate identifier 'AlchemicalProperties'.
src/types/ingredient.ts(20,14): error TS2304: Cannot find name 'ZodiacSign'.
src/types/ingredient.ts(21,13): error TS2304: Cannot find name 'LunarPhase'.
src/types/lunar.ts(1,10): error TS2395: Individual declarations in merged declaration 'LUNAR_PHASES' must be all exported or all local.
src/types/lunar.ts(1,10): error TS2440: Import declaration conflicts with local declaration of 'LUNAR_PHASES'.
src/types/lunar.ts(104,14): error TS2395: Individual declarations in merged declaration 'LUNAR_PHASES' must be all exported or all local.
src/types/recipe.ts(16,10): error TS2440: Import declaration conflicts with local declaration of 'ElementalProperties'.
src/types/recipe.ts(173,47): error TS2551: Property 'elementalPropertiesState' does not exist on type 'Partial<RecipeIngredient>'. Did you mean 'elementalProperties'?
src/types/recipe.ts(201,18): error TS2551: Property 'elementalPropertiesState' does not exist on type 'Partial<RecipeIngredient>'. Did you mean 'elementalProperties'?
src/types/recipe.ts(202,50): error TS2551: Property 'elementalPropertiesState' does not exist on type 'Partial<RecipeIngredient>'. Did you mean 'elementalProperties'?
src/types/recipeIngredient.ts(89,19): error TS2339: Property 'name' does not exist on type 'object'.
src/types/recipeIngredient.ts(89,45): error TS2339: Property 'name' does not exist on type 'object'.
src/types/recipeIngredient.ts(93,25): error TS2339: Property 'amount' does not exist on type 'object'.
src/types/recipeIngredient.ts(97,19): error TS2339: Property 'unit' does not exist on type 'object'.
src/types/recipeIngredient.ts(97,45): error TS2339: Property 'unit' does not exist on type 'object'.
src/types/recipeIngredient.ts(102,18): error TS2339: Property 'elementalPropertiesState' does not exist on type 'object'.
src/types/recipeIngredient.ts(103,30): error TS2339: Property 'elementalPropertiesState' does not exist on type 'object'.
src/types/time.ts(9,11): error TS2304: Cannot find name 'PlanetName'.
src/types/time.ts(13,11): error TS2304: Cannot find name 'PlanetName'.
src/types/time.ts(26,35): error TS2304: Cannot find name 'PlanetName'.
src/types/time.ts(37,32): error TS2304: Cannot find name 'PlanetName'.
src/types/validation.ts(1,15): error TS2300: Duplicate identifier 'Recipe'.
src/types/validation.ts(2,10): error TS2300: Duplicate identifier 'Recipe'.
src/types/validation.ts(12,16): error TS2339: Property 'currentSeason' does not exist on type 'Recipe'.
src/types/validation.ts(13,46): error TS2339: Property 'currentSeason' does not exist on type 'Recipe'.
src/types/validation.ts(13,70): error TS2339: Property 'currentSeason' does not exist on type 'Recipe'.
src/types/validation.ts(13,94): error TS2339: Property 'currentSeason' does not exist on type 'Recipe'.
src/types/validation.ts(44,20): error TS2551: Property 'elementalPropertiesState' does not exist on type 'Ingredient'. Did you mean 'elementalProperties'?
src/types/validation.ts(45,46): error TS2551: Property 'elementalPropertiesState' does not exist on type 'Ingredient'. Did you mean 'elementalProperties'?
src/types/validation.ts(47,22): error TS2362: The left-hand side of an arithmetic operation must be of type 'any', 'number', 'bigint' or an enum type.
src/types/validators.ts(54,48): error TS2304: Cannot find name 'Ingredient'.
src/types/zodiac.ts(1,10): error TS2440: Import declaration conflicts with local declaration of 'ElementalProperties'.
src/types/zodiac.ts(2,10): error TS2440: Import declaration conflicts with local declaration of 'CelestialPosition'.
src/types/zodiacAffinity.ts(7,37): error TS2304: Cannot find name 'ZodiacSign'.
src/types/zodiacAffinity.ts(17,40): error TS2304: Cannot find name 'ZodiacSign'.
src/types/zodiacAffinity.ts(65,49): error TS2304: Cannot find name 'ZodiacSign'.
src/types/zodiacAffinity.ts(65,68): error TS2304: Cannot find name 'ZodiacSign'.
src/types/zodiacAffinity.ts(86,47): error TS2304: Cannot find name 'ZodiacSign'.
src/types/zodiacAffinity.ts(86,66): error TS2304: Cannot find name 'ZodiacSign'.
src/types/zodiacAffinity.ts(87,28): error TS2304: Cannot find name 'ZodiacSign'.
src/utils/accurateAstronomy.ts(2,15): error TS2300: Duplicate identifier 'PlanetaryPosition'.
src/utils/accurateAstronomy.ts(3,10): error TS2300: Duplicate identifier 'PlanetaryPosition'.
src/utils/accurateAstronomy.ts(237,7): error TS2322: Type '{ [key: string]: PlanetaryPosition; }' is not assignable to type 'Record<string, PlanetPositionData>'.
  'string' index signatures are incompatible.
    Property 'exactLongitude' is missing in type 'PlanetaryPosition' but required in type 'PlanetPositionData'.
src/utils/alchemicalAdapters.ts(1,29): error TS2300: Duplicate identifier 'Element'.
src/utils/alchemicalAdapters.ts(2,10): error TS2300: Duplicate identifier 'Element'.
src/utils/alchemicalAdapters.ts(9,26): error TS2339: Property 'element' does not exist on type 'unknown'.
src/utils/alchemicalAdapters.ts(10,30): error TS2339: Property 'strength' does not exist on type 'unknown'.
src/utils/alchemicalAdapters.ts(11,28): error TS2339: Property 'source' does not exist on type 'unknown'.
src/utils/alchemicalAdapters.ts(13,5): error TS2698: Spread types may only be created from object types.
src/utils/alchemicalCalculations.ts(3,10): error TS2440: Import declaration conflicts with local declaration of 'PlanetaryPosition'.
src/utils/alchemicalCalculations.ts(324,56): error TS2322: Type '{ Fire: number; Earth: number; Air: number; water: number; }' is not assignable to type '{ Fire: number; earth: number; Air: number; water: number; }'.
  Object literal may only specify known properties, but 'Earth' does not exist in type '{ Fire: number; earth: number; Air: number; water: number; }'. Did you mean to write 'earth'?
src/utils/alchemicalPillarUtils.ts(543,92): error TS2345: Argument of type 'Promise<Record<string, number>>' is not assignable to parameter of type '{ [key: string]: number; }'.
  Index signature for type 'string' is missing in type 'Promise<Record<string, number>>'.
src/utils/alchemicalPillarUtils.ts(712,25): error TS2304: Cannot find name 'ZodiacSign'.
src/utils/alchemicalPillarUtils.ts(894,85): error TS2339: Property 'default' does not exist on type 'typeof import("/Users/GregCastro/Desktop/WhatToEatNext/src/data/cooking/methods/dry/index")'.
src/utils/alchemicalPillarUtils.ts(895,85): error TS2339: Property 'default' does not exist on type 'typeof import("/Users/GregCastro/Desktop/WhatToEatNext/src/data/cooking/methods/wet/index")'.
src/utils/alchemicalPillarUtils.ts(896,101): error TS2339: Property 'default' does not exist on type 'typeof import("/Users/GregCastro/Desktop/WhatToEatNext/src/data/cooking/methods/traditional/index")'.
src/utils/alchemicalTransformationUtils.ts(38,5): error TS2345: Argument of type '{ [key: string]: number; }' is not assignable to parameter of type '{ [key: string]: CelestialPosition; }'.
  'string' index signatures are incompatible.
    Type 'number' has no properties in common with type 'CelestialPosition'.
src/utils/alchemicalTransformationUtils.ts(66,5): error TS2345: Argument of type '{ [key: string]: number; }' is not assignable to parameter of type '{ [key: string]: CelestialPosition; }'.
  'string' index signatures are incompatible.
    Type 'number' has no properties in common with type 'CelestialPosition'.
src/utils/alchemicalTransformationUtils.ts(99,5): error TS2345: Argument of type '{ [key: string]: number; }' is not assignable to parameter of type '{ [key: string]: CelestialPosition; }'.
  'string' index signatures are incompatible.
    Type 'number' has no properties in common with type 'CelestialPosition'.
src/utils/alchemyInitializer.ts(4,5): error TS2717: Subsequent property declarations must have the same type.  Property 'alchemize' must be of type '(birth_info: any, horoscope_dict: any) => any', but here has type 'unknown'.
src/utils/alchemyInitializer.ts(34,37): error TS2345: Argument of type 'unknown' is not assignable to parameter of type 'BirthInfo'.
  Property 'hour' is missing in type '{}' but required in type 'BirthInfo'.
src/utils/astrology/calculations.ts(12,10): error TS2440: Import declaration conflicts with local declaration of 'PlanetaryPosition'.
src/utils/astrology/calculations.ts(238,32): error TS2322: Type '{ Spirit: number; Essence: number; Matter: number; Substance: number; Fire: number; Water: number; Air: number; Earth: number; }' is not assignable to type 'AlchemyTotals'.
  Object literal may only specify known properties, but 'Earth' does not exist in type 'AlchemyTotals'. Did you mean to write 'earth'?
src/utils/astrology/calculations.ts(247,35): error TS2339: Property 'Alchemy' does not exist on type 'PlanetInfoData | AscendantInfo'.
  Property 'Alchemy' does not exist on type 'AscendantInfo'.
src/utils/astrology/calculations.ts(248,58): error TS2339: Property 'Alchemy' does not exist on type 'PlanetInfoData | AscendantInfo'.
  Property 'Alchemy' does not exist on type 'AscendantInfo'.
src/utils/astrology/calculations.ts(259,65): error TS2339: Property 'Earth' does not exist on type 'AlchemyTotals'.
src/utils/astrology/calculations.ts(293,39): error TS2322: Type '{ heat: number; entropy: number; reactivity: number; gregsEnergy: number; kalchm: number; monica: number; }' is not assignable to type 'ThermodynamicMetrics'.
  Object literal may only specify known properties, and 'gregsEnergy' does not exist in type 'ThermodynamicMetrics'.
src/utils/astrology/calculations.ts(323,74): error TS2551: Property 'Water' does not exist on type '{ Fire: number; Earth: number; Air: number; water: number; }'. Did you mean 'water'?
src/utils/astrology/calculations.ts(327,40): error TS2551: Property 'Water' does not exist on type '{ Fire: number; Earth: number; Air: number; water: number; }'. Did you mean 'water'?
src/utils/astrology/calculations.ts(328,40): error TS2551: Property 'Water' does not exist on type '{ Fire: number; Earth: number; Air: number; water: number; }'. Did you mean 'water'?
src/utils/astrology/core.ts(3,3): error TS2300: Duplicate identifier 'AstrologicalState'.
src/utils/astrology/core.ts(17,10): error TS2300: Duplicate identifier 'AstrologicalState'.
src/utils/astrology/core.ts(18,10): error TS2440: Import declaration conflicts with local declaration of 'ElementalProperties'.
src/utils/astrology/core.ts(20,37): error TS2307: Cannot find module '../types/celestial' or its corresponding type declarations.
src/utils/astrology/core.ts(22,10): error TS2440: Import declaration conflicts with local declaration of 'calculatePlanetaryPositions'.
src/utils/astrology/core.ts(93,42): error TS2304: Cannot find name 'safeCalculatePlanetaryAspects'.
src/utils/astrology/core.ts(102,5): error TS2322: Type '{ 'new Moon': number; 'waxing crescent': number; 'first quarter': number; 'waxing gibbous': number; 'full Moon': number; 'waning gibbous': number; 'last quarter': number; 'waning crescent': number; }' is not assignable to type 'Record<LunarPhaseWithSpaces, number>'.
  Object literal may only specify known properties, and ''new Moon'' does not exist in type 'Record<LunarPhaseWithSpaces, number>'.
src/utils/astrology/core.ts(122,5): error TS2820: Type '"fire"' is not assignable to type 'ElementalCharacter'. Did you mean '"Fire"'?
src/utils/astrology/core.ts(123,5): error TS2820: Type '"fire"' is not assignable to type 'ElementalCharacter'. Did you mean '"Fire"'?
src/utils/astrology/core.ts(124,5): error TS2820: Type '"fire"' is not assignable to type 'ElementalCharacter'. Did you mean '"Fire"'?
src/utils/astrology/core.ts(125,5): error TS2820: Type '"earth"' is not assignable to type 'ElementalCharacter'. Did you mean '"Earth"'?
src/utils/astrology/core.ts(126,5): error TS2820: Type '"earth"' is not assignable to type 'ElementalCharacter'. Did you mean '"Earth"'?
src/utils/astrology/core.ts(127,5): error TS2820: Type '"earth"' is not assignable to type 'ElementalCharacter'. Did you mean '"Earth"'?
src/utils/astrology/core.ts(131,5): error TS2820: Type '"water"' is not assignable to type 'ElementalCharacter'. Did you mean '"Water"'?
src/utils/astrology/core.ts(132,5): error TS2820: Type '"water"' is not assignable to type 'ElementalCharacter'. Did you mean '"Water"'?
src/utils/astrology/core.ts(133,5): error TS2820: Type '"water"' is not assignable to type 'ElementalCharacter'. Did you mean '"Water"'?
src/utils/astrology/core.ts(136,3): error TS2322: Type '"fire" | ElementalCharacter' is not assignable to type 'ElementalCharacter'.
  Type '"fire"' is not assignable to type 'ElementalCharacter'. Did you mean '"Fire"'?
src/utils/astrology/core.ts(147,29): error TS2304: Cannot find name 'getAccuratePlanetaryPositions'.
src/utils/astrology/core.ts(180,56): error TS2820: Type '"new Moon"' is not assignable to type 'LunarPhaseWithSpaces'. Did you mean '"new moon"'?
src/utils/astrology/core.ts(248,29): error TS2304: Cannot find name 'getAccuratePlanetaryPositions'.
src/utils/astrology/core.ts(270,37): error TS2304: Cannot find name 'getAccuratePlanetaryPositions'.
src/utils/astrology/core.ts(278,24): error TS2339: Property 'sign' does not exist on type 'unknown'.
src/utils/astrology/core.ts(279,26): error TS2339: Property 'degree' does not exist on type 'unknown'.
src/utils/astrology/core.ts(280,26): error TS2339: Property 'minute' does not exist on type 'unknown'.
src/utils/astrology/core.ts(281,34): error TS2339: Property 'exactLongitude' does not exist on type 'unknown'.
src/utils/astrology/core.ts(282,32): error TS2339: Property 'isRetrograde' does not exist on type 'unknown'.
src/utils/astrology/core.ts(373,27): error TS2304: Cannot find name 'calculateActivePlanets'.
src/utils/astrology/core.ts(380,7): error TS2322: Type '"spring" | "summer" | "fall" | "winter"' is not assignable to type 'Season'.
  Type '"spring"' is not assignable to type 'Season'. Did you mean '"Spring"'?
src/utils/astrology/core.ts(381,7): error TS2322: Type '"morning" | "afternoon" | "evening" | "night"' is not assignable to type 'TimeOfDay'.
  Type '"morning"' is not assignable to type 'TimeOfDay'. Did you mean '"Morning"'?
src/utils/astrology/core.ts(386,7): error TS2352: Conversion of type '{ sunSign: string; moonSign: string; lunarPhase: LunarPhaseWithSpaces; isDaytime: boolean; planetaryHour: Planet; }' to type 'AstrologicalState' may be a mistake because neither type sufficiently overlaps with the other. If this was intentional, convert the expression to 'unknown' first.
  Property 'activePlanets' is missing in type '{ sunSign: string; moonSign: string; lunarPhase: LunarPhaseWithSpaces; isDaytime: boolean; planetaryHour: Planet; }' but required in type 'AstrologicalState'.
src/utils/astrology/core.ts(391,7): error TS2352: Conversion of type '{ sunSign: string; moonSign: string; lunarPhase: LunarPhaseWithSpaces; isDaytime: boolean; planetaryHour: Planet; }' to type 'AstrologicalState' may be a mistake because neither type sufficiently overlaps with the other. If this was intentional, convert the expression to 'unknown' first.
  Property 'activePlanets' is missing in type '{ sunSign: string; moonSign: string; lunarPhase: LunarPhaseWithSpaces; isDaytime: boolean; planetaryHour: Planet; }' but required in type 'AstrologicalState'.
src/utils/astrology/core.ts(397,7): error TS2322: Type 'string' is not assignable to type 'ZodiacSign'.
src/utils/astrology/core.ts(398,7): error TS2322: Type 'string' is not assignable to type 'ZodiacSign'.
src/utils/astrology/core.ts(402,7): error TS2322: Type 'Planet' is not assignable to type 'string'.
src/utils/astrology/core.ts(425,5): error TS2820: Type '"fire"' is not assignable to type 'Element'. Did you mean '"Fire"'?
src/utils/astrology/core.ts(426,5): error TS2820: Type '"water"' is not assignable to type 'Element'. Did you mean '"Water"'?
src/utils/astrology/core.ts(428,5): error TS2820: Type '"earth"' is not assignable to type 'Element'. Did you mean '"Earth"'?
src/utils/astrology/core.ts(429,5): error TS2820: Type '"fire"' is not assignable to type 'Element'. Did you mean '"Fire"'?
src/utils/astrology/core.ts(430,5): error TS2820: Type '"fire"' is not assignable to type 'Element'. Did you mean '"Fire"'?
src/utils/astrology/core.ts(431,5): error TS2820: Type '"earth"' is not assignable to type 'Element'. Did you mean '"Earth"'?
src/utils/astrology/core.ts(433,5): error TS2820: Type '"water"' is not assignable to type 'Element'. Did you mean '"Water"'?
src/utils/astrology/core.ts(434,5): error TS2820: Type '"water"' is not assignable to type 'Element'. Did you mean '"Water"'?
src/utils/astrology/core.ts(437,3): error TS2322: Type 'Element | "fire"' is not assignable to type 'Element'.
  Type '"fire"' is not assignable to type 'Element'. Did you mean '"Fire"'?
src/utils/astrology/core.ts(477,5): error TS2322: Type '{ fire: number; earth: number; Air: number; water: number; }' is not assignable to type 'Record<Element, number>'.
  Object literal may only specify known properties, and ''fire'' does not exist in type 'Record<Element, number>'.
src/utils/astrology/core.ts(486,51): error TS2345: Argument of type 'string' is not assignable to parameter of type 'ZodiacSign'.
src/utils/astrology/core.ts(498,7): error TS2820: Type '"fire"' is not assignable to type 'Element'. Did you mean '"Fire"'?
src/utils/astrology/core.ts(522,5): error TS2322: Type '{ fire: number; earth: number; Air: number; water: number; }' is not assignable to type 'Record<Element, number>'.
  Object literal may only specify known properties, and ''fire'' does not exist in type 'Record<Element, number>'.
src/utils/astrology/core.ts(531,51): error TS2345: Argument of type 'string' is not assignable to parameter of type 'ZodiacSign'.
src/utils/astrology/core.ts(547,14): error TS2322: Type '{ fire: number; earth: number; Air: number; water: number; }' is not assignable to type 'Record<Element, number>'.
  Object literal may only specify known properties, and ''fire'' does not exist in type 'Record<Element, number>'.
src/utils/astrology/index.ts(2,10): error TS2440: Import declaration conflicts with local declaration of 'AstrologicalState'.
src/utils/astrology/index.ts(31,3): error TS1205: Re-exporting a type when 'isolatedModules' is enabled requires using 'export type'.
src/utils/astrology/index.ts(32,3): error TS1205: Re-exporting a type when 'isolatedModules' is enabled requires using 'export type'.
src/utils/astrology/index.ts(33,3): error TS1205: Re-exporting a type when 'isolatedModules' is enabled requires using 'export type'.
src/utils/astrology/index.ts(34,3): error TS1205: Re-exporting a type when 'isolatedModules' is enabled requires using 'export type'.
src/utils/astrology/index.ts(35,3): error TS1205: Re-exporting a type when 'isolatedModules' is enabled requires using 'export type'.
src/utils/astrology/index.ts(36,3): error TS1205: Re-exporting a type when 'isolatedModules' is enabled requires using 'export type'.
src/utils/astrology/index.ts(75,3): error TS1205: Re-exporting a type when 'isolatedModules' is enabled requires using 'export type'.
src/utils/astrology/index.ts(76,3): error TS1205: Re-exporting a type when 'isolatedModules' is enabled requires using 'export type'.
src/utils/astrology/index.ts(77,3): error TS1205: Re-exporting a type when 'isolatedModules' is enabled requires using 'export type'.
src/utils/astrology/index.ts(78,3): error TS1205: Re-exporting a type when 'isolatedModules' is enabled requires using 'export type'.
src/utils/astrology/index.ts(79,3): error TS1205: Re-exporting a type when 'isolatedModules' is enabled requires using 'export type'.
src/utils/astrology/positions.ts(2,15): error TS2300: Duplicate identifier 'PlanetaryPosition'.
src/utils/astrology/positions.ts(3,10): error TS2300: Duplicate identifier 'PlanetaryPosition'.
src/utils/astrology/positions.ts(237,7): error TS2322: Type '{ [key: string]: PlanetaryPosition; }' is not assignable to type 'Record<string, PlanetPositionData>'.
  'string' index signatures are incompatible.
    Property 'exactLongitude' is missing in type 'PlanetaryPosition' but required in type 'PlanetPositionData'.
src/utils/astrology/positions.ts(296,7): error TS2322: Type '{ sign: string; degree: number; exactLongitude: number; isRetrograde: boolean; }' is not assignable to type 'PlanetPositionData'.
  Types of property 'sign' are incompatible.
    Type 'string' is not assignable to type 'ZodiacSign'.
src/utils/astrology/positions.ts(301,7): error TS2322: Type '{ sign: string; degree: number; exactLongitude: number; isRetrograde: boolean; }' is not assignable to type 'PlanetPositionData'.
src/utils/astrology/validation.ts(2,3): error TS2300: Duplicate identifier 'AstrologicalState'.
src/utils/astrology/validation.ts(6,3): error TS2300: Duplicate identifier 'Element'.
src/utils/astrology/validation.ts(7,3): error TS2300: Duplicate identifier 'PlanetaryPosition'.
src/utils/astrology/validation.ts(11,10): error TS2300: Duplicate identifier 'Element'.
src/utils/astrology/validation.ts(12,10): error TS2300: Duplicate identifier 'AstrologicalState'.
src/utils/astrology/validation.ts(13,10): error TS2300: Duplicate identifier 'PlanetaryPosition'.
src/utils/astrology/validation.ts(14,10): error TS2440: Import declaration conflicts with local declaration of 'CelestialPosition'.
src/utils/astrology/validation.ts(421,7): error TS2322: Type 'Record<string, PlanetaryPosition>' is not assignable to type '{ [key: string]: CelestialPosition; }'.
  'string' index signatures are incompatible.
    Type 'PlanetaryPosition' is not assignable to type 'CelestialPosition'.
      Types of property 'element' are incompatible.
        Type 'string' is not assignable to type 'Element'.
src/utils/astrology/validation.ts(431,7): error TS2820: Type '"new Moon"' is not assignable to type 'LunarPhaseWithSpaces'. Did you mean '"new moon"'?
src/utils/astrology/validation.ts(433,7): error TS2820: Type '"fire"' is not assignable to type 'Element'. Did you mean '"Fire"'?
src/utils/astrologyDataProvider.ts(154,71): error TS2345: Argument of type 'Record<string, CelestialPosition>' is not assignable to parameter of type '{ [key: string]: CelestialPosition; }'.
  'string' index signatures are incompatible.
    Type 'import("/Users/GregCastro/Desktop/WhatToEatNext/src/types/celestial").CelestialPosition' is not assignable to type 'import("/Users/GregCastro/Desktop/WhatToEatNext/src/types/alchemy").CelestialPosition'.
      Types of property 'sign' are incompatible.
        Type 'string' is not assignable to type 'ZodiacSign'.
src/utils/astrologyUtils.ts(3,3): error TS2300: Duplicate identifier 'AstrologicalState'.
src/utils/astrologyUtils.ts(4,3): error TS2300: Duplicate identifier 'PlanetaryAlignment'.
src/utils/astrologyUtils.ts(16,17): error TS2724: '"astronomia"' has no exported member named 'Moon'. Did you mean 'moon'?
src/utils/astrologyUtils.ts(21,15): error TS2724: '"../types/celestial"' has no exported member named 'PlanetPosition'. Did you mean 'PlanetaryPosition'?
src/utils/astrologyUtils.ts(26,10): error TS2300: Duplicate identifier 'PlanetaryAlignment'.
src/utils/astrologyUtils.ts(27,10): error TS2300: Duplicate identifier 'AstrologicalState'.
src/utils/astrologyUtils.ts(28,10): error TS2440: Import declaration conflicts with local declaration of 'ElementalProperties'.
src/utils/astrologyUtils.ts(31,10): error TS2440: Import declaration conflicts with local declaration of 'calculatePlanetaryPositions'.
src/utils/astrologyUtils.ts(61,5): error TS2322: Type '{ 'new moon': number; 'waxing crescent': number; 'first quarter': number; 'waxing gibbous': number; 'full moon': number; 'waning gibbous': number; 'last quarter': number; 'waning crescent': number; }' is not assignable to type 'Record<LunarPhaseWithSpaces, number>'.
  Object literal may only specify known properties, and ''full moon'' does not exist in type 'Record<LunarPhaseWithSpaces, number>'.
src/utils/astrologyUtils.ts(170,29): error TS2304: Cannot find name 'getAccuratePlanetaryPositions'.
src/utils/astrologyUtils.ts(207,30): error TS2820: Type '"full moon"' is not assignable to type 'LunarPhaseWithSpaces'. Did you mean '"full Moon"'?
src/utils/astrologyUtils.ts(242,16): error TS2367: This comparison appears to be unintentional because the types '"waxing crescent" | "first quarter" | "waxing gibbous" | "full Moon" | "waning gibbous" | "last quarter" | "waning crescent"' and '"full moon"' have no overlap.
src/utils/astrologyUtils.ts(270,14): error TS2678: Type '"full moon"' is not comparable to type 'LunarPhaseWithSpaces'.
src/utils/astrologyUtils.ts(315,29): error TS2304: Cannot find name 'getAccuratePlanetaryPositions'.
src/utils/astrologyUtils.ts(355,31): error TS2304: Cannot find name 'getAccuratePlanetaryPositions'.
src/utils/astrologyUtils.ts(362,60): error TS2339: Property 'exactLongitude' does not exist on type 'unknown'.
src/utils/astrologyUtils.ts(368,32): error TS2339: Property 'exactLongitude' does not exist on type 'unknown'.
src/utils/astrologyUtils.ts(369,30): error TS2339: Property 'isRetrograde' does not exist on type 'unknown'.
src/utils/astrologyUtils.ts(1079,24): error TS2304: Cannot find name 'calculateAllHouseEffects'.
src/utils/astrologyUtils.ts(1439,7): error TS2322: Type 'Planet' is not assignable to type 'string'.
src/utils/astrologyUtils.ts(1442,7): error TS2740: Type 'Record<string, any>' is missing the following properties from type 'PlanetaryAspect[]': length, pop, push, concat, and 31 more.
src/utils/astrologyUtils.ts(1461,23): error TS2352: Conversion of type 'string' to type 'Planet' may be a mistake because neither type sufficiently overlaps with the other. If this was intentional, convert the expression to 'unknown' first.
src/utils/astrologyUtils.ts(1462,7): error TS2322: Type 'Planet' is not assignable to type 'string'.
src/utils/astrologyUtils.ts(1462,22): error TS2352: Conversion of type 'string' to type 'Planet' may be a mistake because neither type sufficiently overlaps with the other. If this was intentional, convert the expression to 'unknown' first.
src/utils/astrologyUtils.ts(1463,21): error TS2352: Conversion of type 'string' to type 'Planet' may be a mistake because neither type sufficiently overlaps with the other. If this was intentional, convert the expression to 'unknown' first.
src/utils/astrologyUtils.ts(1464,24): error TS2352: Conversion of type 'string' to type 'Planet' may be a mistake because neither type sufficiently overlaps with the other. If this was intentional, convert the expression to 'unknown' first.
src/utils/astrologyUtils.ts(1892,25): error TS2339: Property 'planets' does not exist on type 'unknown'.
src/utils/astrologyUtils.ts(1911,37): error TS2339: Property 'planets' does not exist on type 'unknown'.
src/utils/astrologyUtils.ts(1921,25): error TS2339: Property 'houses' does not exist on type 'unknown'.
src/utils/astrologyUtils.ts(1922,45): error TS2339: Property 'houses' does not exist on type 'unknown'.
src/utils/astrologyUtils.ts(1923,38): error TS2339: Property 'houses' does not exist on type 'unknown'.
src/utils/astrologyUtils.ts(1954,25): error TS2339: Property 'aspects' does not exist on type 'unknown'.
src/utils/astrologyUtils.ts(1954,65): error TS2339: Property 'aspects' does not exist on type 'unknown'.
src/utils/astrologyUtils.ts(1971,22): error TS2339: Property 'aspects' does not exist on type 'unknown'.
src/utils/astrologyUtils.ts(1972,20): error TS2339: Property 'aspectType' does not exist on type 'unknown'.
src/utils/astrologyUtils.ts(1972,41): error TS2339: Property 'planet1' does not exist on type 'unknown'.
src/utils/astrologyUtils.ts(1972,59): error TS2339: Property 'planet2' does not exist on type 'unknown'.
src/utils/astrologyUtils.ts(1974,44): error TS2339: Property 'aspectType' does not exist on type 'unknown'.
src/utils/astrologyUtils.ts(1974,66): error TS2339: Property 'aspectType' does not exist on type 'unknown'.
src/utils/astrologyUtils.ts(1975,29): error TS2339: Property 'planet1' does not exist on type 'unknown'.
src/utils/astrologyUtils.ts(1976,29): error TS2339: Property 'planet2' does not exist on type 'unknown'.
src/utils/astrologyUtils.ts(1977,25): error TS2339: Property 'orb' does not exist on type 'unknown'.
src/utils/astrologyUtils.ts(1978,30): error TS2339: Property 'applying' does not exist on type 'unknown'.
src/utils/astrologyUtils.ts(2054,5): error TS2741: Property 'Aether' is missing in type '{ Fire: number; Earth: number; Air: number; Water: number; }' but required in type 'Record<Element, number>'.
src/utils/astrologyUtils.ts(2060,5): error TS2741: Property 'Aether' is missing in type '{ Fire: number; Earth: number; Air: number; Water: number; }' but required in type 'Record<Element, number>'.
src/utils/astrologyUtils.ts(2066,5): error TS2741: Property 'Aether' is missing in type '{ Fire: number; Earth: number; Air: number; Water: number; }' but required in type 'Record<Element, number>'.
src/utils/astrologyUtils.ts(2072,5): error TS2741: Property 'Aether' is missing in type '{ Fire: number; Earth: number; Air: number; Water: number; }' but required in type 'Record<Element, number>'.
src/utils/astrologyUtils.ts(2095,9): error TS2741: Property 'Aether' is missing in type '{ Fire: number; Earth: number; Air: number; Water: number; }' but required in type 'Record<Element, number>'.
src/utils/astrologyUtils.ts(2103,58): error TS2339: Property 'sign' does not exist on type 'AstrologicalState'.
src/utils/astrologyUtils.ts(2143,9): error TS2741: Property 'Aether' is missing in type '{ Fire: number; Earth: number; Air: number; Water: number; }' but required in type 'Record<Element, number>'.
src/utils/astrologyUtils.ts(2151,58): error TS2339: Property 'sign' does not exist on type 'AstrologicalState'.
src/utils/astrologyUtils.ts(2168,9): error TS2741: Property 'Aether' is missing in type '{ Fire: number; Earth: number; Air: number; Water: number; }' but required in type 'Record<Element, number>'.
src/utils/astrologyValidation.ts(3,10): error TS2440: Import declaration conflicts with local declaration of 'PlanetaryPosition'.
src/utils/astrologyValidation.ts(71,26): error TS2304: Cannot find name 'getDefaultPlanetaryPositions'.
src/utils/astronomiaCalculator.ts(9,10): error TS2440: Import declaration conflicts with local declaration of 'calculatePlanetaryPositions'.
src/utils/astronomiaCalculator.ts(75,88): error TS2304: Cannot find name 'PlanetaryPositionData'.
src/utils/astronomiaCalculator.ts(76,37): error TS2304: Cannot find name 'PlanetaryPositionData'.
src/utils/calculationUtils.ts(23,12): error TS2304: Cannot find name 'elementalUtils'.
src/utils/calculationUtils.ts(46,12): error TS2304: Cannot find name 'elementalUtils'.
src/utils/chakraFoodUtils.ts(266,49): error TS2304: Cannot find name 'zodiacSign'.
src/utils/chakraFoodUtils.ts(299,46): error TS2304: Cannot find name 'zodiacSign'.
src/utils/chromeApiInitializer.ts(163,5): error TS2717: Subsequent property declarations must have the same type.  Property 'chrome' must be of type '{ tabs?: { create?: (options: unknown) => Promise<{ id: number; }>; query?: (queryInfo: any, callback?: Function) => boolean; update?: (tabId: number, properties: any, callback?: Function) => boolean; sendMessage?: (tabId: number, message: any, options?: any, callback?: Function) => boolean; }; runtime?: { ...; }; s...', but here has type 'any'.
src/utils/constants/elements.ts(8,14): error TS2322: Type '{ readonly harmonious: readonly [readonly ["Fire", "Air"], readonly ["Water", "Earth"]]; readonly antagonistic: readonly [readonly ["Fire", "Water"], readonly ["Air", "Earth"]]; }' is not assignable to type 'ElementCombinations'.
  Types of property 'harmonious' are incompatible.
    The type 'readonly [readonly ["Fire", "Air"], readonly ["Water", "Earth"]]' is 'readonly' and cannot be assigned to the mutable type '[Element, Element][]'.
src/utils/constants/elements.ts(20,14): error TS2741: Property 'Aether' is missing in type '{ readonly Fire: readonly ["Air"]; readonly Water: readonly ["Earth"]; readonly Air: readonly ["Fire"]; readonly Earth: readonly ["Water"]; }' but required in type 'Record<Element, Element[]>'.
src/utils/constants/elements.ts(25,14): error TS2741: Property 'Aether' is missing in type '{ readonly Fire: "Air"; readonly Air: "Earth"; readonly Earth: "Water"; readonly Water: "Fire"; }' but required in type 'Record<Element, Element>'.
src/utils/constants/elements.ts(31,14): error TS2741: Property 'Aether' is missing in type '{ readonly Fire: "Water"; readonly Water: "Earth"; readonly Earth: "Air"; readonly Air: "Fire"; }' but required in type 'Record<Element, Element>'.
src/utils/constants/lunar.ts(6,10): error TS2395: Individual declarations in merged declaration 'LUNAR_PHASES' must be all exported or all local.
src/utils/constants/lunar.ts(6,10): error TS2440: Import declaration conflicts with local declaration of 'LUNAR_PHASES'.
src/utils/constants/lunar.ts(7,14): error TS2395: Individual declarations in merged declaration 'LUNAR_PHASES' must be all exported or all local.
src/utils/cookingMethodRecommender.ts(2,34): error TS2724: '"@/utils/culturalMethodsAggregator"' has no exported member named '_getCulturalVariations'. Did you mean 'getCulturalVariations'?
src/utils/cookingMethodRecommender.ts(3,27): error TS2300: Duplicate identifier 'ElementalProperties'.
src/utils/cookingMethodRecommender.ts(6,23): error TS5097: An import path can only end with a '.ts' extension when 'allowImportingTsExtensions' is enabled.
src/utils/cookingMethodRecommender.ts(7,22): error TS5097: An import path can only end with a '.ts' extension when 'allowImportingTsExtensions' is enabled.
src/utils/cookingMethodRecommender.ts(8,25): error TS5097: An import path can only end with a '.ts' extension when 'allowImportingTsExtensions' is enabled.
src/utils/cookingMethodRecommender.ts(9,25): error TS5097: An import path can only end with a '.ts' extension when 'allowImportingTsExtensions' is enabled.
src/utils/cookingMethodRecommender.ts(10,24): error TS5097: An import path can only end with a '.ts' extension when 'allowImportingTsExtensions' is enabled.
src/utils/cookingMethodRecommender.ts(11,24): error TS5097: An import path can only end with a '.ts' extension when 'allowImportingTsExtensions' is enabled.
src/utils/cookingMethodRecommender.ts(12,25): error TS5097: An import path can only end with a '.ts' extension when 'allowImportingTsExtensions' is enabled.
src/utils/cookingMethodRecommender.ts(13,23): error TS5097: An import path can only end with a '.ts' extension when 'allowImportingTsExtensions' is enabled.
src/utils/cookingMethodRecommender.ts(14,10): error TS2305: Module '"@/utils/lunarUtils"' has no exported member '_calculateLunarSuitability'.
src/utils/cookingMethodRecommender.ts(15,39): error TS2300: Duplicate identifier 'AstrologicalState'.
src/utils/cookingMethodRecommender.ts(18,10): error TS2300: Duplicate identifier 'AstrologicalState'.
src/utils/cookingMethodRecommender.ts(19,10): error TS2300: Duplicate identifier 'ElementalProperties'.
src/utils/cookingMethodRecommender.ts(57,7): error TS2698: Spread types may only be created from object types.
src/utils/cookingMethodRecommender.ts(58,31): error TS2339: Property 'elementalEffect' does not exist on type 'unknown'.
src/utils/cookingMethodRecommender.ts(60,28): error TS2339: Property 'suitable_for' does not exist on type 'unknown'.
src/utils/cookingMethodRecommender.ts(61,24): error TS2339: Property 'benefits' does not exist on type 'unknown'.
src/utils/cookingMethodRecommender.ts(78,13): error TS2322: Type 'CookingMethodData | { id: string; name: string; description: string; elementalEffect: { Fire: number; Water: number; Earth: number; Air: number; }; toolsRequired: string[]; ... 6 more ...; relatedToMainMethod: string; }' is not assignable to type 'CookingMethodData'.
  Type '{ id: string; name: string; description: string; elementalEffect: { Fire: number; Water: number; Earth: number; Air: number; }; toolsRequired: string[]; bestFor: string[]; culturalOrigin: string; astrologicalInfluences: { ...; }; duration: { ...; }; suitable_for: string[]; benefits: undefined[]; relatedToMainMethod:...' is not assignable to type 'CookingMethodData'.
    The types of 'astrologicalInfluences.favorableZodiac' are incompatible between these types.
      Type 'string[]' is not assignable to type 'ZodiacSign[]'.
        Type 'string' is not assignable to type 'ZodiacSign'.
src/utils/cookingMethodRecommender.ts(88,15): error TS2322: Type '{ favorableZodiac?: string[]; unfavorableZodiac?: string[]; dominantPlanets?: string[]; }' is not assignable to type '{ favorableZodiac?: ZodiacSign[]; unfavorableZodiac?: ZodiacSign[]; dominantPlanets?: string[]; }'.
src/utils/cookingMethodRecommender.ts(146,14): error TS2339: Property 'thermodynamicProperties' does not exist on type 'CookingMethodProfile'.
src/utils/cookingMethodRecommender.ts(148,20): error TS2339: Property 'thermodynamicProperties' does not exist on type 'CookingMethodProfile'.
src/utils/cookingMethodRecommender.ts(149,23): error TS2339: Property 'thermodynamicProperties' does not exist on type 'CookingMethodProfile'.
src/utils/cookingMethodRecommender.ts(150,26): error TS2339: Property 'thermodynamicProperties' does not exist on type 'CookingMethodProfile'.
src/utils/cookingMethodRecommender.ts(337,35): error TS2339: Property 'elementalProperties' does not exist on type 'CookingMethodProfile'.
src/utils/cookingMethodRecommender.ts(374,35): error TS2339: Property 'elementalProperties' does not exist on type 'CookingMethodProfile'.
src/utils/cookingMethodRecommender.ts(624,64): error TS2345: Argument of type '{}' is not assignable to parameter of type 'ElementalProperties'.
  Type '{}' is missing the following properties from type 'ElementalProperties': Fire, Water, Earth, Air
src/utils/cookingMethodRecommender.ts(658,62): error TS2345: Argument of type '{ score: number; id: string; name: string; description: string; elementalEffect: ElementalProperties; elementalProperties?: ElementalProperties; ... 9 more ...; relatedToMainMethod?: string; }' is not assignable to parameter of type 'CookingMethodProfile'.
  Property 'astrologicalInfluences' is optional in type '{ score: number; id: string; name: string; description: string; elementalEffect: ElementalProperties; elementalProperties?: ElementalProperties; ... 9 more ...; relatedToMainMethod?: string; }' but required in type 'CookingMethodProfile'.
src/utils/cookingMethodRecommender.ts(692,64): error TS2345: Argument of type '{ score: number; id: string; name: string; description: string; elementalEffect: ElementalProperties; elementalProperties?: ElementalProperties; ... 9 more ...; relatedToMainMethod?: string; }' is not assignable to parameter of type 'CookingMethodProfile'.
src/utils/cookingMethodRecommender.ts(817,11): error TS2367: This comparison appears to be unintentional because the types 'Promise<number>' and 'string' have no overlap.
src/utils/cookingMethodRecommender.ts(826,16): error TS2367: This comparison appears to be unintentional because the types 'Promise<number>' and 'string' have no overlap.
src/utils/cookingMethodRecommender.ts(836,16): error TS2367: This comparison appears to be unintentional because the types 'Promise<number>' and 'string' have no overlap.
src/utils/cookingMethodRecommender.ts(845,16): error TS2367: This comparison appears to be unintentional because the types 'Promise<number>' and 'string' have no overlap.
src/utils/cookingMethodRecommender.ts(1025,17): error TS2339: Property 'scoreDetails' does not exist on type '{ score: number; id: string; name: string; description: string; elementalEffect: ElementalProperties; elementalProperties?: ElementalProperties; ... 9 more ...; relatedToMainMethod?: string; }'.
src/utils/cookingMethodRecommender.ts(1026,14): error TS2339: Property 'scoreDetails' does not exist on type '{ score: number; id: string; name: string; description: string; elementalEffect: ElementalProperties; elementalProperties?: ElementalProperties; ... 9 more ...; relatedToMainMethod?: string; }'.
src/utils/cookingMethodRecommender.ts(1028,12): error TS2339: Property 'scoreDetails' does not exist on type '{ score: number; id: string; name: string; description: string; elementalEffect: ElementalProperties; elementalProperties?: ElementalProperties; ... 9 more ...; relatedToMainMethod?: string; }'.
src/utils/cookingMethodRecommender.ts(1046,59): error TS2345: Argument of type 'Promise<number>' is not assignable to parameter of type 'LunarPhaseWithSpaces'.
src/utils/cookingMethodRecommender.ts(1048,33): error TS2339: Property 'planetaryAffinity' does not exist on type '{ score: number; id: string; name: string; description: string; elementalEffect: ElementalProperties; elementalProperties?: ElementalProperties; ... 9 more ...; relatedToMainMethod?: string; }'.
src/utils/cookingMethodRecommender.ts(1049,28): error TS2339: Property 'scoreDetails' does not exist on type '{ score: number; id: string; name: string; description: string; elementalEffect: ElementalProperties; elementalProperties?: ElementalProperties; ... 9 more ...; relatedToMainMethod?: string; }'.
src/utils/cookingMethodRecommender.ts(1060,47): error TS2304: Cannot find name 'CookingMethod'.
src/utils/cookingMethodRecommender.ts(1064,10): error TS2678: Type '"New Moon"' is not comparable to type 'LunarPhaseWithSpaces'.
src/utils/cookingMethodRecommender.ts(1069,10): error TS2678: Type '"Waxing Crescent"' is not comparable to type 'LunarPhaseWithSpaces'.
src/utils/cookingMethodRecommender.ts(1073,10): error TS2678: Type '"First Quarter"' is not comparable to type 'LunarPhaseWithSpaces'.
src/utils/cookingMethodRecommender.ts(1077,10): error TS2678: Type '"Waxing Gibbous"' is not comparable to type 'LunarPhaseWithSpaces'.
src/utils/cookingMethodRecommender.ts(1081,10): error TS2678: Type '"Full Moon"' is not comparable to type 'LunarPhaseWithSpaces'.
src/utils/cookingMethodRecommender.ts(1086,10): error TS2678: Type '"Waning Gibbous"' is not comparable to type 'LunarPhaseWithSpaces'.
src/utils/cookingMethodRecommender.ts(1090,10): error TS2678: Type '"Last Quarter"' is not comparable to type 'LunarPhaseWithSpaces'.
src/utils/cookingMethodRecommender.ts(1094,10): error TS2678: Type '"Waning Crescent"' is not comparable to type 'LunarPhaseWithSpaces'.
src/utils/cookingMethodRecommender.ts(1107,77): error TS2304: Cannot find name 'CookingMethod'.
src/utils/cookingMethodRecommender.ts(1156,64): error TS2345: Argument of type 'string' is not assignable to parameter of type 'ZodiacSign'.
src/utils/cookingMethodRecommender.ts(1161,63): error TS2339: Property 'lunarPhaseEffect' does not exist on type '{ favorableZodiac?: ZodiacSign[]; unfavorableZodiac?: ZodiacSign[]; dominantPlanets?: string[]; }'.
src/utils/cookingMethodRecommender.ts(1187,17): error TS2339: Property 'elementalProperties' does not exist on type 'CookingMethodProfile'.
src/utils/cookingMethodRecommender.ts(1196,18): error TS2339: Property 'elementalProfile' does not exist on type 'AstrologicalState'.
src/utils/cookingMethodRecommender.ts(1196,61): error TS2339: Property 'elementalProfile' does not exist on type 'AstrologicalState'.
src/utils/cookingMethodRecommender.ts(1197,23): error TS2339: Property 'elementalProfile' does not exist on type 'AstrologicalState'.
src/utils/cookingMethodRecommender.ts(1249,42): error TS2304: Cannot find name 'cookingMethods'.
src/utils/cookingMethodRecommender.ts(1251,40): error TS2345: Argument of type 'unknown' is not assignable to parameter of type 'CookingMethodProfile'.
  Type '{}' is missing the following properties from type 'CookingMethodProfile': id, name, elementalEffect, astrologicalInfluences
src/utils/cookingMethodRecommender.ts(1256,34): error TS2339: Property 'elementalProperties' does not exist on type 'unknown'.
src/utils/cookingMethodRecommender.ts(1257,27): error TS2339: Property 'description' does not exist on type 'unknown'.
src/utils/cookingMethodRecommender.ts(1264,25): error TS2339: Property 'limit' does not exist on type 'MethodRecommendationOptions'.
src/utils/cookingMethodRecommender.ts(1265,3): error TS2322: Type '{ name: string; score: number; elementalAlignment: any; description: any; }[]' is not assignable to type 'MethodRecommendation[]'.
  Type '{ name: string; score: number; elementalAlignment: any; description: any; }' is missing the following properties from type 'MethodRecommendation': method, reasons
src/utils/cookingMethodTips.ts(340,38): error TS2339: Property 'expertTips' does not exist on type 'string'.
src/utils/cookingMethodTips.ts(340,77): error TS2339: Property 'expertTips' does not exist on type 'string'.
src/utils/cookingMethodTips.ts(342,22): error TS2339: Property 'expertTips' does not exist on type 'string'.
src/utils/cookingMethodTips.ts(412,38): error TS2339: Property 'description' does not exist on type 'string'.
src/utils/cookingMethodTips.ts(413,29): error TS2339: Property 'description' does not exist on type 'string'.
src/utils/cookingMethodTips.ts(764,38): error TS2339: Property 'suitable_for' does not exist on type 'string'.
src/utils/cookingMethodTips.ts(764,79): error TS2339: Property 'suitable_for' does not exist on type 'string'.
src/utils/cookingMethodTips.ts(766,22): error TS2339: Property 'suitable_for' does not exist on type 'string'.
src/utils/cuisine/cuisineUtils.ts(19,50): error TS2339: Property 'cuisines' does not exist on type 'string[]'.
src/utils/cuisine/cuisineUtils.ts(20,10): error TS2678: Type '"herb"' is not comparable to type 'IngredientCategory'.
src/utils/cuisine/cuisineUtils.ts(33,48): error TS2322: Type '"herb"' is not assignable to type 'IngredientCategory'.
src/utils/cuisine/cuisineUtils.ts(37,5): error TS2322: Type '{ grain: undefined[]; herb: undefined[]; spice: undefined[]; protein: undefined[]; vegetable: undefined[]; fruit: undefined[]; oil: undefined[]; vinegar: undefined[]; seasoning: undefined[]; }' is not assignable to type 'Record<IngredientCategory, string[]>'.
  Object literal may only specify known properties, and 'herb' does not exist in type 'Record<IngredientCategory, string[]>'.
src/utils/cuisine/cuisineUtils.ts(50,16): error TS2339: Property 'cuisines' does not exist on type 'string[]'.
src/utils/cuisine/cuisineUtils.ts(56,27): error TS2345: Argument of type '"herb"' is not assignable to parameter of type 'IngredientCategory'.
src/utils/cuisine/cuisineUtils.ts(59,16): error TS2339: Property 'herb' does not exist on type 'Record<IngredientCategory, string[]>'.
src/utils/cuisine/cuisineUtils.ts(87,48): error TS2322: Type '"herb"' is not assignable to type 'IngredientCategory'.
src/utils/cuisineRecommender.ts(1,51): error TS2300: Duplicate identifier 'ElementalProperties'.
src/utils/cuisineRecommender.ts(7,10): error TS2440: Import declaration conflicts with local declaration of 'AstrologicalState'.
src/utils/cuisineRecommender.ts(8,10): error TS2300: Duplicate identifier 'ElementalProperties'.
src/utils/cuisineRecommender.ts(10,10): error TS2300: Duplicate identifier 'calculatePlanetaryPositions'.
src/utils/cuisineRecommender.ts(12,3): error TS2300: Duplicate identifier 'calculatePlanetaryPositions'.
src/utils/cuisineRecommender.ts(16,3): error TS2614: Module '"@/data/planets"' has no exported member 'venusData'. Did you mean to use 'import venusData from "@/data/planets"' instead?
src/utils/cuisineRecommender.ts(17,3): error TS2614: Module '"@/data/planets"' has no exported member 'marsData'. Did you mean to use 'import marsData from "@/data/planets"' instead?
src/utils/cuisineRecommender.ts(18,3): error TS2614: Module '"@/data/planets"' has no exported member 'mercuryData'. Did you mean to use 'import mercuryData from "@/data/planets"' instead?
src/utils/cuisineRecommender.ts(19,3): error TS2614: Module '"@/data/planets"' has no exported member 'jupiterData'. Did you mean to use 'import jupiterData from "@/data/planets"' instead?
src/utils/cuisineRecommender.ts(34,29): error TS2304: Cannot find name 'getCurrentPlanetaryPositions'.
src/utils/cuisineRecommender.ts(76,48): error TS2339: Property 'sign' does not exist on type 'unknown'.
src/utils/cuisineRecommender.ts(136,48): error TS2339: Property 'sign' does not exist on type 'unknown'.
src/utils/cuisineRecommender.ts(194,13): error TS2339: Property 'elementalState' does not exist on type 'unknown'.
src/utils/cuisineRecommender.ts(200,15): error TS2339: Property 'planetaryInfluences' does not exist on type 'unknown'.
src/utils/cuisineRecommender.ts(200,44): error TS2339: Property 'planetaryInfluences' does not exist on type 'unknown'.
src/utils/cuisineRecommender.ts(206,15): error TS2339: Property 'flavorProfile' does not exist on type 'unknown'.
src/utils/cuisineRecommender.ts(225,20): error TS2339: Property 'flavorProfile' does not exist on type 'unknown'.
src/utils/cuisineRecommender.ts(226,47): error TS2339: Property 'flavorProfile' does not exist on type 'unknown'.
src/utils/cuisineRecommender.ts(226,73): error TS2363: The right-hand side of an arithmetic operation must be of type 'any', 'number', 'bigint' or an enum type.
src/utils/cuisineRecommender.ts(242,7): error TS2698: Spread types may only be created from object types.
src/utils/cuisineRecommender.ts(243,17): error TS2339: Property 'id' does not exist on type 'unknown'.
src/utils/cuisineRecommender.ts(243,29): error TS2339: Property 'name' does not exist on type 'unknown'.
src/utils/cuisineRecommender.ts(329,7): error TS2304: Cannot find name 'zodiacSign'.
src/utils/cuisineRecommender.ts(445,44): error TS2345: Argument of type 'keyof ElementalProperties' is not assignable to parameter of type 'string'.
  Type 'number' is not assignable to type 'string'.
src/utils/cuisineRecommender.ts(521,43): error TS2304: Cannot find name 'zodiacSign'.
src/utils/cuisineRecommender.ts(600,7): error TS2367: This comparison appears to be unintentional because the types 'LunarPhaseWithSpaces' and '"full moon"' have no overlap.
src/utils/cuisineRecommender.ts(648,44): error TS2339: Property 'elementalState' does not exist on type 'CuisineFlavorProfile'.
src/utils/cuisineRecommender.ts(649,50): error TS2339: Property 'elementalState' does not exist on type 'CuisineFlavorProfile'.
src/utils/cuisineRecommender.ts(658,47): error TS2339: Property 'zodiacInfluences' does not exist on type 'CuisineFlavorProfile'.
src/utils/cuisineRecommender.ts(662,46): error TS2339: Property 'lunarPhaseInfluences' does not exist on type 'CuisineFlavorProfile'.
src/utils/cuisineUtils.ts(21,27): error TS2304: Cannot find name 'getDominantElement'.
src/utils/culturalMethodsAggregator.ts(209,40): error TS2339: Property 'elementalState' does not exist on type 'CookingTechnique'.
src/utils/data/processing.ts(1,10): error TS2300: Duplicate identifier 'RecipeIngredient'.
src/utils/data/processing.ts(1,29): error TS2300: Duplicate identifier 'Recipe'.
src/utils/data/processing.ts(3,10): error TS2300: Duplicate identifier 'ElementalProperties'.
src/utils/data/processing.ts(12,15): error TS2300: Duplicate identifier 'ElementalProperties'.
src/utils/data/processing.ts(15,15): error TS2300: Duplicate identifier 'Recipe'.
src/utils/data/processing.ts(16,3): error TS2305: Module '"@/types/recipe"' has no exported member 'ingredient'.
src/utils/data/processing.ts(17,3): error TS2305: Module '"@/types/recipe"' has no exported member 'IngredientMapping'.
src/utils/data/processing.ts(18,3): error TS2300: Duplicate identifier 'RecipeIngredient'.
src/utils/data/processing.ts(77,61): error TS2304: Cannot find name 'Ingredient'.
src/utils/data/processing.ts(115,3): error TS2739: Type '{ id: string; name: string; description: string; cuisine: string; mealType: string[]; servings: number; prepTime: number; cookTime: number; difficulty: string | Record<string, any>; ingredients: RecipeIngredient[]; ... 7 more ...; tips: string[]; }' is missing the following properties from type 'Recipe': timeToMake, servingSize
src/utils/data/processing.ts(143,56): error TS2304: Cannot find name 'Ingredient'.
src/utils/data/processing.ts(268,29): error TS2304: Cannot find name 'Ingredient'.
src/utils/data/processing.ts(324,47): error TS2304: Cannot find name 'Ingredient'.
src/utils/data/processing.ts(345,3): error TS2739: Type '{ id: string; name: string; cuisine: string; mealType: string[]; servings: number; prepTime: number; cookTime: number; difficulty: string; ingredients: undefined[]; instructions: undefined[]; elementalProperties: { ...; }; ... 4 more ...; tips: undefined[]; }' is missing the following properties from type 'Recipe': description, timeToMake, servingSize
src/utils/data/processing.ts(389,7): error TS2741: Property 'base' is missing in type '{}' but required in type 'ElementalAffinity'.
src/utils/data/processing.ts(400,5): error TS2322: Type 'string[]' is not assignable to type 'ZodiacSign[]'.
src/utils/databaseCleanup.ts(2,32): error TS2307: Cannot find module '@/data/ingredients/ingredients' or its corresponding type declarations.
src/utils/databaseCleanup.ts(41,38): error TS2339: Property 'elementalState' does not exist on type 'IngredientWithAstrology'.
src/utils/databaseCleanup.ts(42,35): error TS2339: Property 'elementalState' does not exist on type 'IngredientWithAstrology'.
src/utils/databaseCleanup.ts(51,48): error TS2339: Property 'elementalState' does not exist on type 'IngredientWithAstrology'.
src/utils/databaseCleanup.ts(52,43): error TS2339: Property 'elementalState' does not exist on type 'IngredientWithAstrology'.
src/utils/databaseCleanup.ts(53,17): error TS2779: The left-hand side of an assignment expression may not be an optional property access.
src/utils/databaseCleanup.ts(53,42): error TS2339: Property 'elementalState' does not exist on type 'IngredientWithAstrology'.
src/utils/databaseCleanup.ts(60,61): error TS2339: Property 'elementalState' does not exist on type 'IngredientWithAstrology'.
src/utils/databaseCleanup.ts(60,105): error TS2365: Operator '+' cannot be applied to types 'unknown' and 'unknown'.
src/utils/databaseCleanup.ts(61,24): error TS2362: The left-hand side of an arithmetic operation must be of type 'any', 'number', 'bigint' or an enum type.
src/utils/databaseCleanup.ts(63,43): error TS2339: Property 'elementalState' does not exist on type 'IngredientWithAstrology'.
src/utils/databaseCleanup.ts(64,17): error TS2779: The left-hand side of an assignment expression may not be an optional property access.
src/utils/databaseCleanup.ts(64,42): error TS2339: Property 'elementalState' does not exist on type 'IngredientWithAstrology'.
src/utils/databaseCleanup.ts(64,95): error TS2339: Property 'elementalState' does not exist on type 'IngredientWithAstrology'.
src/utils/databaseCleanup.ts(64,123): error TS2363: The right-hand side of an arithmetic operation must be of type 'any', 'number', 'bigint' or an enum type.
src/utils/databaseCleanup.ts(78,59): error TS2339: Property 'elementalState' does not exist on type 'IngredientWithAstrology'.
src/utils/databaseCleanup.ts(79,52): error TS2339: Property 'elementalState' does not exist on type 'IngredientWithAstrology'.
src/utils/databaseCleanup.ts(90,59): error TS2339: Property 'elementalState' does not exist on type 'IngredientWithAstrology'.
src/utils/databaseCleanup.ts(91,52): error TS2339: Property 'elementalState' does not exist on type 'IngredientWithAstrology'.
src/utils/dataStandardization.ts(14,34): error TS2339: Property 'astrologicalPropertiesProfile' does not exist on type 'unknown'.
src/utils/dataStandardization.ts(19,5): error TS2698: Spread types may only be created from object types.
src/utils/dataStandardization.ts(21,21): error TS2339: Property 'astrologicalPropertiesProfile' does not exist on type 'unknown'.
src/utils/dataStandardization.ts(22,66): error TS2339: Property 'astrologicalPropertiesProfile' does not exist on type 'unknown'.
src/utils/dateUtils.ts(98,25): error TS2820: Type '"full moon"' is not assignable to type 'LunarPhaseWithSpaces'. Did you mean '"full Moon"'?
src/utils/dynamicImport.ts(265,30): error TS2339: Property 'elementalCounts' does not exist on type 'R'.
src/utils/dynamicImport.ts(266,27): error TS2339: Property 'elementalCounts' does not exist on type 'R'.
src/utils/dynamicImport.ts(270,30): error TS2339: Property 'alchemicalCounts' does not exist on type 'R'.
src/utils/dynamicImport.ts(271,27): error TS2339: Property 'alchemicalCounts' does not exist on type 'R'.
src/utils/elemental/core.ts(1,45): error TS2724: '"@/types/alchemy"' has no exported member named 'ElementalCharacter'. Did you mean 'ElementalCharacteristics'?
src/utils/elemental/core.ts(2,10): error TS2300: Duplicate identifier 'Recipe'.
src/utils/elemental/core.ts(12,15): error TS2300: Duplicate identifier 'Recipe'.
src/utils/elemental/core.ts(12,23): error TS2305: Module '"@/types/recipe"' has no exported member 'ingredient'.
src/utils/elemental/core.ts(12,35): error TS2305: Module '"@/types/recipe"' has no exported member 'IngredientMapping'.
src/utils/elemental/core.ts(249,61): error TS2345: Argument of type 'keyof ElementalProperties' is not assignable to parameter of type 'Element'.
src/utils/elemental/core.ts(392,9): error TS2741: Property 'Aether' is missing in type '{ Fire: { name: string; description: string; qualities: string[]; season: string; timeOfDay: string[]; cookingMethods: string[]; flavors: string[]; colors: string[]; }; Water: { name: string; description: string; ... 5 more ...; colors: string[]; }; Earth: { ...; }; Air: { ...; }; }' but required in type 'Record<Element, ElementalCharacteristics>'.
src/utils/elemental/core.ts(476,53): error TS2339: Property 'toLowerCase' does not exist on type 'keyof ElementalProperties'.
  Property 'toLowerCase' does not exist on type 'number'.
src/utils/elemental/core.ts(476,127): error TS2339: Property 'toLowerCase' does not exist on type 'keyof ElementalProperties'.
  Property 'toLowerCase' does not exist on type 'number'.
src/utils/elemental/core.ts(478,56): error TS2339: Property 'toLowerCase' does not exist on type 'keyof ElementalProperties'.
  Property 'toLowerCase' does not exist on type 'number'.
src/utils/elemental/core.ts(478,117): error TS2339: Property 'toLowerCase' does not exist on type 'keyof ElementalProperties'.
  Property 'toLowerCase' does not exist on type 'number'.
src/utils/elemental/core.ts(480,52): error TS2339: Property 'toLowerCase' does not exist on type 'keyof ElementalProperties'.
  Property 'toLowerCase' does not exist on type 'number'.
src/utils/elemental/core.ts(480,139): error TS2339: Property 'toLowerCase' does not exist on type 'keyof ElementalProperties'.
  Property 'toLowerCase' does not exist on type 'number'.
src/utils/elemental/core.ts(482,36): error TS2339: Property 'toLowerCase' does not exist on type 'keyof ElementalProperties'.
  Property 'toLowerCase' does not exist on type 'number'.
src/utils/elemental/core.ts(482,112): error TS2339: Property 'toLowerCase' does not exist on type 'keyof ElementalProperties'.
  Property 'toLowerCase' does not exist on type 'number'.
src/utils/elemental/core.ts(508,38): error TS2339: Property 'elementalState' does not exist on type 'T'.
src/utils/elemental/core.ts(509,34): error TS2339: Property 'elementalState' does not exist on type 'T'.
src/utils/elemental/elementCompatibility.ts(3,10): error TS2440: Import declaration conflicts with local declaration of 'Element'.
src/utils/elemental/elementCompatibility.ts(94,7): error TS2820: Type '"fire"' is not assignable to type 'Element'. Did you mean '"Fire"'?
src/utils/elemental/elementCompatibility.ts(133,5): error TS2741: Property 'Aether' is missing in type '{ Fire: number; Water: number; Earth: number; Air: number; }' but required in type 'Record<Element, number>'.
src/utils/elemental/elementCompatibility.ts(137,3): error TS2741: Property 'Aether' is missing in type '{ Fire: number; Water: number; Earth: number; Air: number; }' but required in type 'Record<Element, number>'.
src/utils/elemental/transformations.ts(8,15): error TS2300: Duplicate identifier 'ElementalProperties'.
src/utils/elemental/transformations.ts(9,3): error TS2300: Duplicate identifier 'Element'.
src/utils/elemental/transformations.ts(10,3): error TS2724: '"@/types/alchemy"' has no exported member named 'ElementalCharacter'. Did you mean 'ElementalCharacteristics'?
src/utils/elemental/transformations.ts(14,15): error TS2305: Module '"@/types/recipe"' has no exported member 'ElementalItem'.
src/utils/elemental/transformations.ts(14,30): error TS2305: Module '"@/types/recipe"' has no exported member 'AlchemicalItem'.
src/utils/elemental/transformations.ts(17,10): error TS2300: Duplicate identifier 'Element'.
src/utils/elemental/transformations.ts(19,10): error TS2300: Duplicate identifier 'ElementalProperties'.
src/utils/elemental/transformations.ts(210,32): error TS2304: Cannot find name 'normalizeProperties'.
src/utils/elemental/transformations.ts(265,31): error TS2304: Cannot find name 'calculateDominantElement'.
src/utils/elemental/transformations.ts(404,10): error TS2304: Cannot find name 'normalizeProperties'.
src/utils/elemental/transformations.ts(421,19): error TS2551: Property 'Essence' does not exist on type '{ Spirit: number; essence: number; matter: number; substance: number; }'. Did you mean 'essence'?
src/utils/elemental/transformations.ts(422,19): error TS2551: Property 'Matter' does not exist on type '{ Spirit: number; essence: number; matter: number; substance: number; }'. Did you mean 'matter'?
src/utils/elemental/transformations.ts(423,19): error TS2551: Property 'Substance' does not exist on type '{ Spirit: number; essence: number; matter: number; substance: number; }'. Did you mean 'substance'?
src/utils/ElementalCalculator.ts(75,30): error TS2339: Property 'currentSeason' does not exist on type '{ mealType?: string; season?: string; cuisine?: string; preferHigherContrast?: boolean; }'.
src/utils/elementalCompatibility.ts(35,12): error TS2339: Property 'elementalState' does not exist on type '{ elementalProperties: ElementalProperties; } & { elementalProperties: ElementalProperties; }'.
src/utils/elementalCompatibility.ts(36,10): error TS2339: Property 'elementalState' does not exist on type '{ elementalProperties: ElementalProperties; } & { elementalProperties: ElementalProperties; }'.
src/utils/elementalCompatibility.ts(40,52): error TS2339: Property 'elementalState' does not exist on type '{ elementalProperties: ElementalProperties; } & { elementalProperties: ElementalProperties; }'.
src/utils/elementalCompatibility.ts(41,48): error TS2339: Property 'elementalState' does not exist on type '{ elementalProperties: ElementalProperties; } & { elementalProperties: ElementalProperties; }'.
src/utils/elementalCompatibility.ts(51,12): error TS2339: Property 'elementalState' does not exist on type '{ elementalProperties: ElementalProperties; } & { elementalProperties: ElementalProperties; }'.
src/utils/elementalCompatibility.ts(52,10): error TS2339: Property 'elementalState' does not exist on type '{ elementalProperties: ElementalProperties; } & { elementalProperties: ElementalProperties; }'.
src/utils/elementalMappings.ts(1,10): error TS2440: Import declaration conflicts with local declaration of 'ElementalProperties'.
src/utils/elementalMappings.ts(10,3): error TS2739: Type '{ heat: number; dryness: number; transformation: number; expansion: number; }' is missing the following properties from type 'ElementalProperties': Fire, Water, Earth, Air
src/utils/elementalMappings.ts(16,3): error TS2739: Type '{ cold: number; moisture: number; fluidity: number; dissolution: number; }' is missing the following properties from type 'ElementalProperties': Fire, Water, Earth, Air
src/utils/elementalMappings.ts(22,3): error TS2739: Type '{ movement: number; lightness: number; dispersion: number; communication: number; }' is missing the following properties from type 'ElementalProperties': Fire, Water, Earth, Air
src/utils/elementalMappings.ts(28,3): error TS2739: Type '{ stability: number; density: number; nourishment: number; structure: number; }' is missing the following properties from type 'ElementalProperties': Fire, Water, Earth, Air
src/utils/elementalMappings/cookingMethods.ts(1,38): error TS2300: Duplicate identifier 'Element'.
src/utils/elementalMappings/cookingMethods.ts(2,10): error TS2300: Duplicate identifier 'Element'.
src/utils/elementalMappings/ingredients.ts(1,10): error TS2300: Duplicate identifier 'Element'.
src/utils/elementalMappings/ingredients.ts(2,10): error TS2300: Duplicate identifier 'ElementalProperties'.
src/utils/elementalMappings/ingredients.ts(6,3): error TS2300: Duplicate identifier 'ElementalProperties'.
src/utils/elementalMappings/ingredients.ts(8,3): error TS2300: Duplicate identifier 'Element'.
src/utils/elementalScoring.ts(9,18): error TS2304: Cannot find name 'ElementalState'.
src/utils/elementalScoring.ts(23,18): error TS2304: Cannot find name 'ElementalState'.
src/utils/elementalUtils.ts(4,3): error TS2300: Duplicate identifier 'ElementalProperties'.
src/utils/elementalUtils.ts(5,3): error TS2300: Duplicate identifier 'Recipe'.
src/utils/elementalUtils.ts(9,3): error TS2300: Duplicate identifier 'Element'.
src/utils/elementalUtils.ts(12,10): error TS2305: Module '"@/types/validators"' has no exported member 'validators'.
src/utils/elementalUtils.ts(12,23): error TS2300: Duplicate identifier 'Recipe'.
src/utils/elementalUtils.ts(16,10): error TS2724: '"@/types/alchemy"' has no exported member named 'ElementalItem'. Did you mean 'ElementalState'?
src/utils/elementalUtils.ts(17,3): error TS2724: '"@/types/alchemy"' has no exported member named 'AlchemicalItem'. Did you mean 'AlchemicalState'?
src/utils/elementalUtils.ts(18,30): error TS2440: Import declaration conflicts with local declaration of 'AlchemicalProperty'.
src/utils/elementalUtils.ts(21,10): error TS2305: Module '"@/constants/defaults"' has no exported member 'DEFAULT_PROPERTIES'.
src/utils/elementalUtils.ts(29,10): error TS2300: Duplicate identifier 'Element'.
src/utils/elementalUtils.ts(30,10): error TS2300: Duplicate identifier 'ElementalProperties'.
src/utils/elementalUtils.ts(145,15): error TS2339: Property 'elementalState' does not exist on type 'T'.
src/utils/elementalUtils.ts(153,53): error TS2339: Property 'elementalState' does not exist on type 'T'.
src/utils/elementalUtils.ts(227,15): error TS2339: Property 'elementalState' does not exist on type 'Ingredient'.
src/utils/elementalUtils.ts(229,28): error TS2339: Property 'elementalState' does not exist on type 'Ingredient'.
src/utils/elementalUtils.ts(231,34): error TS2362: The left-hand side of an arithmetic operation must be of type 'any', 'number', 'bigint' or an enum type.
src/utils/elementalUtils.ts(265,22): error TS2551: Property 'elementalPropertiesState' does not exist on type 'Ingredient'. Did you mean 'elementalProperties'?
src/utils/elementalUtils.ts(272,12): error TS2304: Cannot find name 'normalizeElementalProperties'.
src/utils/elementalUtils.ts(303,12): error TS2304: Cannot find name 'ELEMENTAL_CHARACTERISTICS'.
src/utils/elementalUtils.ts(341,12): error TS2304: Cannot find name 'ELEMENTAL_CHARACTERISTICS'.
src/utils/elementalUtils.ts(347,12): error TS2304: Cannot find name 'ELEMENTAL_CHARACTERISTICS'.
src/utils/elementalUtils.ts(353,12): error TS2304: Cannot find name 'ELEMENTAL_CHARACTERISTICS'.
src/utils/elementalUtils.ts(359,12): error TS2304: Cannot find name 'ELEMENTAL_CHARACTERISTICS'.
src/utils/elementalUtils.ts(382,32): error TS2304: Cannot find name 'ELEMENTAL_CHARACTERISTICS'.
src/utils/elementalUtils.ts(388,32): error TS2304: Cannot find name 'ELEMENTAL_CHARACTERISTICS'.
src/utils/elementalUtils.ts(394,32): error TS2304: Cannot find name 'ELEMENTAL_CHARACTERISTICS'.
src/utils/elementalUtils.ts(400,32): error TS2304: Cannot find name 'ELEMENTAL_CHARACTERISTICS'.
src/utils/elementalUtils.ts(477,9): error TS2362: The left-hand side of an arithmetic operation must be of type 'any', 'number', 'bigint' or an enum type.
src/utils/elementalUtils.ts(616,22): error TS2362: The left-hand side of an arithmetic operation must be of type 'any', 'number', 'bigint' or an enum type.
src/utils/elementalUtils.ts(723,33): error TS2304: Cannot find name 'normalizeElementalProperties'.
src/utils/elementalUtils.ts(732,33): error TS2362: The left-hand side of an arithmetic operation must be of type 'any', 'number', 'bigint' or an enum type.
src/utils/elementalUtils.ts(732,37): error TS2363: The right-hand side of an arithmetic operation must be of type 'any', 'number', 'bigint' or an enum type.
src/utils/elementalUtils.ts(815,5): error TS2322: Type '"Metal"' is not assignable to type 'Element'.
src/utils/elementalUtils.ts(817,5): error TS2322: Type '"Wood"' is not assignable to type 'Element'.
src/utils/elementalUtils.ts(823,5): error TS2322: Type '"Metal"' is not assignable to type 'Element'.
src/utils/elementalUtils.ts(857,5): error TS2322: Type '"Wood"' is not assignable to type 'Element'.
src/utils/elementalUtils.ts(860,5): error TS2322: Type '"Metal"' is not assignable to type 'Element'.
src/utils/elementalUtils.ts(894,13): error TS2365: Operator '>' cannot be applied to types 'unknown' and 'number'.
src/utils/elementalUtils.ts(896,11): error TS2322: Type 'unknown' is not assignable to type 'number'.
src/utils/elementalUtils.ts(935,25): error TS2362: The left-hand side of an arithmetic operation must be of type 'any', 'number', 'bigint' or an enum type.
src/utils/elementalUtils.ts(935,32): error TS2363: The right-hand side of an arithmetic operation must be of type 'any', 'number', 'bigint' or an enum type.
src/utils/elementalUtils.ts(1198,44): error TS2339: Property 'elementalEffect' does not exist on type 'object'.
src/utils/elementalUtils.ts(1203,45): error TS2339: Property 'alchemicalEffect' does not exist on type 'object'.
src/utils/enhancedAlchemicalUtils.ts(7,28): error TS2300: Duplicate identifier 'ElementalProperties'.
src/utils/enhancedAlchemicalUtils.ts(11,10): error TS2300: Duplicate identifier 'ElementalProperties'.
src/utils/enhancedAlchemicalUtils.ts(35,75): error TS2339: Property 'dominant' does not exist on type 'AlchemicalResult'.
src/utils/enhancedAlchemicalUtils.ts(90,32): error TS2304: Cannot find name 'getZodiacElementalInfluence'.
src/utils/enhancedAlchemicalUtils.ts(124,32): error TS2339: Property 'dominant' does not exist on type 'AlchemicalResult'.
src/utils/enhancedCuisineRecommender.ts(1,20): error TS2305: Module '"@/types/cuisine"' has no exported member 'recipe'.
src/utils/enhancedCuisineRecommender.ts(2,49): error TS2300: Duplicate identifier 'ElementalProperties'.
src/utils/enhancedCuisineRecommender.ts(6,10): error TS2300: Duplicate identifier 'ElementalProperties'.
src/utils/enhancedCuisineRecommender.ts(43,9): error TS2304: Cannot find name 'Dish'.
src/utils/enhancedCuisineRecommender.ts(88,21): error TS2304: Cannot find name 'cuisinesMap'.
src/utils/enhancedCuisineRecommender.ts(230,11): error TS2304: Cannot find name 'Dish'.
src/utils/enhancedCuisineRecommender.ts(234,63): error TS2339: Property 'currentSeason' does not exist on type 'TimeFactors'.
src/utils/enhancedCuisineRecommender.ts(251,40): error TS2304: Cannot find name 'Dish'.
src/utils/enhancedCuisineRecommender.ts(276,11): error TS2304: Cannot find name 'Dish'.
src/utils/enhancedCuisineRecommender.ts(303,11): error TS2304: Cannot find name 'Dish'.
src/utils/enhancedCuisineRecommender.ts(319,11): error TS2304: Cannot find name 'Dish'.
src/utils/enhancedCuisineRecommender.ts(325,52): error TS2339: Property 'sign' does not exist on type 'AstrologicalState'.
src/utils/enhancedCuisineRecommender.ts(336,56): error TS2339: Property 'name' does not exist on type 'string'.
src/utils/enhancedCuisineRecommender.ts(337,32): error TS2339: Property 'influence' does not exist on type 'string'.
src/utils/enhancedCuisineRecommender.ts(348,41): error TS2304: Cannot find name 'Dish'.
src/utils/enhancedCuisineRecommender.ts(381,41): error TS2304: Cannot find name 'Dish'.
src/utils/feedback.ts(30,5): error TS2304: Cannot find name 'logger'.
src/utils/feedback.ts(45,5): error TS2304: Cannot find name 'logger'.
src/utils/flavorProfiles.ts(13,30): error TS2339: Property 'id' does not exist on type 'unknown'.
src/utils/flavorProfiles.ts(13,44): error TS2339: Property 'name' does not exist on type 'unknown'.
src/utils/flavorProfiles.ts(22,15): error TS2339: Property 'astrologicalInfluences' does not exist on type 'unknown'.
src/utils/flavorProfiles.ts(22,49): error TS2339: Property 'astrologicalInfluences' does not exist on type 'unknown'.
src/utils/flavorProfiles.ts(24,15): error TS2339: Property 'astrologicalInfluences' does not exist on type 'unknown'.
src/utils/flavorProfiles.ts(25,15): error TS2339: Property 'alchemicalProperties' does not exist on type 'unknown'.
src/utils/flavorProfiles.ts(25,47): error TS2339: Property 'elementalState' does not exist on type 'unknown'.
src/utils/flavorProfiles.ts(30,52): error TS2339: Property 'alchemicalProperties' does not exist on type 'unknown'.
src/utils/flavorProfiles.ts(30,84): error TS2339: Property 'elementalState' does not exist on type 'unknown'.
src/utils/flavorProfiles.ts(65,82): error TS2345: Argument of type 'string' is not assignable to parameter of type 'Element'.
src/utils/foodRecommender.ts(2,68): error TS2300: Duplicate identifier 'Element'.
src/utils/foodRecommender.ts(2,77): error TS2300: Duplicate identifier 'AstrologicalState'.
src/utils/foodRecommender.ts(13,10): error TS2300: Duplicate identifier 'Element'.
src/utils/foodRecommender.ts(14,10): error TS2300: Duplicate identifier 'AstrologicalState'.
src/utils/foodRecommender.ts(110,9): error TS2698: Spread types may only be created from object types.
src/utils/foodRecommender.ts(190,78): error TS2365: Operator '+' cannot be applied to types 'unknown' and 'unknown'.
src/utils/foodRecommender.ts(191,9): error TS2365: Operator '>' cannot be applied to types 'unknown' and 'number'.
src/utils/foodRecommender.ts(193,83): error TS2363: The right-hand side of an arithmetic operation must be of type 'any', 'number', 'bigint' or an enum type.
src/utils/foodRecommender.ts(506,22): error TS2551: Property 'planetaryHours' does not exist on type 'AstrologicalState'. Did you mean 'planetaryHour'?
src/utils/foodRecommender.ts(507,39): error TS2551: Property 'planetaryHours' does not exist on type 'AstrologicalState'. Did you mean 'planetaryHour'?
src/utils/foodRecommender.ts(668,21): error TS2339: Property 'aspectEnhancers' does not exist on type '{ elementalAffinity: { base: string; decanModifiers?: { [key: string]: any; }; }; rulingPlanets: string[]; favorableZodiac?: ZodiacSign[]; }'.
src/utils/foodRecommender.ts(668,48): error TS2339: Property 'aspectEnhancers' does not exist on type '{ elementalAffinity: { base: string; decanModifiers?: { [key: string]: any; }; }; rulingPlanets: string[]; favorableZodiac?: ZodiacSign[]; }'.
src/utils/foodRecommender.ts(671,28): error TS2339: Property 'aspectEnhancers' does not exist on type '{ elementalAffinity: { base: string; decanModifiers?: { [key: string]: any; }; }; rulingPlanets: string[]; favorableZodiac?: ZodiacSign[]; }'.
src/utils/foodRecommender.ts(671,61): error TS2339: Property 'type' does not exist on type 'PlanetaryAspect'.
src/utils/foodRecommender.ts(696,26): error TS2339: Property 'type' does not exist on type 'PlanetaryAspect'.
src/utils/foodRecommender.ts(697,31): error TS2339: Property 'type' does not exist on type 'PlanetaryAspect'.
src/utils/foodRecommender.ts(698,31): error TS2339: Property 'type' does not exist on type 'PlanetaryAspect'.
src/utils/foodRecommender.ts(720,31): error TS2339: Property 'type' does not exist on type 'PlanetaryAspect'.
src/utils/foodRecommender.ts(721,31): error TS2339: Property 'type' does not exist on type 'PlanetaryAspect'.
src/utils/foodRecommender.ts(723,31): error TS2339: Property 'type' does not exist on type 'PlanetaryAspect'.
src/utils/foodRecommender.ts(723,61): error TS2339: Property 'type' does not exist on type 'PlanetaryAspect'.
src/utils/foodRecommender.ts(725,31): error TS2339: Property 'type' does not exist on type 'PlanetaryAspect'.
src/utils/foodRecommender.ts(725,65): error TS2339: Property 'type' does not exist on type 'PlanetaryAspect'.
src/utils/foodRecommender.ts(727,40): error TS2339: Property 'strength' does not exist on type 'PlanetaryAspect'.
src/utils/foodRecommender.ts(740,22): error TS2339: Property 'tarotElementBoosts' does not exist on type 'AstrologicalState'.
src/utils/foodRecommender.ts(740,67): error TS2339: Property 'tarotElementBoosts' does not exist on type 'AstrologicalState'.
src/utils/foodRecommender.ts(743,35): error TS2362: The left-hand side of an arithmetic operation must be of type 'any', 'number', 'bigint' or an enum type.
src/utils/foodRecommender.ts(743,39): error TS2363: The right-hand side of an arithmetic operation must be of type 'any', 'number', 'bigint' or an enum type.
src/utils/foodRecommender.ts(746,24): error TS2339: Property 'tarotElementBoosts' does not exist on type 'AstrologicalState'.
src/utils/foodRecommender.ts(747,53): error TS2339: Property 'tarotElementBoosts' does not exist on type 'AstrologicalState'.
src/utils/foodRecommender.ts(759,72): error TS2304: Cannot find name 'Planet'.
src/utils/foodRecommender.ts(761,90): error TS2304: Cannot find name 'Planet'.
src/utils/foodRecommender.ts(771,42): error TS2339: Property 'userPreferences' does not exist on type 'AstrologicalState'.
src/utils/foodRecommender.ts(792,27): error TS2362: The left-hand side of an arithmetic operation must be of type 'any', 'number', 'bigint' or an enum type.
src/utils/foodRecommender.ts(798,26): error TS2362: The left-hand side of an arithmetic operation must be of type 'any', 'number', 'bigint' or an enum type.
src/utils/foodRecommender.ts(798,73): error TS2365: Operator '+' cannot be applied to types 'unknown' and 'unknown'.
src/utils/foodRecommender.ts(806,28): error TS2362: The left-hand side of an arithmetic operation must be of type 'any', 'number', 'bigint' or an enum type.
src/utils/foodRecommender.ts(806,75): error TS2365: Operator '+' cannot be applied to types 'unknown' and 'unknown'.
src/utils/foodRecommender.ts(813,30): error TS2362: The left-hand side of an arithmetic operation must be of type 'any', 'number', 'bigint' or an enum type.
src/utils/foodRecommender.ts(813,79): error TS2365: Operator '+' cannot be applied to types 'unknown' and 'unknown'.
src/utils/foodRecommender.ts(1058,25): error TS2551: Property 'elementalPropertiesState' does not exist on type '{ score: number; scoreDetails: { elemental: any; zodiac: number; season: number; timeOfDay: number; lunar: number; aspect: number; planetaryDay: number; planetaryHour: number; }; name: string; category?: string; ... 5 more ...; subCategory?: string; }'. Did you mean 'elementalProperties'?
src/utils/foodRecommender.ts(1059,25): error TS2339: Property 'nutritionalPropertiesProfile' does not exist on type '{ score: number; scoreDetails: { elemental: any; zodiac: number; season: number; timeOfDay: number; lunar: number; aspect: number; planetaryDay: number; planetaryHour: number; }; name: string; category?: string; ... 5 more ...; subCategory?: string; }'.
src/utils/foodRecommender.ts(1065,24): error TS2339: Property 'nutritionalPropertiesProfile' does not exist on type '{ score: number; scoreDetails: { elemental: any; zodiac: number; season: number; timeOfDay: number; lunar: number; aspect: number; planetaryDay: number; planetaryHour: number; }; name: string; category?: string; ... 5 more ...; subCategory?: string; }'.
src/utils/foodRecommender.ts(1071,24): error TS2339: Property 'nutritionalPropertiesProfile' does not exist on type '{ score: number; scoreDetails: { elemental: any; zodiac: number; season: number; timeOfDay: number; lunar: number; aspect: number; planetaryDay: number; planetaryHour: number; }; name: string; category?: string; ... 5 more ...; subCategory?: string; }'.
src/utils/foodRecommender.ts(1205,92): error TS2304: Cannot find name 'Modality'.
src/utils/formatElementalAffinity.ts(16,14): error TS2339: Property 'base' does not exist on type 'unknown'.
src/utils/formatElementalAffinity.ts(16,28): error TS2339: Property 'element' does not exist on type 'unknown'.
src/utils/formatElementalAffinity.ts(18,7): error TS2698: Spread types may only be created from object types.
src/utils/formatElementalAffinity.ts(19,19): error TS2339: Property 'element' does not exist on type 'unknown'.
src/utils/formatElementalAffinity.ts(24,14): error TS2339: Property 'base' does not exist on type 'unknown'.
src/utils/formatElementalAffinity.ts(24,29): error TS2339: Property 'element' does not exist on type 'unknown'.
src/utils/formatElementalAffinity.ts(26,7): error TS2698: Spread types may only be created from object types.
src/utils/formatElementalAffinity.ts(31,3): error TS2741: Property 'base' is missing in type '{}' but required in type 'ElementalAffinity'.
src/utils/globalErrorHandler.ts(5,7): error TS2304: Cannot find name 'logger'.
src/utils/globalErrorHandler.ts(14,48): error TS2304: Cannot find name 'logger'.
src/utils/globalErrorHandler.ts(20,5): error TS2304: Cannot find name 'logger'.
src/utils/globalErrorHandler.ts(24,59): error TS2304: Cannot find name 'logger'.
src/utils/houseEffects.ts(176,23): error TS2304: Cannot find name 'getZodiacElement'.
src/utils/index.ts(17,1): error TS2308: Module './astrologyUtils' has already exported a member named 'getSignFromLongitude'. Consider explicitly re-exporting to resolve the ambiguity.
src/utils/index.ts(17,1): error TS2308: Module './astrologyUtils' has already exported a member named 'getZodiacElementalInfluence'. Consider explicitly re-exporting to resolve the ambiguity.
src/utils/index.ts(17,1): error TS2308: Module './astrologyUtils' has already exported a member named 'getZodiacSign'. Consider explicitly re-exporting to resolve the ambiguity.
src/utils/ingredientRecommender.ts(1070,18): error TS2339: Property 'preservation_methods' does not exist on type 'Ingredient'.
src/utils/ingredientRecommender.ts(1071,7): error TS2367: This comparison appears to be unintentional because the types 'IngredientCategory' and '"herb"' have no overlap.
src/utils/ingredientRecommender.ts(1072,18): error TS2551: Property 'categories' does not exist on type 'Ingredient'. Did you mean 'category'?
src/utils/ingredientRecommender.ts(1080,20): error TS2339: Property 'cultural_significance' does not exist on type 'Ingredient'.
src/utils/ingredientRecommender.ts(1081,20): error TS2339: Property 'cultural_significance' does not exist on type 'Ingredient'.
src/utils/ingredientRecommender.ts(1089,41): error TS2339: Property 'description' does not exist on type 'Ingredient'.
src/utils/ingredientRecommender.ts(1135,40): error TS2339: Property 'retrograde' does not exist on type 'AstrologicalState'.
src/utils/ingredientRecommender.ts(1156,40): error TS2339: Property 'retrograde' does not exist on type 'AstrologicalState'.
src/utils/ingredientRecommender.ts(1161,48): error TS2345: Argument of type 'IngredientMapping' is not assignable to parameter of type 'Ingredient'.
src/utils/ingredientRecommender.ts(1161,60): error TS2304: Cannot find name 'currentZodiacSign'.
src/utils/ingredientRecommender.ts(1209,45): error TS2339: Property 'flavorProfile' does not exist on type 'Ingredient'.
src/utils/ingredientRecommender.ts(1211,23): error TS2339: Property 'flavorProfile' does not exist on type 'Ingredient'.
src/utils/ingredientRecommender.ts(1213,67): error TS2339: Property 'flavorProfile' does not exist on type 'Ingredient'.
src/utils/ingredientRecommender.ts(1230,62): error TS2304: Cannot find name 'currentZodiacSign'.
src/utils/ingredientRecommender.ts(1257,44): error TS2367: This comparison appears to be unintentional because the types '"grain" | "dAiry" | "protein" | "culinary_herb" | "vegetable" | "fruit" | "oil" | "vinegar" | "seasoning"' and '"herb"' have no overlap.
src/utils/ingredientRecommender.ts(1262,20): error TS2339: Property 'traditional' does not exist on type 'Ingredient'.
src/utils/ingredientRecommender.ts(1287,39): error TS2339: Property 'retrograde' does not exist on type 'AstrologicalState'.
src/utils/ingredientRecommender.ts(1299,7): error TS2345: Argument of type 'IngredientMapping' is not assignable to parameter of type 'Ingredient'.
  Types of property 'storage' are incompatible.
    Property 'duration' is missing in type '{ [key: string]: any; }' but required in type '{ container?: string; duration: string; temperature?: string | { fahrenheit: number; celsius: number; }; notes?: string; }'.
src/utils/ingredientRecommender.ts(1369,29): error TS2304: Cannot find name 'getCurrentZodiacSign'.
src/utils/ingredientRecommender.ts(1410,8): error TS2367: This comparison appears to be unintentional because the types 'IngredientCategory' and '"herb"' have no overlap.
src/utils/ingredientRecommender.ts(1429,23): error TS2304: Cannot find name 'currentZodiacSign'.
src/utils/ingredientRecommender.ts(1536,42): error TS2339: Property 'retrograde' does not exist on type 'AstrologicalState'.
src/utils/ingredientRecommender.ts(1543,52): error TS2345: Argument of type 'IngredientMapping' is not assignable to parameter of type 'Ingredient'.
src/utils/ingredientRecommender.ts(1790,31): error TS2339: Property 'element' does not exist on type 'Ingredient'.
src/utils/ingredientRecommender.ts(1791,33): error TS2339: Property 'element' does not exist on type 'Ingredient'.
src/utils/ingredientRecommender.ts(1865,33): error TS2339: Property 'element' does not exist on type 'Ingredient'.
src/utils/ingredientRecommender.ts(1965,5): error TS2339: Property 'timestamp' does not exist on type 'AstrologicalState'.
src/utils/ingredientRecommender.ts(1966,5): error TS2339: Property 'Fire' does not exist on type 'AstrologicalState'.
src/utils/ingredientRecommender.ts(1967,5): error TS2339: Property 'Water' does not exist on type 'AstrologicalState'.
src/utils/ingredientRecommender.ts(1968,5): error TS2339: Property 'Air' does not exist on type 'AstrologicalState'.
src/utils/ingredientRecommender.ts(1969,5): error TS2339: Property 'Earth' does not exist on type 'AstrologicalState'.
src/utils/ingredientRecommender.ts(1971,5): error TS2339: Property 'planetaryAlignment' does not exist on type 'AstrologicalState'.
src/utils/ingredientRecommender.ts(2012,7): error TS2345: Argument of type 'IngredientMapping' is not assignable to parameter of type 'Ingredient'.
src/utils/ingredientRecommender.ts(2019,7): error TS2345: Argument of type 'IngredientMapping' is not assignable to parameter of type 'Ingredient'.
src/utils/ingredientRecommender.ts(2035,7): error TS2345: Argument of type 'IngredientMapping' is not assignable to parameter of type 'Ingredient'.
src/utils/ingredientRecommender.ts(2044,27): error TS2345: Argument of type '{ matchScore: number; score: number; elementalScore: number; astrologicalScore: number; recommendations: string[]; name: string; elementalProperties: ElementalProperties; ... 10 more ...; storage?: { ...; }; }' is not assignable to parameter of type 'string'.
src/utils/ingredientUtils.ts(2,15): error TS2300: Duplicate identifier 'Ingredient'.
src/utils/ingredientUtils.ts(5,26): error TS2300: Duplicate identifier 'RecipeIngredient'.
src/utils/ingredientUtils.ts(5,26): error TS2305: Module '"@/types/alchemy"' has no exported member 'RecipeIngredient'.
src/utils/ingredientUtils.ts(11,3): error TS2300: Duplicate identifier 'Ingredient'.
src/utils/ingredientUtils.ts(12,3): error TS2300: Duplicate identifier 'RecipeIngredient'.
src/utils/ingredientUtils.ts(23,33): error TS2551: Property 'elementalPropertiesState' does not exist on type 'Ingredient'. Did you mean 'elementalProperties'?
src/utils/ingredientUtils.ts(35,5): error TS2322: Type '{ Spirit: number; Essence: number; Matter: number; Substance: number; }' is not assignable to type 'AlchemicalProperties'.
  Object literal may only specify known properties, and 'Spirit' does not exist in type 'AlchemicalProperties'.
src/utils/ingredientUtils.ts(49,4): error TS2304: Cannot find name 'ThermodynamicProperties'.
src/utils/ingredientUtils.ts(50,11): error TS2339: Property 'Spirit' does not exist on type 'AlchemicalProperties'.
src/utils/ingredientUtils.ts(50,19): error TS2339: Property 'Essence' does not exist on type 'AlchemicalProperties'.
src/utils/ingredientUtils.ts(50,28): error TS2339: Property 'Matter' does not exist on type 'AlchemicalProperties'.
src/utils/ingredientUtils.ts(50,36): error TS2339: Property 'Substance' does not exist on type 'AlchemicalProperties'.
src/utils/ingredientUtils.ts(193,23): error TS2339: Property 'name' does not exist on type 'unknown'.
src/utils/ingredientUtils.ts(194,23): error TS2339: Property 'amount' does not exist on type 'unknown'.
src/utils/ingredientUtils.ts(195,23): error TS2339: Property 'unit' does not exist on type 'unknown'.
src/utils/ingredientUtils.ts(205,23): error TS2339: Property 'name' does not exist on type 'unknown'.
src/utils/ingredientUtils.ts(206,23): error TS2339: Property 'category' does not exist on type 'unknown'.
src/utils/ingredientUtils.ts(207,16): error TS2339: Property 'elementalPropertiesState' does not exist on type 'unknown'.
src/utils/ingredientUtils.ts(208,30): error TS2339: Property 'qualities' does not exist on type 'unknown'.
src/utils/ingredientUtils.ts(209,16): error TS2339: Property 'storage' does not exist on type 'unknown'.
src/utils/ingredientUtils.ts(210,23): error TS2339: Property 'storage' does not exist on type 'unknown'.
src/utils/ingredientUtils.ts(250,19): error TS2551: Property 'elementalPropertiesState' does not exist on type 'Partial<Ingredient>'. Did you mean 'elementalProperties'?
src/utils/ingredientUtils.ts(253,52): error TS2551: Property 'elementalPropertiesState' does not exist on type 'Partial<Ingredient>'. Did you mean 'elementalProperties'?
src/utils/ingredientUtils.ts(377,5): error TS2741: Property 'duration' is missing in type '{ [key: string]: any; }' but required in type '{ container?: string; duration: string; temperature?: string | { fahrenheit: number; celsius: number; }; notes?: string; }'.
src/utils/ingredientUtils.ts(406,37): error TS2551: Property 'elementalPropertiesState' does not exist on type 'Ingredient'. Did you mean 'elementalProperties'?
src/utils/initialize.ts(8,3): error TS2304: Cannot find name 'validateEnv'.
src/utils/initialize.ts(11,3): error TS2304: Cannot find name 'setupGlobalErrorHandlers'.
src/utils/initialize.ts(14,27): error TS2554: Expected 0 arguments, but got 1.
src/utils/initialize.ts(17,3): error TS2304: Cannot find name 'initializeDatabaseIntegrity'.
src/utils/initialize.ts(20,3): error TS2304: Cannot find name 'logger'.
src/utils/lunarMultiplier.ts(13,10): error TS2678: Type '"full moon"' is not comparable to type 'LunarPhaseWithSpaces'.
src/utils/lunarPhaseUtils.ts(9,10): error TS2395: Individual declarations in merged declaration 'LUNAR_PHASES' must be all exported or all local.
src/utils/lunarPhaseUtils.ts(9,10): error TS2440: Import declaration conflicts with local declaration of 'LUNAR_PHASES'.
src/utils/lunarPhaseUtils.ts(30,10): error TS2678: Type '"full moon"' is not comparable to type 'LunarPhaseWithSpaces'.
src/utils/lunarPhaseUtils.ts(44,3): error TS2322: Type '{ 'new moon': "new_moon"; 'waxing crescent': "waxing_crescent"; 'first quarter': "first_quarter"; 'waxing gibbous': "waxing_gibbous"; 'full moon': string; 'waning gibbous': "waning_gibbous"; 'last quarter': "last_quarter"; 'waning crescent': "waning_crescent"; }' is not assignable to type 'Record<LunarPhaseWithSpaces, LunarPhaseWithUnderscores>'.
  Object literal may only specify known properties, and ''full moon'' does not exist in type 'Record<LunarPhaseWithSpaces, LunarPhaseWithUnderscores>'.
src/utils/lunarPhaseUtils.ts(55,3): error TS2820: Type '"full moon"' is not assignable to type 'LunarPhaseWithSpaces'. Did you mean '"full Moon"'?
src/utils/lunarPhaseUtils.ts(63,3): error TS2322: Type '{ NEW_MOON: { strength: number; elements: { Fire: number; Water: number; Air: number; Earth: number; }; }; WAXING_CRESCENT: { strength: number; elements: { Fire: number; Air: number; Water: number; Earth: number; }; }; ... 5 more ...; WANING_CRESCENT: { ...; }; }' is not assignable to type 'Record<LunarPhaseWithUnderscores, { strength: number; elements: { [key: string]: number; }; }>'.
  Object literal may only specify known properties, and ''NEW_MOON'' does not exist in type 'Record<LunarPhaseWithUnderscores, { strength: number; elements: { [key: string]: number; }; }>'.
src/utils/lunarPhaseUtils.ts(122,25): error TS2820: Type '"full moon"' is not assignable to type 'LunarPhaseWithSpaces'. Did you mean '"full Moon"'?
src/utils/lunarPhaseUtils.ts(205,14): error TS2395: Individual declarations in merged declaration 'LUNAR_PHASES' must be all exported or all local.
src/utils/lunarPhaseUtils.ts(219,3): error TS2322: Type '{ 'new moon': "new_moon"; 'full moon': string; 'first quarter': "first_quarter"; 'last quarter': "last_quarter"; 'waxing crescent': "waxing_crescent"; 'waning crescent': "waning_crescent"; 'waxing gibbous': "waxing_gibbous"; 'waning gibbous': "waning_gibbous"; }' is not assignable to type 'Record<LunarPhaseWithSpaces, LunarPhaseKey>'.
  Object literal may only specify known properties, and ''full moon'' does not exist in type 'Record<LunarPhaseWithSpaces, LunarPhaseKey>'.
src/utils/lunarPhaseUtils.ts(231,3): error TS2820: Type '"full moon"' is not assignable to type 'LunarPhaseWithSpaces'. Did you mean '"full Moon"'?
src/utils/lunarPhaseUtils.ts(397,36): error TS2820: Type '"full moon"' is not assignable to type 'LunarPhaseWithSpaces'. Did you mean '"full Moon"'?
src/utils/lunarUtils.ts(18,10): error TS2678: Type '"full moon"' is not comparable to type 'LunarPhaseWithSpaces'.
src/utils/numerology.ts(105,67): error TS2339: Property 'elementalState' does not exist on type '{ elementalProperties?: unknown; astrologicalInfluences?: string[]; }'.
src/utils/nutritionUtils.ts(1,30): error TS2300: Duplicate identifier 'ElementalProperties'.
src/utils/nutritionUtils.ts(3,10): error TS2300: Duplicate identifier 'ElementalProperties'.
src/utils/performance.ts(82,5): error TS2304: Cannot find name 'logger'.
src/utils/performance.ts(89,5): error TS2304: Cannot find name 'logger'.
src/utils/performance.ts(141,5): error TS2304: Cannot find name 'logger'.
src/utils/planetaryConsistencyCheck.ts(18,10): error TS2304: Cannot find name 'planetaryModifiers'.
src/utils/planetaryConsistencyCheck.ts(29,24): error TS2304: Cannot find name 'planetaryModifiers'.
src/utils/planetaryConsistencyCheck.ts(31,11): error TS2304: Cannot find name 'planetaryModifiers'.
src/utils/planetaryConsistencyCheck.ts(38,24): error TS2304: Cannot find name 'planetaryModifiers'.
src/utils/planetaryConsistencyCheck.ts(39,24): error TS2304: Cannot find name 'planetaryModifiers'.
src/utils/planetaryConsistencyCheck.ts(40,21): error TS2304: Cannot find name 'planetaryModifiers'.
src/utils/planetCalculations.ts(68,40): error TS2339: Property 'calculateLunarNodes' does not exist on type 'typeof import("/Users/GregCastro/Desktop/WhatToEatNext/src/utils/accurateAstronomy")'.
src/utils/planetCalculations.ts(96,30): error TS2339: Property 'SouthNode' does not exist on type '{ NorthNode: number; isRetrograde: boolean; }'.
src/utils/planetInfoUtils.ts(179,26): error TS2551: Property 'Spirit' does not exist on type '{ spirit: number; essence: number; matter: number; substance: number; }'. Did you mean 'spirit'?
src/utils/planetInfoUtils.ts(180,26): error TS2551: Property 'Essence' does not exist on type '{ spirit: number; essence: number; matter: number; substance: number; }'. Did you mean 'essence'?
src/utils/planetInfoUtils.ts(182,26): error TS2551: Property 'Essence' does not exist on type '{ spirit: number; essence: number; matter: number; substance: number; }'. Did you mean 'essence'?
src/utils/planetInfoUtils.ts(183,26): error TS2551: Property 'Substance' does not exist on type '{ spirit: number; essence: number; matter: number; substance: number; }'. Did you mean 'substance'?
src/utils/planetInfoUtils.ts(185,26): error TS2551: Property 'Spirit' does not exist on type '{ spirit: number; essence: number; matter: number; substance: number; }'. Did you mean 'spirit'?
src/utils/planetInfoUtils.ts(186,26): error TS2551: Property 'Matter' does not exist on type '{ spirit: number; essence: number; matter: number; substance: number; }'. Did you mean 'matter'?
src/utils/planetInfoUtils.ts(188,26): error TS2551: Property 'Matter' does not exist on type '{ spirit: number; essence: number; matter: number; substance: number; }'. Did you mean 'matter'?
src/utils/planetInfoUtils.ts(189,26): error TS2551: Property 'Substance' does not exist on type '{ spirit: number; essence: number; matter: number; substance: number; }'. Did you mean 'substance'?
src/utils/planetInfoUtils.ts(193,26): error TS2551: Property 'Spirit' does not exist on type '{ spirit: number; essence: number; matter: number; substance: number; }'. Did you mean 'spirit'?
src/utils/planetInfoUtils.ts(194,26): error TS2551: Property 'Matter' does not exist on type '{ spirit: number; essence: number; matter: number; substance: number; }'. Did you mean 'matter'?
src/utils/planetInfoUtils.ts(196,26): error TS2551: Property 'Essence' does not exist on type '{ spirit: number; essence: number; matter: number; substance: number; }'. Did you mean 'essence'?
src/utils/planetInfoUtils.ts(197,26): error TS2551: Property 'Substance' does not exist on type '{ spirit: number; essence: number; matter: number; substance: number; }'. Did you mean 'substance'?
src/utils/planetInfoUtils.ts(199,26): error TS2551: Property 'Spirit' does not exist on type '{ spirit: number; essence: number; matter: number; substance: number; }'. Did you mean 'spirit'?
src/utils/planetInfoUtils.ts(200,26): error TS2551: Property 'Essence' does not exist on type '{ spirit: number; essence: number; matter: number; substance: number; }'. Did you mean 'essence'?
src/utils/planetInfoUtils.ts(202,26): error TS2551: Property 'Matter' does not exist on type '{ spirit: number; essence: number; matter: number; substance: number; }'. Did you mean 'matter'?
src/utils/planetInfoUtils.ts(203,26): error TS2551: Property 'Substance' does not exist on type '{ spirit: number; essence: number; matter: number; substance: number; }'. Did you mean 'substance'?
src/utils/planetInfoUtils.ts(207,26): error TS2551: Property 'Spirit' does not exist on type '{ spirit: number; essence: number; matter: number; substance: number; }'. Did you mean 'spirit'?
src/utils/planetInfoUtils.ts(208,26): error TS2551: Property 'Essence' does not exist on type '{ spirit: number; essence: number; matter: number; substance: number; }'. Did you mean 'essence'?
src/utils/planetInfoUtils.ts(210,26): error TS2551: Property 'Essence' does not exist on type '{ spirit: number; essence: number; matter: number; substance: number; }'. Did you mean 'essence'?
src/utils/planetInfoUtils.ts(211,26): error TS2551: Property 'Substance' does not exist on type '{ spirit: number; essence: number; matter: number; substance: number; }'. Did you mean 'substance'?
src/utils/planetInfoUtils.ts(213,26): error TS2551: Property 'Spirit' does not exist on type '{ spirit: number; essence: number; matter: number; substance: number; }'. Did you mean 'spirit'?
src/utils/planetInfoUtils.ts(214,26): error TS2551: Property 'Matter' does not exist on type '{ spirit: number; essence: number; matter: number; substance: number; }'. Did you mean 'matter'?
src/utils/planetInfoUtils.ts(216,26): error TS2551: Property 'Matter' does not exist on type '{ spirit: number; essence: number; matter: number; substance: number; }'. Did you mean 'matter'?
src/utils/planetInfoUtils.ts(217,26): error TS2551: Property 'Substance' does not exist on type '{ spirit: number; essence: number; matter: number; substance: number; }'. Did you mean 'substance'?
src/utils/planetInfoUtils.ts(242,7): error TS2322: Type '{ name: string; element: string; }' is not assignable to type '{ name: string; element: Element; }'.
  Types of property 'element' are incompatible.
    Type 'string' is not assignable to type 'Element'.
src/utils/planetInfoUtils.ts(244,7): error TS2741: Property 'water' is missing in type '{ Fire: number; Water: number; Air: number; earth: number; }' but required in type '{ Fire: number; water: number; Air: number; earth: number; }'.
src/utils/planetInfoUtils.ts(245,7): error TS2739: Type '{ spirit: number; essence: number; matter: number; substance: number; }' is missing the following properties from type '{ Spirit: number; Essence: number; Matter: number; Substance: number; }': Spirit, Essence, Matter, Substance
src/utils/popup.ts(1,10): error TS2305: Module '"../constants/elementalConstants"' has no exported member 'ELEMENT_COLORS'.
src/utils/popup.ts(2,49): error TS2300: Duplicate identifier 'ElementalProperties'.
src/utils/popup.ts(4,10): error TS2300: Duplicate identifier 'ElementalProperties'.
src/utils/popup.ts(30,37): error TS2304: Cannot find name 'ZodiacSign'.
src/utils/popup.ts(30,59): error TS2304: Cannot find name 'ZodiacSign'.
src/utils/popup.ts(31,22): error TS2304: Cannot find name 'ZODIAC_ELEMENTS'.
src/utils/popup.ts(32,23): error TS2304: Cannot find name 'ZODIAC_ELEMENTS'.
src/utils/popup.ts(35,24): error TS2304: Cannot find name 'ELEMENT_AFFINITIES'.
src/utils/popup.ts(50,13): error TS2304: Cannot find name 'ZodiacSign'.
src/utils/popup.ts(51,14): error TS2304: Cannot find name 'ZodiacSign'.
src/utils/popup.ts(77,41): error TS2304: Cannot find name 'ZODIAC_ELEMENTS'.
src/utils/recipe/recipeAdapter.ts(1,15): error TS2300: Duplicate identifier 'Recipe'.
src/utils/recipe/recipeAdapter.ts(2,3): error TS2300: Duplicate identifier 'RecipeIngredient'.
src/utils/recipe/recipeAdapter.ts(4,3): error TS2300: Duplicate identifier 'ElementalProperties'.
src/utils/recipe/recipeAdapter.ts(5,10): error TS2300: Duplicate identifier 'Recipe'.
src/utils/recipe/recipeAdapter.ts(5,19): error TS2300: Duplicate identifier 'RecipeIngredient'.
src/utils/recipe/recipeAdapter.ts(10,10): error TS2300: Duplicate identifier 'ElementalProperties'.
src/utils/recipe/recipeAdapter.ts(28,9): error TS2740: Type '{ id: string; name: string; ingredients: RecipeIngredient[]; }' is missing the following properties from type 'Recipe': description, cuisine, instructions, timeToMake, and 2 more.
src/utils/recipe/recipeAdapter.ts(49,5): error TS2322: Type 'number' is not assignable to type 'string'.
src/utils/recipe/recipeAdapter.ts(58,18): error TS2339: Property 'elementalState' does not exist on type 'RecipeData'.
src/utils/recipe/recipeAdapter.ts(59,40): error TS2339: Property 'elementalState' does not exist on type 'RecipeData'.
src/utils/recipe/recipeAdapter.ts(67,53): error TS2339: Property 'currentSeason' does not exist on type '{ zodiac?: ZodiacSign[]; lunar?: LunarPhaseWithSpaces[]; planetary?: string[]; season?: Season[]; }'.
src/utils/recipe/recipeAdapter.ts(81,7): error TS2741: Property 'unfavorable' is missing in type '{ favorable: string[]; }' but required in type '{ favorable: string[]; unfavorable: string[]; }'.
src/utils/recipe/recipeAdapter.ts(183,24): error TS2339: Property 'optional' does not exist on type 'RecipeIngredient'.
src/utils/recipe/recipeAdapter.ts(187,24): error TS2339: Property 'preparation' does not exist on type 'RecipeIngredient'.
src/utils/recipe/recipeAdapter.ts(259,18): error TS2339: Property 'elementalState' does not exist on type 'RecipeData'.
src/utils/recipe/recipeAdapter.ts(260,23): error TS2339: Property 'elementalState' does not exist on type 'RecipeData'.
src/utils/recipe/recipeAdapter.ts(298,3): error TS2739: Type '{ id: string; name: string; ingredients: undefined[]; elementalProperties: ElementalProperties; }' is missing the following properties from type 'Recipe': description, cuisine, instructions, timeToMake, servingSize
src/utils/recipe/recipeCore.ts(1,58): error TS2300: Duplicate identifier 'AstrologicalState'.
src/utils/recipe/recipeCore.ts(1,77): error TS2305: Module '"@/types/alchemy"' has no exported member 'timeFactors'.
src/utils/recipe/recipeCore.ts(7,10): error TS2300: Duplicate identifier 'AstrologicalState'.
src/utils/recipe/recipeCore.ts(97,70): error TS2345: Argument of type '{ Fire: number; water: number; earth: number; Air: number; timeOfDay: string; season: string; }' is not assignable to parameter of type '{ [key: string]: number; }'.
  Property 'timeOfDay' is incompatible with index signature.
    Type 'string' is not assignable to type 'number'.
src/utils/recipe/recipeCore.ts(117,48): error TS2339: Property 'currentSeason' does not exist on type '{ Fire: number; water: number; earth: number; Air: number; timeOfDay: string; season: string; }'.
src/utils/recipe/recipeCore.ts(187,54): error TS2339: Property 'currentSeason' does not exist on type '{ Fire: number; water: number; earth: number; Air: number; timeOfDay: string; season: string; }'.
src/utils/recipe/recipeCore.ts(285,16): error TS2304: Cannot find name 'TimeFactors'.
src/utils/recipe/recipeCore.ts(606,28): error TS2304: Cannot find name 'TimeFactors'.
src/utils/recipe/recipeCore.ts(618,8): error TS2304: Cannot find name 'TimeFactors'.
src/utils/recipe/recipeEnrichment.ts(2,10): error TS2300: Duplicate identifier 'calculatePlanetaryPositions'.
src/utils/recipe/recipeEnrichment.ts(8,10): error TS2300: Duplicate identifier 'calculatePlanetaryPositions'.
src/utils/recipe/recipeFiltering.ts(2,10): error TS2300: Duplicate identifier 'Recipe'.
src/utils/recipe/recipeFiltering.ts(3,10): error TS2300: Duplicate identifier 'Recipe'.
src/utils/recipe/recipeFiltering.ts(3,18): error TS2305: Module '"@/types/recipe"' has no exported member 'RecipeFilters'.
src/utils/recipe/recipeFiltering.ts(4,15): error TS2300: Duplicate identifier 'ElementalProperties'.
src/utils/recipe/recipeFiltering.ts(12,10): error TS2300: Duplicate identifier 'ElementalProperties'.
src/utils/recipe/recipeFiltering.ts(99,19): error TS2339: Property 'currentSeason' does not exist on type 'FilterOptions'.
src/utils/recipe/recipeFiltering.ts(100,51): error TS2339: Property 'currentSeason' does not exist on type 'FilterOptions'.
src/utils/recipe/recipeFiltering.ts(254,21): error TS2339: Property 'currentSeason' does not exist on type 'EnhancedFilterOptions'.
src/utils/recipe/recipeFiltering.ts(255,59): error TS2339: Property 'currentSeason' does not exist on type 'EnhancedFilterOptions'.
src/utils/recipe/recipeFiltering.ts(620,34): error TS2304: Cannot find name 'connectIngredientsToMappings'.
src/utils/recipe/recipeMatching.ts(2,15): error TS2300: Duplicate identifier 'Recipe'.
src/utils/recipe/recipeMatching.ts(3,3): error TS2300: Duplicate identifier 'ElementalProperties'.
src/utils/recipe/recipeMatching.ts(4,3): error TS2459: Module '"@/types/recipe"' declares 'Season' locally, but it is not exported.
src/utils/recipe/recipeMatching.ts(5,3): error TS2305: Module '"@/types/recipe"' has no exported member 'nutritionInfo'.
src/utils/recipe/recipeMatching.ts(6,10): error TS2300: Duplicate identifier 'Recipe'.
src/utils/recipe/recipeMatching.ts(16,10): error TS2300: Duplicate identifier 'ElementalProperties'.
src/utils/recipe/recipeMatching.ts(163,22): error TS2339: Property 'currentSeason' does not exist on type 'MatchFilters'.
src/utils/recipe/recipeMatching.ts(165,69): error TS2339: Property 'currentSeason' does not exist on type 'MatchFilters'.
src/utils/recipe/recipeMatching.ts(340,21): error TS2339: Property 'sign' does not exist on type 'AstrologicalState'.
src/utils/recipe/recipeMatching.ts(341,67): error TS2339: Property 'sign' does not exist on type 'AstrologicalState'.
src/utils/recipe/recipeMatching.ts(360,9): error TS2367: This comparison appears to be unintentional because the types 'Element' and '"fire"' have no overlap.
src/utils/recipe/recipeMatching.ts(370,9): error TS2367: This comparison appears to be unintentional because the types 'Element' and '"earth"' have no overlap.
src/utils/recipe/recipeMatching.ts(375,9): error TS2367: This comparison appears to be unintentional because the types 'Element' and '"water"' have no overlap.
src/utils/recipe/recipeMatching.ts(394,30): error TS2339: Property 'fiber' does not exist on type '{ calories?: number; protein?: number; carbs?: number; fat?: number; vitamins?: string[]; minerals?: string[]; }'.
src/utils/recipe/recipeMatching.ts(394,57): error TS2339: Property 'fiber' does not exist on type '{ calories?: number; protein?: number; carbs?: number; fat?: number; vitamins?: string[]; minerals?: string[]; }'.
src/utils/recipe/recipeMatching.ts(596,41): error TS2349: This expression is not callable.
  Type 'Ingredient' has no call signatures.
src/utils/recipe/recipeMatching.ts(611,45): error TS2349: This expression is not callable.
  Type 'Ingredient' has no call signatures.
src/utils/recipe/recipeUtils.ts(1,15): error TS2300: Duplicate identifier 'Recipe'.
src/utils/recipe/recipeUtils.ts(2,3): error TS2300: Duplicate identifier 'RecipeIngredient'.
src/utils/recipe/recipeUtils.ts(3,3): error TS2300: Duplicate identifier 'ElementalProperties'.
src/utils/recipe/recipeUtils.ts(5,10): error TS2300: Duplicate identifier 'Recipe'.
src/utils/recipe/recipeUtils.ts(5,19): error TS2300: Duplicate identifier 'RecipeIngredient'.
src/utils/recipe/recipeUtils.ts(10,10): error TS2300: Duplicate identifier 'ElementalProperties'.
src/utils/recipe/recipeUtils.ts(235,26): error TS2339: Property 'toLowerCase' does not exist on type 'never'.
src/utils/recipeCalculations.ts(2,10): error TS2305: Module '"@/types/recipes"' has no exported member 'recipe'.
src/utils/recipeCalculations.ts(23,37): error TS2304: Cannot find name 'RecipeElementalMapping'.
src/utils/recipeCalculations.ts(26,21): error TS2362: The left-hand side of an arithmetic operation must be of type 'any', 'number', 'bigint' or an enum type.
src/utils/recipeCalculations.ts(38,35): error TS2304: Cannot find name 'RecipeElementalMapping'.
src/utils/recipeCalculations.ts(55,35): error TS2304: Cannot find name 'RecipeElementalMapping'.
src/utils/recipeCalculations.ts(58,29): error TS2362: The left-hand side of an arithmetic operation must be of type 'any', 'number', 'bigint' or an enum type.
src/utils/recipeCalculations.ts(58,33): error TS2363: The right-hand side of an arithmetic operation must be of type 'any', 'number', 'bigint' or an enum type.
src/utils/recipeEnrichment.ts(316,76): error TS2362: The left-hand side of an arithmetic operation must be of type 'any', 'number', 'bigint' or an enum type.
src/utils/recipeEnrichment.ts(316,83): error TS2363: The right-hand side of an arithmetic operation must be of type 'any', 'number', 'bigint' or an enum type.
src/utils/recipeFilters.ts(2,19): error TS2305: Module '"@/types/recipe"' has no exported member 'RecipeFilters'.
src/utils/recipeFilters.ts(8,15): error TS2300: Duplicate identifier 'ElementalProperties'.
src/utils/recipeFilters.ts(16,10): error TS2300: Duplicate identifier 'ElementalProperties'.
src/utils/recipeFilters.ts(79,7): error TS2304: Cannot find name 'logger'.
src/utils/recipeFilters.ts(89,19): error TS2339: Property 'currentSeason' does not exist on type 'FilterOptions'.
src/utils/recipeFilters.ts(90,51): error TS2339: Property 'currentSeason' does not exist on type 'FilterOptions'.
src/utils/recipeFilters.ts(144,9): error TS2304: Cannot find name 'logger'.
src/utils/recipeFilters.ts(167,21): error TS2339: Property 'currentSeason' does not exist on type 'EnhancedFilterOptions'.
src/utils/recipeFilters.ts(168,59): error TS2339: Property 'currentSeason' does not exist on type 'EnhancedFilterOptions'.
src/utils/recipeFilters.ts(194,9): error TS2304: Cannot find name 'logger'.
src/utils/recipeFilters.ts(227,7): error TS2304: Cannot find name 'logger'.
src/utils/recipeFilters.ts(241,7): error TS2304: Cannot find name 'logger'.
src/utils/recipeFilters.ts(359,7): error TS2304: Cannot find name 'logger'.
src/utils/recipeFilters.ts(386,7): error TS2304: Cannot find name 'logger'.
src/utils/recipeFilters.ts(395,19): error TS2362: The left-hand side of an arithmetic operation must be of type 'any', 'number', 'bigint' or an enum type.
src/utils/recipeFilters.ts(395,47): error TS2365: Operator '+' cannot be applied to types 'unknown' and 'number'.
src/utils/recipeFilters.ts(396,7): error TS2322: Type 'unknown' is not assignable to type 'number'.
src/utils/recipeFilters.ts(396,42): error TS2365: Operator '+' cannot be applied to types 'unknown' and 'number'.
src/utils/recipeFilters.ts(398,7): error TS2304: Cannot find name 'logger'.
src/utils/recipeFilters.ts(418,26): error TS2304: Cannot find name 'Cuisine'.
src/utils/recipeFilters.ts(418,36): error TS2304: Cannot find name 'cuisines'.
src/utils/recipeFilters.ts(459,9): error TS2304: Cannot find name 'logger'.
src/utils/recipeFilters.ts(566,9): error TS2304: Cannot find name 'logger'.
src/utils/recipeFilters.ts(580,25): error TS2304: Cannot find name 'cuisines'.
src/utils/recipeFilters.ts(623,7): error TS2304: Cannot find name 'logger'.
src/utils/recipeFilters.ts(682,31): error TS2304: Cannot find name 'connectIngredientsToMappings'.
src/utils/recipeMatching.ts(1,15): error TS2305: Module '"@/types/astrology"' has no exported member 'CelestialPosition'.
src/utils/recipeMatching.ts(3,3): error TS2300: Duplicate identifier 'ElementalProperties'.
src/utils/recipeMatching.ts(4,3): error TS2300: Duplicate identifier 'AstrologicalState'.
src/utils/recipeMatching.ts(7,15): error TS2305: Module '"@/data/unified/types/recipe"' has no exported member 'recipe'.
src/utils/recipeMatching.ts(9,10): error TS2440: Import declaration conflicts with local declaration of 'ingredientsMap'.
src/utils/recipeMatching.ts(12,15): error TS2300: Duplicate identifier 'PlanetaryAlignment'.
src/utils/recipeMatching.ts(16,10): error TS2300: Duplicate identifier 'PlanetaryAlignment'.
src/utils/recipeMatching.ts(17,10): error TS2300: Duplicate identifier 'AstrologicalState'.
src/utils/recipeMatching.ts(18,10): error TS2300: Duplicate identifier 'ElementalProperties'.
src/utils/recipeMatching.ts(91,31): error TS2576: Property 'getAllRecipes' does not exist on type 'LocalRecipeService'. Did you mean to access the static member 'LocalRecipeService.getAllRecipes' instead?
src/utils/recipeMatching.ts(133,26): error TS2339: Property 'currentSeason' does not exist on type 'Recipe'.
src/utils/recipeMatching.ts(133,45): error TS2339: Property 'currentSeason' does not exist on type 'Recipe'.
src/utils/recipeMatching.ts(133,81): error TS2339: Property 'currentSeason' does not exist on type 'MatchFilters'.
src/utils/recipeMatching.ts(133,100): error TS2339: Property 'currentSeason' does not exist on type 'Recipe'.
src/utils/recipeMatching.ts(133,131): error TS2339: Property 'currentSeason' does not exist on type 'MatchFilters'.
src/utils/recipeMatching.ts(133,166): error TS2339: Property 'currentSeason' does not exist on type 'Recipe'.
src/utils/recipeMatching.ts(133,185): error TS2339: Property 'currentSeason' does not exist on type 'Recipe'.
src/utils/recipeMatching.ts(133,219): error TS2339: Property 'currentSeason' does not exist on type 'Recipe'.
src/utils/recipeMatching.ts(135,26): error TS2339: Property 'currentSeason' does not exist on type 'Recipe'.
src/utils/recipeMatching.ts(135,45): error TS2339: Property 'currentSeason' does not exist on type 'Recipe'.
src/utils/recipeMatching.ts(135,81): error TS2339: Property 'currentSeason' does not exist on type 'MatchFilters'.
src/utils/recipeMatching.ts(135,100): error TS2339: Property 'currentSeason' does not exist on type 'Recipe'.
src/utils/recipeMatching.ts(135,131): error TS2339: Property 'currentSeason' does not exist on type 'MatchFilters'.
src/utils/recipeMatching.ts(135,166): error TS2339: Property 'currentSeason' does not exist on type 'Recipe'.
src/utils/recipeMatching.ts(135,185): error TS2339: Property 'currentSeason' does not exist on type 'Recipe'.
src/utils/recipeMatching.ts(135,219): error TS2339: Property 'currentSeason' does not exist on type 'Recipe'.
src/utils/recipeMatching.ts(208,16): error TS2339: Property 'elementalState' does not exist on type 'Recipe'.
src/utils/recipeMatching.ts(209,30): error TS2304: Cannot find name 'calculateMatchScore'.
src/utils/recipeMatching.ts(210,16): error TS2339: Property 'elementalState' does not exist on type 'Recipe'.
src/utils/recipeMatching.ts(213,32): error TS2339: Property 'currentSeason' does not exist on type 'MatchFilters'.
src/utils/recipeMatching.ts(301,24): error TS2339: Property 'elementalState' does not exist on type '{ matchScore: number; matchPercentage: number; matchReasons: any[]; id: string; name: string; description?: string; cuisine?: string; ingredients: Ingredient[]; cookingMethod: CookingMethod; ... 10 more ...; lunarPhaseInfluences?: LunarPhaseWithSpaces[]; }'.
src/utils/recipeMatching.ts(303,16): error TS2339: Property 'elementalState' does not exist on type '{ matchScore: number; matchPercentage: number; matchReasons: any[]; id: string; name: string; description?: string; cuisine?: string; ingredients: Ingredient[]; cookingMethod: CookingMethod; ... 10 more ...; lunarPhaseInfluences?: LunarPhaseWithSpaces[]; }'.
src/utils/recipeMatching.ts(310,22): error TS2339: Property 'elementalState' does not exist on type '{ matchScore: number; matchPercentage: number; matchReasons: any[]; id: string; name: string; description?: string; cuisine?: string; ingredients: Ingredient[]; cookingMethod: CookingMethod; ... 10 more ...; lunarPhaseInfluences?: LunarPhaseWithSpaces[]; }'.
src/utils/recipeMatching.ts(312,14): error TS2339: Property 'elementalState' does not exist on type '{ matchScore: number; matchPercentage: number; matchReasons: any[]; id: string; name: string; description?: string; cuisine?: string; ingredients: Ingredient[]; cookingMethod: CookingMethod; ... 10 more ...; lunarPhaseInfluences?: LunarPhaseWithSpaces[]; }'.
src/utils/recipeMatching.ts(319,18): error TS2551: Property 'elementalPropertiesState' does not exist on type 'Ingredient'. Did you mean 'elementalProperties'?
src/utils/recipeMatching.ts(320,34): error TS2339: Property 'nutritionalPropertiesProfile' does not exist on type 'Ingredient'.
src/utils/recipeMatching.ts(333,16): error TS2304: Cannot find name 'elementalUtils'.
src/utils/recipeMatching.ts(340,10): error TS2304: Cannot find name 'elementalUtils'.
src/utils/recipeMatching.ts(464,14): error TS2339: Property 'currentSeason' does not exist on type 'Recipe'.
src/utils/recipeMatching.ts(464,45): error TS2339: Property 'currentSeason' does not exist on type 'AstrologicalState'.
src/utils/recipeMatching.ts(465,34): error TS2339: Property 'currentSeason' does not exist on type 'Recipe'.
src/utils/recipeMatching.ts(465,71): error TS2339: Property 'currentSeason' does not exist on type 'AstrologicalState'.
src/utils/recipeMatching.ts(488,19): error TS2339: Property 'elementalState' does not exist on type 'AstrologicalState'.
src/utils/recipeMatching.ts(585,32): error TS2339: Property 'nutritionalPropertiesProfile' does not exist on type 'Ingredient'.
src/utils/recipeMatching.ts(592,25): error TS2339: Property 'nutritionalPropertiesProfile' does not exist on type 'Ingredient'.
src/utils/recipeMatching.ts(600,32): error TS2339: Property 'nutritionalPropertiesProfile' does not exist on type 'Ingredient'.
src/utils/recipeMatching.ts(606,44): error TS2339: Property 'nutritionalPropertiesProfile' does not exist on type 'Ingredient'.
src/utils/recipeMatching.ts(1345,55): error TS2339: Property 'elements' does not exist on type 'unknown'.
src/utils/recipeRecommendation.ts(3,49): error TS2300: Duplicate identifier 'ElementalProperties'.
src/utils/recipeRecommendation.ts(3,92): error TS2300: Duplicate identifier 'AstrologicalState'.
src/utils/recipeRecommendation.ts(6,10): error TS2300: Duplicate identifier 'AstrologicalState'.
src/utils/recipeRecommendation.ts(7,10): error TS2300: Duplicate identifier 'ElementalProperties'.
src/utils/recipeRecommendation.ts(37,5): error TS2322: Type '{ morning: number; afternoon: number; evening: number; night: number; timeOfDay: string; season: string; planetaryDay: string; planetaryHour: string; }' is not assignable to type 'TimeFactors'.
  Object literal may only specify known properties, and 'morning' does not exist in type 'TimeFactors'.
src/utils/recipeRecommendation.ts(83,7): error TS2345: Argument of type 'Record<string, any>' is not assignable to parameter of type 'TimeFactors'.
  Type 'Record<string, any>' is missing the following properties from type 'TimeFactors': time, season
src/utils/recipeRecommendation.ts(146,37): error TS2339: Property 'currentSeason' does not exist on type 'TimeFactors'.
src/utils/recipeRecommendation.ts(165,36): error TS2339: Property 'planetaryDay' does not exist on type 'TimeFactors'.
src/utils/recipeRecommendation.ts(197,7): error TS2345: Argument of type 'Record<string, any>' is not assignable to parameter of type 'TimeFactors'.
  Type 'Record<string, any>' is missing the following properties from type 'TimeFactors': currentDate, season, timeOfDay, planetaryDay, and 2 more.
src/utils/recipeRecommendation.ts(245,56): error TS2339: Property 'sign' does not exist on type 'AstrologicalState'.
src/utils/recipeRecommendation.ts(248,68): error TS2339: Property 'sign' does not exist on type 'AstrologicalState'.
src/utils/recipeRecommendation.ts(252,25): error TS2339: Property 'sign' does not exist on type 'AstrologicalState'.
src/utils/recipeRecommendation.ts(316,7): error TS2345: Argument of type 'Record<string, any>' is not assignable to parameter of type 'TimeFactors'.
src/utils/recipeRecommendation.ts(321,23): error TS2362: The left-hand side of an arithmetic operation must be of type 'any', 'number', 'bigint' or an enum type.
src/utils/recipeRecommendation.ts(321,30): error TS2363: The right-hand side of an arithmetic operation must be of type 'any', 'number', 'bigint' or an enum type.
src/utils/recipeRecommendation.ts(328,7): error TS2345: Argument of type 'Record<string, any>' is not assignable to parameter of type 'Element'.
src/utils/recipeRecommendation.ts(328,7): error TS2352: Conversion of type 'string' to type 'Record<string, any>' may be a mistake because neither type sufficiently overlaps with the other. If this was intentional, convert the expression to 'unknown' first.
src/utils/recipeRecommendation.ts(388,5): error TS2345: Argument of type 'Record<string, any>' is not assignable to parameter of type 'TimeFactors'.
src/utils/recipeRecommendation.ts(429,23): error TS2362: The left-hand side of an arithmetic operation must be of type 'any', 'number', 'bigint' or an enum type.
src/utils/recipeRecommendation.ts(429,30): error TS2363: The right-hand side of an arithmetic operation must be of type 'any', 'number', 'bigint' or an enum type.
src/utils/recipeUtils.ts(1,49): error TS2300: Duplicate identifier 'ElementalProperties'.
src/utils/recipeUtils.ts(5,10): error TS2300: Duplicate identifier 'ElementalProperties'.
src/utils/recipeUtils.ts(20,12): error TS2304: Cannot find name 'elementalUtils'.
src/utils/recipeUtils.ts(21,38): error TS2304: Cannot find name 'elementalUtils'.
src/utils/recipeUtils.ts(36,11): error TS2322: Type 'string' is not assignable to type 'Element'.
src/utils/recipeUtils.ts(43,5): error TS2304: Cannot find name 'elementalUtils'.
src/utils/recipeUtils.ts(84,9): error TS2304: Cannot find name 'elementalUtils'.
src/utils/recommendation/cuisineRecommendation.ts(6,10): error TS2300: Duplicate identifier 'LUNAR_PHASES'.
src/utils/recommendation/cuisineRecommendation.ts(11,3): error TS2300: Duplicate identifier 'calculatePlanetaryPositions'.
src/utils/recommendation/cuisineRecommendation.ts(18,10): error TS2440: Import declaration conflicts with local declaration of 'AstrologicalState'.
src/utils/recommendation/cuisineRecommendation.ts(24,10): error TS2300: Duplicate identifier 'LUNAR_PHASES'.
src/utils/recommendation/cuisineRecommendation.ts(25,10): error TS2300: Duplicate identifier 'calculatePlanetaryPositions'.
src/utils/recommendation/cuisineRecommendation.ts(80,22): error TS2304: Cannot find name 'Modality'.
src/utils/recommendation/cuisineRecommendation.ts(172,45): error TS2339: Property 'filter' does not exist on type '{ breakfast?: { all?: any[]; summer?: any[]; winter?: any[]; spring?: any[]; autumn?: any[]; fall?: any[]; }; lunch?: { all?: any[]; summer?: any[]; winter?: any[]; spring?: any[]; autumn?: any[]; fall?: any[]; }; dinner?: { all?: any[]; summer?: any[]; winter?: any[]; spring?: any[]; autumn?: any[]; fall?: any[]; }...'.
src/utils/recommendation/cuisineRecommendation.ts(286,63): error TS2339: Property 'currentSeason' does not exist on type 'TimeFactors'.
src/utils/recommendation/cuisineRecommendation.ts(502,7): error TS2304: Cannot find name 'zodiacSign'.
src/utils/recommendation/cuisineRecommendation.ts(502,7): error TS2345: Argument of type 'Record<string, any>' is not assignable to parameter of type 'ZodiacSign'.
src/utils/recommendation/cuisineRecommendation.ts(559,5): error TS2322: Type '{ 'new moon': string[]; 'waxing crescent': string[]; 'first quarter': string[]; 'waxing gibbous': string[]; 'full moon': string[]; 'waning gibbous': string[]; 'last quarter': string[]; 'waning crescent': string[]; }' is not assignable to type 'Record<LunarPhaseWithSpaces, string[]>'.
  Object literal may only specify known properties, and ''full moon'' does not exist in type 'Record<LunarPhaseWithSpaces, string[]>'.
src/utils/recommendation/cuisineRecommendation.ts(646,32): error TS2304: Cannot find name 'zodiacSign'.
src/utils/recommendation/cuisineRecommendation.ts(655,7): error TS2322: Type '{ 'new moon': ElementalProperties; 'waxing crescent': ElementalProperties; 'first quarter': ElementalProperties; 'waxing gibbous': ElementalProperties; 'full moon': ElementalProperties; 'waning gibbous': ElementalProperties; 'last quarter': ElementalProperties; 'waning crescent': ElementalProperties; }' is not assignable to type 'Record<LunarPhaseWithSpaces, ElementalProperties>'.
  Object literal may only specify known properties, and ''full moon'' does not exist in type 'Record<LunarPhaseWithSpaces, ElementalProperties>'.
src/utils/recommendation/foodRecommendation.ts(1,15): error TS2300: Duplicate identifier 'ElementalProperties'.
src/utils/recommendation/foodRecommendation.ts(5,3): error TS2300: Duplicate identifier 'Element'.
src/utils/recommendation/foodRecommendation.ts(6,3): error TS2300: Duplicate identifier 'AstrologicalState'.
src/utils/recommendation/foodRecommendation.ts(10,10): error TS2300: Duplicate identifier 'Element'.
src/utils/recommendation/foodRecommendation.ts(11,10): error TS2300: Duplicate identifier 'AstrologicalState'.
src/utils/recommendation/foodRecommendation.ts(12,10): error TS2300: Duplicate identifier 'ElementalProperties'.
src/utils/recommendation/foodRecommendation.ts(82,68): error TS2339: Property 'currentSeason' does not exist on type 'TimeFactors'.
src/utils/recommendation/foodRecommendation.ts(146,50): error TS2339: Property 'currentSeason' does not exist on type 'TimeFactors'.
src/utils/recommendation/foodRecommendation.ts(147,51): error TS2339: Property 'currentSeason' does not exist on type 'TimeFactors'.
src/utils/recommendation/foodRecommendation.ts(175,16): error TS2339: Property 'toLowerCase' does not exist on type 'unknown'.
src/utils/recommendation/foodRecommendation.ts(185,19): error TS2339: Property 'toLowerCase' does not exist on type 'unknown'.
src/utils/recommendation/foodRecommendation.ts(216,34): error TS2345: Argument of type 'string | string[]' is not assignable to parameter of type 'string[]'.
  Type 'string' is not assignable to type 'string[]'.
src/utils/recommendation/foodRecommendation.ts(228,16): error TS2339: Property 'toLowerCase' does not exist on type 'unknown'.
src/utils/recommendation/foodRecommendation.ts(326,52): error TS2339: Property 'currentSeason' does not exist on type 'TimeFactors'.
src/utils/recommendation/foodRecommendation.ts(327,55): error TS2339: Property 'currentSeason' does not exist on type 'TimeFactors'.
src/utils/recommendation/foodRecommendation.ts(433,19): error TS2345: Argument of type 'string | string[]' is not assignable to parameter of type 'string[]'.
  Type 'string' is not assignable to type 'string[]'.
src/utils/recommendation/foodRecommendation.ts(456,75): error TS2345: Argument of type '{ Fire: number; Water: number; Earth: number; Air: number; timeOfDay: string; season: string; }' is not assignable to parameter of type 'ElementalProperties'.
  Property 'timeOfDay' is incompatible with index signature.
    Type 'string' is not assignable to type 'number'.
src/utils/recommendation/foodRecommendation.ts(470,53): error TS2339: Property 'currentSeason' does not exist on type '{ Fire: number; Water: number; Earth: number; Air: number; timeOfDay: string; season: string; }'.
src/utils/recommendation/ingredientRecommendation.ts(2,29): error TS2300: Duplicate identifier 'ElementalProperties'.
src/utils/recommendation/ingredientRecommendation.ts(2,118): error TS2300: Duplicate identifier 'Element'.
src/utils/recommendation/ingredientRecommendation.ts(133,10): error TS2300: Duplicate identifier 'CHAKRA_NUTRITIONAL_CORRELATIONS'.
src/utils/recommendation/ingredientRecommendation.ts(133,43): error TS2300: Duplicate identifier 'CHAKRA_HERBS'.
src/utils/recommendation/ingredientRecommendation.ts(134,10): error TS2300: Duplicate identifier 'LUNAR_PHASES'.
src/utils/recommendation/ingredientRecommendation.ts(135,10): error TS2300: Duplicate identifier 'ingredientCategories'.
src/utils/recommendation/ingredientRecommendation.ts(136,31): error TS2300: Duplicate identifier 'calculatePlanetaryPositions'.
src/utils/recommendation/ingredientRecommendation.ts(139,10): error TS2300: Duplicate identifier 'Element'.
src/utils/recommendation/ingredientRecommendation.ts(141,10): error TS2300: Duplicate identifier 'ElementalProperties'.
src/utils/recommendation/ingredientRecommendation.ts(145,10): error TS2300: Duplicate identifier 'ingredientCategories'.
src/utils/recommendation/ingredientRecommendation.ts(146,10): error TS2300: Duplicate identifier 'CHAKRA_NUTRITIONAL_CORRELATIONS'.
src/utils/recommendation/ingredientRecommendation.ts(146,43): error TS2300: Duplicate identifier 'CHAKRA_HERBS'.
src/utils/recommendation/ingredientRecommendation.ts(147,10): error TS2300: Duplicate identifier 'LUNAR_PHASES'.
src/utils/recommendation/ingredientRecommendation.ts(148,10): error TS2300: Duplicate identifier 'calculatePlanetaryPositions'.
src/utils/recommendation/ingredientRecommendation.ts(575,9): error TS2322: Type '{ name: string; type: string; amount: number; unit: string; element: Element; qualities: undefined[]; }' is not assignable to type 'Ingredient'.
  Object literal may only specify known properties, and 'type' does not exist in type 'Ingredient'.
src/utils/recommendation/ingredientRecommendation.ts(733,24): error TS2339: Property 'elementalState' does not exist on type 'Ingredient'.
src/utils/recommendation/ingredientRecommendation.ts(734,24): error TS2339: Property 'elementalState' does not exist on type 'Ingredient'.
src/utils/recommendation/ingredientRecommendation.ts(815,65): error TS2551: Property 'elementalPropertiesState' does not exist on type 'Ingredient'. Did you mean 'elementalProperties'?
src/utils/recommendation/ingredientRecommendation.ts(908,50): error TS2551: Property 'elementalPropertiesState' does not exist on type 'Ingredient'. Did you mean 'elementalProperties'?
src/utils/recommendation/ingredientRecommendation.ts(909,39): error TS2551: Property 'elementalPropertiesState' does not exist on type 'Ingredient'. Did you mean 'elementalProperties'?
src/utils/recommendation/ingredientRecommendation.ts(934,39): error TS2551: Property 'elementalPropertiesState' does not exist on type 'Ingredient'. Did you mean 'elementalProperties'?
src/utils/recommendation/ingredientRecommendation.ts(1347,36): error TS2551: Property 'elementalPropertiesState' does not exist on type 'Ingredient | Partial<EnhancedIngredient>'. Did you mean 'elementalProperties'?
  Property 'elementalPropertiesState' does not exist on type 'Ingredient'.
src/utils/recommendation/ingredientRecommendation.ts(1364,44): error TS2551: Property 'elementalPropertiesState' does not exist on type 'Ingredient | Partial<EnhancedIngredient>'. Did you mean 'elementalProperties'?
  Property 'elementalPropertiesState' does not exist on type 'Ingredient'.
src/utils/recommendation/ingredientRecommendation.ts(1364,98): error TS2551: Property 'elementalPropertiesState' does not exist on type 'Ingredient | Partial<EnhancedIngredient>'. Did you mean 'elementalProperties'?
  Property 'elementalPropertiesState' does not exist on type 'Ingredient'.
src/utils/recommendation/ingredientRecommendation.ts(1364,153): error TS2551: Property 'elementalPropertiesState' does not exist on type 'Ingredient | Partial<EnhancedIngredient>'. Did you mean 'elementalProperties'?
  Property 'elementalPropertiesState' does not exist on type 'Ingredient'.
src/utils/recommendation/ingredientRecommendation.ts(1364,206): error TS2551: Property 'elementalPropertiesState' does not exist on type 'Ingredient | Partial<EnhancedIngredient>'. Did you mean 'elementalProperties'?
  Property 'elementalPropertiesState' does not exist on type 'Ingredient'.
src/utils/recommendation/ingredientRecommendation.ts(1636,50): error TS2551: Property 'elementalPropertiesState' does not exist on type 'Ingredient'. Did you mean 'elementalProperties'?
src/utils/recommendation/ingredientRecommendation.ts(1637,39): error TS2551: Property 'elementalPropertiesState' does not exist on type 'Ingredient'. Did you mean 'elementalProperties'?
src/utils/recommendation/methodRecommendation.ts(18,3): error TS2300: Duplicate identifier 'AstrologicalState'.
src/utils/recommendation/methodRecommendation.ts(24,3): error TS2300: Duplicate identifier 'ElementalProperties'.
src/utils/recommendation/methodRecommendation.ts(30,10): error TS2300: Duplicate identifier 'AstrologicalState'.
src/utils/recommendation/methodRecommendation.ts(31,10): error TS2300: Duplicate identifier 'ElementalProperties'.
src/utils/recommendation/methodRecommendation.ts(100,5): error TS2739: Type '{ elementalEffect: any; suitable_for: any; benefits: any; variations: undefined[]; id: string; }' is missing the following properties from type 'CookingMethodData': name, description, duration
src/utils/recommendation/methodRecommendation.ts(691,7): error TS2345: Argument of type 'string' is not assignable to parameter of type 'Season'.
src/utils/recommendation/methodRecommendation.ts(698,35): error TS2339: Property 'method' does not exist on type '{ name: string; score: number; description: string; reasons: string[]; elementalEffect: ElementalProperties; duration: { min: number; max: number; }; thermodynamics: BasicThermodynamicProperties; variations: CookingMethodData[]; }'.
src/utils/recommendation/methodRecommendation.ts(705,19): error TS2339: Property 'method' does not exist on type '{ name: string; score: number; description: string; reasons: string[]; elementalEffect: ElementalProperties; duration: { min: number; max: number; }; thermodynamics: BasicThermodynamicProperties; variations: CookingMethodData[]; }'.
src/utils/recommendation/methodRecommendation.ts(707,36): error TS2551: Property 'reason' does not exist on type '{ name: string; score: number; description: string; reasons: string[]; elementalEffect: ElementalProperties; duration: { min: number; max: number; }; thermodynamics: BasicThermodynamicProperties; variations: CookingMethodData[]; }'. Did you mean 'reasons'?
src/utils/recommendationEngine.ts(2,29): error TS2300: Duplicate identifier 'Element'.
src/utils/recommendationEngine.ts(5,10): error TS2300: Duplicate identifier 'Element'.
src/utils/recommendationEngine.ts(156,55): error TS2339: Property 'currentSeason' does not exist on type 'TimeFactors'.
src/utils/recommendationEngine.ts(170,25): error TS2339: Property 'sign' does not exist on type 'AstrologicalState'.
src/utils/recommendationEngine.ts(171,61): error TS2339: Property 'sign' does not exist on type 'AstrologicalState'.
src/utils/recommendationEngine.ts(230,66): error TS2339: Property 'currentSeason' does not exist on type 'TimeFactors'.
src/utils/recommendationEngine.ts(232,89): error TS2339: Property 'currentSeason' does not exist on type 'TimeFactors'.
src/utils/recommendationEngine.ts(236,25): error TS2339: Property 'sign' does not exist on type 'AstrologicalState'.
src/utils/recommendationEngine.ts(237,72): error TS2339: Property 'sign' does not exist on type 'AstrologicalState'.
src/utils/recommendationEngine.ts(239,68): error TS2339: Property 'sign' does not exist on type 'AstrologicalState'.
src/utils/safeAccess.ts(43,5): error TS2304: Cannot find name 'logger'.
src/utils/safeAccess.ts(69,7): error TS2304: Cannot find name 'logger'.
src/utils/safeAstrology.ts(10,58): error TS2300: Duplicate identifier 'CelestialPosition'.
src/utils/safeAstrology.ts(16,10): error TS2300: Duplicate identifier 'CelestialPosition'.
src/utils/safeAstrology.ts(181,11): error TS18004: No value exists in scope for the shorthand property 'orb'. Either declare one or provide an initializer.
src/utils/safeAstrology.ts(182,11): error TS18004: No value exists in scope for the shorthand property 'influence'. Either declare one or provide an initializer.
src/utils/safeAstrology.ts(185,30): error TS2304: Cannot find name 'influence'.
src/utils/safeAstrology.ts(302,5): error TS2322: Type 'Record<string, any>' is not assignable to type 'LunarPhaseWithSpaces'.
src/utils/safeAstrology.ts(302,18): error TS2352: Conversion of type 'string' to type 'Record<string, any>' may be a mistake because neither type sufficiently overlaps with the other. If this was intentional, convert the expression to 'unknown' first.
src/utils/seasonalCalculations.ts(1,15): error TS2300: Duplicate identifier 'Recipe'.
src/utils/seasonalCalculations.ts(3,3): error TS2300: Duplicate identifier 'ElementalProperties'.
src/utils/seasonalCalculations.ts(11,10): error TS2300: Duplicate identifier 'Recipe'.
src/utils/seasonalCalculations.ts(14,10): error TS2440: Import declaration conflicts with local declaration of 'Element'.
src/utils/seasonalCalculations.ts(15,10): error TS2300: Duplicate identifier 'ElementalProperties'.
src/utils/seasonalCalculations.ts(59,3): error TS2322: Type '{ 'new moon': { Air: number; Fire: number; Water: number; Earth: number; }; 'waxing crescent': { Fire: number; Air: number; Water: number; Earth: number; }; 'first quarter': { Fire: number; Air: number; Earth: number; Water: number; }; ... 4 more ...; 'waning crescent': { ...; }; }' is not assignable to type 'Record<LunarPhaseWithSpaces, Record<Element, number>>'.
  Object literal may only specify known properties, and ''full moon'' does not exist in type 'Record<LunarPhaseWithSpaces, Record<Element, number>>'.
src/utils/seasonalCalculations.ts(71,3): error TS2322: Type '{ 'new moon': string[]; 'waxing crescent': string[]; 'first quarter': string[]; 'waxing gibbous': string[]; 'full moon': string[]; 'waning gibbous': string[]; 'last quarter': string[]; 'waning crescent': string[]; }' is not assignable to type 'Record<LunarPhaseWithSpaces, string[]>'.
  Object literal may only specify known properties, and ''full moon'' does not exist in type 'Record<LunarPhaseWithSpaces, string[]>'.
src/utils/seasonalCalculations.ts(234,44): error TS2362: The left-hand side of an arithmetic operation must be of type 'any', 'number', 'bigint' or an enum type.
src/utils/seasonalCalculations.ts(234,51): error TS2363: The right-hand side of an arithmetic operation must be of type 'any', 'number', 'bigint' or an enum type.
src/utils/seasonalCalculations.ts(264,36): error TS2362: The left-hand side of an arithmetic operation must be of type 'any', 'number', 'bigint' or an enum type.
src/utils/seasonalCalculations.ts(391,40): error TS2362: The left-hand side of an arithmetic operation must be of type 'any', 'number', 'bigint' or an enum type.
src/utils/seasonalCalculations.ts(470,38): error TS2362: The left-hand side of an arithmetic operation must be of type 'any', 'number', 'bigint' or an enum type.
src/utils/seasonalCalculations.ts(540,35): error TS2362: The left-hand side of an arithmetic operation must be of type 'any', 'number', 'bigint' or an enum type.
src/utils/security.ts(44,5): error TS2304: Cannot find name 'logger'.
src/utils/security.ts(48,5): error TS2304: Cannot find name 'logger'.
src/utils/stateManager.ts(131,22): error TS2304: Cannot find name 'cache'.
src/utils/stateManager.ts(141,7): error TS2304: Cannot find name 'logger'.
src/utils/stateManager.ts(245,70): error TS2339: Property 'elementalProperties' does not exist on type 'CelestialAlignment'.
src/utils/stateManager.ts(245,120): error TS2339: Property 'elementalProperties' does not exist on type 'CelestialAlignment'.
src/utils/stateManager.ts(245,171): error TS2339: Property 'elementalProperties' does not exist on type 'CelestialAlignment'.
src/utils/stateManager.ts(245,220): error TS2339: Property 'elementalProperties' does not exist on type 'CelestialAlignment'.
src/utils/stateManager.ts(256,7): error TS2304: Cannot find name 'logger'.
src/utils/stateManager.ts(271,7): error TS2304: Cannot find name 'cache'.
src/utils/stateManager.ts(273,7): error TS2304: Cannot find name 'logger'.
src/utils/stateValidator.ts(4,10): error TS2440: Import declaration conflicts with local declaration of 'ElementalProperties'.
src/utils/testIngredientMapping.ts(15,46): error TS2307: Cannot find module '../utils/ingredientMapping' or its corresponding type declarations.
src/utils/testIngredientMapping.ts(16,51): error TS2307: Cannot find module '../utils/recipeFiltering' or its corresponding type declarations.
src/utils/testRecommendations.ts(17,9): error TS2740: Type '{ name: string; element: string; elementalCharacter: string; spirit: number; essence: number; matter: number; substance: number; Water: number; fire: number; Earth: number; Air: number; }' is missing the following properties from type 'AlchemicalItem': alchemicalProperties, transformedElementalProperties, heat, entropy, and 9 more.
src/utils/theme.ts(22,7): error TS2304: Cannot find name 'logger'.
src/utils/theme.ts(38,7): error TS2304: Cannot find name 'logger'.
src/utils/timeFactors.ts(113,43): error TS2345: Argument of type 'Record<string, any>' is not assignable to parameter of type 'string'.
src/utils/timeFactors.ts(113,43): error TS2352: Conversion of type 'string' to type 'Record<string, any>' may be a mistake because neither type sufficiently overlaps with the other. If this was intentional, convert the expression to 'unknown' first.
src/utils/timingUtils.ts(55,22): error TS2304: Cannot find name 'elementalUtils'.
src/utils/timingUtils.ts(56,7): error TS2304: Cannot find name 'elementalUtils'.
src/utils/validatePlanetaryPositions.test.ts(3,22): error TS5097: An import path can only end with a '.ts' extension when 'allowImportingTsExtensions' is enabled.
src/utils/validatePlanetaryPositions.test.ts(53,18): error TS2304: Cannot find name 'getCurrentTransitSign'.
src/utils/validatePlanetaryPositions.test.ts(58,18): error TS2304: Cannot find name 'getCurrentTransitSign'.
src/utils/validatePlanetaryPositions.test.ts(64,39): error TS2304: Cannot find name 'PlanetPosition'.
src/utils/validatePlanetaryPositions.test.ts(73,23): error TS2304: Cannot find name 'validatePlanetaryPositions'.
src/utils/validatePlanetaryPositions.test.ts(87,39): error TS2304: Cannot find name 'PlanetPosition'.
src/utils/validatePlanetaryPositions.test.ts(96,23): error TS2304: Cannot find name 'validatePlanetaryPositions'.
src/utils/validatePlanetaryPositions.test.ts(107,23): error TS2304: Cannot find name 'getCurrentTransitPositions'.
src/utils/validatePlanetaryPositions.ts(2,21): error TS5097: An import path can only end with a '.ts' extension when 'allowImportingTsExtensions' is enabled.
src/utils/validatePlanetaryPositions.ts(3,22): error TS5097: An import path can only end with a '.ts' extension when 'allowImportingTsExtensions' is enabled.
src/utils/validatePlanetaryPositions.ts(4,25): error TS5097: An import path can only end with a '.ts' extension when 'allowImportingTsExtensions' is enabled.
src/utils/validatePlanetaryPositions.ts(5,23): error TS5097: An import path can only end with a '.ts' extension when 'allowImportingTsExtensions' is enabled.
src/utils/validatePlanetaryPositions.ts(6,22): error TS5097: An import path can only end with a '.ts' extension when 'allowImportingTsExtensions' is enabled.
src/utils/validatePlanetaryPositions.ts(7,25): error TS5097: An import path can only end with a '.ts' extension when 'allowImportingTsExtensions' is enabled.
src/utils/validatePlanetaryPositions.ts(8,24): error TS5097: An import path can only end with a '.ts' extension when 'allowImportingTsExtensions' is enabled.
src/utils/validatePlanetaryPositions.ts(9,24): error TS5097: An import path can only end with a '.ts' extension when 'allowImportingTsExtensions' is enabled.
src/utils/validatePlanetaryPositions.ts(10,25): error TS5097: An import path can only end with a '.ts' extension when 'allowImportingTsExtensions' is enabled.
src/utils/validatePlanetaryPositions.ts(11,23): error TS5097: An import path can only end with a '.ts' extension when 'allowImportingTsExtensions' is enabled.
src/utils/validatePlanetaryPositions.ts(14,10): error TS2440: Import declaration conflicts with local declaration of 'getCurrentTransitSign'.
src/utils/validatePlanetaryPositions.ts(15,10): error TS2440: Import declaration conflicts with local declaration of 'validatePlanetaryPositions'.
src/utils/validatePlanetaryPositions.ts(16,15): error TS2724: '"@/types/celestial"' has no exported member named 'PlanetPosition'. Did you mean 'PlanetaryPosition'?
src/utils/validatePlanetaryPositions.ts(17,10): error TS2440: Import declaration conflicts with local declaration of 'getCurrentTransitPositions'.
error Command failed with exit code 1.
info Visit https://yarnpkg.com/en/docs/cli/run for documentation about this command.
